[output] Output to be read-from/written-into folder 'chains', with prefix 'v3_shoes_theta_chain2'
[prior] *WARNING* External prior 'SZ' loaded. Mind that it might not be normalized!
[classy] `classy` module loaded successfully from /home/ridderadmin/Ridder-Field/phase2/class
[planck_2018_highl_plik.ttteee] `clipy` module loaded successfully from /home/ridderadmin/Ridder-Field/phase3/packages/code/planck/clipy/clipy
----
clipy_0.15
Checking likelihood '/home/ridderadmin/Ridder-Field/phase3/packages/data/planck_2018/baseline/plc_3.0/hi_l/plik/plik_rd12_HM_v22b_TTTEEE.clik' on test data. got -1172.47 expected -1172.47 (diff 4.00569e-06)
----
[planck_2018_lensing.clik] `clipy` module loaded successfully from /home/ridderadmin/Ridder-Field/phase3/packages/code/planck/clipy/clipy
----
clipy_0.15
Checking likelihood '/home/ridderadmin/Ridder-Field/phase3/packages/data/planck_2018/baseline/plc_3.0/lensing/smicadx12_Dec5_ftl_mv2_ndclpp_p_teb_consext8.clik_lensing' on test data. got -4.42102
----
[bao.sixdf_2011_bao] Initialized.
[bao.sdss_dr12_consensus_bao] Initialized.
[mcmc] Getting initial point... (this may take a few seconds)
[mcmc] Initial point: logA:3.044, n_s:0.9649, H0:72, omega_b:0.02237, omega_cdm:0.12, tau_reio:0.0544, ridder_Lambda_EDE_eV:0.321, ridder_a_c:0.00048, ridder_sigma_lna:1, A_planck:0.9991862, calib_100T:0.9998681, calib_217T:0.9991369, A_cib_217:54.64205, xi_sz_cib:0.01923042, A_sz:9.230478, ksz_norm:0.5145992, gal545_A_100:8.968194, gal545_A_143:9.910218, gal545_A_143_217:19.61941, gal545_A_217:75.10052, ps_A_100_100:251.0248, ps_A_143_143:51.46327, ps_A_143_217:36.02335, ps_A_217_217:100.3332, galf_TE_A_100:0.1263117, galf_TE_A_100_143:0.1215526, galf_TE_A_100_217:0.6107197, galf_TE_A_143:0.2143517, galf_TE_A_143_217:0.5301148, galf_TE_A_217:1.764523
[model] Measuring speeds... (this may take a few seconds)
DEBUG INPUT.C: Just set model_type to 2 (should be 2)

DEBUG: Reading v3 canonical parameters...
  f_eV = 5.000000e+26 eV
  Lambda_EDE = 3.210000e-01 eV, theta_E_center = 0.00, sigma_E = 0.40
  Lambda_tail = 1.200000e-03 eV, alpha_tail = 1.00
BACKGROUND_INIT ENTERED: Lambda=0.00e+00
DEBUG BG_INIT ENTRY: model_type=2
DEBUG AFTER CHECKS: model_type=2 has_ridder=1
RIDDER DEBUG (background_init): has_ridder=1, Lambda_EDE_ridder=0.000000e+00, f_axion_ridder=1.000000e+16, theta_i_ridder=2.400000e+00, beta_ridder=0.000000e+00
BG_INIT: entering background_checks
BG_INIT: background_checks OK
RIDDER FREEZE FLAG (from input): ridder_freeze_phi = 0, force_damping = 1.000e+00
DEBUG SHOOTING CHECK: has_ridder=1, model_type=2 (unified=1), use_shooting_EDE=0
BG_INIT: entering background_solve
BACKGROUND_SOLVE ENTERED: has_ridder=1 Lambda=0.00e+00
RIDDER IC DEBUG: model_type=2 f_for_ic=5.000000e+26 theta_i=2.400000e+00 phi_ini=1.200000e+27
V3_CANON BRANCH HIT! model_type=2
V3_POT: a=1.000e-14 theta=2.40 V_theta=5.568e-02 Lambda_EDE=3.210e-01
V3_POT: a=1.000e-14 theta=2.40 V_theta=5.568e-02 Lambda_EDE=3.210e-01
V3_POT: a=1.000e-14 theta=2.40 V_theta=5.568e-02 Lambda_EDE=3.210e-01
V3_POT: a=1.000e-14 theta=2.40 V_theta=5.568e-02 Lambda_EDE=3.210e-01
ABOUT TO INTEGRATE: bi_size=7 has_ridder=1 Lambda=0.00e+00
BG_DERIVS: FIRST CALL at a = 1.000e-14
  phi_ridder = 1.200e+27 eV, phi_prime_ridder = 0.000e+00 eV/Mpc
V3_CANON BRANCH HIT! model_type=2
V3_POT: a=1.000e-14 theta=2.40 V_theta=5.568e-02 Lambda_EDE=3.210e-01
RIDDER DERIVS: First call! has_ridder=1 Lambda=0.00e+00 fluid_mode=0
CHECKPOINT_A: call#=1
CHECKPOINT_B: call#=1
CHECKPOINT_C: call#=1
CHECKPOINT_E: After switching block
CHECKPOINT_F: After debug block
PRE_IF: call#=1 fluid_mode=0 _FALSE_=0 condition=1
V3_CANON BRANCH HIT! model_type=2
CHECKPOINT_A: call#=2
CHECKPOINT_B: call#=2
CHECKPOINT_C: call#=2
CHECKPOINT_E: After switching block
CHECKPOINT_F: After debug block
PRE_IF: call#=2 fluid_mode=0 _FALSE_=0 condition=1
CHECKPOINT_A: call#=3
CHECKPOINT_B: call#=3
CHECKPOINT_C: call#=3
CHECKPOINT_E: After switching block
CHECKPOINT_F: After debug block
PRE_IF: call#=3 fluid_mode=0 _FALSE_=0 condition=1
CHECKPOINT_A: call#=4
CHECKPOINT_B: call#=4
CHECKPOINT_C: call#=4
CHECKPOINT_E: After switching block
CHECKPOINT_F: After debug block
PRE_IF: call#=4 fluid_mode=0 _FALSE_=0 condition=1
PRE_IF: call#=5 fluid_mode=0 _FALSE_=0 condition=1
PRE_IF: call#=6 fluid_mode=0 _FALSE_=0 condition=1
PRE_IF: call#=7 fluid_mode=0 _FALSE_=0 condition=1
PRE_IF: call#=8 fluid_mode=0 _FALSE_=0 condition=1
PRE_IF: call#=9 fluid_mode=0 _FALSE_=0 condition=1
BG_INIT: background_solve OK

========================================
RIDDER FINAL STATE (a=1, z=0):
  rho_ridder = 2.836984e-09 Mpc^-2
  rho_tot    = 6.051676e-08 Mpc^-2
  f_ridder   = 4.687931e-02 (fraction of total)
  Omega_ridder = 0.046879 (if f ~ Omega_Lambda)
========================================

RIDDER IC: k=5.840e+00 coeff=0.000e+00 delta_g=-1.633e-03
RIDDER IC: k=4.639e+00 coeff=0.000e+00 delta_g=-1.633e-03
RIDDER IC: k=3.685e+00 coeff=0.000e+00 delta_g=-1.633e-03
DEBUG INPUT.C: Just set model_type to 2 (should be 2)

DEBUG: Reading v3 canonical parameters...
  f_eV = 5.000000e+26 eV
  Lambda_EDE = 2.973387e-01 eV, theta_E_center = 0.00, sigma_E = 0.40
  Lambda_tail = 1.200000e-03 eV, alpha_tail = 1.00
BACKGROUND_INIT ENTERED: Lambda=0.00e+00
DEBUG BG_INIT ENTRY: model_type=2
DEBUG AFTER CHECKS: model_type=2 has_ridder=1
RIDDER DEBUG (background_init): has_ridder=1, Lambda_EDE_ridder=0.000000e+00, f_axion_ridder=1.000000e+16, theta_i_ridder=2.400000e+00, beta_ridder=0.000000e+00
BG_INIT: entering background_checks
BG_INIT: background_checks OK
RIDDER FREEZE FLAG (from input): ridder_freeze_phi = 0, force_damping = 1.000e+00
DEBUG SHOOTING CHECK: has_ridder=1, model_type=2 (unified=1), use_shooting_EDE=0
BG_INIT: entering background_solve
BACKGROUND_SOLVE ENTERED: has_ridder=1 Lambda=0.00e+00
RIDDER IC DEBUG: model_type=2 f_for_ic=5.000000e+26 theta_i=2.400000e+00 phi_ini=1.200000e+27
ABOUT TO INTEGRATE: bi_size=7 has_ridder=1 Lambda=0.00e+0[model] Setting measured speeds (per sec): {planck_2018_lowl.TT: 709.0, planck_2018_lowl.EE: 2780.0, planck_2018_highl_plik.TTTEEE: 22.0, planck_2018_lensing.clik: 1420.0, bao.sixdf_2011_bao: 1330.0, bao.sdss_dr7_mgs: 2390.0, bao.sdss_dr12_consensus_bao: 1100.0, classy: 0.0848}
[mcmc] Dragging with number of interpolating steps:
[mcmc] *  1 : [['logA', 'n_s', 'H0', 'omega_b', 'omega_cdm', 'tau_reio', 'ridder_Lambda_EDE_eV', 'ridder_a_c', 'ridder_sigma_lna']]
[mcmc] * 19 : [['A_planck'], ['calib_100T', 'calib_217T', 'A_cib_217', 'xi_sz_cib', 'A_sz', 'ksz_norm', 'gal545_A_100', 'gal545_A_143', 'gal545_A_143_217', 'gal545_A_217', 'ps_A_100_100', 'ps_A_143_143', 'ps_A_143_217', 'ps_A_217_217', 'galf_TE_A_100', 'galf_TE_A_100_143', 'galf_TE_A_100_217', 'galf_TE_A_143', 'galf_TE_A_143_217', 'galf_TE_A_217']]
[mcmc] Covariance matrix not present. We will start learning the covariance of the proposal earlier: R-1 = 30 (would be 2 if all params loaded).
[mcmc] Sampling! (NB: no accepted step will be saved until 20 burn-in samples have been obtained)
0
BG_INIT: background_solve OK

========================================
RIDDER FINAL STATE (a=1, z=0):
  rho_ridder = 2.836984e-09 Mpc^-2
  rho_tot    = 6.418912e-08 Mpc^-2
  f_ridder   = 4.419728e-02 (fraction of total)
  Omega_ridder = 0.044197 (if f ~ Omega_Lambda)
========================================

DEBUG INPUT.C: Just set model_type to 2 (should be 2)

DEBUG: Reading v3 canonical parameters...
  f_eV = 5.000000e+26 eV
  Lambda_EDE = 3.307780e-01 eV, theta_E_center = 0.00, sigma_E = 0.40
  Lambda_tail = 1.200000e-03 eV, alpha_tail = 1.00
BACKGROUND_INIT ENTERED: Lambda=0.00e+00
DEBUG BG_INIT ENTRY: model_type=2
DEBUG AFTER CHECKS: model_type=2 has_ridder=1
RIDDER DEBUG (background_init): has_ridder=1, Lambda_EDE_ridder=0.000000e+00, f_axion_ridder=1.000000e+16, theta_i_ridder=2.400000e+00, beta_ridder=0.000000e+00
BG_INIT: entering background_checks
BG_INIT: background_checks OK
RIDDER FREEZE FLAG (from input): ridder_freeze_phi = 0, force_damping = 1.000e+00
DEBUG SHOOTING CHECK: has_ridder=1, model_type=2 (unified=1), use_shooting_EDE=0
BG_INIT: entering background_solve
BACKGROUND_SOLVE ENTERED: has_ridder=1 Lambda=0.00e+00
RIDDER IC DEBUG: model_type=2 f_for_ic=5.000000e+26 theta_i=2.400000e+00 phi_ini=1.200000e+27
ABOUT TO INTEGRATE: bi_size=7 has_ridder=1 Lambda=0.00e+00
DERIVS_ENTRY: call#=5000 has_ridder=1 Lambda=0.00e+00 a=2.58e-12
BG_INIT: background_solve OK

========================================
RIDDER FINAL STATE (a=1, z=0):
  rho_ridder = 2.836990e-09 Mpc^-2
  rho_tot    = 5.726563e-08 Mpc^-2
  f_ridder   = 4.954089e-02 (fraction of total)
  Omega_ridder = 0.049541 (if f ~ Omega_Lambda)
========================================

DEBUG INPUT.C: Just set model_type to 2 (should be 2)

DEBUG: Reading v3 canonical parameters...
  f_eV = 5.000000e+26 eV
  Lambda_EDE = 3.413851e-01 eV, theta_E_center = 0.00, sigma_E = 0.40
  Lambda_tail = 1.200000e-03 eV, alpha_tail = 1.00
BACKGROUND_INIT ENTERED: Lambda=0.00e+00
DEBUG BG_INIT ENTRY: model_type=2
DEBUG AFTER CHECKS: model_type=2 has_ridder=1
RIDDER DEBUG (background_init): has_ridder=1, Lambda_EDE_ridder=0.000000e+00, f_axion_ridder=1.000000e+16, theta_i_ridder=2.400000e+00, beta_ridder=0.000000e+00
BG_INIT: entering background_checks
BG_INIT: background_checks OK
RIDDER FREEZE FLAG (from input): ridder_freeze_phi = 0, force_damping = 1.000e+00
DEBUG SHOOTING CHECK: has_ridder=1, model_type=2 (unified=1), use_shooting_EDE=0
BG_INIT: entering background_solve
BACKGROUND_SOLVE ENTERED: has_ridder=1 Lambda=0.00e+00
RIDDER IC DEBUG: model_type=2 f_for_ic=5.000000e+26 theta_i=2.400000e+00 phi_ini=1.200000e+27
ABOUT TO INTEGRATE: bi_size=7 has_ridder=1 Lambda=0.00e+00
BG_INIT: background_solve OK

========================================
RIDDER FINAL STATE (a=1, z=0):
  rho_ridder = 2.836999e-09 Mpc^-2
  rho_tot    = 5.803592e-08 Mpc^-2
  f_ridder   = 4.888349e-02 (fraction of total)
  Omega_ridder = 0.048883 (if f ~ Omega_Lambda)
========================================

DEBUG INPUT.C: Just set model_type to 2 (should be 2)

DEBUG: Reading v3 canonical parameters...
  f_eV = 5.000000e+26 eV
  Lambda_EDE = 3.206852e-01 eV, theta_E_center = 0.00, sigma_E = 0.40
  Lambda_tail = 1.200000e-03 eV, alpha_tail = 1.00
BACKGROUND_INIT ENTERED: Lambda=0.00e+00
DEBUG BG_INIT ENTRY: model_type=2
DEBUG AFTER CHECKS: model_type=2 has_ridder=1
RIDDER DEBUG (background_init): has_ridder=1, Lambda_EDE_ridder=0.000000e+00, f_axion_ridder=1.000000e+16, theta_i_ridder=2.400000e+00, beta_ridder=0.000000e+00
BG_INIT: entering background_checks
BG_INIT: background_checks OK
RIDDER FREEZE FLAG (from input): ridder_freeze_phi = 0, force_damping = 1.000e+00
DEBUG SHOOTING CHECK: has_ridder=1, model_type=2 (unified=1), use_shooting_EDE=0
BG_INIT: entering background_solve
BACKGROUND_SOLVE ENTERED: has_ridder=1 Lambda=0.00e+00
RIDDER IC DEBUG: model_type=2 f_for_ic=5.000000e+26 theta_i=2.400000e+00 phi_ini=1.200000e+27
ABOUT TO INTEGRATE: bi_size=7 has_ridder=1 Lambda=0.00e+00
DERIVS_ENTRY: call#=10000 has_ridder=1 Lambda=0.00e+00 a=4.71e-10
BG_INIT: background_solve OK

============[mcmc] Progress @ 2025-11-26 16:40:03 : 1 steps taken -- still burning in, 21 accepted steps left.
============================
RIDDER FINAL STATE (a=1, z=0):
  rho_ridder = 2.836983e-09 Mpc^-2
  rho_tot    = 6.525455e-08 Mpc^-2
  f_ridder   = 4.347564e-02 (fraction of total)
  Omega_ridder = 0.043476 (if f ~ Omega_Lambda)
========================================

DEBUG INPUT.C: Just set model_type to 2 (should be 2)

DEBUG: Reading v3 canonical parameters...
  f_eV = 5.000000e+26 eV
  Lambda_EDE = 3.210000e-01 eV, theta_E_center = 0.00, sigma_E = 0.40
  Lambda_tail = 1.200000e-03 eV, alpha_tail = 1.00
BACKGROUND_INIT ENTERED: Lambda=0.00e+00
DEBUG BG_INIT ENTRY: model_type=2
DEBUG AFTER CHECKS: model_type=2 has_ridder=1
RIDDER DEBUG (background_init): has_ridder=1, Lambda_EDE_ridder=0.000000e+00, f_axion_ridder=1.000000e+16, theta_i_ridder=2.400000e+00, beta_ridder=0.000000e+00
BG_INIT: entering background_checks
BG_INIT: background_checks OK
RIDDER FREEZE FLAG (from input): ridder_freeze_phi = 0, force_damping = 1.000e+00
DEBUG SHOOTING CHECK: has_ridder=1, model_type=2 (unified=1), use_shooting_EDE=0
BG_INIT: entering background_solve
BACKGROUND_SOLVE ENTERED: has_ridder=1 Lambda=0.00e+00
RIDDER IC DEBUG: model_type=2 f_for_ic=5.000000e+26 theta_i=2.400000e+00 phi_ini=1.200000e+27
ABOUT TO INTEGRATE: bi_size=7 has_ridder=1 Lambda=0.00e+00
BG_INIT: background_solve OK

========================================
RIDDER FINAL STATE (a=1, z=0):
  rho_ridder = 2.836984e-09 Mpc^-2
  rho_tot    = 6.051676e-08 Mpc^-2
  f_ridder   = 4.687931e-02 (fraction of total)
  Omega_ridder = 0.046879 (if f ~ Omega_Lambda)
========================================

DEBUG INPUT.C: Just set model_type to 2 (should be 2)

DEBUG: Reading v3 canonical parameters...
  f_eV = 5.000000e+26 eV
  Lambda_EDE = 3.146589e-01 eV, theta_E_center = 0.00, sigma_E = 0.40
  Lambda_tail = 1.200000e-03 eV, alpha_tail = 1.00
BACKGROUND_INIT ENTERED: Lambda=0.00e+00
DEBUG BG_INIT ENTRY: model_type=2
DEBUG AFTER CHECKS: model_type=2 has_ridder=1
RIDDER DEBUG (background_init): has_ridder=1, Lambda_EDE_ridder=0.000000e+00, f_axion_ridder=1.000000e+16, theta_i_ridder=2.400000e+00, beta_ridder=0.000000e+00
BG_INIT: entering background_checks
BG_INIT: background_checks OK
RIDDER FREEZE FLAG (from input): ridder_freeze_phi = 0, force_damping = 1.000e+00
DEBUG SHOOTING CHECK: has_ridder=1, model_type=2 (unified=1), use_shooting_EDE=0
BG_INIT: entering background_solve
BACKGROUND_SOLVE ENTERED: has_ridder=1 Lambda=0.00e+00
RIDDER IC DEBUG: model_type=2 f_for_ic=5.000000e+26 theta_i=2.400000e+00 phi_ini=1.200000e+27
ABOUT TO INTEGRATE: bi_size=7 has_ridder=1 Lambda=0.00e+00
DERIVS_ENTRY: call#=15000 has_ridder=1 Lambda=0.00e+00 a=6.23e-07
BG_INIT: background_solve OK

========================================
RIDDER FINAL STATE (a=1, z=0):
  rho_ridder = 2.836982e-09 Mpc^-2
  rho_tot    = 6.190251e-08 Mpc^-2
  f_ridder   = 4.582984e-02 (fraction of total)
  Omega_ridder = 0.045830 (if f ~ Omega_Lambda)
========================================

DEBUG INPUT.C: Just set model_type to 2 (should be 2)

DEBUG: Reading v3 canonical parameters...
  f_eV = 5.000000e+26 eV
  Lambda_EDE = 3.292298e-01 eV, theta_E_center = 0.00, sigma_E = 0.40
  Lambda_tail = 1.200000e-03 eV, alpha_tail = 1.00
BACKGROUND_INIT ENTERED: Lambda=0.00e+00
DEBUG BG_INIT ENTRY: model_type=2
DEBUG AFTER CHECKS: model_type=2 has_ridder=1
RIDDER DEBUG (background_init): has_ridder=1, Lambda_EDE_ridder=0.000000e+00, f_axion_ridder=1.000000e+16, theta_i_ridder=2.400000e+00, beta_ridder=0.000000e+00
BG_INIT: entering background_checks
BG_INIT: background_checks OK
RIDDER FREEZE FLAG (from input): ridder_freeze_phi = 0, force_damping = 1.000e+00
DEBUG SHOOTING CHECK: has_ridder=1, model_type=2 (unified=1), use_shooting_EDE=0
BG_INIT: entering background_solve
BACKGROUND_SOLVE ENTERED: has_ridder=1 Lambda=0.00e+00
RIDDER IC DEBUG: model_type=2 f_for_ic=5.000000e+26 theta_i=2.400000e+00 phi_ini=1.200000e+27
ABOUT TO INTEGRATE: bi_size=7 has_ridder=1 Lambda=0.00e+00
BG_INIT: background_solve OK

========================================
RIDDER FINAL STATE (a=1, z=0):
  rho_ridder = 2.836988e-09 Mpc^-2
  rho_tot    = 5.905587e-08 Mpc^-2
  f_ridder   = 4.803905e-02 (fraction of total)
  Omega_ridder = 0.048039 (if f ~ Omega_Lambda)
========================================

DEBUG INPUT.C: Just set model_type to 2 (should be 2)

DEBUG: Reading v3 canonical parameters...
  f_eV = 5.000000e+26 eV
  Lambda_EDE = 3.321256e-01 eV, theta_E_center = 0.00, sigma_E = 0.40
  Lambda_tail = 1.200000e-03 eV, alpha_tail = 1.00
BACKGROUND_INIT ENTERED: Lambda=0.00e+00
DEBUG BG_INIT ENTRY: model_type=2
DEBUG AFTER CHECKS: model_type=2 has_ridder=1
RIDDER DEBUG (background_init): has_ridder=1, Lambda_EDE_ridder=0.000000e+00, f_axion_ridder=1.000000e+16, theta_i_ridder=2.400000e+00, beta_ridder=0.000000e+00
BG_INIT: entering background_checks
BG_INIT: background_checks OK
RIDDER FREEZE FLAG (from input): ridder_freeze_phi = 0, force_damping = 1.000e+00
DEBUG SHOOTING CHECK: has_ridder=1, model_type=2 (unified=1), use_shooting_EDE=0
BG_INIT: entering background_solve
BACKGROUND_SOLVE ENTERED: has_ridder=1 Lambda=0.00e+00
RIDDER IC DEBUG: model_type=2 f_for_ic=5.000000e+26 theta_i=2.400000e+00 phi_ini=1.200000e+27
ABOUT TO INTEGRATE: bi_size=7 has_ridder=1 Lambda=0.00e+00
DERIVS_ENTRY: call#=20000 has_ridder=1 Lambda=0.00e+00 a=1.59e-04
BG_INIT: background_solve OK

========================================
RIDDER FINAL STATE (a=1, z=0):
  rho_ridder = 2.836990e-09 Mpc^-2
  rho_tot    = 6.121455e-08 Mpc^-2
  f_ridder   = 4.634503e-02 (fraction of total)
  Omega_ridder = 0.046345 (if f ~ Omega_Lambda)
========================================

DEBUG INPUT.C: Just set model_type to 2 (should be 2)

DEBUG: Reading v3 canonical parameters...
  f_eV = 5.000000e+26 eV
  Lambda_EDE = 4.029853e-01 eV, theta_E_center = 0.00, sigma_E = 0.40
  Lambda_tail = 1.200000e-03 eV, alpha_tail = 1.00
BACKGROUND_INIT ENTERED: Lambda=0.00e+00
DEBUG BG_INIT ENTRY: model_type=2
DEBUG AFTER CHECKS: model_type=2 has_ridder=1
RIDDER DEBUG (background_init): has_ridder=1, Lambda_EDE_ridder=0.000000e+00, f_axion_ridder=1.000000e+16, theta_i_ridder=2.400000e+00, beta_ridder=0.000000e+00
BG_INIT: entering background_checks
BG_INIT: background_checks OK
RIDDER FREEZE FLAG (from input): ridder_freeze_phi = 0, force_damping = 1.000e+00
DEBUG SHOOTING CHECK: has_ridder=1, model_type=2 (unified=1), use_shooting_EDE=0
BG_INIT: entering background_solve
BACKGROUND_SOLVE ENTERED: has_ridder=1 Lambda=0.00e+00
RIDDER IC DEBUG: model_type=2 f_for_ic=5.000000e+26 theta_i=2.400000e+00 phi_ini=1.200000e+27
ABOUT TO INTEGRATE: bi_size=7 has_ridder=1 Lambda=0.00e+00
BG_INIT: background_solve OK

========================================
RIDDER FINAL STATE (a=1, z=0):
  rho_ridder = 2.836981e-09 Mpc^-2
  rho_tot    = 5.773242e-08 Mpc^-2
  f_ridder   = 4.914018e-02 (fraction of total)
  Omega_ridder = 0.049140 (if f ~ Omega_Lambda)
========================================

DEBUG INPUT.C: Just set model_type to 2 (should be 2)

DEBUG: Reading v3 canonical parameters...
  f_eV = 5.000000e+26 eV
  Lambda_EDE = 3.863296e-01 eV, theta_E_center = 0.00, sigma_E = 0.40
  Lambda_tail = 1.200000e-03 eV, alpha_tail = 1.00
BACKGROUND_INIT ENTERED: Lambda=0.00e+00
DEBUG BG_INIT ENTRY: model_type=2
DEBUG AFTER CHECKS: model_type=2 has_ridder=1
RIDDER DEBUG (background_init): has_ridder=1, Lambda_EDE_ridder=0.000000e+00, f_axion_ridder=1.000000e+16, theta_i_ridder=2.400000e+00, beta_ridder=0.000000e+00
BG_INIT: entering background_checks
BG_INIT: background_checks OK
RIDDER FREEZE FLAG (from input): ridder_freeze_phi = 0, force_damping = 1.000e+00
DEBUG SHOOTING CHECK: has_ridder=1, model_type=2 (unified=1), use_shooting_EDE=0
BG_INIT: entering background_solve
BACKGROUND_SOLVE ENTERED: has_ridder=1 Lambda=0.00e+00
RIDDER IC DEBUG: model_type=2 f_for_ic=5.000000e+26 theta_i=2.400000e+00 phi_ini=1.200000e+27
ABOUT TO INTEGRATE: bi_size=7 has_ridder=1 Lambda=0.00e+00
DERIVS_ENTRY: call#=25000 has_ridder=1 Lambda=0.00e+00 a=1.04e-03
BG_INIT: background_solve OK

========================================
RIDDER FINAL STATE (a=1, z=0):
  rho_ridder = 2.836993e-09 Mpc^-2
  rho_tot    = 5.758167e-08 Mpc^-2
  f_ridder   = 4.92690[mcmc] Progress @ 2025-11-26 16:41:08 : 6 steps taken -- still burning in, 19 accepted steps left.
2e-02 (fraction of total)
  Omega_ridder = 0.049269 (if f ~ Omega_Lambda)
========================================

DEBUG INPUT.C: Just set model_type to 2 (should be 2)

DEBUG: Reading v3 canonical parameters...
  f_eV = 5.000000e+26 eV
  Lambda_EDE = 4.150470e-01 eV, theta_E_center = 0.00, sigma_E = 0.40
  Lambda_tail = 1.200000e-03 eV, alpha_tail = 1.00
BACKGROUND_INIT ENTERED: Lambda=0.00e+00
DEBUG BG_INIT ENTRY: model_type=2
DEBUG AFTER CHECKS: model_type=2 has_ridder=1
RIDDER DEBUG (background_init): has_ridder=1, Lambda_EDE_ridder=0.000000e+00, f_axion_ridder=1.000000e+16, theta_i_ridder=2.400000e+00, beta_ridder=0.000000e+00
BG_INIT: entering background_checks
BG_INIT: background_checks OK
RIDDER FREEZE FLAG (from input): ridder_freeze_phi = 0, force_damping = 1.000e+00
DEBUG SHOOTING CHECK: has_ridder=1, model_type=2 (unified=1), use_shooting_EDE=0
BG_INIT: entering background_solve
BACKGROUND_SOLVE ENTERED: has_ridder=1 Lambda=0.00e+00
RIDDER IC DEBUG: model_type=2 f_for_ic=5.000000e+26 theta_i=2.400000e+00 phi_ini=1.200000e+27
ABOUT TO INTEGRATE: bi_size=7 has_ridder=1 Lambda=0.00e+00
BG_INIT: background_solve OK

========================================
RIDDER FINAL STATE (a=1, z=0):
  rho_ridder = 2.836980e-09 Mpc^-2
  rho_tot    = 5.827231e-08 Mpc^-2
  f_ridder   = 4.868488e-02 (fraction of total)
  Omega_ridder = 0.048685 (if f ~ Omega_Lambda)
========================================

DEBUG INPUT.C: Just set model_type to 2 (should be 2)

DEBUG: Reading v3 canonical parameters...
  f_eV = 5.000000e+26 eV
  Lambda_EDE = 3.716140e-01 eV, theta_E_center = 0.00, sigma_E = 0.40
  Lambda_tail = 1.200000e-03 eV, alpha_tail = 1.00
BACKGROUND_INIT ENTERED: Lambda=0.00e+00
DEBUG BG_INIT ENTRY: model_type=2
DEBUG AFTER CHECKS: model_type=2 has_ridder=1
RIDDER DEBUG (background_init): has_ridder=1, Lambda_EDE_ridder=0.000000e+00, f_axion_ridder=1.000000e+16, theta_i_ridder=2.400000e+00, beta_ridder=0.000000e+00
BG_INIT: entering background_checks
BG_INIT: background_checks OK
RIDDER FREEZE FLAG (from input): ridder_freeze_phi = 0, force_damping = 1.000e+00
DEBUG SHOOTING CHECK: has_ridder=1, model_type=2 (unified=1), use_shooting_EDE=0
BG_INIT: entering background_solve
BACKGROUND_SOLVE ENTERED: has_ridder=1 Lambda=0.00e+00
RIDDER IC DEBUG: model_type=2 f_for_ic=5.000000e+26 theta_i=2.400000e+00 phi_ini=1.200000e+27
ABOUT TO INTEGRATE: bi_size=7 has_ridder=1 Lambda=0.00e+00
DERIVS_ENTRY: call#=30000 has_ridder=1 Lambda=0.00e+00 a=2.62e-03
BG_INIT: background_solve OK

========================================
RIDDER FINAL STATE (a=1, z=0):
  rho_ridder = 2.837002e-09 Mpc^-2
  rho_tot    = 5.645348e-08 Mpc^-2
  f_ridder   = 5.025381e-02 (fraction of total)
  Omega_ridder = 0.050254 (if f ~ Omega_Lambda)
========================================

DEBUG INPUT.C: Just set model_type to 2 (should be 2)

DEBUG: Reading v3 canonical parameters...
  f_eV = 5.000000e+26 eV
  Lambda_EDE = 3.247212e-01 eV, theta_E_center = 0.00, sigma_E = 0.40
  Lambda_tail = 1.200000e-03 eV, alpha_tail = 1.00
BACKGROUND_INIT ENTERED: Lambda=0.00e+00
DEBUG BG_INIT ENTRY: model_type=2
DEBUG AFTER CHECKS: model_type=2 has_ridder=1
RIDDER DEBUG (background_init): has_ridder=1, Lambda_EDE_ridder=0.000000e+00, f_axion_ridder=1.000000e+16, theta_i_ridder=2.400000e+00, beta_ridder=0.000000e+00
BG_INIT: entering background_checks
BG_INIT: background_checks OK
RIDDER FREEZE FLAG (from input): ridder_freeze_phi = 0, force_damping = 1.000e+00
DEBUG SHOOTING CHECK: has_ridder=1, model_type=2 (unified=1), use_shooting_EDE=0
BG_INIT: entering background_solve
BACKGROUND_SOLVE ENTERED: has_ridder=1 Lambda=0.00e+00
RIDDER IC DEBUG: model_type=2 f_for_ic=5.000000e+26 theta_i=2.400000e+00 phi_ini=1.200000e+27
ABOUT TO INTEGRATE: bi_size=7 has_ridder=1 Lambda=0.00e+00
BG_INIT: background_solve OK

========================================
RIDDER FINAL STATE (a=1, z=0):
  rho_ridder = 2.836985e-09 Mpc^-2
  rho_tot    = 5.966930e-08 Mpc^-2
  f_ridder   = 4.754514e-02 (fraction of total)
  Omega_ridder = 0.047545 (if f ~ Omega_Lambda)
===================================[mcmc] Progress @ 2025-11-26 16:42:14 : 11 steps taken -- still burning in, 18 accepted steps left.
=====

DEBUG INPUT.C: Just set model_type to 2 (should be 2)

DEBUG: Reading v3 canonical parameters...
  f_eV = 5.000000e+26 eV
  Lambda_EDE = 4.044705e-01 eV, theta_E_center = 0.00, sigma_E = 0.40
  Lambda_tail = 1.200000e-03 eV, alpha_tail = 1.00
BACKGROUND_INIT ENTERED: Lambda=0.00e+00
DEBUG BG_INIT ENTRY: model_type=2
DEBUG AFTER CHECKS: model_type=2 has_ridder=1
RIDDER DEBUG (background_init): has_ridder=1, Lambda_EDE_ridder=0.000000e+00, f_axion_ridder=1.000000e+16, theta_i_ridder=2.400000e+00, beta_ridder=0.000000e+00
BG_INIT: entering background_checks
BG_INIT: background_checks OK
RIDDER FREEZE FLAG (from input): ridder_freeze_phi = 0, force_damping = 1.000e+00
DEBUG SHOOTING CHECK: has_ridder=1, model_type=2 (unified=1), use_shooting_EDE=0
BG_INIT: entering background_solve
BACKGROUND_SOLVE ENTERED: has_ridder=1 Lambda=0.00e+00
RIDDER IC DEBUG: model_type=2 f_for_ic=5.000000e+26 theta_i=2.400000e+00 phi_ini=1.200000e+27
ABOUT TO INTEGRATE: bi_size=7 has_ridder=1 Lambda=0.00e+00
DERIVS_ENTRY: call#=35000 has_ridder=1 Lambda=0.00e+00 a=9.33e-03
BG_INIT: background_solve OK

========================================
RIDDER FINAL STATE (a=1, z=0):
  rho_ridder = 2.836983e-09 Mpc^-2
  rho_tot    = 5.797955e-08 Mpc^-2
  f_ridder   = 4.893076e-02 (fraction of total)
  Omega_ridder = 0.048931 (if f ~ Omega_Lambda)
========================================

DEBUG INPUT.C: Just set model_type to 2 (should be 2)

DEBUG: Reading v3 canonical parameters...
  f_eV = 5.000000e+26 eV
  Lambda_EDE = 4.542243e-01 eV, theta_E_center = 0.00, sigma_E = 0.40
  Lambda_tail = 1.200000e-03 eV, alpha_tail = 1.00
BACKGROUND_INIT ENTERED: Lambda=0.00e+00
DEBUG BG_INIT ENTRY: model_type=2
DEBUG AFTER CHECKS: model_type=2 has_ridder=1
RIDDER DEBUG (background_init): has_ridder=1, Lambda_EDE_ridder=0.000000e+00, f_axion_ridder=1.000000e+16, theta_i_ridder=2.400000e+00, beta_ridder=0.000000e+00
BG_INIT: entering background_checks
BG_INIT: background_checks OK
RIDDER FREEZE FLAG (from input): ridder_freeze_phi = 0, force_damping = 1.000e+00
DEBUG SHOOTING CHECK: has_ridder=1, model_type=2 (unified=1), use_shooting_EDE=0
BG_INIT: entering background_solve
BACKGROUND_SOLVE ENTERED: has_ridder=1 Lambda=0.00e+00
RIDDER IC DEBUG: model_type=2 f_for_ic=5.000000e+26 theta_i=2.400000e+00 phi_ini=1.200000e+27
ABOUT TO INTEGRATE: bi_size=7 has_ridder=1 Lambda=0.00e+00
BG_INIT: background_solve OK

========================================
RIDDER FINAL STATE (a=1, z=0):
  rho_ridder = 2.836986e-09 Mpc^-2
  rho_tot    = 6.241355e-08 Mpc^-2
  f_ridder   = 4.545465e-02 (fraction of total)
  Omega_ridder = 0.045455 (if f ~ Omega_Lambda)
========================================

DEBUG INPUT.C: Just set model_type to 2 (should be 2)

DEBUG: Reading v3 canonical parameters...
  f_eV = 5.000000e+26 eV
  Lambda_EDE = 3.881964e-01 eV, theta_E_center = 0.00, sigma_E = 0.40
  Lambda_tail = 1.200000e-03 eV, alpha_tail = 1.00
BACKGROUND_INIT ENTERED: Lambda=0.00e+00
DEBUG BG_INIT ENTRY: model_type=2
DEBUG AFTER CHECKS: model_type=2 has_ridder=1
RIDDER DEBUG (background_init): has_ridder=1, Lambda_EDE_ridder=0.000000e+00, f_axion_ridder=1.000000e+16, theta_i_ridder=2.400000e+00, beta_ridder=0.000000e+00
BG_INIT: entering background_checks
BG_INIT: background_checks OK
RIDDER FREEZE FLAG (from input): ridder_freeze_phi = 0, force_damping = 1.000e+00
DEBUG SHOOTING CHECK: has_ridder=1, model_type=2 (unified=1), use_shooting_EDE=0
BG_INIT: entering background_solve
BACKGROUND_SOLVE ENTERED: has_ridder=1 Lambda=0.00e+00
RIDDER IC DEBUG: model_type=2 f_for_ic=5.000000e+26 theta_i=2.400000e+00 phi_ini=1.200000e+27
ABOUT TO INTEGRATE: bi_size=7 has_ridder=1 Lambda=0.00e+00
DERIVS_ENTRY: call#=40000 has_ridder=1 Lambda=0.00e+00 a=1.74e-02
BG_INIT: background_solve OK

========================================
RIDDER FINAL STATE (a=1, z=0):
  rho_ridder = 2.836995e-09 Mpc^-2
  rho_tot    = 5.976888e-08 Mpc^-2
  f_ridder   = 4.746609e-02 (fraction of total)
  Omega_ridder = 0.047466 (if f ~ Omega_Lambda)
========================================

DEBUG INPUT.C: Just set model_type to 2 (should be 2)

DEBUG: Reading v3 canonical parameters...
  f_eV = 5.000000e+26 eV
  Lambda_EDE = 4.047689e-01 eV, theta_E_center = 0.00, sigma_E = 0.40
  Lambda_tail = 1.200000e-03 eV, alpha_tail = 1.00
BACKGROUND_INIT ENTERED: Lambda=0.00e+00
DEBUG BG_INIT ENTRY: model_type=2
DEBUG AFTER CHECKS: model_type=2 has_ridder=1
RIDDER DEBUG (background_init): has_ridder=1, Lambda_EDE_ridder=0.000000e+00, f_axion_ridder=1.000000e+16, theta_i_ridder=2.400000e+00, beta_ridder=0.000000e+00
BG_INIT: entering background_checks
BG_INIT: background_checks OK
RIDDER FREEZE FLAG (from input): ridder_freeze_phi = 0, force_damping = 1.000e+00
DEBUG SHOOTING CHECK: has_ridder=1, model_type=2 (unified=1), use_shooting_EDE=0
BG_INIT: entering background_solve
BACKGROUND_SOLVE ENTERED: has_ridder=1 Lambda=0.00e+00
RIDDER IC DEBUG: model_type=2 f_for_ic=5.000000e+26 theta_i=2.400000e+00 phi_ini=1.200000e+27
ABOUT TO INTEGRATE: bi_size=7 has_ridder=1 Lambda=0.00e+00
BG_INIT: background_solve OK

========================================
RIDDER FINAL STATE (a=1, z=0):
  rho_ridder = 2.836983e-09 Mpc^-2
  rho_tot    = 5.654490e-08 Mpc^-2
  f_ridder   = 5.017222e-02 (fraction of total)
  Omega_ridder = 0.050172 (if f ~ Omega_Lambda)
========================================

DEBUG INPUT.C: Just set model_type to 2 (should be 2)

DEBUG: Reading v3 canonical parameters...
  f_eV = 5.000000e+26 eV
  Lambda_EDE = 3.892593e-01 eV, theta_E_center = 0.00, sigma_E = 0.40
  Lambda_tail = 1.200000e-03 eV, alpha_tail = 1.00
BACKGROUND_INIT ENTERED: Lambda=0.00e+00
DEBUG BG_INIT ENTRY: model_type=2
DEBUG AFTER CHECKS: model_type=2 has_ridder=1
RIDDER DEBUG (background_init): has_ridder=1, Lambda_EDE_ridder=0.000000e+00, f_axion_ridder=1.000000e+16, theta_i_ridder=2.400000e+00, beta_ridder=0.000000e+00
BG_INIT: entering background_checks
BG_INIT: background_checks OK
RIDDER FREEZE FLAG (from input): ridder_freeze_phi = 0, force_damping = 1.000e+00
DEBUG SHOOTING CHECK: has_ridder=1, model_type=2 (unified=1), use_shooting_EDE=0
BG_INIT: entering background_solve
BACKGROUND_SOLVE ENTERED: has_ridder=1 Lambda=0.00e+00
RIDDER IC DEBUG: model_type=2 f_for_ic=5.000000e+26 theta_i=2.400000e+00 phi_ini=1.200000e+27
ABOUT TO INTEGRATE: bi_size=7 has_ridder=1 Lambda=0.00e+00
DERIVS_ENTRY: call#=45000 has_ridder=1 Lambda=0.00e+00 a=3.07e-02
BG_INIT: background_solve OK

========================================
RIDDER FINAL STATE (a=1, z=0):
  rho_ridder = 2.836992e-09 Mpc^-2
  rho_tot    = 5.874006e-08 Mpc^-2
  f_ridder   = 4.829740e-02 (fraction of total)
  Omega_ridder = 0.048297 (if f ~ Omega_Lambda)
========================================

DEBUG INPUT.C: Just set model_type to 2 (should be 2)

DEBUG: Reading v3 canonical parameters...
  f_eV = 5.000000e+26 eV
  Lambda_EDE = 3.109541e-01 eV, theta_E_center = 0.00, sigma_E = 0.40
  Lambda_tail = 1.200000e-03 eV, alpha_tail = 1.00
BACKGROUND_INIT ENTERED: Lambda=0.00e+00
DEBUG BG_INIT ENTRY: model_type=2
DEBUG AFTER CHECKS: model_type=2 has_ridder=1
RIDDER DEBUG (background_init): has_ridder=1, Lambda_EDE_ridder=0.000000e+00, f_axion_ridder=1.000000e+16, theta_i_ridder=2.400000e+00, beta_ridder=0.000000e+00
BG_INIT: entering background_checks
BG_INIT: background_checks OK
RIDDER FREEZE FLAG (from input): ridder_freeze_phi = 0, force_damping = 1.000e+00
DEBUG SHOOTING CHECK: has_ridder=1, model_type=2 (unified=1), use_shooting_EDE=0
BG_INIT: entering background_solve
BACKGROUND_SOLVE ENTERED: has_ridder=1 Lambda=0.00e+00
RIDDER IC DEBUG: model_type=2 f_for_ic=5.000000e+26 theta_i=2.400000e+00 phi_ini=1.200000e+27
ABOUT TO INTEGRATE: bi_size=7 has_ridder=1 Lambda=0.00e+00
BG_INIT: background_solve OK

========================================
RIDDER FINAL STATE (a=1, z=0):
  rho_ridder = 2.836982e-09 Mpc^-2
  rho_tot    = 6.347420e-08 Mpc^-2
  f_ridder   = 4.469504e-02 (fraction of total)
  Omega_ridder = 0.044695 (if f ~ Omega_Lambda)
========================================

DEBUG INPUT.C: Just set model_type to 2 (should be 2)

DEBUG: Reading v3 canonical parameters...
  f_eV = 5.000000e+26 eV
  Lambda_EDE = 3.736246[mcmc] Progress @ 2025-11-26 16:43:22 : 16 steps taken -- still burning in, 18 accepted steps left.
e-01 eV, theta_E_center = 0.00, sigma_E = 0.40
  Lambda_tail = 1.200000e-03 eV, alpha_tail = 1.00
BACKGROUND_INIT ENTERED: Lambda=0.00e+00
DEBUG BG_INIT ENTRY: model_type=2
DEBUG AFTER CHECKS: model_type=2 has_ridder=1
RIDDER DEBUG (background_init): has_ridder=1, Lambda_EDE_ridder=0.000000e+00, f_axion_ridder=1.000000e+16, theta_i_ridder=2.400000e+00, beta_ridder=0.000000e+00
BG_INIT: entering background_checks
BG_INIT: background_checks OK
RIDDER FREEZE FLAG (from input): ridder_freeze_phi = 0, force_damping = 1.000e+00
DEBUG SHOOTING CHECK: has_ridder=1, model_type=2 (unified=1), use_shooting_EDE=0
BG_INIT: entering background_solve
BACKGROUND_SOLVE ENTERED: has_ridder=1 Lambda=0.00e+00
RIDDER IC DEBUG: model_type=2 f_for_ic=5.000000e+26 theta_i=2.400000e+00 phi_ini=1.200000e+27
ABOUT TO INTEGRATE: bi_size=7 has_ridder=1 Lambda=0.00e+00
DERIVS_ENTRY: call#=50000 has_ridder=1 Lambda=0.00e+00 a=2.11e-01
BG_INIT: background_solve OK

========================================
RIDDER FINAL STATE (a=1, z=0):
  rho_ridder = 2.837002e-09 Mpc^-2
  rho_tot    = 5.947152e-08 Mpc^-2
  f_ridder   = 4.770354e-02 (fraction of total)
  Omega_ridder = 0.047704 (if f ~ Omega_Lambda)
========================================

DEBUG INPUT.C: Just set model_type to 2 (should be 2)

DEBUG: Reading v3 canonical parameters...
  f_eV = 5.000000e+26 eV
  Lambda_EDE = 4.380186e-01 eV, theta_E_center = 0.00, sigma_E = 0.40
  Lambda_tail = 1.200000e-03 eV, alpha_tail = 1.00
BACKGROUND_INIT ENTERED: Lambda=0.00e+00
DEBUG BG_INIT ENTRY: model_type=2
DEBUG AFTER CHECKS: model_type=2 has_ridder=1
RIDDER DEBUG (background_init): has_ridder=1, Lambda_EDE_ridder=0.000000e+00, f_axion_ridder=1.000000e+16, theta_i_ridder=2.400000e+00, beta_ridder=0.000000e+00
BG_INIT: entering background_checks
BG_INIT: background_checks OK
RIDDER FREEZE FLAG (from input): ridder_freeze_phi = 0, force_damping = 1.000e+00
DEBUG SHOOTING CHECK: has_ridder=1, model_type=2 (unified=1), use_shooting_EDE=0
BG_INIT: entering background_solve
BACKGROUND_SOLVE ENTERED: has_ridder=1 Lambda=0.00e+00
RIDDER IC DEBUG: model_type=2 f_for_ic=5.000000e+26 theta_i=2.400000e+00 phi_ini=1.200000e+27
ABOUT TO INTEGRATE: bi_size=7 has_ridder=1 Lambda=0.00e+00
BG_INIT: background_solve OK

========================================
RIDDER FINAL STATE (a=1, z=0):
  rho_ridder = 2.836980e-09 Mpc^-2
  rho_tot    = 6.253736e-08 Mpc^-2
  f_ridder   = 4.536456e-02 (fraction of total)
  Omega_ridder = 0.045365 (if f ~ Omega_Lambda)
========================================

DEBUG INPUT.C: Just set model_type to 2 (should be 2)

DEBUG: Reading v3 canonical parameters...
  f_eV = 5.000000e+26 eV
  Lambda_EDE = 3.900273e-01 eV, theta_E_center = 0.00, sigma_E = 0.40
  Lambda_tail = 1.200000e-03 eV, alpha_tail = 1.00
BACKGROUND_INIT ENTERED: Lambda=0.00e+00
DEBUG BG_INIT ENTRY: model_type=2
DEBUG AFTER CHECKS: model_type=2 has_ridder=1
RIDDER DEBUG (background_init): has_ridder=1, Lambda_EDE_ridder=0.000000e+00, f_axion_ridder=1.000000e+16, theta_i_ridder=2.400000e+00, beta_ridder=0.000000e+00
BG_INIT: entering background_checks
BG_INIT: background_checks OK
RIDDER FREEZE FLAG (from input): ridder_freeze_phi = 0, force_damping = 1.000e+00
DEBUG SHOOTING CHECK: has_ridder=1, model_type=2 (unified=1), use_shooting_EDE=0
BG_INIT: entering background_solve
BACKGROUND_SOLVE ENTERED: has_ridder=1 Lambda=0.00e+00
RIDDER IC DEBUG: model_type=2 f_for_ic=5.000000e+26 theta_i=2.400000e+00 phi_ini=1.200000e+27
ABOUT TO INTEGRATE: bi_size=7 has_ridder=1 Lambda=0.00e+00
DERIVS_ENTRY: call#=55000 has_ridder=1 Lambda=0.00e+00 a=2.92e-01
BG_INIT: background_solve OK

========================================
RIDDER FINAL STATE (a=1, z=0):
  rho_ridder = 2.836990e-09 Mpc^-2
  rho_tot    = 5.746231e-08 Mpc^-2
  f_ridder   = 4.937132e-02 (fraction of total)
  Omega_ridder = 0.049371 (if f ~ Omega_Lambda)
========================================

DEBUG INPUT.C: Just set model_type to 2 (should be 2)

DEBUG: Reading v3 canonical parameters...
  f_eV = 5.000000e+26 eV
  Lambda_EDE = 2.533756e-01 eV, theta_E_center = 0.00, sigma_E = 0[mcmc] Progress @ 2025-11-26 16:44:30 : 21 steps taken -- still burning in, 18 accepted steps left.
.40
  Lambda_tail = 1.200000e-03 eV, alpha_tail = 1.00
BACKGROUND_INIT ENTERED: Lambda=0.00e+00
DEBUG BG_INIT ENTRY: model_type=2
DEBUG AFTER CHECKS: model_type=2 has_ridder=1
RIDDER DEBUG (background_init): has_ridder=1, Lambda_EDE_ridder=0.000000e+00, f_axion_ridder=1.000000e+16, theta_i_ridder=2.400000e+00, beta_ridder=0.000000e+00
BG_INIT: entering background_checks
BG_INIT: background_checks OK
RIDDER FREEZE FLAG (from input): ridder_freeze_phi = 0, force_damping = 1.000e+00
DEBUG SHOOTING CHECK: has_ridder=1, model_type=2 (unified=1), use_shooting_EDE=0
BG_INIT: entering background_solve
BACKGROUND_SOLVE ENTERED: has_ridder=1 Lambda=0.00e+00
RIDDER IC DEBUG: model_type=2 f_for_ic=5.000000e+26 theta_i=2.400000e+00 phi_ini=1.200000e+27
ABOUT TO INTEGRATE: bi_size=7 has_ridder=1 Lambda=0.00e+00
BG_INIT: background_solve OK

========================================
RIDDER FINAL STATE (a=1, z=0):
  rho_ridder = 2.837028e-09 Mpc^-2
  rho_tot    = 5.657085e-08 Mpc^-2
  f_ridder   = 5.015000e-02 (fraction of total)
  Omega_ridder = 0.050150 (if f ~ Omega_Lambda)
========================================

DEBUG INPUT.C: Just set model_type to 2 (should be 2)

DEBUG: Reading v3 canonical parameters...
  f_eV = 5.000000e+26 eV
  Lambda_EDE = 4.545774e-01 eV, theta_E_center = 0.00, sigma_E = 0.40
  Lambda_tail = 1.200000e-03 eV, alpha_tail = 1.00
BACKGROUND_INIT ENTERED: Lambda=0.00e+00
DEBUG BG_INIT ENTRY: model_type=2
DEBUG AFTER CHECKS: model_type=2 has_ridder=1
RIDDER DEBUG (background_init): has_ridder=1, Lambda_EDE_ridder=0.000000e+00, f_axion_ridder=1.000000e+16, theta_i_ridder=2.400000e+00, beta_ridder=0.000000e+00
BG_INIT: entering background_checks
BG_INIT: background_checks OK
RIDDER FREEZE FLAG (from input): ridder_freeze_phi = 0, force_damping = 1.000e+00
DEBUG SHOOTING CHECK: has_ridder=1, model_type=2 (unified=1), use_shooting_EDE=0
BG_INIT: entering background_solve
BACKGROUND_SOLVE ENTERED: has_ridder=1 Lambda=0.00e+00
RIDDER IC DEBUG: model_type=2 f_for_ic=5.000000e+26 theta_i=2.400000e+00 phi_ini=1.200000e+27
ABOUT TO INTEGRATE: bi_size=7 has_ridder=1 Lambda=0.00e+00
BG_INIT: background_solve OK

========================================
RIDDER FINAL STATE (a=1, z=0):
  rho_ridder = 2.836983e-09 Mpc^-2
  rho_tot    = 6.014422e-08 Mpc^-2
  f_ridder   = 4.716968e-02 (fraction of total)
  Omega_ridder = 0.047170 (if f ~ Omega_Lambda)
========================================

DEBUG INPUT.C: Just set model_type to 2 (should be 2)

DEBUG: Reading v3 canonical parameters...
  f_eV = 5.000000e+26 eV
  Lambda_EDE = 4.057425e-01 eV, theta_E_center = 0.00, sigma_E = 0.40
  Lambda_tail = 1.200000e-03 eV, alpha_tail = 1.00
BACKGROUND_INIT ENTERED: Lambda=0.00e+00
DEBUG BG_INIT ENTRY: model_type=2
DEBUG AFTER CHECKS: model_type=2 has_ridder=1
RIDDER DEBUG (background_init): has_ridder=1, Lambda_EDE_ridder=0.000000e+00, f_axion_ridder=1.000000e+16, theta_i_ridder=2.400000e+00, beta_ridder=0.000000e+00
BG_INIT: entering background_checks
BG_INIT: background_checks OK
RIDDER FREEZE FLAG (from input): ridder_freeze_phi = 0, force_damping = 1.000e+00
DEBUG SHOOTING CHECK: has_ridder=1, model_type=2 (unified=1), use_shooting_EDE=0
BG_INIT: entering background_solve
BACKGROUND_SOLVE ENTERED: has_ridder=1 Lambda=0.00e+00
RIDDER IC DEBUG: model_type=2 f_for_ic=5.000000e+26 theta_i=2.400000e+00 phi_ini=1.200000e+27
ABOUT TO INTEGRATE: bi_size=7 has_ridder=1 Lambda=0.00e+00
DERIVS_ENTRY: call#=60000 has_ridder=1 Lambda=0.00e+00 a=1.36e-13
BG_INIT: background_solve OK

========================================
RIDDER FINAL STATE (a=1, z=0):
  rho_ridder = 2.836984e-09 Mpc^-2
  rho_tot    = 6.020179e-08 Mpc^-2
  f_ridder   = 4.712459e-02 (fraction of total)
  Omega_ridder = 0.047125 (if f ~ Omega_Lambda)
========================================

DEBUG INPUT.C: Just set model_type to 2 (should be 2)

DEBUG: Reading v3 canonical parameters...
  f_eV = 5.000000e+26 eV
  Lambda_EDE = 4.131582e-01 eV, theta_E_center = 0.00, sigma_E = 0.40
  Lambda_tail = 1.200000e-03 eV, alpha_tail = 1.00
BACKGROUND_INIT ENTERED: Lambda=0.00e+00
DEBUG BG_INIT ENTRY: model_type=2
DEBUG AFTER CHECKS: model_type=2 has_ridder=1
RIDDER DEBUG (background_init): has_ridder=1, Lambda_EDE_ridder=0.000000e+00, f_axion_ridder=1.000000e+16, theta_i_ridder=2.400000e+00, beta_ridder=0.000000e+00
BG_INIT: entering background_checks
BG_INIT: background_checks OK
RIDDER FREEZE FLAG (from input): ridder_freeze_phi = 0, force_damping = 1.000e+00
DEBUG SHOOTING CHECK: has_ridder=1, model_type=2 (unified=1), use_shooting_EDE=0
BG_INIT: entering background_solve
BACKGROUND_SOLVE ENTERED: has_ridder=1 Lambda=0.00e+00
RIDDER IC DEBUG: model_type=2 f_for_ic=5.000000e+26 theta_i=2.400000e+00 phi_ini=1.200000e+27
ABOUT TO INTEGRATE: bi_size=7 has_ridder=1 Lambda=0.00e+00
BG_INIT: background_solve OK

========================================
RIDDER FINAL STATE (a=1, z=0):
  rho_ridder = 2.836981e-09 Mpc^-2
  rho_tot    = 5.738228e-08 Mpc^-2
  f_ridder   = 4.944001e-02 (fraction of total)
  Omega_ridder = 0.049440 (if f ~ Omega_Lambda)
========================================

DEBUG INPUT.C: Just set model_type to 2 (should be 2)

DEBUG: Reading v3 canonical parameters...
  f_eV = 5.000000e+26 eV
  Lambda_EDE = 3.971182e-01 eV, theta_E_center = 0.00, sigma_E = 0.40
  Lambda_tail = 1.200000e-03 eV, alpha_tail = 1.00
BACKGROUND_INIT ENTERED: Lambda=0.00e+00
DEBUG BG_INIT ENTRY: model_type=2
DEBUG AFTER CHECKS: model_type=2 has_ridder=1
RIDDER DEBUG (background_init): has_ridder=1, Lambda_EDE_ridder=0.000000e+00, f_axion_ridder=1.000000e+16, theta_i_ridder=2.400000e+00, beta_ridder=0.000000e+00
BG_INIT: entering background_checks
BG_INIT: background_checks OK
RIDDER FREEZE FLAG (from input): ridder_freeze_phi = 0, force_damping = 1.000e+00
DEBUG SHOOTING CHECK: has_ridder=1, model_type=2 (unified=1), use_shooting_EDE=0
BG_INIT: entering background_solve
BACKGROUND_SOLVE ENTERED: has_ridder=1 Lambda=0.00e+00
RIDDER IC DEBUG: model_type=2 f_for_ic=5.000000e+26 theta_i=2.400000e+00 phi_ini=1.200000e+27
ABOUT TO INTEGRATE: bi_size=7 has_ridder=1 Lambda=0.00e+00
DERIVS_ENTRY: call#=65000 has_ridder=1 Lambda=0.00e+00 a=5.26e-13
BG_INIT: background_solve OK

========================================
RIDDER FINAL STATE (a=1, z=0):
  rho_ridder = 2.836987e-09 Mpc^-2
  rho_tot    = 5.885000e-08 Mpc^-2
  f_ridder   = 4.820710e-02 (fraction of total)
  Omega_ridder = 0.048207 (if f ~ Omega_Lambda)
========================================

DEBUG INPUT.C: Just set model_type to 2 (should be 2)

DEBUG: Reading v3 canonical parameters...
  f_eV = 5.000000e+26 eV
  Lambda_EDE = 4.014456e-01 eV, theta_E_center = 0.00, sigma_E = 0.40
  Lambda_tail = 1.200000e-03 eV, alpha_tail = 1.00
BACKGROUND_INIT ENTERED: Lambda=0.00e+00
DEBUG BG_INIT ENTRY: model_type=2
DEBUG AFTER CHECKS: model_type=2 has_ridder=1
RIDDER DEBUG (background_init): has_ridder=1, Lambda_EDE_ridder=0.000000e+00, f_axion_ridder=1.000000e+16, theta_i_ridder=2.400000e+00, beta_ridder=0.000000e+00
BG_INIT: entering background_checks
BG_INIT: background_checks OK
RIDDER FREEZE FLAG (from input): ridder_freeze_phi = 0, force_damping = 1.000e+00
DEBUG SHOOTING CHECK: has_ridder=1, model_type=2 (unified=1), use_shooting_EDE=0
BG_INIT: entering background_solve
BACKGROUND_SOLVE ENTERED: has_ridder=1 Lambda=0.00e+00
RIDDER IC DEBUG: model_type=2 f_for_ic=5.000000e+26 theta_i=2.400000e+00 phi_ini=1.200000e+27
ABOUT TO INTEGRATE: bi_size=7 has_ridder=1 Lambda=0.00e+00
BG_INIT: background_solve OK

========================================
RIDDER FINAL STATE (a=1, z=0):
  rho_ridder = 2.836984e-09 Mpc^-2
  rho_tot    = 6.033674e-08 Mpc^-2
  f_ridder   = 4.701919e-02 (fraction of total)
  Omega_ridder = 0.047019 (if f ~ Omega_Lambda)
========================================

DEBUG INPUT.C: Just set model_type to 2 (should be 2)

DEBUG: Reading v3 canonical parameters...
  f_eV = 5.000000e+26 eV
  Lambda_EDE = 4.132081e-01 eV, theta_E_center = 0.00, sigma_E = 0.40
  Lambda_tail = 1.200000e-03 eV, alpha_tail = 1.00
BACKGROUND_INIT ENTERED: Lambda=0.00e+00
DEBUG BG_INIT ENTRY: model_type=2
DEBUG AFTER CHECKS: model_type=2 has_ridder=1
RIDDER DEBUG (background_init): has_ridder[mcmc] Progress @ 2025-11-26 16:45:38 : 26 steps taken -- still burning in, 18 accepted steps left.
=1, Lambda_EDE_ridder=0.000000e+00, f_axion_ridder=1.000000e+16, theta_i_ridder=2.400000e+00, beta_ridder=0.000000e+00
BG_INIT: entering background_checks
BG_INIT: background_checks OK
RIDDER FREEZE FLAG (from input): ridder_freeze_phi = 0, force_damping = 1.000e+00
DEBUG SHOOTING CHECK: has_ridder=1, model_type=2 (unified=1), use_shooting_EDE=0
BG_INIT: entering background_solve
BACKGROUND_SOLVE ENTERED: has_ridder=1 Lambda=0.00e+00
RIDDER IC DEBUG: model_type=2 f_for_ic=5.000000e+26 theta_i=2.400000e+00 phi_ini=1.200000e+27
ABOUT TO INTEGRATE: bi_size=7 has_ridder=1 Lambda=0.00e+00
DERIVS_ENTRY: call#=70000 has_ridder=1 Lambda=0.00e+00 a=5.71e-12
BG_INIT: background_solve OK

========================================
RIDDER FINAL STATE (a=1, z=0):
  rho_ridder = 2.836981e-09 Mpc^-2
  rho_tot    = 5.830870e-08 Mpc^-2
  f_ridder   = 4.865450e-02 (fraction of total)
  Omega_ridder = 0.048654 (if f ~ Omega_Lambda)
========================================

DEBUG INPUT.C: Just set model_type to 2 (should be 2)

DEBUG: Reading v3 canonical parameters...
  f_eV = 5.000000e+26 eV
  Lambda_EDE = 3.874884e-01 eV, theta_E_center = 0.00, sigma_E = 0.40
  Lambda_tail = 1.200000e-03 eV, alpha_tail = 1.00
BACKGROUND_INIT ENTERED: Lambda=0.00e+00
DEBUG BG_INIT ENTRY: model_type=2
DEBUG AFTER CHECKS: model_type=2 has_ridder=1
RIDDER DEBUG (background_init): has_ridder=1, Lambda_EDE_ridder=0.000000e+00, f_axion_ridder=1.000000e+16, theta_i_ridder=2.400000e+00, beta_ridder=0.000000e+00
BG_INIT: entering background_checks
BG_INIT: background_checks OK
RIDDER FREEZE FLAG (from input): ridder_freeze_phi = 0, force_damping = 1.000e+00
DEBUG SHOOTING CHECK: has_ridder=1, model_type=2 (unified=1), use_shooting_EDE=0
BG_INIT: entering background_solve
BACKGROUND_SOLVE ENTERED: has_ridder=1 Lambda=0.00e+00
RIDDER IC DEBUG: model_type=2 f_for_ic=5.000000e+26 theta_i=2.400000e+00 phi_ini=1.200000e+27
ABOUT TO INTEGRATE: bi_size=7 has_ridder=1 Lambda=0.00e+00
BG_INIT: background_solve OK

========================================
RIDDER FINAL STATE (a=1, z=0):
  rho_ridder = 2.836993e-09 Mpc^-2
  rho_tot    = 5.955381e-08 Mpc^-2
  f_ridder   = 4.763748e-02 (fraction of total)
  Omega_ridder = 0.047637 (if f ~ Omega_Lambda)
========================================

DEBUG INPUT.C: Just set model_type to 2 (should be 2)

DEBUG: Reading v3 canonical parameters...
  f_eV = 5.000000e+26 eV
  Lambda_EDE = 4.117368e-01 eV, theta_E_center = 0.00, sigma_E = 0.40
  Lambda_tail = 1.200000e-03 eV, alpha_tail = 1.00
BACKGROUND_INIT ENTERED: Lambda=0.00e+00
DEBUG BG_INIT ENTRY: model_type=2
DEBUG AFTER CHECKS: model_type=2 has_ridder=1
RIDDER DEBUG (background_init): has_ridder=1, Lambda_EDE_ridder=0.000000e+00, f_axion_ridder=1.000000e+16, theta_i_ridder=2.400000e+00, beta_ridder=0.000000e+00
BG_INIT: entering background_checks
BG_INIT: background_checks OK
RIDDER FREEZE FLAG (from input): ridder_freeze_phi = 0, force_damping = 1.000e+00
DEBUG SHOOTING CHECK: has_ridder=1, model_type=2 (unified=1), use_shooting_EDE=0
BG_INIT: entering background_solve
BACKGROUND_SOLVE ENTERED: has_ridder=1 Lambda=0.00e+00
RIDDER IC DEBUG: model_type=2 f_for_ic=5.000000e+26 theta_i=2.400000e+00 phi_ini=1.200000e+27
ABOUT TO INTEGRATE: bi_size=7 has_ridder=1 Lambda=0.00e+00
DERIVS_ENTRY: call#=75000 has_ridder=1 Lambda=0.00e+00 a=3.84e-11
BG_INIT: background_solve OK

========================================
RIDDER FINAL STATE (a=1, z=0):
  rho_ridder = 2.836981e-09 Mpc^-2
  rho_tot    = 5.568530e-08 Mpc^-2
  f_ridder   = 5.094667e-02 (fraction of total)
  Omega_ridder = 0.050947 (if f ~ Omega_Lambda)
========================================

DEBUG INPUT.C: Just set model_type to 2 (should be 2)

DEBUG: Reading v3 canonical parameters...
  f_eV = 5.000000e+26 eV
  Lambda_EDE = 4.620075e-01 eV, theta_E_center = 0.00, sigma_E = 0.40
  Lambda_tail = 1.200000e-03 eV, alpha_tail = 1.00
BACKGROUND_INIT ENTERED: Lambda=0.00e+00
DEBUG BG_INIT ENTRY: model_type=2
DEBUG AFTER CHECKS: model_type=2 has_ridder=1
RIDDER DEBUG (background_init): has_ridder=1, Lambda_EDE_ridder=0.000000e+00, f_axion_ridder=1.000000e+16, theta_i_ridder=2.400000e+00, beta_ridder=0.000000e+00
BG_INIT: entering background_checks
BG_INIT: background_checks OK
RIDDER FREEZE FLAG (from input): ridder_freeze_phi = 0, force_damping = 1.000e+00
DEBUG SHOOTING CHECK: has_ridder=1, model_type=2 (unified=1), use_shooting_EDE=0
BG_INIT: entering background_solve
BACKGROUND_SOLVE ENTERED: has_ridder=1 Lambda=0.00e+00
RIDDER IC DEBUG: model_type=2 f_for_ic=5.000000e+26 theta_i=2.400000e+00 phi_ini=1.200000e+27
ABOUT TO INTEGRATE: bi_size=7 has_ridder=1 Lambda=0.00e+00
BG_INIT: background_solve OK

========================================
RIDDER FINAL STATE (a=1, z=0):
  rho_ridder = 2.836984e-09 Mpc^-2
  rho_tot    = 6.639674e-08 Mpc^-2
  f_ridder   = 4.272776e-02 (fraction of total)
  Omega_ridder = 0.042728 (if f ~ Omega_Lambda)
========================================

DEBUG INPUT.C: Just set model_type to 2 (should be 2)

DEBUG: Reading v3 canonical parameters...
  f_eV = 5.000000e+26 eV
  Lambda_EDE = 5.479817e-01 eV, theta_E_center = 0.00, sigma_E = 0.40
  Lambda_tail = 1.200000e-03 eV, alpha_tail = 1.00
BACKGROUND_INIT ENTERED: Lambda=0.00e+00
DEBUG BG_INIT ENTRY: model_type=2
DEBUG AFTER CHECKS: model_type=2 has_ridder=1
RIDDER DEBUG (background_init): has_ridder=1, Lambda_EDE_ridder=0.000000e+00, f_axion_ridder=1.000000e+16, theta_i_ridder=2.400000e+00, beta_ridder=0.000000e+00
BG_INIT: entering background_checks
BG_INIT: background_checks OK
RIDDER FREEZE FLAG (from input): ridder_freeze_phi = 0, force_damping = 1.000e+00
DEBUG SHOOTING CHECK: has_ridder=1, model_type=2 (unified=1), use_shooting_EDE=0
BG_INIT: entering background_solve
BACKGROUND_SOLVE ENTERED: has_ridder=1 Lambda=0.00e+00
RIDDER IC DEBUG: model_type=2 f_for_ic=5.000000e+26 theta_i=2.400000e+00 phi_ini=1.200000e+27
ABOUT TO INTEGRATE: bi_size=7 has_ridder=1 Lambda=0.00e+00
DERIVS_ENTRY: call#=80000 has_ridder=1 Lambda=0.00e+00 a=6.89e-11
BG_INIT: background_solve OK

========================================
RIDDER FINAL STATE (a=1, z=0):
  rho_ridder = 2.836977e-09 Mpc^-2
  rho_tot    = 5.883439e-08 Mpc^-2
  f_ridder   = 4.821971e-02 (fraction of total)
  Omega_ridder = 0.048220 (if f ~ Omega_Lambda)
========================================

DEBUG INPUT.C: Just set model_type to 2 (should be 2)

DEBUG: Reading v3 canonical parameters...
  f_eV = 5.000000e+26 eV
  Lambda_EDE = 5.470828e-01 eV, theta_E_center = 0.00, sigma_E = 0.40
  Lambda_tail = 1.200000e-03 eV, alpha_tail = 1.00
BACKGROUND_INIT ENTERED: Lambda=0.00e+00
DEBUG BG_INIT ENTRY: model_type=2
DEBUG AFTER CHECKS: model_type=2 has_ridder=1
RIDDER DEBUG (background_init): has_ridder=1, Lambda_EDE_ridder=0.000000e+00, f_axion_ridder=1.000000e+16, theta_i_ridder=2.400000e+00, beta_ridder=0.000000e+00
BG_INIT: entering background_checks
BG_INIT: background_checks OK
RIDDER FREEZE FLAG (from input): ridder_freeze_phi = 0, force_damping = 1.000e+00
DEBUG SHOOTING CHECK: has_ridder=1, model_type=2 (unified=1), use_shooting_EDE=0
BG_INIT: entering background_solve
BACKGROUND_SOLVE ENTERED: has_ridder=1 Lambda=0.00e+00
RIDDER IC DEBUG: model_type=2 f_for_ic=5.000000e+26 theta_i=2.400000e+00 phi_ini=1.200000e+27
ABOUT TO INTEGRATE: bi_size=7 has_ridder=1 Lambda=0.00e+00
BG_INIT: background_solve OK

========================================
RIDDER FINAL STATE (a=1, z=0):
  rho_ridder = 2.836977e-09 Mpc^-2
  rho_tot    = 5.978067e-08 Mpc^-2
  f_ridder   = 4.745644e-02 (fraction of total)
  Omega_ridder = 0.047456 (if f ~ Omega_Lambda)
========================================

DEBUG INPUT.C: Just set model_type to 2 (should be 2)

DEBUG: Reading v3 canonical parameters...
  f_eV = 5.000000e+26 eV
  Lambda_EDE = 6.261517e-01 eV, theta_E_center = 0.00, sigma_E = 0.40
  Lambda_tail = 1.200000e-03 eV, alpha_tail = 1.00
BACKGROUND_INIT ENTERED: Lambda=0.00e+00
DEBUG BG_INIT ENTRY: model_type=2
DEBUG AFTER CHECKS: model_type=2 has_ridder=1
RIDDER DEBUG (background_init): has_ridder=1, Lambda_EDE_ridder=0.000000e+00, f_axion_ridder=1.000000e+16, theta_i_ridder=2.400000e+00, beta_ridder=0.000000e+00
BG_INIT: entering background_chec[mcmc] Progress @ 2025-11-26 16:46:45 : 31 steps taken -- still burning in, 16 accepted steps left.
ks
BG_INIT: background_checks OK
RIDDER FREEZE FLAG (from input): ridder_freeze_phi = 0, force_damping = 1.000e+00
DEBUG SHOOTING CHECK: has_ridder=1, model_type=2 (unified=1), use_shooting_EDE=0
BG_INIT: entering background_solve
BACKGROUND_SOLVE ENTERED: has_ridder=1 Lambda=0.00e+00
RIDDER IC DEBUG: model_type=2 f_for_ic=5.000000e+26 theta_i=2.400000e+00 phi_ini=1.200000e+27
ABOUT TO INTEGRATE: bi_size=7 has_ridder=1 Lambda=0.00e+00
DERIVS_ENTRY: call#=85000 has_ridder=1 Lambda=0.00e+00 a=5.78e-13
BG_INIT: background_solve OK

========================================
RIDDER FINAL STATE (a=1, z=0):
  rho_ridder = 2.836986e-09 Mpc^-2
  rho_tot    = 5.757905e-08 Mpc^-2
  f_ridder   = 4.927115e-02 (fraction of total)
  Omega_ridder = 0.049271 (if f ~ Omega_Lambda)
========================================

DEBUG INPUT.C: Just set model_type to 2 (should be 2)

DEBUG: Reading v3 canonical parameters...
  f_eV = 5.000000e+26 eV
  Lambda_EDE = 5.438410e-01 eV, theta_E_center = 0.00, sigma_E = 0.40
  Lambda_tail = 1.200000e-03 eV, alpha_tail = 1.00
BACKGROUND_INIT ENTERED: Lambda=0.00e+00
DEBUG BG_INIT ENTRY: model_type=2
DEBUG AFTER CHECKS: model_type=2 has_ridder=1
RIDDER DEBUG (background_init): has_ridder=1, Lambda_EDE_ridder=0.000000e+00, f_axion_ridder=1.000000e+16, theta_i_ridder=2.400000e+00, beta_ridder=0.000000e+00
BG_INIT: entering background_checks
BG_INIT: background_checks OK
RIDDER FREEZE FLAG (from input): ridder_freeze_phi = 0, force_damping = 1.000e+00
DEBUG SHOOTING CHECK: has_ridder=1, model_type=2 (unified=1), use_shooting_EDE=0
BG_INIT: entering background_solve
BACKGROUND_SOLVE ENTERED: has_ridder=1 Lambda=0.00e+00
RIDDER IC DEBUG: model_type=2 f_for_ic=5.000000e+26 theta_i=2.400000e+00 phi_ini=1.200000e+27
ABOUT TO INTEGRATE: bi_size=7 has_ridder=1 Lambda=0.00e+00
DERIVS_ENTRY: call#=90000 has_ridder=1 Lambda=0.00e+00 a=6.68e-01
BG_INIT: background_solve OK

========================================
RIDDER FINAL STATE (a=1, z=0):
  rho_ridder = 2.836978e-09 Mpc^-2
  rho_tot    = 5.981871e-08 Mpc^-2
  f_ridder   = 4.742626e-02 (fraction of total)
  Omega_ridder = 0.047426 (if f ~ Omega_Lambda)
========================================

DEBUG INPUT.C: Just set model_type to 2 (should be 2)

DEBUG: Reading v3 canonical parameters...
  f_eV = 5.000000e+26 eV
  Lambda_EDE = 5.104023e-01 eV, theta_E_center = 0.00, sigma_E = 0.40
  Lambda_tail = 1.200000e-03 eV, alpha_tail = 1.00
BACKGROUND_INIT ENTERED: Lambda=0.00e+00
DEBUG BG_INIT ENTRY: model_type=2
DEBUG AFTER CHECKS: model_type=2 has_ridder=1
RIDDER DEBUG (background_init): has_ridder=1, Lambda_EDE_ridder=0.000000e+00, f_axion_ridder=1.000000e+16, theta_i_ridder=2.400000e+00, beta_ridder=0.000000e+00
BG_INIT: entering background_checks
BG_INIT: background_checks OK
RIDDER FREEZE FLAG (from input): ridder_freeze_phi = 0, force_damping = 1.000e+00
DEBUG SHOOTING CHECK: has_ridder=1, model_type=2 (unified=1), use_shooting_EDE=0
BG_INIT: entering background_solve
BACKGROUND_SOLVE ENTERED: has_ridder=1 Lambda=0.00e+00
RIDDER IC DEBUG: model_type=2 f_for_ic=5.000000e+26 theta_i=2.400000e+00 phi_ini=1.200000e+27
ABOUT TO INTEGRATE: bi_size=7 has_ridder=1 Lambda=0.00e+00
BG_INIT: background_solve OK

========================================
RIDDER FINAL STATE (a=1, z=0):
  rho_ridder = 2.836982e-09 Mpc^-2
  rho_tot    = 5.970955e-08 Mpc^-2
  f_ridder   = 4.751304e-02 (fraction of total)
  Omega_ridder = 0.047513 (if f ~ Omega_Lambda)
========================================

DEBUG INPUT.C: Just set model_type to 2 (should be 2)

DEBUG: Reading v3 canonical parameters...
  f_eV = 5.000000e+26 eV
  Lambda_EDE = 5.410624e-01 eV, theta_E_center = 0.00, sigma_E = 0.40
  Lambda_tail = 1.200000e-03 eV, alpha_tail = 1.00
BACKGROUND_INIT ENTERED: Lambda=0.00e+00
DEBUG BG_INIT ENTRY: model_type=2
DEBUG AFTER CHECKS: model_type=2 has_ridder=1
RIDDER DEBUG (background_init): has_ridder=1, Lambda_EDE_ridder=0.000000e+00, f_axion_ridder=1.000000e+16, theta_i_ridder=2.400000e+00, beta_ridder=0.000000e+00
BG_INIT: entering background_checks
BG_INIT: background_checks OK
RIDDER FRE[mcmc] Progress @ 2025-11-26 16:47:52 : 37 steps taken -- still burning in, 15 accepted steps left.
EZE FLAG (from input): ridder_freeze_phi = 0, force_damping = 1.000e+00
DEBUG SHOOTING CHECK: has_ridder=1, model_type=2 (unified=1), use_shooting_EDE=0
BG_INIT: entering background_solve
BACKGROUND_SOLVE ENTERED: has_ridder=1 Lambda=0.00e+00
RIDDER IC DEBUG: model_type=2 f_for_ic=5.000000e+26 theta_i=2.400000e+00 phi_ini=1.200000e+27
ABOUT TO INTEGRATE: bi_size=7 has_ridder=1 Lambda=0.00e+00
DERIVS_ENTRY: call#=95000 has_ridder=1 Lambda=0.00e+00 a=4.72e-01
BG_INIT: background_solve OK

========================================
RIDDER FINAL STATE (a=1, z=0):
  rho_ridder = 2.836978e-09 Mpc^-2
  rho_tot    = 6.245831e-08 Mpc^-2
  f_ridder   = 4.542194e-02 (fraction of total)
  Omega_ridder = 0.045422 (if f ~ Omega_Lambda)
========================================

DEBUG INPUT.C: Just set model_type to 2 (should be 2)

DEBUG: Reading v3 canonical parameters...
  f_eV = 5.000000e+26 eV
  Lambda_EDE = 5.284139e-01 eV, theta_E_center = 0.00, sigma_E = 0.40
  Lambda_tail = 1.200000e-03 eV, alpha_tail = 1.00
BACKGROUND_INIT ENTERED: Lambda=0.00e+00
DEBUG BG_INIT ENTRY: model_type=2
DEBUG AFTER CHECKS: model_type=2 has_ridder=1
RIDDER DEBUG (background_init): has_ridder=1, Lambda_EDE_ridder=0.000000e+00, f_axion_ridder=1.000000e+16, theta_i_ridder=2.400000e+00, beta_ridder=0.000000e+00
BG_INIT: entering background_checks
BG_INIT: background_checks OK
RIDDER FREEZE FLAG (from input): ridder_freeze_phi = 0, force_damping = 1.000e+00
DEBUG SHOOTING CHECK: has_ridder=1, model_type=2 (unified=1), use_shooting_EDE=0
BG_INIT: entering background_solve
BACKGROUND_SOLVE ENTERED: has_ridder=1 Lambda=0.00e+00
RIDDER IC DEBUG: model_type=2 f_for_ic=5.000000e+26 theta_i=2.400000e+00 phi_ini=1.200000e+27
ABOUT TO INTEGRATE: bi_size=7 has_ridder=1 Lambda=0.00e+00
BG_INIT: background_solve OK

========================================
RIDDER FINAL STATE (a=1, z=0):
  rho_ridder = 2.836979e-09 Mpc^-2
  rho_tot    = 6.114450e-08 Mpc^-2
  f_ridder   = 4.639794e-02 (fraction of total)
  Omega_ridder = 0.046398 (if f ~ Omega_Lambda)
========================================

DEBUG INPUT.C: Just set model_type to 2 (should be 2)

DEBUG: Reading v3 canonical parameters...
  f_eV = 5.000000e+26 eV
  Lambda_EDE = 5.123722e-01 eV, theta_E_center = 0.00, sigma_E = 0.40
  Lambda_tail = 1.200000e-03 eV, alpha_tail = 1.00
BACKGROUND_INIT ENTERED: Lambda=0.00e+00
DEBUG BG_INIT ENTRY: model_type=2
DEBUG AFTER CHECKS: model_type=2 has_ridder=1
RIDDER DEBUG (background_init): has_ridder=1, Lambda_EDE_ridder=0.000000e+00, f_axion_ridder=1.000000e+16, theta_i_ridder=2.400000e+00, beta_ridder=0.000000e+00
BG_INIT: entering background_checks
BG_INIT: background_checks OK
RIDDER FREEZE FLAG (from input): ridder_freeze_phi = 0, force_damping = 1.000e+00
DEBUG SHOOTING CHECK: has_ridder=1, model_type=2 (unified=1), use_shooting_EDE=0
BG_INIT: entering background_solve
BACKGROUND_SOLVE ENTERED: has_ridder=1 Lambda=0.00e+00
RIDDER IC DEBUG: model_type=2 f_for_ic=5.000000e+26 theta_i=2.400000e+00 phi_ini=1.200000e+27
ABOUT TO INTEGRATE: bi_size=7 has_ridder=1 Lambda=0.00e+00
DERIVS_ENTRY: call#=100000 has_ridder=1 Lambda=0.00e+00 a=2.49e-01
BG_INIT: background_solve OK

========================================
RIDDER FINAL STATE (a=1, z=0):
  rho_ridder = 2.836983e-09 Mpc^-2
  rho_tot    = 6.088370e-08 Mpc^-2
  f_ridder   = 4.659676e-02 (fraction of total)
  Omega_ridder = 0.046597 (if f ~ Omega_Lambda)
========================================

DEBUG INPUT.C: Just set model_type to 2 (should be 2)

DEBUG: Reading v3 canonical parameters...
  f_eV = 5.000000e+26 eV
  Lambda_EDE = 5.091517e-01 eV, theta_E_center = 0.00, sigma_E = 0.40
  Lambda_tail = 1.200000e-03 eV, alpha_tail = 1.00
BACKGROUND_INIT ENTERED: Lambda=0.00e+00
DEBUG BG_INIT ENTRY: model_type=2
DEBUG AFTER CHECKS: model_type=2 has_ridder=1
RIDDER DEBUG (background_init): has_ridder=1, Lambda_EDE_ridder=0.000000e+00, f_axion_ridder=1.000000e+16, theta_i_ridder=2.400000e+00, beta_ridder=0.000000e+00
BG_INIT: entering background_checks
BG_INIT: background_checks OK
RIDDER FREEZE FLAG (from input): ridder_freeze_phi =