2025-12-02 18:25:13 Memory Guard started. Pause: 1500MB, Resume: 3000MB
2025-12-02 18:39:27 LOW MEMORY: 84MB
2025-12-02 18:39:27 PAUSED EDE (PID 1161681)
2025-12-02 18:39:29 PAUSED LCDM (PID 1161681)
2025-12-02 18:39:39 RESUMED EDE
2025-12-02 18:39:39 RESUMED LCDM
2025-12-02 18:52:31 LOW MEMORY: 95MB
2025-12-02 18:52:31 PAUSED EDE (PID 1161681)
2025-12-02 18:52:43 RESUMED EDE
2025-12-02 19:25:37 LOW MEMORY: 36MB
2025-12-02 19:25:37 PAUSED EDE (PID 1161681)
2025-12-02 19:25:50 RESUMED EDE
2025-12-02 19:34:09 LOW MEMORY: 28MB
2025-12-02 19:34:09 PAUSED EDE (PID 1161681)
2025-12-02 19:34:11 PAUSED LCDM (PID 1161681)
2025-12-02 19:34:21 LOW MEMORY: 98MB
2025-12-02 19:34:36 LOW MEMORY: 220MB
2025-12-02 19:34:48 LOW MEMORY: 23MB
2025-12-02 19:35:00 RESUMED EDE
2025-12-02 19:35:00 RESUMED LCDM
2025-12-02 19:43:07 LOW MEMORY: 66MB
2025-12-02 19:43:07 PAUSED EDE (PID 1161681)
2025-12-02 19:43:19 RESUMED EDE
2025-12-02 19:52:35 LOW MEMORY: 29MB
2025-12-02 19:52:35 PAUSED EDE (PID 1161681)
2025-12-02 19:52:38 PAUSED LCDM (PID 1161681)
2025-12-02 19:52:48 LOW MEMORY: 26MB
2025-12-02 19:53:00 RESUMED EDE
2025-12-02 19:53:00 RESUMED LCDM
2025-12-02 20:02:27 LOW MEMORY: 23MB
2025-12-02 20:02:27 PAUSED EDE (PID 1161681)
2025-12-02 20:02:29 PAUSED LCDM (PID 1161681)
2025-12-02 20:02:40 LOW MEMORY: 95MB
2025-12-02 20:02:52 RESUMED EDE
2025-12-02 20:02:52 RESUMED LCDM
2025-12-02 20:07:05 LOW MEMORY: 30MB
2025-12-02 20:07:05 PAUSED EDE (PID 1161681)
2025-12-02 20:07:07 PAUSED LCDM (PID 1161681)
2025-12-02 20:07:17 LOW MEMORY: 93MB
2025-12-02 20:07:29 RESUMED EDE
2025-12-02 20:07:29 RESUMED LCDM
2025-12-02 20:11:11 LOW MEMORY: 22MB
2025-12-02 20:11:11 PAUSED EDE (PID 1161681)
2025-12-02 20:11:14 PAUSED LCDM (PID 1161681)
2025-12-02 20:11:24 LOW MEMORY: 2MB
2025-12-02 20:11:36 LOW MEMORY: 52MB
2025-12-02 20:11:48 LOW MEMORY: 31MB
2025-12-02 20:12:01 RESUMED EDE
2025-12-02 20:12:01 RESUMED LCDM
2025-12-02 20:21:08 LOW MEMORY: 73MB
2025-12-02 20:21:08 PAUSED EDE (PID 1161681)
2025-12-02 20:21:10 PAUSED LCDM (PID 1161681)
2025-12-02 20:21:20 LOW MEMORY: 63MB
2025-12-02 20:21:33 LOW MEMORY: 51MB
2025-12-02 20:21:45 RESUMED EDE
2025-12-02 20:21:45 RESUMED LCDM
2025-12-02 20:23:06 LOW MEMORY: 1MB
2025-12-02 20:23:06 PAUSED EDE (PID 1161681)
2025-12-02 20:23:08 PAUSED LCDM (PID 1161681)
2025-12-02 20:23:18 LOW MEMORY: 62MB
2025-12-02 20:23:30 RESUMED EDE
2025-12-02 20:23:30 RESUMED LCDM
2025-12-02 20:28:43 LOW MEMORY: 18MB
2025-12-02 20:28:44 PAUSED EDE (PID 1161681)
2025-12-02 20:28:46 PAUSED LCDM (PID 1161681)
2025-12-02 20:28:56 LOW MEMORY: 23MB
2025-12-02 20:29:08 LOW MEMORY: 118MB
2025-12-02 20:29:20 RESUMED EDE
2025-12-02 20:29:20 RESUMED LCDM
2025-12-02 20:34:23 LOW MEMORY: 5MB
2025-12-02 20:34:23 PAUSED EDE (PID 1161681)
2025-12-02 20:34:26 PAUSED LCDM (PID 1161681)
2025-12-02 20:34:36 LOW MEMORY: 32MB
2025-12-02 20:34:48 RESUMED EDE
2025-12-02 20:34:48 RESUMED LCDM
2025-12-02 20:35:59 LOW MEMORY: 22MB
2025-12-02 20:36:00 PAUSED EDE (PID 1161681)
2025-12-02 20:36:02 PAUSED LCDM (PID 1161681)
2025-12-02 20:36:12 LOW MEMORY: 34MB
2025-12-02 20:36:24 LOW MEMORY: 77MB
2025-12-02 20:36:36 LOW MEMORY: 51MB
2025-12-02 20:36:48 RESUMED EDE
2025-12-02 20:36:48 RESUMED LCDM
2025-12-02 20:43:21 LOW MEMORY: 115MB
2025-12-02 20:43:21 PAUSED EDE (PID 1161681)
2025-12-02 20:43:24 PAUSED LCDM (PID 1161681)
2025-12-02 20:43:34 LOW MEMORY: 23MB
2025-12-02 20:43:47 LOW MEMORY: 74MB
2025-12-02 20:43:59 LOW MEMORY: 98MB
2025-12-02 20:44:11 LOW MEMORY: 27MB
2025-12-02 20:44:23 LOW MEMORY: 101MB
2025-12-02 20:44:35 RESUMED EDE
2025-12-02 20:44:35 RESUMED LCDM
2025-12-02 20:52:09 LOW MEMORY: 8MB
2025-12-02 20:52:09 PAUSED EDE (PID 1161681)
2025-12-02 20:52:12 PAUSED LCDM (PID 1161681)
2025-12-02 20:52:22 LOW MEMORY: 53MB
2025-12-02 20:52:34 LOW MEMORY: 52MB
2025-12-02 20:52:46 RESUMED EDE
2025-12-02 20:52:46 RESUMED LCDM
2025-12-02 21:07:06 LOW MEMORY: 13MB
2025-12-02 21:07:07 PAUSED EDE (PID 1161681)
2025-12-02 21:07:09 PAUSED LCDM (PID 1161681)
2025-12-02 21:07:19 LOW MEMORY: 43MB
2025-12-02 21:07:31 RESUMED EDE
2025-12-02 21:07:31 RESUMED LCDM
2025-12-02 21:49:06 LOW MEMORY: 84MB
2025-12-02 21:49:06 PAUSED EDE (PID 1171138)
2025-12-02 21:49:08 PAUSED LCDM (PID 1171138)
2025-12-02 21:49:18 LOW MEMORY: 78MB
2025-12-02 21:49:30 LOW MEMORY: 40MB
2025-12-02 21:49:42 LOW MEMORY: 78MB
2025-12-02 21:49:54 RESUMED EDE
2025-12-02 21:49:54 RESUMED LCDM
2025-12-02 21:52:08 LOW MEMORY: 84MB
2025-12-02 21:52:08 PAUSED EDE (PID 1171138)
2025-12-02 21:52:10 PAUSED LCDM (PID 1171138)
2025-12-02 21:52:20 LOW MEMORY: 36MB
2025-12-02 21:52:32 RESUMED EDE
2025-12-02 21:52:32 RESUMED LCDM
2025-12-02 21:56:04 LOW MEMORY: 173MB
2025-12-02 21:56:04 PAUSED EDE (PID 1171138)
2025-12-02 21:56:06 PAUSED LCDM (PID 1171138)
2025-12-02 21:56:17 LOW MEMORY: 1MB
2025-12-02 21:56:29 LOW MEMORY: 83MB
2025-12-02 21:56:41 LOW MEMORY: 62MB
2025-12-02 21:56:53 RESUMED EDE
2025-12-02 21:56:53 RESUMED LCDM
2025-12-02 21:58:16 LOW MEMORY: 6MB
2025-12-02 21:58:17 PAUSED EDE (PID 1171138)
2025-12-02 21:58:19 PAUSED LCDM (PID 1171138)
2025-12-02 21:58:30 LOW MEMORY: 33MB
2025-12-02 21:58:42 RESUMED EDE
2025-12-02 21:58:42 RESUMED LCDM
2025-12-02 22:02:35 LOW MEMORY: 11MB
2025-12-02 22:02:36 PAUSED EDE (PID 1171138)
2025-12-02 22:02:38 PAUSED LCDM (PID 1171138)
2025-12-02 22:02:49 LOW MEMORY: 70MB
2025-12-02 22:03:01 LOW MEMORY: 68MB
2025-12-02 22:03:13 LOW MEMORY: 65MB
2025-12-02 22:03:25 LOW MEMORY: 46MB
2025-12-02 22:03:37 RESUMED EDE
2025-12-02 22:03:37 RESUMED LCDM
2025-12-02 22:06:55 LOW MEMORY: 82MB
2025-12-02 22:06:55 PAUSED EDE (PID 1171138)
2025-12-02 22:06:57 PAUSED LCDM (PID 1171138)
2025-12-02 22:07:07 LOW MEMORY: 63MB
2025-12-02 22:07:19 RESUMED EDE
2025-12-02 22:07:19 RESUMED LCDM
2025-12-02 22:10:15 LOW MEMORY: 85MB
2025-12-02 22:10:16 PAUSED EDE (PID 1171138)
2025-12-02 22:10:18 PAUSED LCDM (PID 1171138)
2025-12-02 22:10:28 LOW MEMORY: 155MB
2025-12-02 22:10:40 LOW MEMORY: 103MB
2025-12-02 22:10:52 LOW MEMORY: 25MB
2025-12-02 22:11:04 RESUMED EDE
2025-12-02 22:11:04 RESUMED LCDM
2025-12-02 22:15:08 LOW MEMORY: 38MB
2025-12-02 22:15:08 PAUSED EDE (PID 1171138)
2025-12-02 22:15:11 PAUSED LCDM (PID 1171138)
2025-12-02 22:15:21 LOW MEMORY: 102MB
2025-12-02 22:15:33 RESUMED EDE
2025-12-02 22:15:33 RESUMED LCDM
2025-12-02 22:17:04 LOW MEMORY: 25MB
2025-12-02 22:17:05 PAUSED EDE (PID 1171138)
2025-12-02 22:17:07 PAUSED LCDM (PID 1171138)
2025-12-02 22:17:17 LOW MEMORY: 12MB
2025-12-02 22:17:29 LOW MEMORY: 30MB
2025-12-02 22:17:41 LOW MEMORY: 46MB
2025-12-02 22:17:53 RESUMED EDE
2025-12-02 22:17:53 RESUMED LCDM
2025-12-02 22:18:34 LOW MEMORY: 88MB
2025-12-02 22:18:34 PAUSED EDE (PID 1171138)
2025-12-02 22:18:46 RESUMED EDE
2025-12-02 22:20:19 LOW MEMORY: 1MB
2025-12-02 22:20:19 PAUSED EDE (PID 1171138)
2025-12-02 22:20:21 PAUSED LCDM (PID 1171138)
2025-12-02 22:20:31 LOW MEMORY: 73MB
2025-12-02 22:20:43 LOW MEMORY: 57MB
2025-12-02 22:20:55 LOW MEMORY: 45MB
2025-12-02 22:21:07 LOW MEMORY: 33MB
2025-12-02 22:21:19 RESUMED EDE
2025-12-02 22:21:19 RESUMED LCDM
2025-12-02 22:24:31 LOW MEMORY: 831MB
2025-12-02 22:24:31 PAUSED EDE (PID 1171138)
2025-12-02 22:24:35 PAUSED LCDM (PID 1171138)
2025-12-02 22:24:45 LOW MEMORY: 2MB
2025-12-02 22:24:57 LOW MEMORY: 105MB
2025-12-02 22:25:09 LOW MEMORY: 90MB
2025-12-02 22:25:21 RESUMED EDE
2025-12-02 22:25:21 RESUMED LCDM
2025-12-02 22:28:12 LOW MEMORY: 6MB
2025-12-02 22:28:12 PAUSED EDE (PID 1171138)
2025-12-02 22:28:15 PAUSED LCDM (PID 1171138)
2025-12-02 22:28:25 LOW MEMORY: 26MB
2025-12-02 22:28:37 LOW MEMORY: 21MB
2025-12-02 22:28:49 RESUMED EDE
2025-12-02 22:28:49 RESUMED LCDM
2025-12-02 22:30:20 LOW MEMORY: 11MB
2025-12-02 22:30:23 PAUSED EDE (PID 1171138)
2025-12-02 22:30:25 PAUSED LCDM (PID 1171138)
2025-12-02 22:30:35 LOW MEMORY: 75MB
2025-12-02 22:30:47 LOW MEMORY: 57MB
2025-12-02 22:30:59 LOW MEMORY: 36MB
2025-12-02 22:31:11 RESUMED EDE
2025-12-02 22:31:11 RESUMED LCDM
2025-12-02 22:33:22 LOW MEMORY: 6MB
2025-12-02 22:33:22 PAUSED EDE (PID 1171138)
2025-12-02 22:33:24 PAUSED LCDM (PID 1171138)
2025-12-02 22:33:35 LOW MEMORY: 58MB
2025-12-02 22:33:47 LOW MEMORY: 84MB
2025-12-02 22:33:59 RESUMED EDE
2025-12-02 22:33:59 RESUMED LCDM
2025-12-02 22:34:39 LOW MEMORY: 9MB
2025-12-02 22:34:39 PAUSED EDE (PID 1171138)
2025-12-02 22:34:41 PAUSED LCDM (PID 1171138)
2025-12-02 22:34:51 LOW MEMORY: 57MB
2025-12-02 22:35:03 LOW MEMORY: 75MB
2025-12-02 22:35:16 RESUMED EDE
2025-12-02 22:35:16 RESUMED LCDM
2025-12-02 22:41:40 LOW MEMORY: 3MB
2025-12-02 22:41:40 PAUSED EDE (PID 1171138)
2025-12-02 22:41:52 RESUMED EDE
2025-12-02 22:45:15 LOW MEMORY: 2MB
2025-12-02 22:45:15 PAUSED EDE (PID 1171138)
2025-12-02 22:45:17 PAUSED LCDM (PID 1171138)
2025-12-02 22:45:28 LOW MEMORY: 95MB
2025-12-02 22:45:40 LOW MEMORY: 35MB
2025-12-02 22:45:52 RESUMED EDE
2025-12-02 22:45:52 RESUMED LCDM
2025-12-02 22:48:04 LOW MEMORY: 3MB
2025-12-02 22:48:04 PAUSED EDE (PID 1171138)
2025-12-02 22:48:06 PAUSED LCDM (PID 1171138)
2025-12-02 22:48:17 LOW MEMORY: 57MB
2025-12-02 22:48:29 RESUMED EDE
2025-12-02 22:48:29 RESUMED LCDM
2025-12-02 22:51:10 LOW MEMORY: 18MB
2025-12-02 22:51:11 PAUSED EDE (PID 1171138)
2025-12-02 22:51:13 PAUSED LCDM (PID 1171138)
2025-12-02 22:51:23 LOW MEMORY: 74MB
2025-12-02 22:51:35 LOW MEMORY: 14MB
2025-12-02 22:51:47 RESUMED EDE
2025-12-02 22:51:47 RESUMED LCDM
2025-12-02 22:52:29 LOW MEMORY: 15MB
2025-12-02 22:52:29 PAUSED EDE (PID 1171138)
2025-12-02 22:52:31 PAUSED LCDM (PID 1171138)
2025-12-02 22:52:41 LOW MEMORY: 52MB
2025-12-02 22:52:53 LOW MEMORY: 33MB
2025-12-02 22:53:06 LOW MEMORY: 46MB
2025-12-02 22:53:18 RESUMED EDE
2025-12-02 22:53:18 RESUMED LCDM
2025-12-02 22:56:59 LOW MEMORY: 84MB
2025-12-02 22:56:59 PAUSED EDE (PID 1171138)
2025-12-02 22:57:01 PAUSED LCDM (PID 1171138)
2025-12-02 22:57:12 LOW MEMORY: 14MB
2025-12-02 22:57:24 RESUMED EDE
2025-12-02 22:57:24 RESUMED LCDM
2025-12-02 22:59:38 LOW MEMORY: 89MB
2025-12-02 22:59:38 PAUSED EDE (PID 1171138)
2025-12-02 22:59:40 PAUSED LCDM (PID 1171138)
2025-12-02 22:59:50 LOW MEMORY: 84MB
2025-12-02 23:00:02 LOW MEMORY: 53MB
2025-12-02 23:00:14 LOW MEMORY: 41MB
2025-12-02 23:00:26 RESUMED EDE
2025-12-02 23:00:26 RESUMED LCDM
2025-12-02 23:02:40 LOW MEMORY: 37MB
2025-12-02 23:02:40 PAUSED EDE (PID 1171138)
2025-12-02 23:02:42 PAUSED LCDM (PID 1171138)
2025-12-02 23:02:53 LOW MEMORY: 88MB
2025-12-02 23:03:06 LOW MEMORY: 89MB
2025-12-02 23:03:18 RESUMED EDE
2025-12-02 23:03:18 RESUMED LCDM
2025-12-02 23:04:10 LOW MEMORY: 1MB
2025-12-02 23:04:11 PAUSED EDE (PID 1171138)
2025-12-02 23:04:13 PAUSED LCDM (PID 1171138)
2025-12-02 23:04:23 LOW MEMORY: 11MB
2025-12-02 23:04:36 LOW MEMORY: 31MB
2025-12-02 23:04:49 RESUMED EDE
2025-12-02 23:04:49 RESUMED LCDM
2025-12-02 23:08:33 LOW MEMORY: 89MB
2025-12-02 23:08:33 PAUSED EDE (PID 1171138)
2025-12-02 23:08:35 PAUSED LCDM (PID 1171138)
2025-12-02 23:08:45 LOW MEMORY: 33MB
2025-12-02 23:08:57 LOW MEMORY: 44MB
2025-12-02 23:09:09 LOW MEMORY: 32MB
2025-12-02 23:09:22 RESUMED EDE
2025-12-02 23:09:22 RESUMED LCDM
2025-12-02 23:11:43 LOW MEMORY: 33MB
2025-12-02 23:11:43 PAUSED EDE (PID 1171138)
2025-12-02 23:11:46 PAUSED LCDM (PID 1171138)
2025-12-02 23:11:56 LOW MEMORY: 91MB
2025-12-02 23:12:08 LOW MEMORY: 69MB
2025-12-02 23:12:20 LOW MEMORY: 37MB
2025-12-02 23:12:32 RESUMED EDE
2025-12-02 23:12:32 RESUMED LCDM
2025-12-02 23:16:34 LOW MEMORY: 87MB
2025-12-02 23:16:34 PAUSED EDE (PID 1171138)
2025-12-02 23:16:37 PAUSED LCDM (PID 1171138)
2025-12-02 23:16:47 LOW MEMORY: 4MB
2025-12-02 23:16:59 LOW MEMORY: 39MB
2025-12-02 23:17:11 RESUMED EDE
2025-12-02 23:17:11 RESUMED LCDM
2025-12-02 23:18:13 LOW MEMORY: 12MB
2025-12-02 23:18:13 PAUSED EDE (PID 1171138)
2025-12-02 23:18:15 PAUSED LCDM (PID 1171138)
2025-12-02 23:18:25 LOW MEMORY: 44MB
2025-12-02 23:18:37 RESUMED EDE
2025-12-02 23:18:37 RESUMED LCDM
2025-12-02 23:21:29 LOW MEMORY: 6MB
2025-12-02 23:21:30 PAUSED EDE (PID 1171138)
2025-12-02 23:21:32 PAUSED LCDM (PID 1171138)
2025-12-02 23:21:42 LOW MEMORY: 113MB
2025-12-02 23:21:54 LOW MEMORY: 56MB
2025-12-02 23:22:06 LOW MEMORY: 42MB
2025-12-02 23:22:19 LOW MEMORY: 12MB
2025-12-02 23:22:31 LOW MEMORY: 25MB
2025-12-02 23:22:43 RESUMED EDE
2025-12-02 23:22:43 RESUMED LCDM
2025-12-02 23:25:47 LOW MEMORY: 5MB
2025-12-02 23:25:47 PAUSED EDE (PID 1171138)
2025-12-02 23:25:49 PAUSED LCDM (PID 1171138)
2025-12-02 23:25:59 LOW MEMORY: 53MB
2025-12-02 23:26:11 LOW MEMORY: 109MB
2025-12-02 23:26:23 RESUMED EDE
2025-12-02 23:26:23 RESUMED LCDM
2025-12-02 23:28:46 LOW MEMORY: 83MB
2025-12-02 23:28:48 PAUSED EDE (PID 1171138)
2025-12-02 23:28:50 PAUSED LCDM (PID 1171138)
2025-12-02 23:29:00 LOW MEMORY: 112MB
2025-12-02 23:29:12 LOW MEMORY: 51MB
2025-12-02 23:29:24 RESUMED EDE
2025-12-02 23:29:24 RESUMED LCDM
2025-12-02 23:32:17 LOW MEMORY: 86MB
2025-12-02 23:32:17 PAUSED EDE (PID 1171138)
2025-12-02 23:32:19 PAUSED LCDM (PID 1171138)
2025-12-02 23:32:29 LOW MEMORY: 31MB
2025-12-02 23:32:41 LOW MEMORY: 57MB
2025-12-02 23:32:53 LOW MEMORY: 59MB
2025-12-02 23:33:05 RESUMED EDE
2025-12-02 23:33:05 RESUMED LCDM
2025-12-02 23:35:27 LOW MEMORY: 30MB
2025-12-02 23:35:27 PAUSED EDE (PID 1171138)
2025-12-02 23:35:30 PAUSED LCDM (PID 1171138)
2025-12-02 23:35:40 LOW MEMORY: 18MB
2025-12-02 23:35:52 RESUMED EDE
2025-12-02 23:35:52 RESUMED LCDM
2025-12-02 23:36:34 LOW MEMORY: 7MB
2025-12-02 23:36:35 PAUSED EDE (PID 1171138)
2025-12-02 23:36:37 PAUSED LCDM (PID 1171138)
2025-12-02 23:36:47 LOW MEMORY: 49MB
2025-12-02 23:36:59 LOW MEMORY: 40MB
2025-12-02 23:37:11 LOW MEMORY: 16MB
2025-12-02 23:37:23 LOW MEMORY: 33MB
2025-12-02 23:37:35 LOW MEMORY: 45MB
2025-12-02 23:37:47 RESUMED EDE
2025-12-02 23:37:47 RESUMED LCDM
2025-12-02 23:40:53 LOW MEMORY: 136MB
2025-12-02 23:40:53 PAUSED EDE (PID 1171138)
2025-12-02 23:40:56 PAUSED LCDM (PID 1171138)
2025-12-02 23:41:06 LOW MEMORY: 46MB
2025-12-02 23:41:18 RESUMED EDE
2025-12-02 23:41:18 RESUMED LCDM
2025-12-02 23:44:10 LOW MEMORY: 5MB
2025-12-02 23:44:10 PAUSED EDE (PID 1171138)
2025-12-02 23:44:12 PAUSED LCDM (PID 1171138)
2025-12-02 23:44:22 LOW MEMORY: 40MB
2025-12-02 23:44:34 RESUMED EDE
2025-12-02 23:44:34 RESUMED LCDM
2025-12-02 23:45:57 LOW MEMORY: 87MB
2025-12-02 23:45:57 PAUSED EDE (PID 1171138)
2025-12-02 23:45:59 PAUSED LCDM (PID 1171138)
2025-12-02 23:46:09 LOW MEMORY: 64MB
2025-12-02 23:46:21 RESUMED EDE
2025-12-02 23:46:21 RESUMED LCDM
2025-12-02 23:49:44 LOW MEMORY: 7MB
2025-12-02 23:49:46 PAUSED EDE (PID 1171138)
2025-12-02 23:49:48 PAUSED LCDM (PID 1171138)
2025-12-02 23:49:58 LOW MEMORY: 74MB
2025-12-02 23:50:10 RESUMED EDE
2025-12-02 23:50:10 RESUMED LCDM
2025-12-02 23:52:24 LOW MEMORY: 30MB
2025-12-02 23:52:24 PAUSED EDE (PID 1171138)
2025-12-02 23:52:26 PAUSED LCDM (PID 1171138)
2025-12-02 23:52:37 LOW MEMORY: 85MB
2025-12-02 23:52:49 RESUMED EDE
2025-12-02 23:52:49 RESUMED LCDM
2025-12-02 23:55:40 LOW MEMORY: 4MB
2025-12-02 23:55:40 PAUSED EDE (PID 1171138)
2025-12-02 23:55:42 PAUSED LCDM (PID 1171138)
2025-12-02 23:55:52 LOW MEMORY: 76MB
2025-12-02 23:56:04 LOW MEMORY: 68MB
2025-12-02 23:56:16 LOW MEMORY: 74MB
2025-12-02 23:56:29 RESUMED EDE
2025-12-02 23:56:29 RESUMED LCDM
2025-12-03 00:00:42 LOW MEMORY: 5MB
2025-12-03 00:00:42 PAUSED EDE (PID 1171138)
2025-12-03 00:00:44 PAUSED LCDM (PID 1171138)
2025-12-03 00:00:54 LOW MEMORY: 39MB
2025-12-03 00:01:07 RESUMED EDE
2025-12-03 00:01:07 RESUMED LCDM
2025-12-03 00:05:23 LOW MEMORY: 14MB
2025-12-03 00:05:23 PAUSED EDE (PID 1171138)
2025-12-03 00:05:25 PAUSED LCDM (PID 1171138)
2025-12-03 00:05:36 LOW MEMORY: 61MB
2025-12-03 00:05:48 LOW MEMORY: 76MB
2025-12-03 00:06:00 LOW MEMORY: 70MB
2025-12-03 00:06:12 RESUMED EDE
2025-12-03 00:06:12 RESUMED LCDM
2025-12-03 00:07:53 LOW MEMORY: 89MB
2025-12-03 00:07:53 PAUSED EDE (PID 1171138)
2025-12-03 00:08:05 RESUMED EDE
2025-12-03 00:10:06 LOW MEMORY: 10MB
2025-12-03 00:10:06 PAUSED EDE (PID 1171138)
2025-12-03 00:10:08 PAUSED LCDM (PID 1171138)
2025-12-03 00:10:19 RESUMED EDE
2025-12-03 00:10:19 RESUMED LCDM
2025-12-03 00:13:51 LOW MEMORY: 476MB
2025-12-03 00:13:51 PAUSED EDE (PID 1171138)
2025-12-03 00:13:53 PAUSED LCDM (PID 1171138)
2025-12-03 00:14:03 LOW MEMORY: 84MB
2025-12-03 00:14:15 LOW MEMORY: 111MB
2025-12-03 00:14:28 LOW MEMORY: 93MB
2025-12-03 00:14:50 RESUMED EDE
2025-12-03 00:14:50 RESUMED LCDM
2025-12-03 00:16:12 LOW MEMORY: 82MB
2025-12-03 00:16:12 PAUSED EDE (PID 1171138)
2025-12-03 00:16:14 PAUSED LCDM (PID 1171138)
2025-12-03 00:16:24 LOW MEMORY: 83MB
2025-12-03 00:16:36 LOW MEMORY: 38MB
2025-12-03 00:16:48 RESUMED EDE
2025-12-03 00:16:48 RESUMED LCDM
2025-12-03 00:18:10 LOW MEMORY: 9MB
2025-12-03 00:18:10 PAUSED EDE (PID 1171138)
2025-12-03 00:18:12 PAUSED LCDM (PID 1171138)
2025-12-03 00:18:23 LOW MEMORY: 90MB
2025-12-03 00:18:35 LOW MEMORY: 92MB
2025-12-03 00:18:47 RESUMED EDE
2025-12-03 00:18:47 RESUMED LCDM
2025-12-03 00:23:02 LOW MEMORY: 94MB
2025-12-03 00:23:02 PAUSED EDE (PID 1171138)
2025-12-03 00:23:04 PAUSED LCDM (PID 1171138)
2025-12-03 00:23:14 LOW MEMORY: 28MB
2025-12-03 00:23:26 RESUMED EDE
2025-12-03 00:23:26 RESUMED LCDM
2025-12-03 00:24:07 LOW MEMORY: 0MB
2025-12-03 00:24:07 PAUSED EDE (PID 1171138)
2025-12-03 00:24:09 PAUSED LCDM (PID 1171138)
2025-12-03 00:24:19 LOW MEMORY: 35MB
2025-12-03 00:24:31 LOW MEMORY: 63MB
2025-12-03 00:24:43 LOW MEMORY: 53MB
2025-12-03 00:24:55 LOW MEMORY: 50MB
2025-12-03 00:25:07 RESUMED EDE
2025-12-03 00:25:07 RESUMED LCDM
2025-12-03 00:25:58 LOW MEMORY: 43MB
2025-12-03 00:25:58 PAUSED EDE (PID 1171138)
2025-12-03 00:26:00 PAUSED LCDM (PID 1171138)
2025-12-03 00:26:11 LOW MEMORY: 0MB
2025-12-03 00:26:24 LOW MEMORY: 23MB
2025-12-03 00:26:36 LOW MEMORY: 114MB
2025-12-03 00:26:48 LOW MEMORY: 52MB
2025-12-03 00:27:00 LOW MEMORY: 62MB
2025-12-03 00:27:12 RESUMED EDE
2025-12-03 00:27:12 RESUMED LCDM
2025-12-03 00:30:56 LOW MEMORY: 86MB
2025-12-03 00:30:56 PAUSED EDE (PID 1171138)
2025-12-03 00:31:00 PAUSED LCDM (PID 1171138)
2025-12-03 00:31:10 LOW MEMORY: 7MB
2025-12-03 00:31:22 LOW MEMORY: 24MB
2025-12-03 00:31:34 LOW MEMORY: 104MB
2025-12-03 00:31:46 RESUMED EDE
2025-12-03 00:31:46 RESUMED LCDM
2025-12-03 00:32:26 LOW MEMORY: 81MB
2025-12-03 00:32:27 PAUSED EDE (PID 1171138)
2025-12-03 00:32:31 PAUSED LCDM (PID 1171138)
2025-12-03 00:32:41 LOW MEMORY: 143MB
2025-12-03 00:32:53 LOW MEMORY: 39MB
2025-12-03 00:33:05 LOW MEMORY: 69MB
2025-12-03 00:33:17 LOW MEMORY: 46MB
2025-12-03 00:33:29 RESUMED EDE
2025-12-03 00:33:29 RESUMED LCDM
2025-12-03 00:34:30 LOW MEMORY: 13MB
2025-12-03 00:34:30 PAUSED EDE (PID 1171138)
2025-12-03 00:34:32 PAUSED LCDM (PID 1171138)
2025-12-03 00:34:42 LOW MEMORY: 25MB
2025-12-03 00:34:54 RESUMED EDE
2025-12-03 00:34:54 RESUMED LCDM
2025-12-03 00:37:06 LOW MEMORY: 3MB
2025-12-03 00:37:06 PAUSED EDE (PID 1171138)
2025-12-03 00:37:18 RESUMED EDE
2025-12-03 00:40:00 LOW MEMORY: 74MB
2025-12-03 00:40:00 PAUSED EDE (PID 1171138)
2025-12-03 00:40:02 PAUSED LCDM (PID 1171138)
2025-12-03 00:40:12 LOW MEMORY: 23MB
2025-12-03 00:40:24 RESUMED EDE
2025-12-03 00:40:24 RESUMED LCDM
2025-12-03 00:43:56 LOW MEMORY: 88MB
2025-12-03 00:43:56 PAUSED EDE (PID 1171138)
2025-12-03 00:43:59 PAUSED LCDM (PID 1171138)
2025-12-03 00:44:09 LOW MEMORY: 89MB
2025-12-03 00:44:22 LOW MEMORY: 59MB
2025-12-03 00:44:34 RESUMED EDE
2025-12-03 00:44:34 RESUMED LCDM
2025-12-03 00:46:35 LOW MEMORY: 1389MB
2025-12-03 00:46:35 PAUSED EDE (PID 1171138)
2025-12-03 00:46:39 PAUSED LCDM (PID 1171138)
2025-12-03 00:46:49 LOW MEMORY: 8MB
2025-12-03 00:47:01 RESUMED EDE
2025-12-03 00:47:01 RESUMED LCDM
2025-12-03 00:50:23 LOW MEMORY: 15MB
2025-12-03 00:50:23 PAUSED EDE (PID 1171138)
2025-12-03 00:50:26 PAUSED LCDM (PID 1171138)
2025-12-03 00:50:36 LOW MEMORY: 52MB
2025-12-03 00:50:49 LOW MEMORY: 44MB
2025-12-03 00:51:01 RESUMED EDE
2025-12-03 00:51:01 RESUMED LCDM
2025-12-03 00:54:26 LOW MEMORY: 87MB
2025-12-03 00:54:26 PAUSED EDE (PID 1171138)
2025-12-03 00:54:28 PAUSED LCDM (PID 1171138)
2025-12-03 00:54:38 LOW MEMORY: 84MB
2025-12-03 00:54:50 RESUMED EDE
2025-12-03 00:54:50 RESUMED LCDM
2025-12-03 00:57:31 LOW MEMORY: 379MB
2025-12-03 00:57:31 PAUSED EDE (PID 1171138)
2025-12-03 00:57:35 PAUSED LCDM (PID 1171138)
2025-12-03 00:57:47 LOW MEMORY: 2MB
2025-12-03 00:57:59 LOW MEMORY: 21MB
2025-12-03 00:58:11 RESUMED EDE
2025-12-03 00:58:11 RESUMED LCDM
2025-12-03 01:00:24 LOW MEMORY: 0MB
2025-12-03 01:00:24 PAUSED EDE (PID 1171138)
2025-12-03 01:00:26 PAUSED LCDM (PID 1171138)
2025-12-03 01:00:36 RESUMED EDE
2025-12-03 01:00:36 RESUMED LCDM
2025-12-03 01:03:28 LOW MEMORY: 22MB
2025-12-03 01:03:28 PAUSED EDE (PID 1171138)
2025-12-03 01:03:32 PAUSED LCDM (PID 1171138)
2025-12-03 01:03:42 LOW MEMORY: 34MB
2025-12-03 01:03:54 RESUMED EDE
2025-12-03 01:03:54 RESUMED LCDM
2025-12-03 01:06:07 LOW MEMORY: 89MB
2025-12-03 01:06:07 PAUSED EDE (PID 1171138)
2025-12-03 01:06:09 PAUSED LCDM (PID 1171138)
2025-12-03 01:06:19 LOW MEMORY: 98MB
2025-12-03 01:06:31 LOW MEMORY: 24MB
2025-12-03 01:06:43 LOW MEMORY: 58MB
2025-12-03 01:06:55 LOW MEMORY: 39MB
2025-12-03 01:07:07 RESUMED EDE
2025-12-03 01:07:07 RESUMED LCDM
2025-12-03 01:09:19 LOW MEMORY: 5MB
2025-12-03 01:09:19 PAUSED EDE (PID 1171138)
2025-12-03 01:09:22 PAUSED LCDM (PID 1171138)
2025-12-03 01:09:32 LOW MEMORY: 6MB
2025-12-03 01:09:45 RESUMED EDE
2025-12-03 01:09:45 RESUMED LCDM
2025-12-03 01:11:58 LOW MEMORY: 87MB
2025-12-03 01:11:58 PAUSED EDE (PID 1171138)
2025-12-03 01:12:00 PAUSED LCDM (PID 1171138)
2025-12-03 01:12:11 LOW MEMORY: 75MB
2025-12-03 01:12:33 RESUMED EDE
2025-12-03 01:12:33 RESUMED LCDM
2025-12-03 01:16:05 LOW MEMORY: 1MB
2025-12-03 01:16:05 PAUSED EDE (PID 1171138)
2025-12-03 01:16:07 PAUSED LCDM (PID 1171138)
2025-12-03 01:16:17 LOW MEMORY: 62MB
2025-12-03 01:16:30 LOW MEMORY: 39MB
2025-12-03 01:16:42 RESUMED EDE
2025-12-03 01:16:42 RESUMED LCDM
2025-12-03 01:18:04 LOW MEMORY: 87MB
2025-12-03 01:18:04 PAUSED EDE (PID 1171138)
2025-12-03 01:18:07 PAUSED LCDM (PID 1171138)
2025-12-03 01:18:17 LOW MEMORY: 28MB
2025-12-03 01:18:29 RESUMED EDE
2025-12-03 01:18:29 RESUMED LCDM
2025-12-03 01:20:00 LOW MEMORY: 17MB
2025-12-03 01:20:00 PAUSED EDE (PID 1171138)
2025-12-03 01:20:02 PAUSED LCDM (PID 1171138)
2025-12-03 01:20:12 RESUMED EDE
2025-12-03 01:20:12 RESUMED LCDM
2025-12-03 01:23:06 LOW MEMORY: 5MB
2025-12-03 01:23:06 PAUSED EDE (PID 1171138)
2025-12-03 01:23:08 PAUSED LCDM (PID 1171138)
2025-12-03 01:23:19 LOW MEMORY: 64MB
2025-12-03 01:23:31 LOW MEMORY: 42MB
2025-12-03 01:23:43 RESUMED EDE
2025-12-03 01:23:43 RESUMED LCDM
2025-12-03 01:25:03 LOW MEMORY: 56MB
2025-12-03 01:25:03 PAUSED EDE (PID 1171138)
2025-12-03 01:25:05 PAUSED LCDM (PID 1171138)
2025-12-03 01:25:15 LOW MEMORY: 33MB
2025-12-03 01:25:28 RESUMED EDE
2025-12-03 01:25:28 RESUMED LCDM
2025-12-03 01:27:40 LOW MEMORY: 6MB
2025-12-03 01:27:40 PAUSED EDE (PID 1171138)
2025-12-03 01:27:43 PAUSED LCDM (PID 1171138)
2025-12-03 01:27:53 LOW MEMORY: 117MB
2025-12-03 01:28:05 LOW MEMORY: 107MB
2025-12-03 01:28:17 RESUMED EDE
2025-12-03 01:28:17 RESUMED LCDM
2025-12-03 01:29:47 LOW MEMORY: 42MB
2025-12-03 01:29:47 PAUSED EDE (PID 1171138)
2025-12-03 01:29:51 PAUSED LCDM (PID 1171138)
2025-12-03 01:30:02 LOW MEMORY: 6MB
2025-12-03 01:30:14 LOW MEMORY: 81MB
2025-12-03 01:30:26 LOW MEMORY: 24MB
2025-12-03 01:30:38 RESUMED EDE
2025-12-03 01:30:38 RESUMED LCDM
2025-12-03 01:33:52 LOW MEMORY: 7MB
2025-12-03 01:33:52 PAUSED EDE (PID 1171138)
2025-12-03 01:33:55 PAUSED LCDM (PID 1171138)
2025-12-03 01:34:06 LOW MEMORY: 57MB
2025-12-03 01:34:18 RESUMED EDE
2025-12-03 01:34:18 RESUMED LCDM
2025-12-03 01:38:10 LOW MEMORY: 86MB
2025-12-03 01:38:10 PAUSED EDE (PID 1171138)
2025-12-03 01:38:12 PAUSED LCDM (PID 1171138)
2025-12-03 01:38:22 LOW MEMORY: 32MB
2025-12-03 01:38:34 LOW MEMORY: 56MB
2025-12-03 01:38:46 RESUMED EDE
2025-12-03 01:38:46 RESUMED LCDM
2025-12-03 01:40:07 LOW MEMORY: 1237MB
2025-12-03 01:40:07 PAUSED EDE (PID 1171138)
2025-12-03 01:40:11 PAUSED LCDM (PID 1171138)
2025-12-03 01:40:22 LOW MEMORY: 6MB
2025-12-03 01:40:34 LOW MEMORY: 60MB
2025-12-03 01:40:46 LOW MEMORY: 99MB
2025-12-03 01:40:59 RESUMED EDE
2025-12-03 01:40:59 RESUMED LCDM
2025-12-03 01:45:01 LOW MEMORY: 4MB
2025-12-03 01:45:01 PAUSED EDE (PID 1171138)
2025-12-03 01:45:03 PAUSED LCDM (PID 1171138)
2025-12-03 01:45:13 LOW MEMORY: 64MB
2025-12-03 01:45:25 LOW MEMORY: 61MB
2025-12-03 01:45:37 LOW MEMORY: 29MB
2025-12-03 01:45:49 LOW MEMORY: 41MB
2025-12-03 01:46:01 LOW MEMORY: 54MB
2025-12-03 01:46:13 RESUMED EDE
2025-12-03 01:46:13 RESUMED LCDM
2025-12-03 01:49:15 LOW MEMORY: 31MB
2025-12-03 01:49:15 PAUSED EDE (PID 1171138)
2025-12-03 01:49:17 PAUSED LCDM (PID 1171138)
2025-12-03 01:49:27 LOW MEMORY: 58MB
2025-12-03 01:49:39 RESUMED EDE
2025-12-03 01:49:39 RESUMED LCDM
2025-12-03 01:51:51 LOW MEMORY: 61MB
2025-12-03 01:51:51 PAUSED EDE (PID 1171138)
2025-12-03 01:51:56 PAUSED LCDM (PID 1171138)
2025-12-03 01:52:06 LOW MEMORY: 46MB
2025-12-03 01:52:18 RESUMED EDE
2025-12-03 01:52:18 RESUMED LCDM
2025-12-03 01:54:20 LOW MEMORY: 32MB
2025-12-03 01:54:21 PAUSED EDE (PID 1171138)
2025-12-03 01:54:23 PAUSED LCDM (PID 1171138)
2025-12-03 01:54:33 LOW MEMORY: 110MB
2025-12-03 01:54:45 LOW MEMORY: 60MB
2025-12-03 01:54:57 RESUMED EDE
2025-12-03 01:54:57 RESUMED LCDM
2025-12-03 01:57:51 LOW MEMORY: 89MB
2025-12-03 01:57:51 PAUSED EDE (PID 1171138)
2025-12-03 01:57:54 PAUSED LCDM (PID 1171138)
2025-12-03 01:58:04 RESUMED EDE
2025-12-03 01:58:04 RESUMED LCDM
2025-12-03 01:58:45 LOW MEMORY: 6MB
2025-12-03 01:58:45 PAUSED EDE (PID 1171138)
2025-12-03 01:58:47 PAUSED LCDM (PID 1171138)
2025-12-03 01:58:57 LOW MEMORY: 78MB
2025-12-03 01:59:09 RESUMED EDE
2025-12-03 01:59:09 RESUMED LCDM
2025-12-03 02:01:20 LOW MEMORY: 737MB
2025-12-03 02:01:20 PAUSED EDE (PID 1171138)
2025-12-03 02:01:23 PAUSED LCDM (PID 1171138)
2025-12-03 02:01:36 LOW MEMORY: 0MB
2025-12-03 02:01:48 RESUMED EDE
2025-12-03 02:01:48 RESUMED LCDM
2025-12-03 02:05:20 LOW MEMORY: 90MB
2025-12-03 02:05:20 PAUSED EDE (PID 1171138)
2025-12-03 02:05:24 PAUSED LCDM (PID 1171138)
2025-12-03 02:05:34 LOW MEMORY: 109MB
2025-12-03 02:05:46 LOW MEMORY: 36MB
2025-12-03 02:05:58 RESUMED EDE
2025-12-03 02:05:58 RESUMED LCDM
2025-12-03 02:08:00 LOW MEMORY: 7MB
2025-12-03 02:08:00 PAUSED EDE (PID 1171138)
2025-12-03 02:08:02 PAUSED LCDM (PID 1171138)
2025-12-03 02:08:12 LOW MEMORY: 10MB
2025-12-03 02:08:24 LOW MEMORY: 75MB
2025-12-03 02:08:36 LOW MEMORY: 41MB
2025-12-03 02:08:48 RESUMED EDE
2025-12-03 02:08:48 RESUMED LCDM
2025-12-03 02:09:39 LOW MEMORY: 973MB
2025-12-03 02:09:39 PAUSED EDE (PID 1171138)
2025-12-03 02:09:41 PAUSED LCDM (PID 1171138)
2025-12-03 02:09:52 LOW MEMORY: 2MB
2025-12-03 02:10:04 RESUMED EDE
2025-12-03 02:10:04 RESUMED LCDM
2025-12-03 02:12:26 LOW MEMORY: 85MB
2025-12-03 02:12:26 PAUSED EDE (PID 1171138)
2025-12-03 02:12:28 PAUSED LCDM (PID 1171138)
2025-12-03 02:12:38 LOW MEMORY: 80MB
2025-12-03 02:12:50 RESUMED EDE
2025-12-03 02:12:50 RESUMED LCDM
2025-12-03 02:15:13 LOW MEMORY: 4MB
2025-12-03 02:15:14 PAUSED EDE (PID 1171138)
2025-12-03 02:15:17 PAUSED LCDM (PID 1171138)
2025-12-03 02:15:27 RESUMED EDE
2025-12-03 02:15:27 RESUMED LCDM
2025-12-03 02:17:28 LOW MEMORY: 1141MB
2025-12-03 02:17:28 PAUSED EDE (PID 1171138)
2025-12-03 02:17:31 PAUSED LCDM (PID 1171138)
2025-12-03 02:17:42 LOW MEMORY: 8MB
2025-12-03 02:17:54 LOW MEMORY: 41MB
2025-12-03 02:18:06 LOW MEMORY: 104MB
2025-12-03 02:18:18 LOW MEMORY: 43MB
2025-12-03 02:18:30 RESUMED EDE
2025-12-03 02:18:30 RESUMED LCDM
2025-12-03 02:21:22 LOW MEMORY: 88MB
2025-12-03 02:21:22 PAUSED EDE (PID 1171138)
2025-12-03 02:21:25 PAUSED LCDM (PID 1171138)
2025-12-03 02:21:35 LOW MEMORY: 54MB
2025-12-03 02:21:47 LOW MEMORY: 100MB
2025-12-03 02:22:00 LOW MEMORY: 64MB
2025-12-03 02:22:12 RESUMED EDE
2025-12-03 02:22:12 RESUMED LCDM
2025-12-03 02:23:13 LOW MEMORY: 6MB
2025-12-03 02:23:13 PAUSED EDE (PID 1171138)
2025-12-03 02:23:15 PAUSED LCDM (PID 1171138)
2025-12-03 02:23:25 LOW MEMORY: 62MB
2025-12-03 02:23:37 RESUMED EDE
2025-12-03 02:23:37 RESUMED LCDM
2025-12-03 02:28:41 LOW MEMORY: 84MB
2025-12-03 02:28:41 PAUSED EDE (PID 1171138)
2025-12-03 02:28:44 PAUSED LCDM (PID 1171138)
2025-12-03 02:28:54 LOW MEMORY: 19MB
2025-12-03 02:29:06 LOW MEMORY: 96MB
2025-12-03 02:29:18 LOW MEMORY: 46MB
2025-12-03 02:29:30 RESUMED EDE
2025-12-03 02:29:30 RESUMED LCDM
2025-12-03 02:31:53 LOW MEMORY: 70MB
2025-12-03 02:31:53 PAUSED EDE (PID 1171138)
2025-12-03 02:31:55 PAUSED LCDM (PID 1171138)
2025-12-03 02:32:05 RESUMED EDE
2025-12-03 02:32:05 RESUMED LCDM
2025-12-03 02:37:49 LOW MEMORY: 62MB
2025-12-03 02:37:49 PAUSED EDE (PID 1171138)
2025-12-03 02:37:51 PAUSED LCDM (PID 1171138)
2025-12-03 02:38:01 LOW MEMORY: 39MB
2025-12-03 02:38:13 RESUMED EDE
2025-12-03 02:38:13 RESUMED LCDM
2025-12-03 02:38:44 LOW MEMORY: 296MB
2025-12-03 02:38:44 PAUSED EDE (PID 1171138)
2025-12-03 02:38:46 PAUSED LCDM (PID 1171138)
2025-12-03 02:38:57 LOW MEMORY: 83MB
2025-12-03 02:39:09 RESUMED EDE
2025-12-03 02:39:09 RESUMED LCDM
2025-12-03 02:41:22 LOW MEMORY: 6MB
2025-12-03 02:41:22 PAUSED EDE (PID 1171138)
2025-12-03 02:41:24 PAUSED LCDM (PID 1171138)
2025-12-03 02:41:35 LOW MEMORY: 88MB
2025-12-03 02:41:48 RESUMED EDE
2025-12-03 02:41:48 RESUMED LCDM
2025-12-03 02:49:33 LOW MEMORY: 82MB
2025-12-03 02:49:33 PAUSED EDE (PID 1171138)
2025-12-03 02:49:35 PAUSED LCDM (PID 1171138)
2025-12-03 02:49:47 LOW MEMORY: 133MB
2025-12-03 02:49:59 LOW MEMORY: 53MB
2025-12-03 02:50:11 RESUMED EDE
2025-12-03 02:50:11 RESUMED LCDM
2025-12-03 02:52:52 LOW MEMORY: 1014MB
2025-12-03 02:52:52 PAUSED EDE (PID 1171138)
2025-12-03 02:52:55 PAUSED LCDM (PID 1171138)
2025-12-03 02:53:05 LOW MEMORY: 33MB
2025-12-03 02:53:17 LOW MEMORY: 95MB
2025-12-03 02:53:29 RESUMED EDE
2025-12-03 02:53:29 RESUMED LCDM
2025-12-03 02:56:11 LOW MEMORY: 28MB
2025-12-03 02:56:11 PAUSED EDE (PID 1171138)
2025-12-03 02:56:13 PAUSED LCDM (PID 1171138)
2025-12-03 02:56:24 LOW MEMORY: 101MB
2025-12-03 02:56:36 LOW MEMORY: 83MB
2025-12-03 02:56:48 RESUMED EDE
2025-12-03 02:56:48 RESUMED LCDM
2025-12-03 02:58:59 LOW MEMORY: 259MB
2025-12-03 02:58:59 PAUSED EDE (PID 1171138)
2025-12-03 02:59:11 RESUMED EDE
2025-12-03 03:01:13 LOW MEMORY: 88MB
2025-12-03 03:01:13 PAUSED EDE (PID 1171138)
2025-12-03 03:01:16 PAUSED LCDM (PID 1171138)
2025-12-03 03:01:26 LOW MEMORY: 66MB
2025-12-03 03:01:48 RESUMED EDE
2025-12-03 03:01:48 RESUMED LCDM
2025-12-03 03:02:31 LOW MEMORY: 2MB
2025-12-03 03:02:31 PAUSED EDE (PID 1171138)
2025-12-03 03:02:33 PAUSED LCDM (PID 1171138)
2025-12-03 03:02:43 LOW MEMORY: 71MB
2025-12-03 03:02:55 LOW MEMORY: 59MB
2025-12-03 03:03:07 RESUMED EDE
2025-12-03 03:03:07 RESUMED LCDM
2025-12-03 03:05:58 LOW MEMORY: 0MB
2025-12-03 03:05:58 PAUSED EDE (PID 1171138)
2025-12-03 03:06:01 PAUSED LCDM (PID 1171138)
2025-12-03 03:06:11 LOW MEMORY: 105MB
2025-12-03 03:06:23 LOW MEMORY: 32MB
2025-12-03 03:06:35 LOW MEMORY: 33MB
2025-12-03 03:06:47 RESUMED EDE
2025-12-03 03:06:47 RESUMED LCDM
2025-12-03 03:07:49 LOW MEMORY: 86MB
2025-12-03 03:07:49 PAUSED EDE (PID 1171138)
2025-12-03 03:07:51 PAUSED LCDM (PID 1171138)
2025-12-03 03:08:01 RESUMED EDE
2025-12-03 03:08:01 RESUMED LCDM
2025-12-03 03:10:12 LOW MEMORY: 40MB
2025-12-03 03:10:12 PAUSED EDE (PID 1171138)
2025-12-03 03:10:24 RESUMED EDE
2025-12-03 03:12:26 LOW MEMORY: 57MB
2025-12-03 03:12:26 PAUSED EDE (PID 1171138)
2025-12-03 03:12:28 PAUSED LCDM (PID 1171138)
2025-12-03 03:12:38 LOW MEMORY: 83MB
2025-12-03 03:12:50 LOW MEMORY: 24MB
2025-12-03 03:13:03 RESUMED EDE
2025-12-03 03:13:03 RESUMED LCDM
2025-12-03 03:15:05 LOW MEMORY: 87MB
2025-12-03 03:15:05 PAUSED EDE (PID 1171138)
2025-12-03 03:15:07 PAUSED LCDM (PID 1171138)
2025-12-03 03:15:17 LOW MEMORY: 88MB
2025-12-03 03:15:29 LOW MEMORY: 18MB
2025-12-03 03:15:41 RESUMED EDE
2025-12-03 03:15:41 RESUMED LCDM
2025-12-03 03:17:42 LOW MEMORY: 457MB
2025-12-03 03:17:42 PAUSED EDE (PID 1171138)
2025-12-03 03:17:45 PAUSED LCDM (PID 1171138)
2025-12-03 03:17:55 LOW MEMORY: 35MB
2025-12-03 03:18:07 RESUMED EDE
2025-12-03 03:18:07 RESUMED LCDM
2025-12-03 03:19:39 LOW MEMORY: 15MB
2025-12-03 03:19:39 PAUSED EDE (PID 1171138)
2025-12-03 03:19:41 PAUSED LCDM (PID 1171138)
2025-12-03 03:19:51 LOW MEMORY: 68MB
2025-12-03 03:20:04 RESUMED EDE
2025-12-03 03:20:04 RESUMED LCDM
2025-12-03 03:22:55 LOW MEMORY: 3MB
2025-12-03 03:22:55 PAUSED EDE (PID 1171138)
2025-12-03 03:22:57 PAUSED LCDM (PID 1171138)
2025-12-03 03:23:07 LOW MEMORY: 56MB
2025-12-03 03:23:19 LOW MEMORY: 28MB
2025-12-03 03:23:31 RESUMED EDE
2025-12-03 03:23:31 RESUMED LCDM
2025-12-03 03:26:23 LOW MEMORY: 4MB
2025-12-03 03:26:23 PAUSED EDE (PID 1171138)
2025-12-03 03:26:35 RESUMED EDE
2025-12-03 03:28:39 LOW MEMORY: 44MB
2025-12-03 03:28:39 PAUSED EDE (PID 1171138)
2025-12-03 03:28:41 PAUSED LCDM (PID 1171138)
2025-12-03 03:28:52 LOW MEMORY: 54MB
2025-12-03 03:29:04 RESUMED EDE
2025-12-03 03:29:04 RESUMED LCDM
2025-12-03 03:30:24 LOW MEMORY: 327MB
2025-12-03 03:30:24 PAUSED EDE (PID 1171138)
2025-12-03 03:30:26 PAUSED LCDM (PID 1171138)
2025-12-03 03:30:38 LOW MEMORY: 13MB
2025-12-03 03:30:50 RESUMED EDE
2025-12-03 03:30:50 RESUMED LCDM
2025-12-03 03:35:02 LOW MEMORY: 6MB
2025-12-03 03:35:02 PAUSED EDE (PID 1171138)
2025-12-03 03:35:04 PAUSED LCDM (PID 1171138)
2025-12-03 03:35:14 LOW MEMORY: 24MB
2025-12-03 03:35:27 RESUMED EDE
2025-12-03 03:35:27 RESUMED LCDM
2025-12-03 03:37:38 LOW MEMORY: 88MB
2025-12-03 03:37:38 PAUSED EDE (PID 1171138)
2025-12-03 03:37:40 PAUSED LCDM (PID 1171138)
2025-12-03 03:37:50 LOW MEMORY: 59MB
2025-12-03 03:38:02 LOW MEMORY: 707MB
2025-12-03 03:38:14 RESUMED EDE
2025-12-03 03:38:14 RESUMED LCDM
2025-12-03 03:38:44 LOW MEMORY: 578MB
2025-12-03 03:38:44 PAUSED EDE (PID 1171138)
2025-12-03 03:38:47 PAUSED LCDM (PID 1171138)
2025-12-03 03:38:57 RESUMED EDE
2025-12-03 03:38:57 RESUMED LCDM
2025-12-03 03:40:19 LOW MEMORY: 9MB
2025-12-03 03:40:19 PAUSED EDE (PID 1171138)
2025-12-03 03:40:24 PAUSED LCDM (PID 1171138)
2025-12-03 03:40:34 LOW MEMORY: 93MB
2025-12-03 03:40:46 LOW MEMORY: 97MB
2025-12-03 03:40:58 RESUMED EDE
2025-12-03 03:40:58 RESUMED LCDM
2025-12-03 03:43:01 LOW MEMORY: 48MB
2025-12-03 03:43:02 PAUSED EDE (PID 1171138)
2025-12-03 03:43:14 RESUMED EDE
2025-12-03 03:45:17 LOW MEMORY: 80MB
2025-12-03 03:45:17 PAUSED EDE (PID 1171138)
2025-12-03 03:45:19 PAUSED LCDM (PID 1171138)
2025-12-03 03:45:29 LOW MEMORY: 41MB
2025-12-03 03:45:41 LOW MEMORY: 35MB
2025-12-03 03:45:53 LOW MEMORY: 15MB
2025-12-03 03:46:05 LOW MEMORY: 24MB
2025-12-03 03:46:17 RESUMED EDE
2025-12-03 03:46:17 RESUMED LCDM
2025-12-03 03:48:28 LOW MEMORY: 399MB
2025-12-03 03:48:28 PAUSED EDE (PID 1171138)
2025-12-03 03:48:40 RESUMED EDE
2025-12-03 03:49:13 LOW MEMORY: 87MB
2025-12-03 03:49:13 PAUSED EDE (PID 1171138)
2025-12-03 03:49:15 PAUSED LCDM (PID 1171138)
2025-12-03 03:49:25 LOW MEMORY: 61MB
2025-12-03 03:49:37 RESUMED EDE
2025-12-03 03:49:37 RESUMED LCDM
2025-12-03 03:51:39 LOW MEMORY: 9MB
2025-12-03 03:51:39 PAUSED EDE (PID 1171138)
2025-12-03 03:51:42 PAUSED LCDM (PID 1171138)
2025-12-03 03:51:52 LOW MEMORY: 44MB
2025-12-03 03:52:04 LOW MEMORY: 69MB
2025-12-03 03:52:16 RESUMED EDE
2025-12-03 03:52:16 RESUMED LCDM
2025-12-03 03:55:38 LOW MEMORY: 88MB
2025-12-03 03:55:38 PAUSED EDE (PID 1171138)
2025-12-03 03:55:40 PAUSED LCDM (PID 1171138)
2025-12-03 03:55:50 LOW MEMORY: 108MB
2025-12-03 03:56:03 LOW MEMORY: 119MB
2025-12-03 03:56:15 LOW MEMORY: 37MB
2025-12-03 03:56:27 RESUMED EDE
2025-12-03 03:56:27 RESUMED LCDM
2025-12-03 03:57:27 LOW MEMORY: 28MB
2025-12-03 03:57:27 PAUSED EDE (PID 1171138)
2025-12-03 03:57:29 PAUSED LCDM (PID 1171138)
2025-12-03 03:57:39 LOW MEMORY: 53MB
2025-12-03 03:57:51 LOW MEMORY: 49MB
2025-12-03 03:58:03 LOW MEMORY: 30MB
2025-12-03 03:58:15 LOW MEMORY: 26MB
2025-12-03 03:58:28 RESUMED EDE
2025-12-03 03:58:28 RESUMED LCDM
2025-12-03 03:59:28 LOW MEMORY: 552MB
2025-12-03 03:59:28 PAUSED EDE (PID 1171138)
2025-12-03 03:59:40 RESUMED EDE
2025-12-03 04:00:11 LOW MEMORY: 2MB
2025-12-03 04:00:12 PAUSED EDE (PID 1171138)
2025-12-03 04:00:24 RESUMED EDE
2025-12-03 04:03:06 LOW MEMORY: 55MB
2025-12-03 04:03:06 PAUSED EDE (PID 1171138)
2025-12-03 04:03:08 PAUSED LCDM (PID 1171138)
2025-12-03 04:03:18 LOW MEMORY: 87MB
2025-12-03 04:03:30 LOW MEMORY: 64MB
2025-12-03 04:03:42 LOW MEMORY: 68MB
2025-12-03 04:03:54 RESUMED EDE
2025-12-03 04:03:54 RESUMED LCDM
2025-12-03 04:04:44 LOW MEMORY: 515MB
2025-12-03 04:04:44 PAUSED EDE (PID 1171138)
2025-12-03 04:04:48 PAUSED LCDM (PID 1171138)
2025-12-03 04:04:58 LOW MEMORY: 42MB
2025-12-03 04:05:10 LOW MEMORY: 65MB
2025-12-03 04:05:22 RESUMED EDE
2025-12-03 04:05:22 RESUMED LCDM
2025-12-03 04:08:15 LOW MEMORY: 34MB
2025-12-03 04:08:15 PAUSED EDE (PID 1171138)
2025-12-03 04:08:17 PAUSED LCDM (PID 1171138)
2025-12-03 04:08:27 LOW MEMORY: 25MB
2025-12-03 04:08:39 RESUMED EDE
2025-12-03 04:08:39 RESUMED LCDM
2025-12-03 04:12:41 LOW MEMORY: 2MB
2025-12-03 04:12:41 PAUSED EDE (PID 1171138)
2025-12-03 04:12:43 PAUSED LCDM (PID 1171138)
2025-12-03 04:12:53 LOW MEMORY: 130MB
2025-12-03 04:13:05 RESUMED EDE
2025-12-03 04:13:05 RESUMED LCDM
2025-12-03 04:13:47 LOW MEMORY: 85MB
2025-12-03 04:13:47 PAUSED EDE (PID 1171138)
2025-12-03 04:13:49 PAUSED LCDM (PID 1171138)
2025-12-03 04:13:59 LOW MEMORY: 84MB
2025-12-03 04:14:13 LOW MEMORY: 78MB
2025-12-03 04:14:25 LOW MEMORY: 74MB
2025-12-03 04:14:38 LOW MEMORY: 43MB
2025-12-03 04:14:50 RESUMED EDE
2025-12-03 04:14:50 RESUMED LCDM
2025-12-03 04:17:13 LOW MEMORY: 99MB
2025-12-03 04:17:13 PAUSED EDE (PID 1171138)
2025-12-03 04:17:15 PAUSED LCDM (PID 1171138)
2025-12-03 04:17:25 LOW MEMORY: 40MB
2025-12-03 04:17:37 LOW MEMORY: 27MB
2025-12-03 04:17:49 RESUMED EDE
2025-12-03 04:17:49 RESUMED LCDM
2025-12-03 04:22:43 LOW MEMORY: 2MB
2025-12-03 04:22:43 PAUSED EDE (PID 1171138)
2025-12-03 04:22:45 PAUSED LCDM (PID 1171138)
2025-12-03 04:22:56 LOW MEMORY: 136MB
2025-12-03 04:23:08 LOW MEMORY: 21MB
2025-12-03 04:23:20 RESUMED EDE
2025-12-03 04:23:20 RESUMED LCDM
2025-12-03 04:28:12 LOW MEMORY: 2MB
2025-12-03 04:28:13 PAUSED EDE (PID 1171138)
2025-12-03 04:28:15 PAUSED LCDM (PID 1171138)
2025-12-03 04:28:25 LOW MEMORY: 86MB
2025-12-03 04:28:37 LOW MEMORY: 46MB
2025-12-03 04:28:49 LOW MEMORY: 46MB
2025-12-03 04:29:01 RESUMED EDE
2025-12-03 04:29:01 RESUMED LCDM
2025-12-03 04:31:16 LOW MEMORY: 13MB
2025-12-03 04:31:16 PAUSED EDE (PID 1171138)
2025-12-03 04:31:18 PAUSED LCDM (PID 1171138)
2025-12-03 04:31:28 LOW MEMORY: 12MB
2025-12-03 04:31:40 LOW MEMORY: 34MB
2025-12-03 04:31:52 LOW MEMORY: 7MB
2025-12-03 04:32:04 RESUMED EDE
2025-12-03 04:32:04 RESUMED LCDM
2025-12-03 04:35:07 LOW MEMORY: 13MB
2025-12-03 04:35:07 PAUSED EDE (PID 1171138)
2025-12-03 04:35:10 PAUSED LCDM (PID 1171138)
2025-12-03 04:35:20 LOW MEMORY: 91MB
2025-12-03 04:35:32 RESUMED EDE
2025-12-03 04:35:32 RESUMED LCDM
2025-12-03 04:37:33 LOW MEMORY: 3MB
2025-12-03 04:37:34 PAUSED EDE (PID 1171138)
2025-12-03 04:37:36 PAUSED LCDM (PID 1171138)
2025-12-03 04:37:46 LOW MEMORY: 37MB
2025-12-03 04:38:00 LOW MEMORY: 57MB
2025-12-03 04:38:12 RESUMED EDE
2025-12-03 04:38:12 RESUMED LCDM
2025-12-03 04:40:25 LOW MEMORY: 52MB
2025-12-03 04:40:25 PAUSED EDE (PID 1171138)
2025-12-03 04:40:27 PAUSED LCDM (PID 1171138)
2025-12-03 04:40:37 LOW MEMORY: 32MB
2025-12-03 04:40:49 LOW MEMORY: 75MB
2025-12-03 04:41:01 LOW MEMORY: 13MB
2025-12-03 04:41:13 RESUMED EDE
2025-12-03 04:41:13 RESUMED LCDM
2025-12-03 04:44:14 LOW MEMORY: 1157MB
2025-12-03 04:44:14 PAUSED EDE (PID 1171138)
2025-12-03 04:44:27 RESUMED EDE
2025-12-03 04:45:00 LOW MEMORY: 84MB
2025-12-03 04:45:00 PAUSED EDE (PID 1171138)
2025-12-03 04:45:02 PAUSED LCDM (PID 1171138)
2025-12-03 04:45:13 LOW MEMORY: 94MB
2025-12-03 04:45:25 LOW MEMORY: 85MB
2025-12-03 04:45:37 LOW MEMORY: 78MB
2025-12-03 04:45:49 LOW MEMORY: 60MB
2025-12-03 04:46:01 LOW MEMORY: 23MB
2025-12-03 04:46:13 LOW MEMORY: 35MB
2025-12-03 04:46:25 RESUMED EDE
2025-12-03 04:46:25 RESUMED LCDM
2025-12-03 04:49:20 LOW MEMORY: 6MB
2025-12-03 04:49:20 PAUSED EDE (PID 1171138)
2025-12-03 04:49:22 PAUSED LCDM (PID 1171138)
2025-12-03 04:49:32 RESUMED EDE
2025-12-03 04:49:32 RESUMED LCDM
2025-12-03 04:51:43 LOW MEMORY: 85MB
2025-12-03 04:51:43 PAUSED EDE (PID 1171138)
2025-12-03 04:51:45 PAUSED LCDM (PID 1171138)
2025-12-03 04:51:56 RESUMED EDE
2025-12-03 04:51:56 RESUMED LCDM
2025-12-03 04:53:28 LOW MEMORY: 1MB
2025-12-03 04:53:28 PAUSED EDE (PID 1171138)
2025-12-03 04:53:30 PAUSED LCDM (PID 1171138)
2025-12-03 04:53:40 LOW MEMORY: 2MB
2025-12-03 04:53:52 LOW MEMORY: 90MB
2025-12-03 04:54:04 LOW MEMORY: 59MB
2025-12-03 04:54:16 LOW MEMORY: 43MB
2025-12-03 04:54:28 LOW MEMORY: 91MB
2025-12-03 04:54:40 RESUMED EDE
2025-12-03 04:54:40 RESUMED LCDM
2025-12-03 04:56:11 LOW MEMORY: 803MB
2025-12-03 04:56:11 PAUSED EDE (PID 1171138)
2025-12-03 04:56:15 PAUSED LCDM (PID 1171138)
2025-12-03 04:56:25 LOW MEMORY: 78MB
2025-12-03 04:56:47 RESUMED EDE
2025-12-03 04:56:47 RESUMED LCDM
2025-12-03 04:58:50 LOW MEMORY: 78MB
2025-12-03 04:58:51 PAUSED EDE (PID 1171138)
2025-12-03 04:58:54 PAUSED LCDM (PID 1171138)
2025-12-03 04:59:05 LOW MEMORY: 8MB
2025-12-03 04:59:17 LOW MEMORY: 52MB
2025-12-03 04:59:29 LOW MEMORY: 63MB
2025-12-03 04:59:41 RESUMED EDE
2025-12-03 04:59:41 RESUMED LCDM
2025-12-03 05:00:24 LOW MEMORY: 99MB
2025-12-03 05:00:24 PAUSED EDE (PID 1171138)
2025-12-03 05:00:26 PAUSED LCDM (PID 1171138)
2025-12-03 05:00:36 LOW MEMORY: 16MB
2025-12-03 05:00:48 LOW MEMORY: 94MB
2025-12-03 05:01:00 LOW MEMORY: 61MB
2025-12-03 05:01:12 RESUMED EDE
2025-12-03 05:01:12 RESUMED LCDM
2025-12-03 05:01:53 LOW MEMORY: 85MB
2025-12-03 05:01:53 PAUSED EDE (PID 1171138)
2025-12-03 05:01:56 PAUSED LCDM (PID 1171138)
2025-12-03 05:02:06 LOW MEMORY: 30MB
2025-12-03 05:02:18 LOW MEMORY: 7MB
2025-12-03 05:02:30 RESUMED EDE
2025-12-03 05:02:30 RESUMED LCDM
2025-12-03 05:04:55 LOW MEMORY: 62MB
2025-12-03 05:04:56 PAUSED EDE (PID 1171138)
2025-12-03 05:05:02 PAUSED LCDM (PID 1171138)
2025-12-03 05:05:12 LOW MEMORY: 37MB
2025-12-03 05:05:24 LOW MEMORY: 51MB
2025-12-03 05:05:36 LOW MEMORY: 37MB
2025-12-03 05:05:48 RESUMED EDE
2025-12-03 05:05:48 RESUMED LCDM
2025-12-03 05:08:50 LOW MEMORY: 18MB
2025-12-03 05:08:50 PAUSED EDE (PID 1171138)
2025-12-03 05:08:52 PAUSED LCDM (PID 1171138)
2025-12-03 05:09:03 LOW MEMORY: 77MB
2025-12-03 05:09:15 LOW MEMORY: 22MB
2025-12-03 05:09:27 RESUMED EDE
2025-12-03 05:09:27 RESUMED LCDM
2025-12-03 05:12:39 LOW MEMORY: 76MB
2025-12-03 05:12:39 PAUSED EDE (PID 1171138)
2025-12-03 05:12:41 PAUSED LCDM (PID 1171138)
2025-12-03 05:12:51 RESUMED EDE
2025-12-03 05:12:51 RESUMED LCDM
2025-12-03 05:15:02 LOW MEMORY: 48MB
2025-12-03 05:15:02 PAUSED EDE (PID 1171138)
2025-12-03 05:15:04 PAUSED LCDM (PID 1171138)
2025-12-03 05:15:14 LOW MEMORY: 17MB
2025-12-03 05:15:26 LOW MEMORY: 63MB
2025-12-03 05:15:38 RESUMED EDE
2025-12-03 05:15:38 RESUMED LCDM
2025-12-03 05:16:29 LOW MEMORY: 82MB
2025-12-03 05:16:29 PAUSED EDE (PID 1171138)
2025-12-03 05:16:33 PAUSED LCDM (PID 1171138)
2025-12-03 05:16:43 LOW MEMORY: 14MB
2025-12-03 05:16:55 LOW MEMORY: 69MB
2025-12-03 05:17:07 RESUMED EDE
2025-12-03 05:17:07 RESUMED LCDM
2025-12-03 05:20:40 LOW MEMORY: 99MB
2025-12-03 05:20:40 PAUSED EDE (PID 1171138)
2025-12-03 05:20:43 PAUSED LCDM (PID 1171138)
2025-12-03 05:20:53 LOW MEMORY: 76MB
2025-12-03 05:21:05 RESUMED EDE
2025-12-03 05:21:05 RESUMED LCDM
2025-12-03 05:23:07 LOW MEMORY: 86MB
2025-12-03 05:23:07 PAUSED EDE (PID 1171138)
2025-12-03 05:23:09 PAUSED LCDM (PID 1171138)
2025-12-03 05:23:19 LOW MEMORY: 16MB
2025-12-03 05:23:31 LOW MEMORY: 57MB
2025-12-03 05:23:43 RESUMED EDE
2025-12-03 05:23:43 RESUMED LCDM
2025-12-03 05:24:43 LOW MEMORY: 461MB
2025-12-03 05:24:43 PAUSED EDE (PID 1171138)
2025-12-03 05:24:46 PAUSED LCDM (PID 1171138)
2025-12-03 05:24:56 RESUMED EDE
2025-12-03 05:24:56 RESUMED LCDM
2025-12-03 05:28:18 LOW MEMORY: 87MB
2025-12-03 05:28:18 PAUSED EDE (PID 1171138)
2025-12-03 05:28:20 PAUSED LCDM (PID 1171138)
2025-12-03 05:28:34 LOW MEMORY: 10MB
2025-12-03 05:28:46 RESUMED EDE
2025-12-03 05:28:46 RESUMED LCDM
2025-12-03 05:31:38 LOW MEMORY: 3MB
2025-12-03 05:31:38 PAUSED EDE (PID 1171138)
2025-12-03 05:31:40 PAUSED LCDM (PID 1171138)
2025-12-03 05:31:51 LOW MEMORY: 72MB
2025-12-03 05:32:03 LOW MEMORY: 12MB
2025-12-03 05:32:15 LOW MEMORY: 35MB
2025-12-03 05:32:27 LOW MEMORY: 72MB
2025-12-03 05:32:39 LOW MEMORY: 48MB
2025-12-03 05:32:51 RESUMED EDE
2025-12-03 05:32:51 RESUMED LCDM
2025-12-03 05:33:34 LOW MEMORY: 0MB
2025-12-03 05:33:34 PAUSED EDE (PID 1171138)
2025-12-03 05:33:36 PAUSED LCDM (PID 1171138)
2025-12-03 05:33:46 LOW MEMORY: 85MB
2025-12-03 05:33:59 LOW MEMORY: 117MB
2025-12-03 05:34:11 RESUMED EDE
2025-12-03 05:34:11 RESUMED LCDM
2025-12-03 05:36:23 LOW MEMORY: 2MB
2025-12-03 05:36:23 PAUSED EDE (PID 1171138)
2025-12-03 05:36:26 PAUSED LCDM (PID 1171138)
2025-12-03 05:36:36 LOW MEMORY: 5MB
2025-12-03 05:36:48 LOW MEMORY: 29MB
2025-12-03 05:37:00 LOW MEMORY: 72MB
2025-12-03 05:37:12 RESUMED EDE
2025-12-03 05:37:12 RESUMED LCDM
2025-12-03 05:40:13 LOW MEMORY: 81MB
2025-12-03 05:40:13 PAUSED EDE (PID 1171138)
2025-12-03 05:40:15 PAUSED LCDM (PID 1171138)
2025-12-03 05:40:26 LOW MEMORY: 37MB
2025-12-03 05:40:38 RESUMED EDE
2025-12-03 05:40:38 RESUMED LCDM
2025-12-03 05:44:10 LOW MEMORY: 4MB
2025-12-03 05:44:10 PAUSED EDE (PID 1171138)
2025-12-03 05:44:13 PAUSED LCDM (PID 1171138)
2025-12-03 05:44:23 LOW MEMORY: 41MB
2025-12-03 05:44:35 LOW MEMORY: 70MB
2025-12-03 05:44:47 LOW MEMORY: 39MB
2025-12-03 05:44:59 LOW MEMORY: 95MB
2025-12-03 05:45:11 RESUMED EDE
2025-12-03 05:45:11 RESUMED LCDM
2025-12-03 05:48:13 LOW MEMORY: 6MB
2025-12-03 05:48:14 PAUSED EDE (PID 1171138)
2025-12-03 05:48:16 PAUSED LCDM (PID 1171138)
2025-12-03 05:48:26 LOW MEMORY: 59MB
2025-12-03 05:48:38 RESUMED EDE
2025-12-03 05:48:38 RESUMED LCDM
2025-12-03 05:50:10 LOW MEMORY: 89MB
2025-12-03 05:50:11 PAUSED EDE (PID 1171138)
2025-12-03 05:50:23 RESUMED EDE
2025-12-03 05:53:46 LOW MEMORY: 85MB
2025-12-03 05:53:46 PAUSED EDE (PID 1171138)
2025-12-03 05:53:48 PAUSED LCDM (PID 1171138)
2025-12-03 05:53:58 LOW MEMORY: 108MB
2025-12-03 05:54:10 LOW MEMORY: 44MB
2025-12-03 05:54:22 RESUMED EDE
2025-12-03 05:54:22 RESUMED LCDM
2025-12-03 05:55:43 LOW MEMORY: 112MB
2025-12-03 05:55:43 PAUSED EDE (PID 1171138)
2025-12-03 05:55:46 PAUSED LCDM (PID 1171138)
2025-12-03 05:55:56 LOW MEMORY: 27MB
2025-12-03 05:56:08 RESUMED EDE
2025-12-03 05:56:08 RESUMED LCDM
2025-12-03 05:58:19 LOW MEMORY: 0MB
2025-12-03 05:58:20 PAUSED EDE (PID 1171138)
2025-12-03 05:58:22 PAUSED LCDM (PID 1171138)
2025-12-03 05:58:32 LOW MEMORY: 19MB
2025-12-03 05:58:44 LOW MEMORY: 19MB
2025-12-03 05:58:56 LOW MEMORY: 118MB
2025-12-03 05:59:08 LOW MEMORY: 25MB
2025-12-03 05:59:20 LOW MEMORY: 56MB
2025-12-03 05:59:32 RESUMED EDE
2025-12-03 05:59:32 RESUMED LCDM
2025-12-03 06:00:24 LOW MEMORY: 88MB
2025-12-03 06:00:24 PAUSED EDE (PID 1171138)
2025-12-03 06:00:26 PAUSED LCDM (PID 1171138)
2025-12-03 06:00:36 LOW MEMORY: 29MB
2025-12-03 06:00:49 LOW MEMORY: 46MB
2025-12-03 06:01:01 LOW MEMORY: 70MB
2025-12-03 06:01:13 LOW MEMORY: 88MB
2025-12-03 06:01:25 RESUMED EDE
2025-12-03 06:01:25 RESUMED LCDM
2025-12-03 06:02:05 LOW MEMORY: 1289MB
2025-12-03 06:02:05 PAUSED EDE (PID 1171138)
2025-12-03 06:02:07 PAUSED LCDM (PID 1171138)
2025-12-03 06:02:17 RESUMED EDE
2025-12-03 06:02:17 RESUMED LCDM
2025-12-03 06:04:30 LOW MEMORY: 87MB
2025-12-03 06:04:31 PAUSED EDE (PID 1171138)
2025-12-03 06:04:33 PAUSED LCDM (PID 1171138)
2025-12-03 06:04:44 LOW MEMORY: 72MB
2025-12-03 06:04:56 LOW MEMORY: 25MB
2025-12-03 06:05:08 LOW MEMORY: 50MB
2025-12-03 06:05:20 LOW MEMORY: 12MB
2025-12-03 06:05:32 LOW MEMORY: 18MB
2025-12-03 06:05:44 LOW MEMORY: 90MB
2025-12-03 06:05:56 RESUMED EDE
2025-12-03 06:05:56 RESUMED LCDM
2025-12-03 06:06:36 LOW MEMORY: 85MB
2025-12-03 06:06:36 PAUSED EDE (PID 1171138)
2025-12-03 06:06:38 PAUSED LCDM (PID 1171138)
2025-12-03 06:06:48 LOW MEMORY: 8MB
2025-12-03 06:07:00 LOW MEMORY: 72MB
2025-12-03 06:07:12 LOW MEMORY: 18MB
2025-12-03 06:07:25 RESUMED EDE
2025-12-03 06:07:25 RESUMED LCDM
2025-12-03 06:12:27 LOW MEMORY: 48MB
2025-12-03 06:12:28 PAUSED EDE (PID 1171138)
2025-12-03 06:12:31 PAUSED LCDM (PID 1171138)
2025-12-03 06:12:42 LOW MEMORY: 1MB
2025-12-03 06:12:54 RESUMED EDE
2025-12-03 06:12:54 RESUMED LCDM
2025-12-03 06:13:36 LOW MEMORY: 41MB
2025-12-03 06:13:36 PAUSED EDE (PID 1171138)
2025-12-03 06:13:39 PAUSED LCDM (PID 1171138)
2025-12-03 06:13:49 LOW MEMORY: 108MB
2025-12-03 06:14:01 LOW MEMORY: 92MB
2025-12-03 06:14:13 LOW MEMORY: 32MB
2025-12-03 06:14:25 LOW MEMORY: 71MB
2025-12-03 06:14:37 RESUMED EDE
2025-12-03 06:14:37 RESUMED LCDM
2025-12-03 06:15:29 LOW MEMORY: 0MB
2025-12-03 06:15:30 PAUSED EDE (PID 1171138)
2025-12-03 06:15:32 PAUSED LCDM (PID 1171138)
2025-12-03 06:15:42 LOW MEMORY: 44MB
2025-12-03 06:15:54 LOW MEMORY: 65MB
2025-12-03 06:16:06 LOW MEMORY: 63MB
2025-12-03 06:16:18 RESUMED EDE
2025-12-03 06:16:18 RESUMED LCDM
2025-12-03 06:17:00 LOW MEMORY: 9MB
2025-12-03 06:17:00 PAUSED EDE (PID 1171138)
2025-12-03 06:17:02 PAUSED LCDM (PID 1171138)
2025-12-03 06:17:12 LOW MEMORY: 69MB
2025-12-03 06:17:24 LOW MEMORY: 59MB
2025-12-03 06:17:36 RESUMED EDE
2025-12-03 06:17:36 RESUMED LCDM
2025-12-03 06:20:00 LOW MEMORY: 0MB
2025-12-03 06:20:00 PAUSED EDE (PID 1171138)
2025-12-03 06:20:02 PAUSED LCDM (PID 1171138)
2025-12-03 06:20:12 LOW MEMORY: 53MB
2025-12-03 06:20:24 LOW MEMORY: 35MB
2025-12-03 06:20:36 RESUMED EDE
2025-12-03 06:20:36 RESUMED LCDM
2025-12-03 06:22:49 LOW MEMORY: 83MB
2025-12-03 06:22:49 PAUSED EDE (PID 1171138)
2025-12-03 06:22:52 PAUSED LCDM (PID 1171138)
2025-12-03 06:23:02 LOW MEMORY: 41MB
2025-12-03 06:23:14 LOW MEMORY: 19MB
2025-12-03 06:23:26 LOW MEMORY: 34MB
2025-12-03 06:23:38 RESUMED EDE
2025-12-03 06:23:38 RESUMED LCDM
2025-12-03 06:26:00 LOW MEMORY: 60MB
2025-12-03 06:26:00 PAUSED EDE (PID 1171138)
2025-12-03 06:26:02 PAUSED LCDM (PID 1171138)
2025-12-03 06:26:12 LOW MEMORY: 65MB
2025-12-03 06:26:25 LOW MEMORY: 85MB
2025-12-03 06:26:38 LOW MEMORY: 72MB
2025-12-03 06:26:50 RESUMED EDE
2025-12-03 06:26:50 RESUMED LCDM
2025-12-03 06:28:11 LOW MEMORY: 86MB
2025-12-03 06:28:11 PAUSED EDE (PID 1171138)
2025-12-03 06:28:13 PAUSED LCDM (PID 1171138)
2025-12-03 06:28:23 LOW MEMORY: 33MB
2025-12-03 06:28:35 RESUMED EDE
2025-12-03 06:28:35 RESUMED LCDM
2025-12-03 06:32:07 LOW MEMORY: 23MB
2025-12-03 06:32:07 PAUSED EDE (PID 1171138)
2025-12-03 06:32:10 PAUSED LCDM (PID 1171138)
2025-12-03 06:32:21 LOW MEMORY: 71MB
2025-12-03 06:32:33 LOW MEMORY: 87MB
2025-12-03 06:32:45 LOW MEMORY: 19MB
2025-12-03 06:32:57 LOW MEMORY: 65MB
2025-12-03 06:33:09 RESUMED EDE
2025-12-03 06:33:09 RESUMED LCDM
2025-12-03 06:34:40 LOW MEMORY: 5MB
2025-12-03 06:34:40 PAUSED EDE (PID 1171138)
2025-12-03 06:34:43 PAUSED LCDM (PID 1171138)
2025-12-03 06:34:53 LOW MEMORY: 91MB
2025-12-03 06:35:05 RESUMED EDE
2025-12-03 06:35:05 RESUMED LCDM
2025-12-03 06:35:36 LOW MEMORY: 28MB
2025-12-03 06:35:36 PAUSED EDE (PID 1171138)
2025-12-03 06:35:48 RESUMED EDE
2025-12-03 06:39:20 LOW MEMORY: 89MB
2025-12-03 06:39:20 PAUSED EDE (PID 1171138)
2025-12-03 06:39:23 PAUSED LCDM (PID 1171138)
2025-12-03 06:39:33 LOW MEMORY: 31MB
2025-12-03 06:39:45 LOW MEMORY: 89MB
2025-12-03 06:39:57 LOW MEMORY: 48MB
2025-12-03 06:40:09 RESUMED EDE
2025-12-03 06:40:09 RESUMED LCDM
2025-12-03 06:42:11 LOW MEMORY: 16MB
2025-12-03 06:42:11 PAUSED EDE (PID 1171138)
2025-12-03 06:42:14 PAUSED LCDM (PID 1171138)
2025-12-03 06:42:24 LOW MEMORY: 44MB
2025-12-03 06:42:36 LOW MEMORY: 68MB
2025-12-03 06:42:48 RESUMED EDE
2025-12-03 06:42:48 RESUMED LCDM
2025-12-03 06:44:51 LOW MEMORY: 86MB
2025-12-03 06:44:51 PAUSED EDE (PID 1171138)
2025-12-03 06:44:53 PAUSED LCDM (PID 1171138)
2025-12-03 06:45:03 LOW MEMORY: 9MB
2025-12-03 06:45:15 RESUMED EDE
2025-12-03 06:45:15 RESUMED LCDM
2025-12-03 06:47:26 LOW MEMORY: 65MB
2025-12-03 06:47:26 PAUSED EDE (PID 1171138)
2025-12-03 06:47:28 PAUSED LCDM (PID 1171138)
2025-12-03 06:47:38 LOW MEMORY: 55MB
2025-12-03 06:47:50 LOW MEMORY: 49MB
2025-12-03 06:48:03 RESUMED EDE
2025-12-03 06:48:03 RESUMED LCDM
2025-12-03 06:50:45 LOW MEMORY: 28MB
2025-12-03 06:50:46 PAUSED EDE (PID 1171138)
2025-12-03 06:50:49 PAUSED LCDM (PID 1171138)
2025-12-03 06:50:59 LOW MEMORY: 70MB
2025-12-03 06:51:11 RESUMED EDE
2025-12-03 06:51:11 RESUMED LCDM
2025-12-03 06:52:53 LOW MEMORY: 17MB
2025-12-03 06:52:53 PAUSED EDE (PID 1171138)
2025-12-03 06:52:56 PAUSED LCDM (PID 1171138)
2025-12-03 06:53:06 LOW MEMORY: 24MB
2025-12-03 06:53:18 LOW MEMORY: 82MB
2025-12-03 06:53:30 LOW MEMORY: 20MB
2025-12-03 06:53:42 RESUMED EDE
2025-12-03 06:53:42 RESUMED LCDM
2025-12-03 06:56:44 LOW MEMORY: 41MB
2025-12-03 06:56:44 PAUSED EDE (PID 1171138)
2025-12-03 06:56:46 PAUSED LCDM (PID 1171138)
2025-12-03 06:56:56 LOW MEMORY: 42MB
2025-12-03 06:57:08 LOW MEMORY: 52MB
2025-12-03 06:57:20 LOW MEMORY: 53MB
2025-12-03 06:57:32 RESUMED EDE
2025-12-03 06:57:33 RESUMED LCDM
2025-12-03 06:59:54 LOW MEMORY: 0MB
2025-12-03 06:59:54 PAUSED EDE (PID 1171138)
2025-12-03 07:00:06 RESUMED EDE
2025-12-03 07:00:47 LOW MEMORY: 16MB
2025-12-03 07:00:49 PAUSED EDE (PID 1171138)
2025-12-03 07:00:52 PAUSED LCDM (PID 1171138)
2025-12-03 07:01:02 LOW MEMORY: 77MB
2025-12-03 07:01:14 RESUMED EDE
2025-12-03 07:01:14 RESUMED LCDM
2025-12-03 07:02:46 LOW MEMORY: 1MB
2025-12-03 07:02:46 PAUSED EDE (PID 1171138)
2025-12-03 07:02:48 PAUSED LCDM (PID 1171138)
2025-12-03 07:02:59 LOW MEMORY: 100MB
2025-12-03 07:03:11 RESUMED EDE
2025-12-03 07:03:11 RESUMED LCDM
2025-12-03 07:04:43 LOW MEMORY: 60MB
2025-12-03 07:04:43 PAUSED EDE (PID 1171138)
2025-12-03 07:04:45 PAUSED LCDM (PID 1171138)
2025-12-03 07:04:55 LOW MEMORY: 81MB
2025-12-03 07:05:07 LOW MEMORY: 94MB
2025-12-03 07:05:19 LOW MEMORY: 64MB
2025-12-03 07:05:31 LOW MEMORY: 64MB
2025-12-03 07:05:43 LOW MEMORY: 52MB
2025-12-03 07:05:55 LOW MEMORY: 86MB
2025-12-03 07:06:07 RESUMED EDE
2025-12-03 07:06:07 RESUMED LCDM
2025-12-03 07:08:30 LOW MEMORY: 87MB
2025-12-03 07:08:30 PAUSED EDE (PID 1171138)
2025-12-03 07:08:35 PAUSED LCDM (PID 1171138)
2025-12-03 07:08:46 RESUMED EDE
2025-12-03 07:08:46 RESUMED LCDM
2025-12-03 07:12:28 LOW MEMORY: 11MB
2025-12-03 07:12:28 PAUSED EDE (PID 1171138)
2025-12-03 07:12:30 PAUSED LCDM (PID 1171138)
2025-12-03 07:12:40 RESUMED EDE
2025-12-03 07:12:40 RESUMED LCDM
2025-12-03 07:15:44 LOW MEMORY: 7MB
2025-12-03 07:15:44 PAUSED EDE (PID 1171138)
2025-12-03 07:15:46 PAUSED LCDM (PID 1171138)
2025-12-03 07:15:56 LOW MEMORY: 25MB
2025-12-03 07:16:09 LOW MEMORY: 41MB
2025-12-03 07:16:21 LOW MEMORY: 110MB
2025-12-03 07:16:33 LOW MEMORY: 67MB
2025-12-03 07:16:45 LOW MEMORY: 42MB
2025-12-03 07:16:57 LOW MEMORY: 12MB
2025-12-03 07:17:09 RESUMED EDE
2025-12-03 07:17:09 RESUMED LCDM
2025-12-03 07:17:49 LOW MEMORY: 85MB
2025-12-03 07:17:49 PAUSED EDE (PID 1171138)
2025-12-03 07:17:51 PAUSED LCDM (PID 1171138)
2025-12-03 07:18:01 LOW MEMORY: 49MB
2025-12-03 07:18:13 LOW MEMORY: 27MB
2025-12-03 07:18:25 RESUMED EDE
2025-12-03 07:18:25 RESUMED LCDM
2025-12-03 07:19:46 LOW MEMORY: 83MB
2025-12-03 07:19:46 PAUSED EDE (PID 1171138)
2025-12-03 07:19:58 RESUMED EDE
2025-12-03 07:20:29 LOW MEMORY: 175MB
2025-12-03 07:20:29 PAUSED EDE (PID 1171138)
2025-12-03 07:20:32 PAUSED LCDM (PID 1171138)
2025-12-03 07:20:42 LOW MEMORY: 87MB
2025-12-03 07:20:55 RESUMED EDE
2025-12-03 07:20:55 RESUMED LCDM
2025-12-03 07:25:18 LOW MEMORY: 22MB
2025-12-03 07:25:18 PAUSED EDE (PID 1171138)
2025-12-03 07:25:21 PAUSED LCDM (PID 1171138)
2025-12-03 07:25:31 LOW MEMORY: 69MB
2025-12-03 07:25:43 RESUMED EDE
2025-12-03 07:25:43 RESUMED LCDM
2025-12-03 07:27:56 LOW MEMORY: 9MB
2025-12-03 07:27:56 PAUSED EDE (PID 1171138)
2025-12-03 07:27:59 PAUSED LCDM (PID 1171138)
2025-12-03 07:28:09 LOW MEMORY: 57MB
2025-12-03 07:28:21 LOW MEMORY: 53MB
2025-12-03 07:28:33 LOW MEMORY: 51MB
2025-12-03 07:28:45 LOW MEMORY: 20MB
2025-12-03 07:28:57 RESUMED EDE
2025-12-03 07:28:57 RESUMED LCDM
2025-12-03 07:31:59 LOW MEMORY: 800MB
2025-12-03 07:31:59 PAUSED EDE (PID 1171138)
2025-12-03 07:32:05 PAUSED LCDM (PID 1171138)
2025-12-03 07:32:15 LOW MEMORY: 77MB
2025-12-03 07:32:27 LOW MEMORY: 102MB
2025-12-03 07:32:39 LOW MEMORY: 44MB
2025-12-03 07:32:51 RESUMED EDE
2025-12-03 07:32:51 RESUMED LCDM
2025-12-03 07:36:36 LOW MEMORY: 37MB
2025-12-03 07:36:36 PAUSED EDE (PID 1171138)
2025-12-03 07:36:38 PAUSED LCDM (PID 1171138)
2025-12-03 07:36:48 RESUMED EDE
2025-12-03 07:36:48 RESUMED LCDM
2025-12-03 07:39:40 LOW MEMORY: 941MB
2025-12-03 07:39:40 PAUSED EDE (PID 1171138)
2025-12-03 07:39:42 PAUSED LCDM (PID 1171138)
2025-12-03 07:39:52 LOW MEMORY: 16MB
2025-12-03 07:40:04 LOW MEMORY: 37MB
2025-12-03 07:40:16 RESUMED EDE
2025-12-03 07:40:16 RESUMED LCDM
2025-12-03 07:43:48 LOW MEMORY: 54MB
2025-12-03 07:43:48 PAUSED EDE (PID 1171138)
2025-12-03 07:43:50 PAUSED LCDM (PID 1171138)
2025-12-03 07:44:00 LOW MEMORY: 99MB
2025-12-03 07:44:12 LOW MEMORY: 101MB
2025-12-03 07:44:24 RESUMED EDE
2025-12-03 07:44:24 RESUMED LCDM
2025-12-03 07:46:26 LOW MEMORY: 87MB
2025-12-03 07:46:26 PAUSED EDE (PID 1171138)
2025-12-03 07:46:38 RESUMED EDE
2025-12-03 07:47:59 LOW MEMORY: 1MB
2025-12-03 07:48:01 PAUSED EDE (PID 1171138)
2025-12-03 07:48:03 PAUSED LCDM (PID 1171138)
2025-12-03 07:48:14 LOW MEMORY: 83MB
2025-12-03 07:48:26 RESUMED EDE
2025-12-03 07:48:26 RESUMED LCDM
2025-12-03 07:51:19 LOW MEMORY: 1MB
2025-12-03 07:51:19 PAUSED EDE (PID 1171138)
2025-12-03 07:51:22 PAUSED LCDM (PID 1171138)
2025-12-03 07:51:32 LOW MEMORY: 93MB
2025-12-03 07:51:44 LOW MEMORY: 54MB
2025-12-03 07:51:56 RESUMED EDE
2025-12-03 07:51:56 RESUMED LCDM
2025-12-03 07:53:17 LOW MEMORY: 0MB
2025-12-03 07:53:17 PAUSED EDE (PID 1171138)
2025-12-03 07:53:19 PAUSED LCDM (PID 1171138)
2025-12-03 07:53:30 LOW MEMORY: 88MB
2025-12-03 07:53:42 RESUMED EDE
2025-12-03 07:53:42 RESUMED LCDM
2025-12-03 07:54:23 LOW MEMORY: 3MB
2025-12-03 07:54:26 PAUSED EDE (PID 1171138)
2025-12-03 07:54:28 PAUSED LCDM (PID 1171138)
2025-12-03 07:54:38 LOW MEMORY: 33MB
2025-12-03 07:54:50 LOW MEMORY: 63MB
2025-12-03 07:55:02 LOW MEMORY: 20MB
2025-12-03 07:55:14 RESUMED EDE
2025-12-03 07:55:14 RESUMED LCDM
2025-12-03 07:57:35 LOW MEMORY: 75MB
2025-12-03 07:57:35 PAUSED EDE (PID 1171138)
2025-12-03 07:57:37 PAUSED LCDM (PID 1171138)
2025-12-03 07:57:47 LOW MEMORY: 34MB
2025-12-03 07:57:59 RESUMED EDE
2025-12-03 07:57:59 RESUMED LCDM
2025-12-03 08:00:11 LOW MEMORY: 3MB
2025-12-03 08:00:12 PAUSED EDE (PID 1171138)
2025-12-03 08:00:14 PAUSED LCDM (PID 1171138)
2025-12-03 08:00:24 LOW MEMORY: 27MB
2025-12-03 08:00:36 LOW MEMORY: 74MB
2025-12-03 08:00:48 RESUMED EDE
2025-12-03 08:00:48 RESUMED LCDM
2025-12-03 08:03:41 LOW MEMORY: 88MB
2025-12-03 08:03:41 PAUSED EDE (PID 1171138)
2025-12-03 08:03:43 PAUSED LCDM (PID 1171138)
2025-12-03 08:03:53 LOW MEMORY: 112MB
2025-12-03 08:04:05 RESUMED EDE
2025-12-03 08:04:05 RESUMED LCDM
2025-12-03 08:06:58 LOW MEMORY: 50MB
2025-12-03 08:06:58 PAUSED EDE (PID 1171138)
2025-12-03 08:07:01 PAUSED LCDM (PID 1171138)
2025-12-03 08:07:11 LOW MEMORY: 39MB
2025-12-03 08:07:23 RESUMED EDE
2025-12-03 08:07:23 RESUMED LCDM
2025-12-03 08:10:16 LOW MEMORY: 51MB
2025-12-03 08:10:16 PAUSED EDE (PID 1171138)
2025-12-03 08:10:18 PAUSED LCDM (PID 1171138)
2025-12-03 08:10:28 LOW MEMORY: 95MB
2025-12-03 08:10:41 RESUMED EDE
2025-12-03 08:10:41 RESUMED LCDM
2025-12-03 08:13:32 LOW MEMORY: 1MB
2025-12-03 08:13:33 PAUSED EDE (PID 1171138)
2025-12-03 08:13:35 PAUSED LCDM (PID 1171138)
2025-12-03 08:13:45 RESUMED EDE
2025-12-03 08:13:45 RESUMED LCDM
2025-12-03 08:16:37 LOW MEMORY: 12MB
2025-12-03 08:16:37 PAUSED EDE (PID 1171138)
2025-12-03 08:16:39 PAUSED LCDM (PID 1171138)
2025-12-03 08:16:49 LOW MEMORY: 41MB
2025-12-03 08:17:01 LOW MEMORY: 26MB
2025-12-03 08:17:13 RESUMED EDE
2025-12-03 08:17:13 RESUMED LCDM
2025-12-03 08:19:15 LOW MEMORY: 87MB
2025-12-03 08:19:15 PAUSED EDE (PID 1171138)
2025-12-03 08:19:19 PAUSED LCDM (PID 1171138)
2025-12-03 08:19:29 LOW MEMORY: 45MB
2025-12-03 08:19:42 LOW MEMORY: 72MB
2025-12-03 08:19:54 RESUMED EDE
2025-12-03 08:19:54 RESUMED LCDM
2025-12-03 08:22:15 LOW MEMORY: 12MB
2025-12-03 08:22:15 PAUSED EDE (PID 1171138)
2025-12-03 08:22:18 PAUSED LCDM (PID 1171138)
2025-12-03 08:22:28 RESUMED EDE
2025-12-03 08:22:28 RESUMED LCDM
2025-12-03 08:23:50 LOW MEMORY: 88MB
2025-12-03 08:23:50 PAUSED EDE (PID 1171138)
2025-12-03 08:23:52 PAUSED LCDM (PID 1171138)
2025-12-03 08:24:02 LOW MEMORY: 77MB
2025-12-03 08:24:14 LOW MEMORY: 85MB
2025-12-03 08:24:26 LOW MEMORY: 84MB
2025-12-03 08:24:38 RESUMED EDE
2025-12-03 08:24:38 RESUMED LCDM
2025-12-03 08:25:19 LOW MEMORY: 56MB
2025-12-03 08:25:19 PAUSED EDE (PID 1171138)
2025-12-03 08:25:31 RESUMED EDE
2025-12-03 08:29:04 LOW MEMORY: 4MB
2025-12-03 08:29:04 PAUSED EDE (PID 1171138)
2025-12-03 08:29:07 PAUSED LCDM (PID 1171138)
2025-12-03 08:29:17 LOW MEMORY: 62MB
2025-12-03 08:29:29 LOW MEMORY: 70MB
2025-12-03 08:29:43 LOW MEMORY: 46MB
2025-12-03 08:29:56 LOW MEMORY: 34MB
2025-12-03 08:30:08 RESUMED EDE
2025-12-03 08:30:08 RESUMED LCDM
2025-12-03 08:33:51 LOW MEMORY: 2MB
2025-12-03 08:33:51 PAUSED EDE (PID 1171138)
2025-12-03 08:33:54 PAUSED LCDM (PID 1171138)
2025-12-03 08:34:04 LOW MEMORY: 29MB
2025-12-03 08:34:16 RESUMED EDE
2025-12-03 08:34:16 RESUMED LCDM
2025-12-03 08:35:08 LOW MEMORY: 6MB
2025-12-03 08:35:08 PAUSED EDE (PID 1171138)
2025-12-03 08:35:11 PAUSED LCDM (PID 1171138)
2025-12-03 08:35:21 LOW MEMORY: 84MB
2025-12-03 08:35:33 LOW MEMORY: 58MB
2025-12-03 08:35:45 LOW MEMORY: 20MB
2025-12-03 08:35:57 LOW MEMORY: 25MB
2025-12-03 08:36:09 RESUMED EDE
2025-12-03 08:36:09 RESUMED LCDM
2025-12-03 08:37:31 LOW MEMORY: 2MB
2025-12-03 08:37:31 PAUSED EDE (PID 1171138)
2025-12-03 08:37:43 RESUMED EDE
2025-12-03 08:38:28 LOW MEMORY: 87MB
2025-12-03 08:38:28 PAUSED EDE (PID 1171138)
2025-12-03 08:38:30 PAUSED LCDM (PID 1171138)
2025-12-03 08:38:40 LOW MEMORY: 32MB
2025-12-03 08:38:53 LOW MEMORY: 94MB
2025-12-03 08:39:05 LOW MEMORY: 60MB
2025-12-03 08:39:17 LOW MEMORY: 90MB
2025-12-03 08:39:29 RESUMED EDE
2025-12-03 08:39:29 RESUMED LCDM
2025-12-03 08:40:11 LOW MEMORY: 22MB
2025-12-03 08:40:11 PAUSED EDE (PID 1171138)
2025-12-03 08:40:13 PAUSED LCDM (PID 1171138)
2025-12-03 08:40:23 LOW MEMORY: 66MB
2025-12-03 08:40:35 RESUMED EDE
2025-12-03 08:40:35 RESUMED LCDM
2025-12-03 08:41:56 LOW MEMORY: 730MB
2025-12-03 08:41:56 PAUSED EDE (PID 1171138)
2025-12-03 08:41:59 PAUSED LCDM (PID 1171138)
2025-12-03 08:42:12 LOW MEMORY: 6MB
2025-12-03 08:42:24 RESUMED EDE
2025-12-03 08:42:24 RESUMED LCDM
2025-12-03 08:43:55 LOW MEMORY: 30MB
2025-12-03 08:43:55 PAUSED EDE (PID 1171138)
2025-12-03 08:43:57 PAUSED LCDM (PID 1171138)
2025-12-03 08:44:07 LOW MEMORY: 31MB
2025-12-03 08:44:19 RESUMED EDE
2025-12-03 08:44:19 RESUMED LCDM
2025-12-03 08:49:12 LOW MEMORY: 87MB
2025-12-03 08:49:12 PAUSED EDE (PID 1171138)
2025-12-03 08:49:15 PAUSED LCDM (PID 1171138)
2025-12-03 08:49:25 LOW MEMORY: 112MB
2025-12-03 08:49:37 LOW MEMORY: 55MB
2025-12-03 08:49:49 LOW MEMORY: 58MB
2025-12-03 08:50:01 LOW MEMORY: 31MB
2025-12-03 08:50:13 RESUMED EDE
2025-12-03 08:50:13 RESUMED LCDM
2025-12-03 08:51:17 LOW MEMORY: 25MB
2025-12-03 08:51:17 PAUSED EDE (PID 1171138)
2025-12-03 08:51:19 PAUSED LCDM (PID 1171138)
2025-12-03 08:51:29 LOW MEMORY: 23MB
2025-12-03 08:51:41 LOW MEMORY: 59MB
2025-12-03 08:51:53 LOW MEMORY: 27MB
2025-12-03 08:52:05 LOW MEMORY: 47MB
2025-12-03 08:52:17 RESUMED EDE
2025-12-03 08:52:17 RESUMED LCDM
2025-12-03 08:56:49 LOW MEMORY: 14MB
2025-12-03 08:56:49 PAUSED EDE (PID 1171138)
2025-12-03 08:56:51 PAUSED LCDM (PID 1171138)
2025-12-03 08:57:01 LOW MEMORY: 22MB
2025-12-03 08:57:13 RESUMED EDE
2025-12-03 08:57:13 RESUMED LCDM
2025-12-03 08:58:15 LOW MEMORY: 26MB
2025-12-03 08:58:15 PAUSED EDE (PID 1171138)
2025-12-03 08:58:17 PAUSED LCDM (PID 1171138)
2025-12-03 08:58:27 LOW MEMORY: 16MB
2025-12-03 08:58:39 LOW MEMORY: 88MB
2025-12-03 08:58:51 RESUMED EDE
2025-12-03 08:58:52 RESUMED LCDM
2025-12-03 09:01:34 LOW MEMORY: 5MB
2025-12-03 09:01:34 PAUSED EDE (PID 1171138)
2025-12-03 09:01:37 PAUSED LCDM (PID 1171138)
2025-12-03 09:01:47 LOW MEMORY: 81MB
2025-12-03 09:01:59 RESUMED EDE
2025-12-03 09:01:59 RESUMED LCDM
2025-12-03 09:05:32 LOW MEMORY: 6MB
2025-12-03 09:05:32 PAUSED EDE (PID 1171138)
2025-12-03 09:05:34 PAUSED LCDM (PID 1171138)
2025-12-03 09:05:44 LOW MEMORY: 56MB
2025-12-03 09:05:56 LOW MEMORY: 39MB
2025-12-03 09:06:08 LOW MEMORY: 70MB
2025-12-03 09:06:20 RESUMED EDE
2025-12-03 09:06:20 RESUMED LCDM
2025-12-03 09:09:54 LOW MEMORY: 83MB
2025-12-03 09:09:54 PAUSED EDE (PID 1171138)
2025-12-03 09:09:56 PAUSED LCDM (PID 1171138)
2025-12-03 09:10:06 LOW MEMORY: 77MB
2025-12-03 09:10:18 LOW MEMORY: 118MB
2025-12-03 09:10:30 LOW MEMORY: 10MB
2025-12-03 09:10:42 RESUMED EDE
2025-12-03 09:10:42 RESUMED LCDM
2025-12-03 09:12:17 LOW MEMORY: 90MB
2025-12-03 09:12:17 PAUSED EDE (PID 1171138)
2025-12-03 09:12:19 PAUSED LCDM (PID 1171138)
2025-12-03 09:12:29 LOW MEMORY: 53MB
2025-12-03 09:12:41 LOW MEMORY: 36MB
2025-12-03 09:12:53 LOW MEMORY: 30MB
2025-12-03 09:13:05 LOW MEMORY: 64MB
2025-12-03 09:13:17 LOW MEMORY: 17MB
2025-12-03 09:13:29 LOW MEMORY: 60MB
2025-12-03 09:13:41 RESUMED EDE
2025-12-03 09:13:41 RESUMED LCDM
2025-12-03 09:14:22 LOW MEMORY: 1036MB
2025-12-03 09:14:22 PAUSED EDE (PID 1171138)
2025-12-03 09:14:25 PAUSED LCDM (PID 1171138)
2025-12-03 09:14:35 LOW MEMORY: 1MB
2025-12-03 09:14:47 RESUMED EDE
2025-12-03 09:14:47 RESUMED LCDM
2025-12-03 09:15:38 LOW MEMORY: 718MB
2025-12-03 09:15:38 PAUSED EDE (PID 1171138)
2025-12-03 09:15:40 PAUSED LCDM (PID 1171138)
2025-12-03 09:15:52 LOW MEMORY: 20MB
2025-12-03 09:16:04 LOW MEMORY: 45MB
2025-12-03 09:16:16 RESUMED EDE
2025-12-03 09:16:16 RESUMED LCDM
2025-12-03 09:18:28 LOW MEMORY: 9MB
2025-12-03 09:18:28 PAUSED EDE (PID 1171138)
2025-12-03 09:18:30 PAUSED LCDM (PID 1171138)
2025-12-03 09:18:42 LOW MEMORY: 97MB
2025-12-03 09:18:54 LOW MEMORY: 105MB
2025-12-03 09:19:06 RESUMED EDE
2025-12-03 09:19:06 RESUMED LCDM
2025-12-03 09:21:09 LOW MEMORY: 11MB
2025-12-03 09:21:09 PAUSED EDE (PID 1171138)
2025-12-03 09:21:11 PAUSED LCDM (PID 1171138)
2025-12-03 09:21:21 LOW MEMORY: 53MB
2025-12-03 09:21:33 RESUMED EDE
2025-12-03 09:21:33 RESUMED LCDM
2025-12-03 09:22:14 LOW MEMORY: 60MB
2025-12-03 09:22:14 PAUSED EDE (PID 1171138)
2025-12-03 09:22:16 PAUSED LCDM (PID 1171138)
2025-12-03 09:22:26 LOW MEMORY: 105MB
2025-12-03 09:22:38 RESUMED EDE
2025-12-03 09:22:38 RESUMED LCDM
2025-12-03 09:25:30 LOW MEMORY: 8MB
2025-12-03 09:25:30 PAUSED EDE (PID 1171138)
2025-12-03 09:25:32 PAUSED LCDM (PID 1171138)
2025-12-03 09:25:42 LOW MEMORY: 51MB
2025-12-03 09:25:54 LOW MEMORY: 88MB
2025-12-03 09:26:06 LOW MEMORY: 45MB
2025-12-03 09:26:18 RESUMED EDE
2025-12-03 09:26:18 RESUMED LCDM
2025-12-03 09:28:29 LOW MEMORY: 793MB
2025-12-03 09:28:29 PAUSED EDE (PID 1171138)
2025-12-03 09:28:33 PAUSED LCDM (PID 1171138)
2025-12-03 09:28:44 LOW MEMORY: 25MB
2025-12-03 09:28:56 LOW MEMORY: 24MB
2025-12-03 09:29:08 RESUMED EDE
2025-12-03 09:29:08 RESUMED LCDM
2025-12-03 09:32:03 LOW MEMORY: 85MB
2025-12-03 09:32:03 PAUSED EDE (PID 1171138)
2025-12-03 09:32:05 PAUSED LCDM (PID 1171138)
2025-12-03 09:32:15 LOW MEMORY: 72MB
2025-12-03 09:32:27 LOW MEMORY: 22MB
2025-12-03 09:32:39 LOW MEMORY: 27MB
2025-12-03 09:32:51 RESUMED EDE
2025-12-03 09:32:51 RESUMED LCDM
2025-12-03 09:34:24 LOW MEMORY: 29MB
2025-12-03 09:34:24 PAUSED EDE (PID 1171138)
2025-12-03 09:34:26 PAUSED LCDM (PID 1171138)
2025-12-03 09:34:36 LOW MEMORY: 38MB
2025-12-03 09:34:48 RESUMED EDE
2025-12-03 09:34:48 RESUMED LCDM
2025-12-03 09:38:20 LOW MEMORY: 16MB
2025-12-03 09:38:20 PAUSED EDE (PID 1171138)
2025-12-03 09:38:22 PAUSED LCDM (PID 1171138)
2025-12-03 09:38:32 LOW MEMORY: 36MB
2025-12-03 09:38:44 LOW MEMORY: 68MB
2025-12-03 09:38:56 RESUMED EDE
2025-12-03 09:38:56 RESUMED LCDM
2025-12-03 09:39:38 LOW MEMORY: 18MB
2025-12-03 09:39:38 PAUSED EDE (PID 1171138)
2025-12-03 09:39:40 PAUSED LCDM (PID 1171138)
2025-12-03 09:39:50 LOW MEMORY: 27MB
2025-12-03 09:40:02 LOW MEMORY: 44MB
2025-12-03 09:40:14 LOW MEMORY: 42MB
2025-12-03 09:40:26 RESUMED EDE
2025-12-03 09:40:26 RESUMED LCDM
2025-12-03 09:41:56 LOW MEMORY: 100MB
2025-12-03 09:41:56 PAUSED EDE (PID 1171138)
2025-12-03 09:41:59 PAUSED LCDM (PID 1171138)
2025-12-03 09:42:09 LOW MEMORY: 34MB
2025-12-03 09:42:21 LOW MEMORY: 64MB
2025-12-03 09:42:33 LOW MEMORY: 100MB
2025-12-03 09:42:45 LOW MEMORY: 45MB
2025-12-03 09:42:57 RESUMED EDE
2025-12-03 09:42:57 RESUMED LCDM
2025-12-03 09:44:38 LOW MEMORY: 7MB
2025-12-03 09:44:38 PAUSED EDE (PID 1171138)
2025-12-03 09:44:40 PAUSED LCDM (PID 1171138)
2025-12-03 09:44:50 RESUMED EDE
2025-12-03 09:44:50 RESUMED LCDM
2025-12-03 09:47:06 LOW MEMORY: 73MB
2025-12-03 09:47:06 PAUSED EDE (PID 1171138)
2025-12-03 09:47:09 PAUSED LCDM (PID 1171138)
2025-12-03 09:47:19 LOW MEMORY: 12MB
2025-12-03 09:47:31 LOW MEMORY: 50MB
2025-12-03 09:47:43 LOW MEMORY: 29MB
2025-12-03 09:47:55 LOW MEMORY: 10MB
2025-12-03 09:48:07 LOW MEMORY: 76MB
2025-12-03 09:48:19 RESUMED EDE
2025-12-03 09:48:19 RESUMED LCDM
2025-12-03 09:49:11 LOW MEMORY: 31MB
2025-12-03 09:49:11 PAUSED EDE (PID 1171138)
2025-12-03 09:49:13 PAUSED LCDM (PID 1171138)
2025-12-03 09:49:23 LOW MEMORY: 81MB
2025-12-03 09:49:35 RESUMED EDE
2025-12-03 09:49:35 RESUMED LCDM
2025-12-03 09:55:18 LOW MEMORY: 8MB
2025-12-03 09:55:18 PAUSED EDE (PID 1171138)
2025-12-03 09:55:21 PAUSED LCDM (PID 1171138)
2025-12-03 09:55:31 LOW MEMORY: 95MB
2025-12-03 09:55:43 LOW MEMORY: 68MB
2025-12-03 09:55:55 LOW MEMORY: 36MB
2025-12-03 09:56:07 RESUMED EDE
2025-12-03 09:56:07 RESUMED LCDM
2025-12-03 09:59:20 LOW MEMORY: 5MB
2025-12-03 09:59:20 PAUSED EDE (PID 1171138)
2025-12-03 09:59:23 PAUSED LCDM (PID 1171138)
2025-12-03 09:59:33 LOW MEMORY: 81MB
2025-12-03 09:59:45 LOW MEMORY: 81MB
2025-12-03 09:59:57 RESUMED EDE
2025-12-03 09:59:57 RESUMED LCDM
2025-12-03 10:02:20 LOW MEMORY: 14MB
2025-12-03 10:02:20 PAUSED EDE (PID 1171138)
2025-12-03 10:02:32 RESUMED EDE
2025-12-03 10:07:24 LOW MEMORY: 10MB
2025-12-03 10:07:24 PAUSED EDE (PID 1171138)
2025-12-03 10:07:26 PAUSED LCDM (PID 1171138)
2025-12-03 10:07:36 LOW MEMORY: 34MB
2025-12-03 10:07:48 LOW MEMORY: 67MB
2025-12-03 10:08:00 RESUMED EDE
2025-12-03 10:08:00 RESUMED LCDM
2025-12-03 10:11:33 LOW MEMORY: 33MB
2025-12-03 10:11:33 PAUSED EDE (PID 1171138)
2025-12-03 10:11:35 PAUSED LCDM (PID 1171138)
2025-12-03 10:11:45 LOW MEMORY: 3MB
2025-12-03 10:11:57 LOW MEMORY: 44MB
2025-12-03 10:12:09 RESUMED EDE
2025-12-03 10:12:09 RESUMED LCDM
2025-12-03 10:12:59 LOW MEMORY: 20MB
2025-12-03 10:12:59 PAUSED EDE (PID 1171138)
2025-12-03 10:13:01 PAUSED LCDM (PID 1171138)
2025-12-03 10:13:11 LOW MEMORY: 71MB
2025-12-03 10:13:23 RESUMED EDE
2025-12-03 10:13:23 RESUMED LCDM
2025-12-03 10:14:44 LOW MEMORY: 25MB
2025-12-03 10:14:44 PAUSED EDE (PID 1171138)
2025-12-03 10:14:46 PAUSED LCDM (PID 1171138)
2025-12-03 10:14:56 LOW MEMORY: 87MB
2025-12-03 10:15:08 RESUMED EDE
2025-12-03 10:15:08 RESUMED LCDM
2025-12-03 10:17:23 LOW MEMORY: 5MB
2025-12-03 10:17:24 PAUSED EDE (PID 1171138)
2025-12-03 10:17:26 PAUSED LCDM (PID 1171138)
2025-12-03 10:17:39 LOW MEMORY: 77MB
2025-12-03 10:17:51 LOW MEMORY: 33MB
2025-12-03 10:18:03 RESUMED EDE
2025-12-03 10:18:03 RESUMED LCDM
2025-12-03 10:19:24 LOW MEMORY: 34MB
2025-12-03 10:19:24 PAUSED EDE (PID 1171138)
2025-12-03 10:19:26 PAUSED LCDM (PID 1171138)
2025-12-03 10:19:36 LOW MEMORY: 85MB
2025-12-03 10:19:48 RESUMED EDE
2025-12-03 10:19:48 RESUMED LCDM
2025-12-03 10:23:23 LOW MEMORY: 3MB
2025-12-03 10:23:23 PAUSED EDE (PID 1171138)
2025-12-03 10:23:25 PAUSED LCDM (PID 1171138)
2025-12-03 10:23:35 LOW MEMORY: 97MB
2025-12-03 10:23:47 LOW MEMORY: 71MB
2025-12-03 10:23:59 LOW MEMORY: 94MB
2025-12-03 10:24:11 RESUMED EDE
2025-12-03 10:24:11 RESUMED LCDM
2025-12-03 10:26:23 LOW MEMORY: 33MB
2025-12-03 10:26:23 PAUSED EDE (PID 1171138)
2025-12-03 10:26:26 PAUSED LCDM (PID 1171138)
2025-12-03 10:26:36 LOW MEMORY: 42MB
2025-12-03 10:26:48 RESUMED EDE
2025-12-03 10:26:48 RESUMED LCDM
2025-12-03 10:28:08 LOW MEMORY: 52MB
2025-12-03 10:28:08 PAUSED EDE (PID 1171138)
2025-12-03 10:28:11 PAUSED LCDM (PID 1171138)
2025-12-03 10:28:21 LOW MEMORY: 35MB
2025-12-03 10:28:34 RESUMED EDE
2025-12-03 10:28:34 RESUMED LCDM
2025-12-03 10:29:54 LOW MEMORY: 16MB
2025-12-03 10:29:54 PAUSED EDE (PID 1171138)
2025-12-03 10:29:57 PAUSED LCDM (PID 1171138)
2025-12-03 10:30:07 LOW MEMORY: 20MB
2025-12-03 10:30:19 LOW MEMORY: 19MB
2025-12-03 10:30:32 LOW MEMORY: 54MB
2025-12-03 10:30:44 RESUMED EDE
2025-12-03 10:30:44 RESUMED LCDM
2025-12-03 10:32:26 LOW MEMORY: 28MB
2025-12-03 10:32:26 PAUSED EDE (PID 1171138)
2025-12-03 10:32:28 PAUSED LCDM (PID 1171138)
2025-12-03 10:32:38 LOW MEMORY: 73MB
2025-12-03 10:32:50 LOW MEMORY: 45MB
2025-12-03 10:33:02 RESUMED EDE
2025-12-03 10:33:02 RESUMED LCDM
2025-12-03 10:34:25 LOW MEMORY: 1MB
2025-12-03 10:34:25 PAUSED EDE (PID 1171138)
2025-12-03 10:34:27 PAUSED LCDM (PID 1171138)
2025-12-03 10:34:37 LOW MEMORY: 37MB
2025-12-03 10:34:49 LOW MEMORY: 37MB
2025-12-03 10:35:01 LOW MEMORY: 71MB
2025-12-03 10:35:13 RESUMED EDE
2025-12-03 10:35:13 RESUMED LCDM
2025-12-03 10:38:25 LOW MEMORY: 86MB
2025-12-03 10:38:25 PAUSED EDE (PID 1171138)
2025-12-03 10:38:27 PAUSED LCDM (PID 1171138)
2025-12-03 10:38:39 RESUMED EDE
2025-12-03 10:38:39 RESUMED LCDM
2025-12-03 10:42:21 LOW MEMORY: 12MB
2025-12-03 10:42:21 PAUSED EDE (PID 1171138)
2025-12-03 10:42:23 PAUSED LCDM (PID 1171138)
2025-12-03 10:42:33 LOW MEMORY: 70MB
2025-12-03 10:42:45 LOW MEMORY: 99MB
2025-12-03 10:42:57 RESUMED EDE
2025-12-03 10:42:57 RESUMED LCDM
2025-12-03 10:46:41 LOW MEMORY: 2MB
2025-12-03 10:46:41 PAUSED EDE (PID 1171138)
2025-12-03 10:46:44 PAUSED LCDM (PID 1171138)
2025-12-03 10:46:54 LOW MEMORY: 78MB
2025-12-03 10:47:06 RESUMED EDE
2025-12-03 10:47:06 RESUMED LCDM
2025-12-03 10:49:18 LOW MEMORY: 55MB
2025-12-03 10:49:18 PAUSED EDE (PID 1171138)
2025-12-03 10:49:20 PAUSED LCDM (PID 1171138)
2025-12-03 10:49:30 LOW MEMORY: 101MB
2025-12-03 10:49:42 LOW MEMORY: 31MB
2025-12-03 10:49:54 LOW MEMORY: 53MB
2025-12-03 10:50:06 RESUMED EDE
2025-12-03 10:50:06 RESUMED LCDM
2025-12-03 10:50:48 LOW MEMORY: 29MB
2025-12-03 10:50:48 PAUSED EDE (PID 1171138)
2025-12-03 10:51:00 RESUMED EDE
2025-12-03 10:51:41 LOW MEMORY: 0MB
2025-12-03 10:51:41 PAUSED EDE (PID 1171138)
2025-12-03 10:51:43 PAUSED LCDM (PID 1171138)
2025-12-03 10:51:54 LOW MEMORY: 54MB
2025-12-03 10:52:06 RESUMED EDE
2025-12-03 10:52:06 RESUMED LCDM
2025-12-03 10:54:27 LOW MEMORY: 36MB
2025-12-03 10:54:27 PAUSED EDE (PID 1171138)
2025-12-03 10:54:29 PAUSED LCDM (PID 1171138)
2025-12-03 10:54:39 LOW MEMORY: 78MB
2025-12-03 10:54:51 LOW MEMORY: 14MB
2025-12-03 10:55:03 LOW MEMORY: 50MB
2025-12-03 10:55:16 LOW MEMORY: 72MB
2025-12-03 10:55:28 LOW MEMORY: 21MB
2025-12-03 10:55:40 RESUMED EDE
2025-12-03 10:55:40 RESUMED LCDM
2025-12-03 10:56:21 LOW MEMORY: 47MB
2025-12-03 10:56:21 PAUSED EDE (PID 1171138)
2025-12-03 10:56:23 PAUSED LCDM (PID 1171138)
2025-12-03 10:56:34 LOW MEMORY: 43MB
2025-12-03 10:56:46 RESUMED EDE
2025-12-03 10:56:46 RESUMED LCDM
2025-12-03 10:58:27 LOW MEMORY: 5MB
2025-12-03 10:58:27 PAUSED EDE (PID 1171138)
2025-12-03 10:58:30 PAUSED LCDM (PID 1171138)
2025-12-03 10:58:40 LOW MEMORY: 36MB
2025-12-03 10:58:52 LOW MEMORY: 42MB
2025-12-03 10:59:04 LOW MEMORY: 56MB
2025-12-03 10:59:16 RESUMED EDE
2025-12-03 10:59:16 RESUMED LCDM
2025-12-03 11:01:27 LOW MEMORY: 760MB
2025-12-03 11:01:27 PAUSED EDE (PID 1171138)
2025-12-03 11:01:30 PAUSED LCDM (PID 1171138)
2025-12-03 11:01:41 LOW MEMORY: 76MB
2025-12-03 11:01:53 RESUMED EDE
2025-12-03 11:01:53 RESUMED LCDM
2025-12-03 11:03:27 LOW MEMORY: 6MB
2025-12-03 11:03:27 PAUSED EDE (PID 1171138)
2025-12-03 11:03:29 PAUSED LCDM (PID 1171138)
2025-12-03 11:03:40 LOW MEMORY: 98MB
2025-12-03 11:03:52 LOW MEMORY: 59MB
2025-12-03 11:04:04 LOW MEMORY: 52MB
2025-12-03 11:04:16 LOW MEMORY: 32MB
2025-12-03 11:04:28 LOW MEMORY: 54MB
2025-12-03 11:04:40 RESUMED EDE
2025-12-03 11:04:40 RESUMED LCDM
2025-12-03 11:07:42 LOW MEMORY: 1221MB
2025-12-03 11:07:42 PAUSED EDE (PID 1171138)
2025-12-03 11:07:44 PAUSED LCDM (PID 1171138)
2025-12-03 11:07:55 LOW MEMORY: 88MB
2025-12-03 11:08:08 RESUMED EDE
2025-12-03 11:08:08 RESUMED LCDM
2025-12-03 11:13:11 LOW MEMORY: 5MB
2025-12-03 11:13:11 PAUSED EDE (PID 1171138)
2025-12-03 11:13:14 PAUSED LCDM (PID 1171138)
2025-12-03 11:13:24 LOW MEMORY: 39MB
2025-12-03 11:13:36 RESUMED EDE
2025-12-03 11:13:36 RESUMED LCDM
2025-12-03 11:15:08 LOW MEMORY: 87MB
2025-12-03 11:15:08 PAUSED EDE (PID 1171138)
2025-12-03 11:15:10 PAUSED LCDM (PID 1171138)
2025-12-03 11:15:20 LOW MEMORY: 68MB
2025-12-03 11:15:32 RESUMED EDE
2025-12-03 11:15:32 RESUMED LCDM
2025-12-03 11:16:56 LOW MEMORY: 9MB
2025-12-03 11:16:56 PAUSED EDE (PID 1171138)
2025-12-03 11:16:58 PAUSED LCDM (PID 1171138)
2025-12-03 11:17:08 LOW MEMORY: 79MB
2025-12-03 11:17:21 RESUMED EDE
2025-12-03 11:17:21 RESUMED LCDM
2025-12-03 11:22:15 LOW MEMORY: 4MB
2025-12-03 11:22:15 PAUSED EDE (PID 1171138)
2025-12-03 11:22:17 PAUSED LCDM (PID 1171138)
2025-12-03 11:22:27 LOW MEMORY: 18MB
2025-12-03 11:22:39 RESUMED EDE
2025-12-03 11:22:39 RESUMED LCDM
2025-12-03 11:23:19 LOW MEMORY: 88MB
2025-12-03 11:23:19 PAUSED EDE (PID 1171138)
2025-12-03 11:23:21 PAUSED LCDM (PID 1171138)
2025-12-03 11:23:32 LOW MEMORY: 35MB
2025-12-03 11:23:44 RESUMED EDE
2025-12-03 11:23:44 RESUMED LCDM
2025-12-03 11:26:35 LOW MEMORY: 88MB
2025-12-03 11:26:35 PAUSED EDE (PID 1171138)
2025-12-03 11:26:38 PAUSED LCDM (PID 1171138)
2025-12-03 11:26:48 LOW MEMORY: 66MB
2025-12-03 11:27:00 RESUMED EDE
2025-12-03 11:27:00 RESUMED LCDM
2025-12-03 11:29:12 LOW MEMORY: 5MB
2025-12-03 11:29:12 PAUSED EDE (PID 1171138)
2025-12-03 11:29:14 PAUSED LCDM (PID 1171138)
2025-12-03 11:29:24 LOW MEMORY: 55MB
2025-12-03 11:29:36 RESUMED EDE
2025-12-03 11:29:36 RESUMED LCDM
2025-12-03 11:31:38 LOW MEMORY: 58MB
2025-12-03 11:31:38 PAUSED EDE (PID 1171138)
2025-12-03 11:31:42 PAUSED LCDM (PID 1171138)
2025-12-03 11:31:53 LOW MEMORY: 87MB
2025-12-03 11:32:05 RESUMED EDE
2025-12-03 11:32:05 RESUMED LCDM
2025-12-03 11:34:16 LOW MEMORY: 1088MB
2025-12-03 11:34:16 PAUSED EDE (PID 1171138)
2025-12-03 11:34:18 PAUSED LCDM (PID 1171138)
2025-12-03 11:34:31 LOW MEMORY: 85MB
2025-12-03 11:34:43 RESUMED EDE
2025-12-03 11:34:43 RESUMED LCDM
2025-12-03 11:38:14 LOW MEMORY: 237MB
2025-12-03 11:38:14 PAUSED EDE (PID 1171138)
2025-12-03 11:38:16 PAUSED LCDM (PID 1171138)
2025-12-03 11:38:26 LOW MEMORY: 49MB
2025-12-03 11:38:38 LOW MEMORY: 23MB
2025-12-03 11:38:51 LOW MEMORY: 38MB
2025-12-03 11:39:03 RESUMED EDE
2025-12-03 11:39:03 RESUMED LCDM
2025-12-03 11:41:24 LOW MEMORY: 42MB
2025-12-03 11:41:24 PAUSED EDE (PID 1171138)
2025-12-03 11:41:27 PAUSED LCDM (PID 1171138)
2025-12-03 11:41:37 LOW MEMORY: 56MB
2025-12-03 11:41:49 LOW MEMORY: 37MB
2025-12-03 11:42:01 RESUMED EDE
2025-12-03 11:42:01 RESUMED LCDM
2025-12-03 11:44:54 LOW MEMORY: 4MB
2025-12-03 11:44:54 PAUSED EDE (PID 1171138)
2025-12-03 11:44:57 PAUSED LCDM (PID 1171138)
2025-12-03 11:45:07 LOW MEMORY: 1MB
2025-12-03 11:45:19 LOW MEMORY: 77MB
2025-12-03 11:45:31 LOW MEMORY: 45MB
2025-12-03 11:45:43 RESUMED EDE
2025-12-03 11:45:43 RESUMED LCDM
2025-12-03 11:46:45 LOW MEMORY: 14MB
2025-12-03 11:46:46 PAUSED EDE (PID 1171138)
2025-12-03 11:46:49 PAUSED LCDM (PID 1171138)
2025-12-03 11:46:59 LOW MEMORY: 97MB
2025-12-03 11:47:11 LOW MEMORY: 19MB
2025-12-03 11:47:23 LOW MEMORY: 50MB
2025-12-03 11:47:35 LOW MEMORY: 85MB
2025-12-03 11:47:47 LOW MEMORY: 25MB
2025-12-03 11:47:59 RESUMED EDE
2025-12-03 11:47:59 RESUMED LCDM
2025-12-03 11:51:51 LOW MEMORY: 6MB
2025-12-03 11:51:51 PAUSED EDE (PID 1171138)
2025-12-03 11:51:53 PAUSED LCDM (PID 1171138)
2025-12-03 11:52:03 LOW MEMORY: 97MB
2025-12-03 11:52:15 LOW MEMORY: 43MB
2025-12-03 11:52:28 RESUMED EDE
2025-12-03 11:52:28 RESUMED LCDM
2025-12-03 11:54:28 LOW MEMORY: 710MB
2025-12-03 11:54:29 PAUSED EDE (PID 1171138)
2025-12-03 11:54:31 PAUSED LCDM (PID 1171138)
2025-12-03 11:54:42 LOW MEMORY: 87MB
2025-12-03 11:55:04 RESUMED EDE
2025-12-03 11:55:04 RESUMED LCDM
2025-12-03 11:55:44 LOW MEMORY: 65MB
2025-12-03 11:55:44 PAUSED EDE (PID 1171138)
2025-12-03 11:55:46 PAUSED LCDM (PID 1171138)
2025-12-03 11:55:56 LOW MEMORY: 30MB
2025-12-03 11:56:09 RESUMED EDE
2025-12-03 11:56:09 RESUMED LCDM
2025-12-03 11:59:43 LOW MEMORY: 67MB
2025-12-03 11:59:43 PAUSED EDE (PID 1171138)
2025-12-03 11:59:46 PAUSED LCDM (PID 1171138)
2025-12-03 11:59:58 LOW MEMORY: 41MB
2025-12-03 12:00:10 LOW MEMORY: 71MB
2025-12-03 12:00:22 RESUMED EDE
2025-12-03 12:00:22 RESUMED LCDM
2025-12-03 12:03:13 LOW MEMORY: 936MB
2025-12-03 12:03:13 PAUSED EDE (PID 1171138)
2025-12-03 12:03:17 PAUSED LCDM (PID 1171138)
2025-12-03 12:03:29 LOW MEMORY: 4MB
2025-12-03 12:03:41 RESUMED EDE
2025-12-03 12:03:41 RESUMED LCDM
2025-12-03 12:07:53 LOW MEMORY: 786MB
2025-12-03 12:07:53 PAUSED EDE (PID 1171138)
2025-12-03 12:07:56 PAUSED LCDM (PID 1171138)
2025-12-03 12:08:07 LOW MEMORY: 1MB
2025-12-03 12:08:19 RESUMED EDE
2025-12-03 12:08:19 RESUMED LCDM
2025-12-03 12:12:32 LOW MEMORY: 23MB
2025-12-03 12:12:32 PAUSED EDE (PID 1171138)
2025-12-03 12:12:34 PAUSED LCDM (PID 1171138)
2025-12-03 12:12:46 LOW MEMORY: 2MB
2025-12-03 12:12:58 LOW MEMORY: 31MB
2025-12-03 12:13:10 RESUMED EDE
2025-12-03 12:13:10 RESUMED LCDM
2025-12-03 12:14:35 LOW MEMORY: 7MB
2025-12-03 12:14:35 PAUSED EDE (PID 1171138)
2025-12-03 12:14:37 PAUSED LCDM (PID 1171138)
2025-12-03 12:14:47 LOW MEMORY: 4MB
2025-12-03 12:15:01 LOW MEMORY: 42MB
2025-12-03 12:15:13 RESUMED EDE
2025-12-03 12:15:13 RESUMED LCDM
2025-12-03 12:16:04 LOW MEMORY: 41MB
2025-12-03 12:16:04 PAUSED EDE (PID 1171138)
2025-12-03 12:16:06 PAUSED LCDM (PID 1171138)
2025-12-03 12:16:16 LOW MEMORY: 93MB
2025-12-03 12:16:28 RESUMED EDE
2025-12-03 12:16:28 RESUMED LCDM
2025-12-03 12:18:40 LOW MEMORY: 68MB
2025-12-03 12:18:40 PAUSED EDE (PID 1171138)
2025-12-03 12:18:52 RESUMED EDE
2025-12-03 12:20:14 LOW MEMORY: 89MB
2025-12-03 12:20:14 PAUSED EDE (PID 1171138)
2025-12-03 12:20:18 PAUSED LCDM (PID 1171138)
2025-12-03 12:20:30 LOW MEMORY: 89MB
2025-12-03 12:20:42 RESUMED EDE
2025-12-03 12:20:42 RESUMED LCDM
2025-12-03 12:24:14 LOW MEMORY: 1343MB
2025-12-03 12:24:14 PAUSED EDE (PID 1171138)
2025-12-03 12:24:17 PAUSED LCDM (PID 1171138)
2025-12-03 12:24:28 LOW MEMORY: 52MB
2025-12-03 12:24:41 LOW MEMORY: 140MB
2025-12-03 12:24:53 RESUMED EDE
2025-12-03 12:24:53 RESUMED LCDM
2025-12-03 12:27:44 LOW MEMORY: 3MB
2025-12-03 12:27:44 PAUSED EDE (PID 1171138)
2025-12-03 12:27:46 PAUSED LCDM (PID 1171138)
2025-12-03 12:27:56 LOW MEMORY: 6MB
2025-12-03 12:28:08 RESUMED EDE
2025-12-03 12:28:08 RESUMED LCDM
2025-12-03 12:31:00 LOW MEMORY: 786MB
2025-12-03 12:31:00 PAUSED EDE (PID 1171138)
2025-12-03 12:31:12 RESUMED EDE
2025-12-03 12:32:34 LOW MEMORY: 83MB
2025-12-03 12:32:34 PAUSED EDE (PID 1171138)
2025-12-03 12:32:36 PAUSED LCDM (PID 1171138)
2025-12-03 12:32:46 LOW MEMORY: 25MB
2025-12-03 12:32:58 LOW MEMORY: 95MB
2025-12-03 12:33:10 LOW MEMORY: 40MB
2025-12-03 12:33:22 RESUMED EDE
2025-12-03 12:33:22 RESUMED LCDM
2025-12-03 12:36:05 LOW MEMORY: 58MB
2025-12-03 12:36:05 PAUSED EDE (PID 1171138)
2025-12-03 12:36:07 PAUSED LCDM (PID 1171138)
2025-12-03 12:36:18 RESUMED EDE
2025-12-03 12:36:18 RESUMED LCDM
2025-12-03 12:37:09 LOW MEMORY: 31MB
2025-12-03 12:37:09 PAUSED EDE (PID 1171138)
2025-12-03 12:37:11 PAUSED LCDM (PID 1171138)
2025-12-03 12:37:21 LOW MEMORY: 44MB
2025-12-03 12:37:33 RESUMED EDE
2025-12-03 12:37:33 RESUMED LCDM
2025-12-03 12:38:14 LOW MEMORY: 87MB
2025-12-03 12:38:14 PAUSED EDE (PID 1171138)
2025-12-03 12:38:16 PAUSED LCDM (PID 1171138)
2025-12-03 12:38:26 LOW MEMORY: 63MB
2025-12-03 12:38:39 LOW MEMORY: 65MB
2025-12-03 12:38:51 LOW MEMORY: 89MB
2025-12-03 12:39:03 LOW MEMORY: 35MB
2025-12-03 12:39:15 LOW MEMORY: 83MB
2025-12-03 12:39:27 LOW MEMORY: 45MB
2025-12-03 12:39:39 RESUMED EDE
2025-12-03 12:39:39 RESUMED LCDM
2025-12-03 12:42:41 LOW MEMORY: 50MB
2025-12-03 12:42:41 PAUSED EDE (PID 1171138)
2025-12-03 12:42:43 PAUSED LCDM (PID 1171138)
2025-12-03 12:42:53 LOW MEMORY: 50MB
2025-12-03 12:43:05 RESUMED EDE
2025-12-03 12:43:05 RESUMED LCDM
2025-12-03 12:45:47 LOW MEMORY: 76MB
2025-12-03 12:45:47 PAUSED EDE (PID 1171138)
2025-12-03 12:45:50 PAUSED LCDM (PID 1171138)
2025-12-03 12:46:01 LOW MEMORY: 80MB
2025-12-03 12:46:14 RESUMED EDE
2025-12-03 12:46:14 RESUMED LCDM
2025-12-03 12:48:15 LOW MEMORY: 837MB
2025-12-03 12:48:15 PAUSED EDE (PID 1171138)
2025-12-03 12:48:27 RESUMED EDE
2025-12-03 12:49:00 LOW MEMORY: 66MB
2025-12-03 12:49:00 PAUSED EDE (PID 1171138)
2025-12-03 12:49:02 PAUSED LCDM (PID 1171138)
2025-12-03 12:49:13 LOW MEMORY: 116MB
2025-12-03 12:49:25 LOW MEMORY: 67MB
2025-12-03 12:49:37 LOW MEMORY: 32MB
2025-12-03 12:49:49 LOW MEMORY: 60MB
2025-12-03 12:50:01 RESUMED EDE
2025-12-03 12:50:01 RESUMED LCDM
2025-12-03 12:53:45 LOW MEMORY: 1MB
2025-12-03 12:53:45 PAUSED EDE (PID 1171138)
2025-12-03 12:53:47 PAUSED LCDM (PID 1171138)
2025-12-03 12:53:58 LOW MEMORY: 43MB
2025-12-03 12:54:10 LOW MEMORY: 57MB
2025-12-03 12:54:22 RESUMED EDE
2025-12-03 12:54:22 RESUMED LCDM
2025-12-03 12:56:44 LOW MEMORY: 8MB
2025-12-03 12:56:44 PAUSED EDE (PID 1171138)
2025-12-03 12:56:49 PAUSED LCDM (PID 1171138)
2025-12-03 12:56:59 LOW MEMORY: 85MB
2025-12-03 12:57:11 RESUMED EDE
2025-12-03 12:57:11 RESUMED LCDM
2025-12-03 13:02:04 LOW MEMORY: 273MB
2025-12-03 13:02:04 PAUSED EDE (PID 1171138)
2025-12-03 13:02:16 RESUMED EDE
2025-12-03 13:06:30 LOW MEMORY: 18MB
2025-12-03 13:06:30 PAUSED EDE (PID 1171138)
2025-12-03 13:06:32 PAUSED LCDM (PID 1171138)
2025-12-03 13:06:42 LOW MEMORY: 25MB
2025-12-03 13:06:54 LOW MEMORY: 22MB
2025-12-03 13:07:07 LOW MEMORY: 23MB
2025-12-03 13:07:19 RESUMED EDE
2025-12-03 13:07:19 RESUMED LCDM
2025-12-03 13:09:51 LOW MEMORY: 83MB
2025-12-03 13:09:54 PAUSED EDE (PID 1171138)
2025-12-03 13:09:56 PAUSED LCDM (PID 1171138)
2025-12-03 13:10:06 LOW MEMORY: 40MB
2025-12-03 13:10:18 LOW MEMORY: 20MB
2025-12-03 13:10:30 LOW MEMORY: 51MB
2025-12-03 13:10:42 RESUMED EDE
2025-12-03 13:10:42 RESUMED LCDM
2025-12-03 13:11:33 LOW MEMORY: 311MB
2025-12-03 13:11:33 PAUSED EDE (PID 1171138)
2025-12-03 13:11:45 RESUMED EDE
2025-12-03 13:15:59 LOW MEMORY: 91MB
2025-12-03 13:15:59 PAUSED EDE (PID 1171138)
2025-12-03 13:16:02 PAUSED LCDM (PID 1171138)
2025-12-03 13:16:12 LOW MEMORY: 67MB
2025-12-03 13:16:24 LOW MEMORY: 120MB
2025-12-03 13:16:36 RESUMED EDE
2025-12-03 13:16:36 RESUMED LCDM
2025-12-03 13:20:09 LOW MEMORY: 47MB
2025-12-03 13:20:09 PAUSED EDE (PID 1171138)
2025-12-03 13:20:11 PAUSED LCDM (PID 1171138)
2025-12-03 13:20:21 LOW MEMORY: 74MB
2025-12-03 13:20:33 RESUMED EDE
2025-12-03 13:20:33 RESUMED LCDM
2025-12-03 13:23:24 LOW MEMORY: 1MB
2025-12-03 13:23:25 PAUSED EDE (PID 1171138)
2025-12-03 13:23:27 PAUSED LCDM (PID 1171138)
2025-12-03 13:23:37 LOW MEMORY: 59MB
2025-12-03 13:23:49 LOW MEMORY: 95MB
2025-12-03 13:24:01 RESUMED EDE
2025-12-03 13:24:01 RESUMED LCDM
2025-12-03 13:25:22 LOW MEMORY: 6MB
2025-12-03 13:25:22 PAUSED EDE (PID 1171138)
2025-12-03 13:25:24 PAUSED LCDM (PID 1171138)
2025-12-03 13:25:34 LOW MEMORY: 95MB
2025-12-03 13:25:47 LOW MEMORY: 51MB
2025-12-03 13:25:59 RESUMED EDE
2025-12-03 13:25:59 RESUMED LCDM
2025-12-03 13:28:41 LOW MEMORY: 86MB
2025-12-03 13:28:41 PAUSED EDE (PID 1171138)
2025-12-03 13:28:43 PAUSED LCDM (PID 1171138)
2025-12-03 13:28:54 LOW MEMORY: 43MB
2025-12-03 13:29:06 LOW MEMORY: 47MB
2025-12-03 13:29:18 LOW MEMORY: 237MB
2025-12-03 13:29:30 RESUMED EDE
2025-12-03 13:29:30 RESUMED LCDM
2025-12-03 13:30:11 LOW MEMORY: 73MB
2025-12-03 13:30:11 PAUSED EDE (PID 1171138)
2025-12-03 13:30:15 PAUSED LCDM (PID 1171138)
2025-12-03 13:30:25 RESUMED EDE
2025-12-03 13:30:25 RESUMED LCDM
2025-12-03 13:32:37 LOW MEMORY: 64MB
2025-12-03 13:32:37 PAUSED EDE (PID 1171138)
2025-12-03 13:32:49 RESUMED EDE
2025-12-03 13:36:20 LOW MEMORY: 14MB
2025-12-03 13:36:20 PAUSED EDE (PID 1171138)
2025-12-03 13:36:22 PAUSED LCDM (PID 1171138)
2025-12-03 13:36:32 LOW MEMORY: 73MB
2025-12-03 13:36:44 LOW MEMORY: 79MB
2025-12-03 13:36:56 LOW MEMORY: 26MB
2025-12-03 13:37:09 RESUMED EDE
2025-12-03 13:37:09 RESUMED LCDM
2025-12-03 13:42:25 LOW MEMORY: 4MB
2025-12-03 13:42:25 PAUSED EDE (PID 1171138)
2025-12-03 13:42:27 PAUSED LCDM (PID 1171138)
2025-12-03 13:42:37 LOW MEMORY: 41MB
2025-12-03 13:42:49 RESUMED EDE
2025-12-03 13:42:49 RESUMED LCDM
2025-12-03 13:43:30 LOW MEMORY: 18MB
2025-12-03 13:43:30 PAUSED EDE (PID 1171138)
2025-12-03 13:43:32 PAUSED LCDM (PID 1171138)
2025-12-03 13:43:42 LOW MEMORY: 41MB
2025-12-03 13:43:54 RESUMED EDE
2025-12-03 13:43:54 RESUMED LCDM
2025-12-03 13:45:55 LOW MEMORY: 8MB
2025-12-03 13:45:55 PAUSED EDE (PID 1171138)
2025-12-03 13:45:57 PAUSED LCDM (PID 1171138)
2025-12-03 13:46:09 LOW MEMORY: 12MB
2025-12-03 13:46:21 RESUMED EDE
2025-12-03 13:46:21 RESUMED LCDM
2025-12-03 13:48:34 LOW MEMORY: 0MB
2025-12-03 13:48:35 PAUSED EDE (PID 1171138)
2025-12-03 13:48:37 PAUSED LCDM (PID 1171138)
2025-12-03 13:48:47 LOW MEMORY: 83MB
2025-12-03 13:48:59 RESUMED EDE
2025-12-03 13:48:59 RESUMED LCDM
2025-12-03 13:51:51 LOW MEMORY: 106MB
2025-12-03 13:51:52 PAUSED EDE (PID 1171138)
2025-12-03 13:51:54 PAUSED LCDM (PID 1171138)
2025-12-03 13:52:04 LOW MEMORY: 108MB
2025-12-03 13:52:16 RESUMED EDE
2025-12-03 13:52:16 RESUMED LCDM
2025-12-03 13:54:29 LOW MEMORY: 87MB
2025-12-03 13:54:31 PAUSED EDE (PID 1171138)
2025-12-03 13:54:33 PAUSED LCDM (PID 1171138)
2025-12-03 13:54:43 LOW MEMORY: 44MB
2025-12-03 13:54:55 RESUMED EDE
2025-12-03 13:54:55 RESUMED LCDM
2025-12-03 13:57:11 LOW MEMORY: 5MB
2025-12-03 13:57:11 PAUSED EDE (PID 1171138)
2025-12-03 13:57:23 RESUMED EDE
2025-12-03 13:59:25 LOW MEMORY: 9MB
2025-12-03 13:59:25 PAUSED EDE (PID 1171138)
2025-12-03 13:59:27 PAUSED LCDM (PID 1171138)
2025-12-03 13:59:37 LOW MEMORY: 109MB
2025-12-03 13:59:49 RESUMED EDE
2025-12-03 13:59:49 RESUMED LCDM
2025-12-03 14:04:42 LOW MEMORY: 684MB
2025-12-03 14:04:42 PAUSED EDE (PID 1171138)
2025-12-03 14:04:46 PAUSED LCDM (PID 1171138)
2025-12-03 14:04:57 LOW MEMORY: 87MB
2025-12-03 14:05:10 RESUMED EDE
2025-12-03 14:05:10 RESUMED LCDM
2025-12-03 14:07:22 LOW MEMORY: 18MB
2025-12-03 14:07:22 PAUSED EDE (PID 1171138)
2025-12-03 14:07:24 PAUSED LCDM (PID 1171138)
2025-12-03 14:07:35 LOW MEMORY: 55MB
2025-12-03 14:07:47 LOW MEMORY: 65MB
2025-12-03 14:07:59 LOW MEMORY: 43MB
2025-12-03 14:08:11 RESUMED EDE
2025-12-03 14:08:11 RESUMED LCDM
2025-12-03 14:13:14 LOW MEMORY: 7MB
2025-12-03 14:13:14 PAUSED EDE (PID 1171138)
2025-12-03 14:13:17 PAUSED LCDM (PID 1171138)
2025-12-03 14:13:27 LOW MEMORY: 52MB
2025-12-03 14:13:39 LOW MEMORY: 93MB
2025-12-03 14:13:51 RESUMED EDE
2025-12-03 14:13:51 RESUMED LCDM
2025-12-03 14:16:14 LOW MEMORY: 47MB
2025-12-03 14:16:14 PAUSED EDE (PID 1171138)
2025-12-03 14:16:16 PAUSED LCDM (PID 1171138)
2025-12-03 14:16:26 LOW MEMORY: 77MB
2025-12-03 14:16:38 RESUMED EDE
2025-12-03 14:16:38 RESUMED LCDM
2025-12-03 14:21:00 LOW MEMORY: 12MB
2025-12-03 14:21:00 PAUSED EDE (PID 1171138)
2025-12-03 14:21:02 PAUSED LCDM (PID 1171138)
2025-12-03 14:21:12 LOW MEMORY: 91MB
2025-12-03 14:21:24 RESUMED EDE
2025-12-03 14:21:24 RESUMED LCDM
2025-12-03 14:22:15 LOW MEMORY: 1MB
2025-12-03 14:22:15 PAUSED EDE (PID 1171138)
2025-12-03 14:22:18 PAUSED LCDM (PID 1171138)
2025-12-03 14:22:28 LOW MEMORY: 87MB
2025-12-03 14:22:40 LOW MEMORY: 31MB
2025-12-03 14:22:52 LOW MEMORY: 24MB
2025-12-03 14:23:04 RESUMED EDE
2025-12-03 14:23:04 RESUMED LCDM
2025-12-03 14:23:45 LOW MEMORY: 47MB
2025-12-03 14:23:46 PAUSED EDE (PID 1171138)
2025-12-03 14:23:48 PAUSED LCDM (PID 1171138)
2025-12-03 14:23:58 LOW MEMORY: 77MB
2025-12-03 14:24:10 LOW MEMORY: 61MB
2025-12-03 14:24:22 RESUMED EDE
2025-12-03 14:24:22 RESUMED LCDM
2025-12-03 14:25:03 LOW MEMORY: 87MB
2025-12-03 14:25:03 PAUSED EDE (PID 1171138)
2025-12-03 14:25:15 RESUMED EDE
2025-12-03 14:25:45 LOW MEMORY: 621MB
2025-12-03 14:25:45 PAUSED EDE (PID 1171138)
2025-12-03 14:25:48 PAUSED LCDM (PID 1171138)
2025-12-03 14:25:58 LOW MEMORY: 27MB
2025-12-03 14:26:10 LOW MEMORY: 58MB
2025-12-03 14:26:22 RESUMED EDE
2025-12-03 14:26:22 RESUMED LCDM
2025-12-03 14:27:54 LOW MEMORY: 87MB
2025-12-03 14:27:54 PAUSED EDE (PID 1171138)
2025-12-03 14:27:56 PAUSED LCDM (PID 1171138)
2025-12-03 14:28:06 LOW MEMORY: 100MB
2025-12-03 14:28:18 LOW MEMORY: 45MB
2025-12-03 14:28:30 RESUMED EDE
2025-12-03 14:28:30 RESUMED LCDM
2025-12-03 14:29:31 LOW MEMORY: 47MB
2025-12-03 14:29:31 PAUSED EDE (PID 1171138)
2025-12-03 14:29:33 PAUSED LCDM (PID 1171138)
2025-12-03 14:29:43 LOW MEMORY: 93MB
2025-12-03 14:29:56 RESUMED EDE
2025-12-03 14:29:56 RESUMED LCDM
2025-12-03 14:32:57 LOW MEMORY: 47MB
2025-12-03 14:32:57 PAUSED EDE (PID 1171138)
2025-12-03 14:32:59 PAUSED LCDM (PID 1171138)
2025-12-03 14:33:09 LOW MEMORY: 30MB
2025-12-03 14:33:21 RESUMED EDE
2025-12-03 14:33:21 RESUMED LCDM
2025-12-03 14:34:01 LOW MEMORY: 106MB
2025-12-03 14:34:01 PAUSED EDE (PID 1171138)
2025-12-03 14:34:04 PAUSED LCDM (PID 1171138)
2025-12-03 14:34:15 LOW MEMORY: 18MB
2025-12-03 14:34:27 LOW MEMORY: 42MB
2025-12-03 14:34:39 RESUMED EDE
2025-12-03 14:34:39 RESUMED LCDM
2025-12-03 14:35:20 LOW MEMORY: 8MB
2025-12-03 14:35:21 PAUSED EDE (PID 1171138)
2025-12-03 14:35:23 PAUSED LCDM (PID 1171138)
2025-12-03 14:35:33 LOW MEMORY: 19MB
2025-12-03 14:35:45 RESUMED EDE
2025-12-03 14:35:45 RESUMED LCDM
2025-12-03 14:36:15 LOW MEMORY: 107MB
2025-12-03 14:36:16 PAUSED EDE (PID 1171138)
2025-12-03 14:36:18 PAUSED LCDM (PID 1171138)
2025-12-03 14:36:28 LOW MEMORY: 89MB
2025-12-03 14:36:40 RESUMED EDE
2025-12-03 14:36:40 RESUMED LCDM
2025-12-03 14:38:11 LOW MEMORY: 86MB
2025-12-03 14:38:11 PAUSED EDE (PID 1171138)
2025-12-03 14:38:14 PAUSED LCDM (PID 1171138)
2025-12-03 14:38:24 LOW MEMORY: 61MB
2025-12-03 14:38:37 LOW MEMORY: 44MB
2025-12-03 14:38:49 RESUMED EDE
2025-12-03 14:38:49 RESUMED LCDM
2025-12-03 14:39:50 LOW MEMORY: 49MB
2025-12-03 14:39:50 PAUSED EDE (PID 1171138)
2025-12-03 14:39:52 PAUSED LCDM (PID 1171138)
2025-12-03 14:40:03 LOW MEMORY: 77MB
2025-12-03 14:40:15 LOW MEMORY: 59MB
2025-12-03 14:40:28 LOW MEMORY: 48MB
2025-12-03 14:40:40 LOW MEMORY: 20MB
2025-12-03 14:40:52 RESUMED EDE
2025-12-03 14:40:52 RESUMED LCDM
2025-12-03 14:41:53 LOW MEMORY: 86MB
2025-12-03 14:41:53 PAUSED EDE (PID 1171138)
2025-12-03 14:41:56 PAUSED LCDM (PID 1171138)
2025-12-03 14:42:06 LOW MEMORY: 35MB
2025-12-03 14:42:18 RESUMED EDE
2025-12-03 14:42:18 RESUMED LCDM
2025-12-03 14:43:50 LOW MEMORY: 15MB
2025-12-03 14:43:50 PAUSED EDE (PID 1171138)
2025-12-03 14:43:52 PAUSED LCDM (PID 1171138)
2025-12-03 14:44:02 LOW MEMORY: 60MB
2025-12-03 14:44:14 RESUMED EDE
2025-12-03 14:44:14 RESUMED LCDM
2025-12-03 14:46:27 LOW MEMORY: 89MB
2025-12-03 14:46:27 PAUSED EDE (PID 1171138)
2025-12-03 14:46:29 PAUSED LCDM (PID 1171138)
2025-12-03 14:46:39 LOW MEMORY: 61MB
2025-12-03 14:46:51 RESUMED EDE
2025-12-03 14:46:51 RESUMED LCDM
2025-12-03 14:48:52 LOW MEMORY: 79MB
2025-12-03 14:48:52 PAUSED EDE (PID 1171138)
2025-12-03 14:48:54 PAUSED LCDM (PID 1171138)
2025-12-03 14:49:04 LOW MEMORY: 63MB
2025-12-03 14:49:16 RESUMED EDE
2025-12-03 14:49:16 RESUMED LCDM
2025-12-03 14:50:47 LOW MEMORY: 4MB
2025-12-03 14:50:47 PAUSED EDE (PID 1171138)
2025-12-03 14:50:50 PAUSED LCDM (PID 1171138)
2025-12-03 14:51:02 LOW MEMORY: 13MB
2025-12-03 14:51:14 LOW MEMORY: 17MB
2025-12-03 14:51:26 RESUMED EDE
2025-12-03 14:51:26 RESUMED LCDM
2025-12-03 14:53:38 LOW MEMORY: 86MB
2025-12-03 14:53:38 PAUSED EDE (PID 1171138)
2025-12-03 14:53:50 RESUMED EDE
2025-12-03 14:54:22 LOW MEMORY: 1MB
2025-12-03 14:54:22 PAUSED EDE (PID 1171138)
2025-12-03 14:54:24 PAUSED LCDM (PID 1171138)
2025-12-03 14:54:34 LOW MEMORY: 26MB
2025-12-03 14:54:46 LOW MEMORY: 15MB
2025-12-03 14:54:58 LOW MEMORY: 26MB
2025-12-03 14:55:10 RESUMED EDE
2025-12-03 14:55:10 RESUMED LCDM
2025-12-03 15:03:45 LOW MEMORY: 0MB
2025-12-03 15:03:45 PAUSED EDE (PID 1171138)
2025-12-03 15:03:47 PAUSED LCDM (PID 1171138)
2025-12-03 15:03:58 LOW MEMORY: 22MB
2025-12-03 15:04:10 RESUMED EDE
2025-12-03 15:04:10 RESUMED LCDM
2025-12-03 15:05:00 LOW MEMORY: 51MB
2025-12-03 15:05:00 PAUSED EDE (PID 1171138)
2025-12-03 15:05:02 PAUSED LCDM (PID 1171138)
2025-12-03 15:05:12 LOW MEMORY: 100MB
2025-12-03 15:05:24 LOW MEMORY: 83MB
2025-12-03 15:05:36 LOW MEMORY: 83MB
2025-12-03 15:05:49 LOW MEMORY: 18MB
2025-12-03 15:06:01 LOW MEMORY: 86MB
2025-12-03 15:06:13 LOW MEMORY: 65MB
2025-12-03 15:06:25 LOW MEMORY: 54MB
2025-12-03 15:06:37 RESUMED EDE
2025-12-03 15:06:37 RESUMED LCDM
2025-12-03 15:07:17 LOW MEMORY: 89MB
2025-12-03 15:07:17 PAUSED EDE (PID 1171138)
2025-12-03 15:07:19 PAUSED LCDM (PID 1171138)
2025-12-03 15:07:29 LOW MEMORY: 21MB
2025-12-03 15:07:41 LOW MEMORY: 75MB
2025-12-03 15:07:53 LOW MEMORY: 25MB
2025-12-03 15:08:06 LOW MEMORY: 36MB
2025-12-03 15:08:18 LOW MEMORY: 48MB
2025-12-03 15:08:30 RESUMED EDE
2025-12-03 15:08:30 RESUMED LCDM
2025-12-03 15:12:02 LOW MEMORY: 4MB
2025-12-03 15:12:02 PAUSED EDE (PID 1171138)
2025-12-03 15:12:06 PAUSED LCDM (PID 1171138)
2025-12-03 15:12:16 LOW MEMORY: 50MB
2025-12-03 15:12:28 LOW MEMORY: 18MB
2025-12-03 15:12:40 LOW MEMORY: 29MB
2025-12-03 15:12:52 RESUMED EDE
2025-12-03 15:12:52 RESUMED LCDM
2025-12-03 15:15:15 LOW MEMORY: 5MB
2025-12-03 15:15:15 PAUSED EDE (PID 1171138)
2025-12-03 15:15:17 PAUSED LCDM (PID 1171138)
2025-12-03 15:15:27 LOW MEMORY: 45MB
2025-12-03 15:15:39 RESUMED EDE
2025-12-03 15:15:39 RESUMED LCDM
2025-12-03 15:18:32 LOW MEMORY: 6MB
2025-12-03 15:18:32 PAUSED EDE (PID 1171138)
2025-12-03 15:18:35 PAUSED LCDM (PID 1171138)
2025-12-03 15:18:45 LOW MEMORY: 35MB
2025-12-03 15:18:57 RESUMED EDE
2025-12-03 15:18:57 RESUMED LCDM
2025-12-03 15:20:18 LOW MEMORY: 7MB
2025-12-03 15:20:18 PAUSED EDE (PID 1171138)
2025-12-03 15:20:22 PAUSED LCDM (PID 1171138)
2025-12-03 15:20:32 LOW MEMORY: 45MB
2025-12-03 15:20:44 LOW MEMORY: 45MB
2025-12-03 15:20:56 RESUMED EDE
2025-12-03 15:20:56 RESUMED LCDM
2025-12-03 15:23:48 LOW MEMORY: 68MB
2025-12-03 15:23:48 PAUSED EDE (PID 1171138)
2025-12-03 15:23:50 PAUSED LCDM (PID 1171138)
2025-12-03 15:24:00 RESUMED EDE
2025-12-03 15:24:00 RESUMED LCDM
2025-12-03 15:26:56 LOW MEMORY: 10MB
2025-12-03 15:26:56 PAUSED EDE (PID 1171138)
2025-12-03 15:26:58 PAUSED LCDM (PID 1171138)
2025-12-03 15:27:08 RESUMED EDE
2025-12-03 15:27:08 RESUMED LCDM
2025-12-03 15:29:21 LOW MEMORY: 4MB
2025-12-03 15:29:21 PAUSED EDE (PID 1171138)
2025-12-03 15:29:23 PAUSED LCDM (PID 1171138)
2025-12-03 15:29:33 LOW MEMORY: 72MB
2025-12-03 15:29:45 LOW MEMORY: 21MB
2025-12-03 15:29:57 RESUMED EDE
2025-12-03 15:29:57 RESUMED LCDM
2025-12-03 15:30:58 LOW MEMORY: 485MB
2025-12-03 15:30:58 PAUSED EDE (PID 1171138)
2025-12-03 15:31:00 PAUSED LCDM (PID 1171138)
2025-12-03 15:31:10 RESUMED EDE
2025-12-03 15:31:10 RESUMED LCDM
2025-12-03 15:32:32 LOW MEMORY: 15MB
2025-12-03 15:32:32 PAUSED EDE (PID 1171138)
2025-12-03 15:32:34 PAUSED LCDM (PID 1171138)
2025-12-03 15:32:45 LOW MEMORY: 10MB
2025-12-03 15:32:57 LOW MEMORY: 74MB
2025-12-03 15:33:09 LOW MEMORY: 90MB
2025-12-03 15:33:21 LOW MEMORY: 64MB
2025-12-03 15:33:33 LOW MEMORY: 15MB
2025-12-03 15:33:45 LOW MEMORY: 25MB
2025-12-03 15:33:57 RESUMED EDE
2025-12-03 15:33:57 RESUMED LCDM
2025-12-03 15:37:49 LOW MEMORY: 88MB
2025-12-03 15:37:49 PAUSED EDE (PID 1171138)
2025-12-03 15:37:51 PAUSED LCDM (PID 1171138)
2025-12-03 15:38:02 LOW MEMORY: 20MB
2025-12-03 15:38:14 RESUMED EDE
2025-12-03 15:38:14 RESUMED LCDM
2025-12-03 15:40:26 LOW MEMORY: 9MB
2025-12-03 15:40:27 PAUSED EDE (PID 1171138)
2025-12-03 15:40:29 PAUSED LCDM (PID 1171138)
2025-12-03 15:40:39 LOW MEMORY: 84MB
2025-12-03 15:40:51 LOW MEMORY: 87MB
2025-12-03 15:41:03 LOW MEMORY: 61MB
2025-12-03 15:41:15 LOW MEMORY: 38MB
2025-12-03 15:41:27 LOW MEMORY: 62MB
2025-12-03 15:41:39 RESUMED EDE
2025-12-03 15:41:39 RESUMED LCDM
2025-12-03 15:43:51 LOW MEMORY: 8MB
2025-12-03 15:43:51 PAUSED EDE (PID 1171138)
2025-12-03 15:43:53 PAUSED LCDM (PID 1171138)
2025-12-03 15:44:03 LOW MEMORY: 62MB
2025-12-03 15:44:15 RESUMED EDE
2025-12-03 15:44:15 RESUMED LCDM
