[output] Output to be read-from/written-into folder 'chains', with prefix 'tier5_ede_shoes_desi_v2'
[output] Found existing info files with the requested output prefix: 'chains/tier5_ede_shoes_desi_v2'
[output] Let's try to resume/load.
[output] Found an old sample. Resuming.
[prior] *WARNING* External prior 'SZ' loaded. Mind that it might not be normalized!
[classy] `classy` module loaded successfully from /home/ridderadmin/.local/lib/python3.10/site-packages
[planck_2018_highl_plik.ttteee] `clipy` module loaded successfully from /home/ridderadmin/.local/share/cobaya/data/code/planck/clipy/clipy
----
clipy_0.15
Checking likelihood '/home/ridderadmin/.local/share/cobaya/data/data/planck_2018/baseline/plc_3.0/hi_l/plik/plik_rd12_HM_v22b_TTTEEE.clik' on test data. got -1172.47 expected -1172.47 (diff 4.00569e-06)
----
[planck_2018_lensing.clik] `clipy` module loaded successfully from /home/ridderadmin/.local/share/cobaya/data/code/planck/clipy/clipy
----
clipy_0.15
Checking likelihood '/home/ridderadmin/.local/share/cobaya/data/data/planck_2018/baseline/plc_3.0/lensing/smicadx12_Dec5_ftl_mv2_ndclpp_p_teb_consext8.clik_lensing' on test data. got -4.42102
----
[bao.sixdf_2011_bao] Initialized.
[bao.sdss_dr12_consensus_bao] Initialized.
[likelihoods.desi_y1_bao.desi_y1_bao] DESI Y1 BAO: 5 anisotropic + 2 isotropic bins
[shoes_h0] Initialized external likelihood.
[classy] *WARNING* Requesting BB for ell>50 or lensing Cl's: using a non-linear code is recommended (and you are not using any). To activate it, set 'non_linear: halofit|hmcode|...' in classy's 'extra_args'.
[classy] *WARNING* Requesting BB for ell>50 or lensing Cl's: using a non-linear code is recommended (and you are not using any). To activate it, set 'non_linear: halofit|hmcode|...' in classy's 'extra_args'.
[classy] *WARNING* Requesting BB for ell>50 or lensing Cl's: using a non-linear code is recommended (and you are not using any). To activate it, set 'non_linear: halofit|hmcode|...' in classy's 'extra_args'.
[classy] *WARNING* Requesting BB for ell>50 or lensing Cl's: using a non-linear code is recommended (and you are not using any). To activate it, set 'non_linear: halofit|hmcode|...' in classy's 'extra_args'.
[classy] *WARNING* Requesting BB for ell>50 or lensing Cl's: using a non-linear code is recommended (and you are not using any). To activate it, set 'non_linear: halofit|hmcode|...' in classy's 'extra_args'.
[classy] *WARNING* Requesting BB for ell>50 or lensing Cl's: using a non-linear code is recommended (and you are not using any). To activate it, set 'non_linear: halofit|hmcode|...' in classy's 'extra_args'.
[classy] *WARNING* Requesting BB for ell>50 or lensing Cl's: using a non-linear code is recommended (and you are not using any). To activate it, set 'non_linear: halofit|hmcode|...' in classy's 'extra_args'.
[classy] *WARNING* Requesting BB for ell>50 or lensing Cl's: using a non-linear code is recommended (and you are not using any). To activate it, set 'non_linear: halofit|hmcode|...' in classy's 'extra_args'.
[classy] *WARNING* Requesting BB for ell>50 or lensing Cl's: using a non-linear code is recommended (and you are not using any). To activate it, set 'non_linear: halofit|hmcode|...' in classy's 'extra_args'.
[classy] *WARNING* Requesting BB for ell>50 or lensing Cl's: using a non-linear code is recommended (and you are not using any). To activate it, set 'non_linear: halofit|hmcode|...' in classy's 'extra_args'.
[classy] *WARNING* Requesting BB for ell>50 or lensing Cl's: using a non-linear code is recommended (and you are not using any). To activate it, set 'non_linear: halofit|hmcode|...' in classy's 'extra_args'.
[mcmc] Resuming from previous sample!
[samplecollection] Loaded 410 sample points from 'chains/tier5_ede_shoes_desi_v2.1.txt'
[mcmc] Initial point: logA:3.051892, n_s:0.9658244, H0:70.2712, omega_b:0.02293692, omega_cdm:0.1186063, tau_reio:0.05256515, Lambda_EDE_ridder:1.034394, A_planck:1.00791, calib_100T:1.000339, calib_217T:0.9989855, A_cib_217:58.56004, xi_sz_cib:0.5410258, A_sz:7.014118, ksz_norm:3.032524, gal545_A_100:8.556978, gal545_A_143:11.09027, gal545_A_143_217:20.13379, gal545_A_217:90.60409, ps_A_100_100:303.4097, ps_A_143_143:54.78124, ps_A_143_217:47.48831, ps_A_217_217:101.2617, galf_TE_A_100:0.09485986, galf_TE_A_100_143:0.09749865, galf_TE_A_100_217:0.5021042, galf_TE_A_143:0.2336044, galf_TE_A_143_217:0.6934009, galf_TE_A_217:1.867229
[mcmc] *WARNING* Parameter blocking manually/previously fixed: speeds will not be measured.
[mcmc] Oversampling with factors:
[mcmc] * 1 : ['H0']
[mcmc] * 1 : ['logA', 'n_s', 'omega_b', 'omega_cdm', 'tau_reio', 'Lambda_EDE_ridder']
[mcmc] * 4 : ['A_planck']
[mcmc] * 5 : ['calib_100T', 'calib_217T', 'A_cib_217', 'xi_sz_cib', 'A_sz', 'ksz_norm', 'gal545_A_100', 'gal545_A_143', 'gal545_A_143_217', 'gal545_A_217', 'ps_A_100_100', 'ps_A_143_143', 'ps_A_143_217', 'ps_A_217_217', 'galf_TE_A_100', 'galf_TE_A_100_143', 'galf_TE_A_100_217', 'galf_TE_A_143', 'galf_TE_A_143_217', 'galf_TE_A_217']
[mcmc] Covariance matrix from previous sample.
[mcmc] Sampling! (NB: no accepted step will be saved until 50 burn-in samples have been obtained)
[mcmc] Progress @ 2025-12-02 00:06:11 : 1 steps taken -- still burning in, 200 accepted steps left.
[mcmc] Progress @ 2025-12-02 00:07:21 : 11 steps taken -- still burning in, 197 accepted steps left.
DEBUG: Ridder field ENABLED. Lambda = 1.034394e+00
DEBUG: Ridder field ENABLED. Lambda = 1.034394e+00
BG_FUNC: a=3.48e-13 V=1.11e-01 factor_V=2.45e+58 factor_rho=5.62e-56 rho_eV2=2.72e+57 rho_final=1.53e+02
BG_FUNC: a=1.39e-11 V=1.11e-01 factor_V=2.45e+58 factor_rho=5.62e-56 rho_eV2=2.72e+57 rho_final=1.53e+02
BG_FUNC: a=5.57e-10 V=1.11e-01 factor_V=2.45e+58 factor_rho=5.62e-56 rho_eV2=2.72e+57 rho_final=1.53e+02
BG_FUNC: a=2.23e-08 V=1.11e-01 factor_V=2.45e+58 factor_rho=5.62e-56 rho_eV2=2.72e+57 rho_final=1.53e+02
BG_FUNC: a=8.91e-07 V=1.11e-01 factor_V=2.45e+58 factor_rho=5.62e-56 rho_eV2=2.72e+57 rho_final=1.53e+02
BG_FUNC: a=3.57e-05 V=1.11e-01 factor_V=2.45e+58 factor_rho=5.62e-56 rho_eV2=2.72e+57 rho_final=1.53e+02
RIDDER SWITCHING: z_osc = 4674.95, a_osc = 2.138604e-04
RIDDER IC: k=2.336e+00 coeff=1.876e-12 delta_g=-1.633e-03
RIDDER IC: k=2.941e+00 coeff=7.674e-13 delta_g=-1.633e-03
RIDDER IC: k=1.856e+00 coeff=4.746e-12 delta_g=-1.633e-03
DEBUG: Ridder field ENABLED. Lambda = 1.034394e+00
DEBUG: Ridder field ENABLED. Lambda = 1.034394e+00
BG_FUNC: a=5.90e-14 V=1.11e-01 factor_V=2.45e+58 factor_rho=5.62e-56 rho_eV2=2.72e+57 rho_final=1.53e+02
BG_FUNC: a=2.26e-12 V=1.11e-01 factor_V=2.45e+58 factor_rho=5.62e-56 rho_eV2=2.72e+57 rho_final=1.53e+02
BG_FUNC: a=8.97e-11 V=1.11e-01 factor_V=2.45e+58 factor_rho=5.62e-56 rho_eV2=2.72e+57 rho_final=1.53e+02
BG_FUNC: a=3.55e-09 V=1.11e-01 factor_V=2.45e+58 factor_rho=5.62e-56 rho_eV2=2.72e+57 rho_final=1.53e+02
BG_FUNC: a=1.41e-07 V=1.11e-01 factor_V=2.45e+58 factor_rho=5.62e-56 rho_eV2=2.72e+57 rho_final=1.53e+02
BG_FUNC: a=5.58e-06 V=1.11e-01 factor_V=2.45e+58 factor_rho=5.62e-56 rho_eV2=2.72e+57 rho_final=1.53e+02
RIDDER SWITCHING: z_osc = 4670.52, a_osc = 2.140629e-04
DEBUG: Ridder field ENABLED. Lambda = 6.234419e-01
DEBUG: Ridder field ENABLED. Lambda = 6.234419e-01
BG_FUNC: a=1.00e-14 V=1.47e-02 factor_V=2.45e+58 factor_rho=5.62e-56 rho_eV2=3.59e+56 rho_final=2.02e+01
BG_FUNC: a=3.52e-13 V=1.47e-02 factor_V=2.45e+58 factor_rho=5.62e-56 rho_eV2=3.59e+56 rho_final=2.02e+01
BG_FUNC: a=1.41e-11 V=1.47e-02 factor_V=2.45e+58 factor_rho=5.62e-56 rho_eV2=3.59e+56 rho_final=2.02e+01
BG_FUNC: a=5.67e-10 V=1.47e-02 factor_V=2.45e+58 factor_rho=5.62e-56 rho_eV2=3.59e+56 rho_final=2.02e+01
BG_FUNC: a=2.25e-08 V=1.47e-02 factor_V=2.45e+58 factor_rho=5.62e-56 rho_eV2=3.59e+56 rho_final=2.02e+01
BG_FUNC: a=8.98e-07 V=1.47e-02 factor_V=2.45e+58 factor_rho=5.62e-56 rho_eV2=3.59e+56 rho_final=2.02e+01
BG_FUNC: a=3.59e-05 V=1.47e-02 factor_V=2.45e+58 factor_rho=5.62e-56 rho_eV2=3.59e+56 rho_final=2.02e+01
RIDDER SWITCHING: z_osc = 2563.15, a_osc = 3.899926e-04
DEBUG: Ridder field ENABLED. Lambda = 1.021225e+00
DEBUG: Ridder field ENABLED. Lambda = 1.021225e+00
BG_FUNC: a=3.30e-14 V=1.06e-01 factor_V=2.45e+58 factor_rho=5.62e-56 rho_eV2=2.58e+57 rho_final=1.45e+02
BG_FUNC: a=1.25e-12 V=1.06e-01 factor_V=2.45e+58 factor_rho=5.62e-56 rho_eV2=2.58e+57 rho_final=1.45e+02
BG_FUNC: a=4.96e-11 V=1.06e-01 factor_V=2.45e+58 factor_rho=5.62e-56 rho_eV2=2.58e+57 rho_final=1.45e+02
BG_FUNC: a=1.97e-09 V=1.06e-01 factor_V=2.45e+58 factor_rho=5.62e-56 rho_eV2=2.58e+57 rho_final=1.45e+02
BG_FUNC: a=7.80e-08 V=1.06e-01 factor_V=2.45e+58 factor_rho=5.62e-56 rho_eV2=2.58e+57 rho_final=1.45e+02
BG_FUNC: a=3.09e-06 V=1.06e-01 factor_V=2.45e+58 factor_rho=5.62e-56 rho_eV2=2.58e+57 rho_final=1.45e+02
BG_FUNC: a=1.23e-04 V=9.16e-02 factor_V=2.45e+58 factor_rho=5.62e-56 rho_eV2=2.37e+57 rho_final=1.33e+02
RIDDER SWITCHING: z_osc = 4579.28, a_osc = 2.183272e-04
DEBUG: Ridder field ENABLED. Lambda = 7.425702e-01
DEBUG: Ridder field ENABLED. Lambda = 7.425702e-01
BG_FUNC: a=1.93e-13 V=2.95e-02 factor_V=2.45e+58 factor_rho=5.62e-56 rho_eV2=7.22e+56 rho_final=4.06e+01
BG_FUNC: a=7.73e-12 V=2.95e-02 factor_V=2.45e+58 factor_rho=5.62e-56 rho_eV2=7.22e+56 rho_final=4.06e+01
BG_FUNC: a=3.10e-10 V=2.95e-02 factor_V=2.45e+58 factor_rho=5.62e-56 rho_eV2=7.22e+56 rho_final=4.06e+01
BG_FUNC: a=1.24e-08 V=2.95e-02 factor_V=2.45e+58 factor_rho=5.62e-56 rho_eV2=7.22e+56 rho_final=4.06e+01
BG_FUNC: a=5.02e-07 V=2.95e-02 factor_[mcmc] Progress @ 2025-12-02 00:08:23 : 53 steps taken -- still burning in, 186 accepted steps left.
V=2.45e+58 factor_rho=5.62e-56 rho_eV2=7.22e+56 rho_final=4.06e+01
BG_FUNC: a=2.00e-05 V=2.95e-02 factor_V=2.45e+58 factor_rho=5.62e-56 rho_eV2=7.22e+56 rho_final=4.06e+01
RIDDER SWITCHING: z_osc = 3144.31, a_osc = 3.179334e-04
DEBUG: Ridder field ENABLED. Lambda = 1.207461e+00
DEBUG: Ridder field ENABLED. Lambda = 1.207461e+00
BG_FUNC: a=2.27e-14 V=2.06e-01 factor_V=2.45e+58 factor_rho=5.62e-56 rho_eV2=5.05e+57 rho_final=2.84e+02
BG_FUNC: a=8.59e-13 V=2.06e-01 factor_V=2.45e+58 factor_rho=5.62e-56 rho_eV2=5.05e+57 rho_final=2.84e+02
BG_FUNC: a=3.42e-11 V=2.06e-01 factor_V=2.45e+58 factor_rho=5.62e-56 rho_eV2=5.05e+57 rho_final=2.84e+02
BG_FUNC: a=1.37e-09 V=2.06e-01 factor_V=2.45e+58 factor_rho=5.62e-56 rho_eV2=5.05e+57 rho_final=2.84e+02
BG_FUNC: a=5.44e-08 V=2.06e-01 factor_V=2.45e+58 factor_rho=5.62e-56 rho_eV2=5.05e+57 rho_final=2.84e+02
BG_FUNC: a=2.17e-06 V=2.06e-01 factor_V=2.45e+58 factor_rho=5.62e-56 rho_eV2=5.05e+57 rho_final=2.84e+02
BG_FUNC: a=8.62e-05 V=1.92e-01 factor_V=2.45e+58 factor_rho=5.62e-56 rho_eV2=4.83e+57 rho_final=2.71e+02
RIDDER SWITCHING: z_osc = 5604.23, a_osc = 1.784049e-04
DEBUG: Ridder field ENABLED. Lambda = 1.571477e+00
DEBUG: Ridder field ENABLED. Lambda = 1.571477e+00
BG_FUNC: a=1.65e-13 V=5.92e-01 factor_V=2.45e+58 factor_rho=5.62e-56 rho_eV2=1.45e+58 rho_final=8.14e+02
BG_FUNC: a=6.56e-12 V=5.92e-01 factor_V=2.45e+58 factor_rho=5.62e-56 rho_eV2=1.45e+58 rho_final=8.14e+02
BG_FUNC: a=2.63e-10 V=5.92e-01 factor_V=2.45e+58 factor_rho=5.62e-56 rho_eV2=1.45e+58 rho_final=8.14e+02
BG_FUNC: a=1.04e-08 V=5.92e-01 factor_V=2.45e+58 factor_rho=5.62e-56 rho_eV2=1.45e+58 rho_final=8.14e+02
BG_FUNC: a=4.12e-07 V=5.92e-01 factor_V=2.45e+58 factor_rho=5.62e-56 rho_eV2=1.45e+58 rho_final=8.14e+02
BG_FUNC: a=1.63e-05 V=5.92e-01 factor_V=2.45e+58 factor_rho=5.62e-56 rho_eV2=1.45e+58 rho_final=8.14e+02
RIDDER SWITCHING: z_osc = 7469.52, a_osc = 1.338595e-04
DEBUG: Ridder field ENABLED. Lambda = 1.336407e+00
DEBUG: Ridder field ENABLED. Lambda = 1.336407e+00
BG_FUNC: a=4.32e-14 V=3.10e-01 factor_V=2.45e+58 factor_rho=5.62e-56 rho_eV2=7.58e+57 rho_final=4.26e+02
BG_FUNC: a=1.65e-12 V=3.10e-01 factor_V=2.45e+58 factor_rho=5.62e-56 rho_eV2=7.58e+57 rho_final=4.26e+02
BG_FUNC: a=6.59e-11 V=3.10e-01 factor_V=2.45e+58 factor_rho=5.62e-56 rho_eV2=7.58e+57 rho_final=4.26e+02
BG_FUNC: a=2.60e-09 V=3.10e-01 factor_V=2.45e+58 factor_rho=5.62e-56 rho_eV2=7.58e+57 rho_final=4.26e+02
BG_FUNC: a=1.03e-07 V=3.10e-01 factor_V=2.45e+58 factor_rho=5.62e-56 rho_eV2=7.58e+57 rho_final=4.26e+02
BG_FUNC: a=4.10e-06 V=3.10e-01 factor_V=2.45e+58 factor_rho=5.62e-56 rho_eV2=7.58e+57 rho_final=4.26e+02
BG_FUNC: a=1.58e-04 V=1.17e-01 factor_V=2.45e+58 factor_rho=5.62e-56 rho_eV2=4.21e+57 rho_final=2.36e+02
RIDDER SWITCHING: z_osc = 6208.74, a_osc = 1.610375e-04
DEBUG: Ridder field ENABLED. Lambda = 9.486218e-01
DEBUG: Ridder field ENABLED. Lambda = 9.486218e-01
BG_FUNC: a=3.45e-13 V=7.87e-02 factor_V=2.45e+58 factor_rho=5.62e-56 rho_eV2=1.92e+57 rho_final=1.08e+02
BG_FUNC: a=1.36e-11 V=7.87e-02 factor_V=2.45e+58 factor_rho=5.62e-56 rho_eV2=1.92e+57 rho_final=1.08e+02
BG_FUNC: a=5.39e-10 V=7.87e-02 factor_V=2.45e+58 factor_rho=5.62e-56 rho_eV2=1.92e+57 rho_final=1.08e+02
BG_FUNC: a=2.14e-08 V=7.87e-02 factor_V=2.45e+58 factor_rho=5.62e-56 rho_eV2=1.92e+57 rho_final=1.08e+02
BG_FUNC: a=8.51e-07 V=7.87e-02 factor_V=2.45e+58 factor_rho=5.62e-56 rho_eV2=1.92e+57 rho_final=1.08e+02
BG_FUNC: a=3.38e-05 V=7.86e-02 factor_V=2.45e+58 factor_rho=5.62e-56 rho_eV2=1.92e+57 rho_final=1.08e+02
RIDDER SWITCHING: z_osc = 4213.81, a_osc = 2.372587e-04
DEBUG: Ridder field ENABLED. Lambda = 1.034439e+00
DEBUG: Ridder field ENABLED. Lambda = 1.034439e+00
BG_FUNC: a=5.03e-14 V=1.11e-01 factor_V=2.45e+58 factor_rho=5.62e-56 rho_eV2=2.72e+57 rho_final=1.53e+02
BG_FUNC: a=1.92e-12 V=1.11e-01 factor_V=2.45e+58 factor_rho=5.62e-56 rho_eV2=2.72e+57 rho_final=1.53e+02
BG_FUNC: a=7.62e-11 V=1.11e-01 factor_V=2.45e+58 factor_rho=5.62e-56 rho_eV2=2.72e+57 rho_final=1.53e+02
BG_FUNC: a=3.02e-09 V=1.11e-01 factor_V=2.45e+58 factor_rho=5.62e-56 rho_eV2=2.72e+57 rho[mcmc] Progress @ 2025-12-02 00:09:29 : 117 steps taken -- still burning in, 173 accepted steps left.
_final=1.53e+02
BG_FUNC: a=1.20e-07 V=1.11e-01 factor_V=2.45e+58 factor_rho=5.62e-56 rho_eV2=2.72e+57 rho_final=1.53e+02
BG_FUNC: a=4.78e-06 V=1.11e-01 factor_V=2.45e+58 factor_rho=5.62e-56 rho_eV2=2.72e+57 rho_final=1.53e+02
BG_FUNC: a=1.84e-04 V=5.84e-02 factor_V=2.45e+58 factor_rho=5.62e-56 rho_eV2=1.84e+57 rho_final=1.03e+02
RIDDER SWITCHING: z_osc = 4675.13, a_osc = 2.138519e-04
DEBUG: Ridder field ENABLED. Lambda = 1.076849e+00
DEBUG: Ridder field ENABLED. Lambda = 1.076849e+00
BG_FUNC: a=3.00e-13 V=1.31e-01 factor_V=2.45e+58 factor_rho=5.62e-56 rho_eV2=3.19e+57 rho_final=1.80e+02
BG_FUNC: a=1.19e-11 V=1.31e-01 factor_V=2.45e+58 factor_rho=5.62e-56 rho_eV2=3.19e+57 rho_final=1.80e+02
BG_FUNC: a=4.71e-10 V=1.31e-01 factor_V=2.45e+58 factor_rho=5.62e-56 rho_eV2=3.19e+57 rho_final=1.80e+02
BG_FUNC: a=1.87e-08 V=1.31e-01 factor_V=2.45e+58 factor_rho=5.62e-56 rho_eV2=3.19e+57 rho_final=1.80e+02
BG_FUNC: a=7.42e-07 V=1.31e-01 factor_V=2.45e+58 factor_rho=5.62e-56 rho_eV2=3.19e+57 rho_final=1.80e+02
BG_FUNC: a=2.94e-05 V=1.31e-01 factor_V=2.45e+58 factor_rho=5.62e-56 rho_eV2=3.19e+57 rho_final=1.79e+02
RIDDER SWITCHING: z_osc = 4893.75, a_osc = 2.043004e-04
DEBUG: Ridder field ENABLED. Lambda = 1.034394e+00
DEBUG: Ridder field ENABLED. Lambda = 1.034394e+00
BG_FUNC: a=5.10e-14 V=1.11e-01 factor_V=2.45e+58 factor_rho=5.62e-56 rho_eV2=2.72e+57 rho_final=1.53e+02
BG_FUNC: a=1.96e-12 V=1.11e-01 factor_V=2.45e+58 factor_rho=5.62e-56 rho_eV2=2.72e+57 rho_final=1.53e+02
BG_FUNC: a=7.81e-11 V=1.11e-01 factor_V=2.45e+58 factor_rho=5.62e-56 rho_eV2=2.72e+57 rho_final=1.53e+02
BG_FUNC: a=3.11e-09 V=1.11e-01 factor_V=2.45e+58 factor_rho=5.62e-56 rho_eV2=2.72e+57 rho_final=1.53e+02
BG_FUNC: a=1.24e-07 V=1.11e-01 factor_V=2.45e+58 factor_rho=5.62e-56 rho_eV2=2.72e+57 rho_final=1.53e+02
BG_FUNC: a=4.95e-06 V=1.11e-01 factor_V=2.45e+58 factor_rho=5.62e-56 rho_eV2=2.72e+57 rho_final=1.53e+02
BG_FUNC: a=1.95e-04 V=5.11e-02 factor_V=2.45e+58 factor_rho=5.62e-56 rho_eV2=1.69e+57 rho_final=9.52e+01
RIDDER SWITCHING: z_osc = 4661.48, a_osc = 2.144780e-04
DEBUG: Ridder field ENABLED. Lambda = 9.059886e-01
DEBUG: Ridder field ENABLED. Lambda = 9.059886e-01
BG_FUNC: a=3.16e-13 V=6.54e-02 factor_V=2.45e+58 factor_rho=5.62e-56 rho_eV2=1.60e+57 rho_final=9.00e+01
BG_FUNC: a=1.27e-11 V=6.54e-02 factor_V=2.45e+58 factor_rho=5.62e-56 rho_eV2=1.60e+57 rho_final=9.00e+01
BG_FUNC: a=5.08e-10 V=6.54e-02 factor_V=2.45e+58 factor_rho=5.62e-56 rho_eV2=1.60e+57 rho_final=9.00e+01
BG_FUNC: a=2.03e-08 V=6.54e-02 factor_V=2.45e+58 factor_rho=5.62e-56 rho_eV2=1.60e+57 rho_final=9.00e+01
BG_FUNC: a=8.15e-07 V=6.54e-02 factor_V=2.45e+58 factor_rho=5.62e-56 rho_eV2=1.60e+57 rho_final=9.00e+01
BG_FUNC: a=3.27e-05 V=6.54e-02 factor_V=2.45e+58 factor_rho=5.62e-56 rho_eV2=1.60e+57 rho_final=8.99e+01
RIDDER SWITCHING: z_osc = 4005.99, a_osc = 2.495637e-04
DEBUG: Ridder field ENABLED. Lambda = 9.991775e-01
DEBUG: Ridder field ENABLED. Lambda = 9.991775e-01
BG_FUNC: a=4.64e-14 V=9.68e-02 factor_V=2.45e+58 factor_rho=5.62e-56 rho_eV2=2.37e+57 rho_final=1.33e+02
BG_FUNC: a=1.77e-12 V=9.68e-02 factor_V=2.45e+58 factor_rho=5.62e-56 rho_eV2=2.37e+57 rho_final=1.33e+02
BG_FUNC: a=7.02e-11 V=9.68e-02 factor_V=2.45e+58 factor_rho=5.62e-56 rho_eV2=2.37e+57 rho_final=1.33e+02
BG_FUNC: a=2.79e-09 V=9.68e-02 factor_V=2.45e+58 factor_rho=5.62e-56 rho_eV2=2.37e+57 rho_final=1.33e+02
BG_FUNC: a=1.11e-07 V=9.68e-02 factor_V=2.45e+58 factor_rho=5.62e-56 rho_eV2=2.37e+57 rho_final=1.33e+02
BG_FUNC: a=4.39e-06 V=9.68e-02 factor_V=2.45e+58 factor_rho=5.62e-56 rho_eV2=2.37e+57 rho_final=1.33e+02
BG_FUNC: a=1.72e-04 V=6.17e-02 factor_V=2.45e+58 factor_rho=5.62e-56 rho_eV2=1.80e+57 rho_final=1.01e+02
RIDDER SWITCHING: z_osc = 4500.63, a_osc = 2.221415e-04
DEBUG: Ridder field ENABLED. Lambda = 1.162423e+00
DEBUG: Ridder field ENABLED. Lambda = 1.162423e+00
BG_FUNC: a=2.67e-13 V=1.77e-01 factor_V=2.45e+58 factor_rho=5.62e-56 rho_eV2=4.34e+57 rho_final=2.44e+02
BG_FUNC: a=1.07e-11 V=1.77e-01 factor_V=2.45e+58 factor_rho=5.62e-56 rho_eV2=4.34e+57 rho_final=2.44e+02
BG_FUNC: a=4.31e-10 V=1.77e-01 fact[mcmc] Progress @ 2025-12-02 00:10:33 : 238 steps taken -- still burning in, 149 accepted steps left.
or_V=2.45e+58 factor_rho=5.62e-56 rho_eV2=4.34e+57 rho_final=2.44e+02
BG_FUNC: a=1.73e-08 V=1.77e-01 factor_V=2.45e+58 factor_rho=5.62e-56 rho_eV2=4.34e+57 rho_final=2.44e+02
BG_FUNC: a=6.95e-07 V=1.77e-01 factor_V=2.45e+58 factor_rho=5.62e-56 rho_eV2=4.34e+57 rho_final=2.44e+02
BG_FUNC: a=2.79e-05 V=1.77e-01 factor_V=2.45e+58 factor_rho=5.62e-56 rho_eV2=4.33e+57 rho_final=2.44e+02
RIDDER SWITCHING: z_osc = 5330.80, a_osc = 1.875538e-04
DEBUG: Ridder field ENABLED. Lambda = 9.193514e-01
DEBUG: Ridder field ENABLED. Lambda = 9.193514e-01
BG_FUNC: a=5.28e-14 V=6.94e-02 factor_V=2.45e+58 factor_rho=5.62e-56 rho_eV2=1.70e+57 rho_final=9.54e+01
BG_FUNC: a=2.01e-12 V=6.94e-02 factor_V=2.45e+58 factor_rho=5.62e-56 rho_eV2=1.70e+57 rho_final=9.54e+01
BG_FUNC: a=7.96e-11 V=6.94e-02 factor_V=2.45e+58 factor_rho=5.62e-56 rho_eV2=1.70e+57 rho_final=9.54e+01
BG_FUNC: a=3.15e-09 V=6.94e-02 factor_V=2.45e+58 factor_rho=5.62e-56 rho_eV2=1.70e+57 rho_final=9.54e+01
BG_FUNC: a=1.25e-07 V=6.94e-02 factor_V=2.45e+58 factor_rho=5.62e-56 rho_eV2=1.70e+57 rho_final=9.54e+01
BG_FUNC: a=4.95e-06 V=6.94e-02 factor_V=2.45e+58 factor_rho=5.62e-56 rho_eV2=1.70e+57 rho_final=9.54e+01
BG_FUNC: a=1.94e-04 V=4.22e-02 factor_V=2.45e+58 factor_rho=5.62e-56 rho_eV2=1.25e+57 rho_final=7.03e+01
RIDDER SWITCHING: z_osc = 4104.65, a_osc = 2.435666e-04
DEBUG: Ridder field ENABLED. Lambda = 1.308495e+00
DEBUG: Ridder field ENABLED. Lambda = 1.308495e+00
BG_FUNC: a=2.75e-13 V=2.85e-01 factor_V=2.45e+58 factor_rho=5.62e-56 rho_eV2=6.96e+57 rho_final=3.91e+02
BG_FUNC: a=1.10e-11 V=2.85e-01 factor_V=2.45e+58 factor_rho=5.62e-56 rho_eV2=6.96e+57 rho_final=3.91e+02
BG_FUNC: a=4.40e-10 V=2.85e-01 factor_V=2.45e+58 factor_rho=5.62e-56 rho_eV2=6.96e+57 rho_final=3.91e+02
BG_FUNC: a=1.76e-08 V=2.85e-01 factor_V=2.45e+58 factor_rho=5.62e-56 rho_eV2=6.96e+57 rho_final=3.91e+02
BG_FUNC: a=7.09e-07 V=2.85e-01 factor_V=2.45e+58 factor_rho=5.62e-56 rho_eV2=6.96e+57 rho_final=3.91e+02
BG_FUNC: a=2.81e-05 V=2.84e-01 factor_V=2.45e+58 factor_rho=5.62e-56 rho_eV2=6.96e+57 rho_final=3.91e+02
RIDDER SWITCHING: z_osc = 6112.24, a_osc = 1.635794e-04
DEBUG: Ridder field ENABLED. Lambda = 1.034394e+00
DEBUG: Ridder field ENABLED. Lambda = 1.034394e+00
BG_FUNC: a=6.07e-14 V=1.11e-01 factor_V=2.45e+58 factor_rho=5.62e-56 rho_eV2=2.72e+57 rho_final=1.53e+02
BG_FUNC: a=2.33e-12 V=1.11e-01 factor_V=2.45e+58 factor_rho=5.62e-56 rho_eV2=2.72e+57 rho_final=1.53e+02
BG_FUNC: a=9.25e-11 V=1.11e-01 factor_V=2.45e+58 factor_rho=5.62e-56 rho_eV2=2.72e+57 rho_final=1.53e+02
BG_FUNC: a=3.67e-09 V=1.11e-01 factor_V=2.45e+58 factor_rho=5.62e-56 rho_eV2=2.72e+57 rho_final=1.53e+02
BG_FUNC: a=1.46e-07 V=1.11e-01 factor_V=2.45e+58 factor_rho=5.62e-56 rho_eV2=2.72e+57 rho_final=1.53e+02
BG_FUNC: a=5.79e-06 V=1.11e-01 factor_V=2.45e+58 factor_rho=5.62e-56 rho_eV2=2.72e+57 rho_final=1.53e+02
RIDDER SWITCHING: z_osc = 4671.53, a_osc = 2.140167e-04
DEBUG: Ridder field ENABLED. Lambda = 1.001313e+00
DEBUG: Ridder field ENABLED. Lambda = 1.001313e+00
BG_FUNC: a=1.00e-14 V=9.77e-02 factor_V=2.45e+58 factor_rho=5.62e-56 rho_eV2=2.39e+57 rho_final=1.34e+02
BG_FUNC: a=3.66e-13 V=9.77e-02 factor_V=2.45e+58 factor_rho=5.62e-56 rho_eV2=2.39e+57 rho_final=1.34e+02
BG_FUNC: a=1.45e-11 V=9.77e-02 factor_V=2.45e+58 factor_rho=5.62e-56 rho_eV2=2.39e+57 rho_final=1.34e+02
BG_FUNC: a=5.76e-10 V=9.77e-02 factor_V=2.45e+58 factor_rho=5.62e-56 rho_eV2=2.39e+57 rho_final=1.34e+02
BG_FUNC: a=2.30e-08 V=9.77e-02 factor_V=2.45e+58 factor_rho=5.62e-56 rho_eV2=2.39e+57 rho_final=1.34e+02
BG_FUNC: a=9.04e-07 V=9.77e-02 factor_V=2.45e+58 factor_rho=5.62e-56 rho_eV2=2.39e+57 rho_final=1.34e+02
BG_FUNC: a=3.61e-05 V=9.75e-02 factor_V=2.45e+58 factor_rho=5.62e-56 rho_eV2=2.39e+57 rho_final=1.34e+02
RIDDER SWITCHING: z_osc = 4502.28, a_osc = 2.220605e-04
DEBUG: Ridder field ENABLED. Lambda = 1.910361e+00
DEBUG: Ridder field ENABLED. Lambda = 1.910361e+00
BG_FUNC: a=5.63e-14 V=1.29e+00 factor_V=2.45e+58 factor_rho=5.62e-56 rho_eV2=3.16e+58 rho_final=1.78e+03
BG_FUNC: a=2.13e-12 V=1.29e+00 factor_V=2.45e+58 factor_rho=5.62e-56 rho_eV2=3.16e+58 [mcmc] Progress @ 2025-12-02 00:11:37 : 332 steps taken -- still burning in, 129 accepted steps left.
rho_final=1.78e+03
BG_FUNC: a=8.36e-11 V=1.29e+00 factor_V=2.45e+58 factor_rho=5.62e-56 rho_eV2=3.16e+58 rho_final=1.78e+03
BG_FUNC: a=3.31e-09 V=1.29e+00 factor_V=2.45e+58 factor_rho=5.62e-56 rho_eV2=3.16e+58 rho_final=1.78e+03
BG_FUNC: a=1.29e-07 V=1.29e+00 factor_V=2.45e+58 factor_rho=5.62e-56 rho_eV2=3.16e+58 rho_final=1.78e+03
BG_FUNC: a=5.01e-06 V=1.29e+00 factor_V=2.45e+58 factor_rho=5.62e-56 rho_eV2=3.16e+58 rho_final=1.78e+03
RIDDER SWITCHING: z_osc = 9293.89, a_osc = 1.075860e-04
DEBUG: Ridder field ENABLED. Lambda = 9.712370e-01
DEBUG: Ridder field ENABLED. Lambda = 9.712370e-01
BG_FUNC: a=1.65e-14 V=8.64e-02 factor_V=2.45e+58 factor_rho=5.62e-56 rho_eV2=2.11e+57 rho_final=1.19e+02
BG_FUNC: a=6.19e-13 V=8.64e-02 factor_V=2.45e+58 factor_rho=5.62e-56 rho_eV2=2.11e+57 rho_final=1.19e+02
BG_FUNC: a=2.48e-11 V=8.64e-02 factor_V=2.45e+58 factor_rho=5.62e-56 rho_eV2=2.11e+57 rho_final=1.19e+02
BG_FUNC: a=9.74e-10 V=8.64e-02 factor_V=2.45e+58 factor_rho=5.62e-56 rho_eV2=2.11e+57 rho_final=1.19e+02
BG_FUNC: a=3.87e-08 V=8.64e-02 factor_V=2.45e+58 factor_rho=5.62e-56 rho_eV2=2.11e+57 rho_final=1.19e+02
BG_FUNC: a=1.53e-06 V=8.64e-02 factor_V=2.45e+58 factor_rho=5.62e-56 rho_eV2=2.11e+57 rho_final=1.19e+02
BG_FUNC: a=6.06e-05 V=8.58e-02 factor_V=2.45e+58 factor_rho=5.62e-56 rho_eV2=2.10e+57 rho_final=1.18e+02
RIDDER SWITCHING: z_osc = 4302.80, a_osc = 2.323529e-04
DEBUG: Ridder field ENABLED. Lambda = 7.290478e-01
DEBUG: Ridder field ENABLED. Lambda = 7.290478e-01
BG_FUNC: a=9.19e-14 V=2.74e-02 factor_V=2.45e+58 factor_rho=5.62e-56 rho_eV2=6.71e+56 rho_final=3.77e+01
BG_FUNC: a=3.56e-12 V=2.74e-02 factor_V=2.45e+58 factor_rho=5.62e-56 rho_eV2=6.71e+56 rho_final=3.77e+01
BG_FUNC: a=1.42e-10 V=2.74e-02 factor_V=2.45e+58 factor_rho=5.62e-56 rho_eV2=6.71e+56 rho_final=3.77e+01
BG_FUNC: a=5.68e-09 V=2.74e-02 factor_V=2.45e+58 factor_rho=5.62e-56 rho_eV2=6.71e+56 rho_final=3.77e+01
BG_FUNC: a=2.29e-07 V=2.74e-02 factor_V=2.45e+58 factor_rho=5.62e-56 rho_eV2=6.71e+56 rho_final=3.77e+01
BG_FUNC: a=9.04e-06 V=2.74e-02 factor_V=2.45e+58 factor_rho=5.62e-56 rho_eV2=6.71e+56 rho_final=3.77e+01
RIDDER SWITCHING: z_osc = 3094.93, a_osc = 3.230052e-04
DEBUG: Ridder field ENABLED. Lambda = 1.034394e+00
DEBUG: Ridder field ENABLED. Lambda = 1.034394e+00
BG_FUNC: a=1.03e-14 V=1.11e-01 factor_V=2.45e+58 factor_rho=5.62e-56 rho_eV2=2.72e+57 rho_final=1.53e+02
BG_FUNC: a=3.82e-13 V=1.11e-01 factor_V=2.45e+58 factor_rho=5.62e-56 rho_eV2=2.72e+57 rho_final=1.53e+02
BG_FUNC: a=1.53e-11 V=1.11e-01 factor_V=2.45e+58 factor_rho=5.62e-56 rho_eV2=2.72e+57 rho_final=1.53e+02
BG_FUNC: a=6.11e-10 V=1.11e-01 factor_V=2.45e+58 factor_rho=5.62e-56 rho_eV2=2.72e+57 rho_final=1.53e+02
BG_FUNC: a=2.45e-08 V=1.11e-01 factor_V=2.45e+58 factor_rho=5.62e-56 rho_eV2=2.72e+57 rho_final=1.53e+02
BG_FUNC: a=9.79e-07 V=1.11e-01 factor_V=2.45e+58 factor_rho=5.62e-56 rho_eV2=2.72e+57 rho_final=1.53e+02
BG_FUNC: a=3.91e-05 V=1.11e-01 factor_V=2.45e+58 factor_rho=5.62e-56 rho_eV2=2.72e+57 rho_final=1.53e+02
RIDDER SWITCHING: z_osc = 4674.95, a_osc = 2.138604e-04
DEBUG: Ridder field ENABLED. Lambda = 9.369581e-01
DEBUG: Ridder field ENABLED. Lambda = 9.369581e-01
BG_FUNC: a=6.45e-14 V=7.49e-02 factor_V=2.45e+58 factor_rho=5.62e-56 rho_eV2=1.83e+57 rho_final=1.03e+02
BG_FUNC: a=2.47e-12 V=7.49e-02 factor_V=2.45e+58 factor_rho=5.62e-56 rho_eV2=1.83e+57 rho_final=1.03e+02
BG_FUNC: a=9.80e-11 V=7.49e-02 factor_V=2.45e+58 factor_rho=5.62e-56 rho_eV2=1.83e+57 rho_final=1.03e+02
BG_FUNC: a=3.88e-09 V=7.49e-02 factor_V=2.45e+58 factor_rho=5.62e-56 rho_eV2=1.83e+57 rho_final=1.03e+02
BG_FUNC: a=1.54e-07 V=7.49e-02 factor_V=2.45e+58 factor_rho=5.62e-56 rho_eV2=1.83e+57 rho_final=1.03e+02
BG_FUNC: a=6.11e-06 V=7.49e-02 factor_V=2.45e+58 factor_rho=5.62e-56 rho_eV2=1.83e+57 rho_final=1.03e+02
BG_FUNC: a=2.38e-04 V=2.63e-02 factor_V=2.45e+58 factor_rho=5.62e-56 rho_eV2=9.66e+56 rho_final=5.43e+01
RIDDER SWITCHING: z_osc = 4129.94, a_osc = 2.420758e-04
DEBUG: Ridder field ENABLED. Lambda = 6.658061e-01
DEBUG: Ridder field ENABLED. Lambda = 6.658061e-01
BG_FUNC: a=3.45e-13 V=1.91e-02 f[mcmc] Progress @ 2025-12-02 00:12:40 : 424 steps taken -- still burning in, 113 accepted steps left.
actor_V=2.45e+58 factor_rho=5.62e-56 rho_eV2=4.67e+56 rho_final=2.62e+01
BG_FUNC: a=1.37e-11 V=1.91e-02 factor_V=2.45e+58 factor_rho=5.62e-56 rho_eV2=4.67e+56 rho_final=2.62e+01
BG_FUNC: a=5.41e-10 V=1.91e-02 factor_V=2.45e+58 factor_rho=5.62e-56 rho_eV2=4.67e+56 rho_final=2.62e+01
BG_FUNC: a=2.15e-08 V=1.91e-02 factor_V=2.45e+58 factor_rho=5.62e-56 rho_eV2=4.67e+56 rho_final=2.62e+01
BG_FUNC: a=8.51e-07 V=1.91e-02 factor_V=2.45e+58 factor_rho=5.62e-56 rho_eV2=4.67e+56 rho_final=2.62e+01
BG_FUNC: a=3.37e-05 V=1.91e-02 factor_V=2.45e+58 factor_rho=5.62e-56 rho_eV2=4.67e+56 rho_final=2.62e+01
RIDDER SWITCHING: z_osc = 2771.87, a_osc = 3.606374e-04
DEBUG: Ridder field ENABLED. Lambda = 1.011425e+00
DEBUG: Ridder field ENABLED. Lambda = 1.011425e+00
BG_FUNC: a=3.33e-14 V=1.02e-01 factor_V=2.45e+58 factor_rho=5.62e-56 rho_eV2=2.49e+57 rho_final=1.40e+02
BG_FUNC: a=1.26e-12 V=1.02e-01 factor_V=2.45e+58 factor_rho=5.62e-56 rho_eV2=2.49e+57 rho_final=1.40e+02
BG_FUNC: a=4.99e-11 V=1.02e-01 factor_V=2.45e+58 factor_rho=5.62e-56 rho_eV2=2.49e+57 rho_final=1.40e+02
BG_FUNC: a=1.98e-09 V=1.02e-01 factor_V=2.45e+58 factor_rho=5.62e-56 rho_eV2=2.49e+57 rho_final=1.40e+02
BG_FUNC: a=7.84e-08 V=1.02e-01 factor_V=2.45e+58 factor_rho=5.62e-56 rho_eV2=2.49e+57 rho_final=1.40e+02
BG_FUNC: a=3.11e-06 V=1.02e-01 factor_V=2.45e+58 factor_rho=5.62e-56 rho_eV2=2.49e+57 rho_final=1.40e+02
BG_FUNC: a=1.22e-04 V=8.88e-02 factor_V=2.45e+58 factor_rho=5.62e-56 rho_eV2=2.29e+57 rho_final=1.29e+02
RIDDER SWITCHING: z_osc = 4543.93, a_osc = 2.200256e-04
DEBUG: Ridder field ENABLED. Lambda = 1.050361e+00
DEBUG: Ridder field ENABLED. Lambda = 1.050361e+00
BG_FUNC: a=1.90e-13 V=1.18e-01 factor_V=2.45e+58 factor_rho=5.62e-56 rho_eV2=2.89e+57 rho_final=1.63e+02
BG_FUNC: a=7.52e-12 V=1.18e-01 factor_V=2.45e+58 factor_rho=5.62e-56 rho_eV2=2.89e+57 rho_final=1.63e+02
BG_FUNC: a=2.98e-10 V=1.18e-01 factor_V=2.45e+58 factor_rho=5.62e-56 rho_eV2=2.89e+57 rho_final=1.63e+02
BG_FUNC: a=1.18e-08 V=1.18e-01 factor_V=2.45e+58 factor_rho=5.62e-56 rho_eV2=2.89e+57 rho_final=1.63e+02
BG_FUNC: a=4.69e-07 V=1.18e-01 factor_V=2.45e+58 factor_rho=5.62e-56 rho_eV2=2.89e+57 rho_final=1.63e+02
BG_FUNC: a=1.86e-05 V=1.18e-01 factor_V=2.45e+58 factor_rho=5.62e-56 rho_eV2=2.89e+57 rho_final=1.63e+02
RIDDER SWITCHING: z_osc = 4758.65, a_osc = 2.100994e-04
DEBUG: Ridder field ENABLED. Lambda = 1.113011e+00
DEBUG: Ridder field ENABLED. Lambda = 1.113011e+00
BG_FUNC: a=3.16e-14 V=1.49e-01 factor_V=2.45e+58 factor_rho=5.62e-56 rho_eV2=3.65e+57 rho_final=2.05e+02
BG_FUNC: a=1.19e-12 V=1.49e-01 factor_V=2.45e+58 factor_rho=5.62e-56 rho_eV2=3.65e+57 rho_final=2.05e+02
BG_FUNC: a=4.74e-11 V=1.49e-01 factor_V=2.45e+58 factor_rho=5.62e-56 rho_eV2=3.65e+57 rho_final=2.05e+02
BG_FUNC: a=1.88e-09 V=1.49e-01 factor_V=2.45e+58 factor_rho=5.62e-56 rho_eV2=3.65e+57 rho_final=2.05e+02
BG_FUNC: a=7.53e-08 V=1.49e-01 factor_V=2.45e+58 factor_rho=5.62e-56 rho_eV2=3.65e+57 rho_final=2.05e+02
BG_FUNC: a=2.96e-06 V=1.49e-01 factor_V=2.45e+58 factor_rho=5.62e-56 rho_eV2=3.65e+57 rho_final=2.05e+02
BG_FUNC: a=1.16e-04 V=1.27e-01 factor_V=2.45e+58 factor_rho=5.62e-56 rho_eV2=3.30e+57 rho_final=1.85e+02
RIDDER SWITCHING: z_osc = 5043.53, a_osc = 1.982345e-04
DEBUG: Ridder field ENABLED. Lambda = 8.664883e-01
DEBUG: Ridder field ENABLED. Lambda = 8.664883e-01
BG_FUNC: a=2.02e-13 V=5.48e-02 factor_V=2.45e+58 factor_rho=5.62e-56 rho_eV2=1.34e+57 rho_final=7.53e+01
BG_FUNC: a=8.10e-12 V=5.48e-02 factor_V=2.45e+58 factor_rho=5.62e-56 rho_eV2=1.34e+57 rho_final=7.53e+01
BG_FUNC: a=3.25e-10 V=5.48e-02 factor_V=2.45e+58 factor_rho=5.62e-56 rho_eV2=1.34e+57 rho_final=7.53e+01
BG_FUNC: a=1.30e-08 V=5.48e-02 factor_V=2.45e+58 factor_rho=5.62e-56 rho_eV2=1.34e+57 rho_final=7.53e+01
BG_FUNC: a=5.22e-07 V=5.48e-02 factor_V=2.45e+58 factor_rho=5.62e-56 rho_eV2=1.34e+57 rho_final=7.53e+01
BG_FUNC: a=2.09e-05 V=5.48e-02 factor_V=2.45e+58 factor_rho=5.62e-56 rho_eV2=1.34e+57 rho_final=7.53e+01
RIDDER SWITCHING: z_osc = 3825.92, a_osc = 2.613065e-04
DEBUG: Ridder field ENABLED. Lambda = 8.640164e-01
DEBUG: Ridder field ENABLED. Lambda = 8.640164e-01
BG_FUNC: a=2.87e-14 V=5.41e-02 factor_V=2.45e+58 factor_rho=5.62e-56 rho_eV2=1.32e+57 rho_final=7.44e+01
BG_FUNC: a=1.09e-12 V=5.41e-02 factor_V=2.45e+58 factor_rho=5.62e-56 rho_eV2=1.32e+57 rho_final=7.44e+01
BG_FUNC: a=4.37e-11 V=5.41e-02 factor_V=2.45e+58 factor_rho=5.62e-56 rho_eV2=1.32e+57 rho_final=7.44e+01
BG_FUNC: a=1.75e-09 V=5.41e-02 factor_V=2.45e+58 factor_rho=5.62e-56 rho_eV2=1.32e+57 rho_final=7.44e+01
BG_FUNC: a=6.99e-08 V=5.41e-02 factor_V=2.45e+58 factor_rho=5.62e-56 rho_eV2=1.32e+57 rho_final=7.44e+01
BG_FUNC: a=2.80e-06 V=5.41e-02 factor_V=2.45e+58 factor_rho=5.62e-56 rho_eV2=1.32e+57 rho_final=7.44e+01
BG_FUNC: a=1.11e-04 V=5.15e-02 factor_V=2.45e+58 factor_rho=5.62e-56 rho_eV2=1.28e+57 rho_final=7.22e+01
RIDDER SWITCHING: z_osc = 3772.92, a_osc = 2.649764e-04
DEBUG: Ridder field ENABLED. Lambda = 1.010244e+00
DEBUG: Ridder field ENABLED. Lambda = 1.010244e+00
BG_FUNC: a=1.43e-13 V=1.01e-01 factor_V=2.45e+58 factor_rho=5.62e-56 rho_eV2=2.47e+57 rho_final=1.39e+02
BG_FUNC: a=5.67e-12 V=1.01e-01 factor_V=2.45e+58 factor_rho=5.62e-56 rho_eV2=2.47e+57 rho_final=1.39e+02
BG_FUNC: a=2.25e-10 V=1.01e-01 factor_V=2.45e+58 factor_rho=5.62e-56 rho_eV2=2.47e+57 rho_final=1.39e+02
BG_FUNC: a=8.94e-09 V=1.01e-01 factor_V=2.45e+58 factor_rho=5.62e-56 rho_eV2=2.47e+57 rho_final=1.39e+02
BG_FUNC: a=3.55e-07 V=1.01e-01 factor_V=2.45e+58 factor_rho=5.62e-56 rho_eV2=2.47e+57 rho_final=1.39e+02
BG_FUNC: a=1.41e-05 V=1.01e-01 factor_V=2.45e+58 factor_rho=5.62e-56 rho_eV2=2.47e+57 rho_final=1.39e+02
RIDDER SWITCHING: z_osc = 4552.59, a_osc = 2.196070e-04
DEBUG: Ridder field ENABLED. Lambda = 8.740683e-01
DEBUG: Ridder field ENABLED. Lambda = 8.740683e-01
BG_FUNC: a=2.30e-14 V=5.67e-02 factor_V=2.45e+58 factor_rho=5.62e-56 rho_eV2=1.39e+57 rho_final=7.79e+01
BG_FUNC: a=8.65e-13 V=5.67e-02 factor_V=2.45e+58 factor_rho=5.62e-56 rho_eV2=1.39e+57 rho_final=7.79e+01
BG_FUNC: a=3.44e-11 V=5.67e-02 factor_V=2.45e+58 factor_rho=5.62e-56 rho_eV2=1.39e+57 rho_final=7.79e+01
BG_FUNC: a=1.36e-09 V=5.67e-02 factor_V=2.45e+58 factor_rho=5.62e-56 rho_eV2=1.39e+57 rho_final=7.79e+01
BG_FUNC: a=5.42e-08 V=5.67e-02 factor_V=2.45e+58 factor_rho=5.62e-56 rho_eV2=1.39e+57 rho_final=7.79e+01
BG_FUNC: a=2.15e-06 V=5.67e-02 factor_V=2.45e+58 factor_rho=5.62e-56 rho_eV2=1.39e+57 rho_final=7.79e+01
BG_FUNC: a=8.51e-05 V=5.56e-02 factor_V=2.45e+58 factor_rho=5.62e-56 rho_eV2=1.37e+57 rho_final=7.70e+01
RIDDER SWITCHING: z_osc = 3822.00, a_osc = 2.615749e-04
DEBUG: Ridder field ENABLED. Lambda = 7.704292e-01
DEBUG: Ridder field ENABLED. Lambda = 7.704292e-01
BG_FUNC: a=1.11e-13 V=3.42e-02 factor_V=2.45e+58 factor_rho=5.62e-56 rho_eV2=8.37e+56 rho_final=4.70e+01
BG_FUNC: a=4.45e-12 V=3.42e-02 factor_V=2.45e+58 factor_rho=5.62e-56 rho_eV2=8.37e+56 rho_final=4.70e+01
BG_FUNC: a=1.78e-10 V=3.42e-02 factor_V=2.45e+58 factor_rho=5.62e-56 rho_eV2=8.37e+56 rho_final=4.70e+01
BG_FUNC: a=7.09e-09 V=3.42e-02 factor_V=2.45e+58 factor_rho=5.62e-56 rho_eV2=8.37e+56 rho_final=4.70e+01
BG_FUNC: a=2.83e-07 V=3.42e-02 factor_V=2.45e+58 factor_rho=5.62e-56 rho_eV2=8.37e+56 rho_final=4.70e+01
BG_FUNC: a=1.14e-05 V=3.42e-02 factor_V=2.45e+58 factor_rho=5.62e-56 rho_eV2=8.37e+56 rho_final=4.70e+01
RIDDER SWITCHING: z_osc = 3322.00, a_osc = 3.009331e-04
DEBUG: Ridder field ENABLED. Lambda = 1.034394e+00
DEBUG: Ridder field ENABLED. Lambda = 1.034394e+00
BG_FUNC: a=1.36e-14 V=1.11e-01 factor_V=2.45e+58 factor_rho=5.62e-56 rho_eV2=2.72e+57 rho_final=1.53e+02
BG_FUNC: a=5.09e-13 V=1.11e-01 factor_V=2.45e+58 factor_rho=5.62e-56 rho_eV2=2.72e+57 rho_final=1.53e+02
BG_FUNC: a=2.02e-11 V=1.11e-01 factor_V=2.45e+58 factor_rho=5.62e-56 rho_eV2=2.72e+57 rho_final=1.53e+02
BG_FUNC: a=8.11e-10 V=1.11e-01 factor_V=2.45e+58 factor_rho=5.62e-56 rho_eV2=2.72e+57 rho_final=1.53e+02
BG_FUNC: a=3.19e-08 V=1.11e-01 factor_V=2.45e+58 factor_rho=5.62e-56 rho_eV2=2.72e+57 rho_final=1.53e+02
BG_FUNC: a=1.27e-06 V=1.11e-01 factor_V=2.45e+58 factor_rho=5.62e-56 rho_eV2=2.72e+57 rho_final=1.53e+02
BG_FUNC: a=5.02e-05 V=1.11e-01 factor_V=2.45e+58 factor_rho=5.62e-56 rho_eV2=2.71e[mcmc] Progress @ 2025-12-02 00:13:41 : 529 steps taken -- still burning in, 93 accepted steps left.
+57 rho_final=1.52e+02
RIDDER SWITCHING: z_osc = 4668.18, a_osc = 2.141702e-04
DEBUG: Ridder field ENABLED. Lambda = 1.083383e+00
DEBUG: Ridder field ENABLED. Lambda = 1.083383e+00
BG_FUNC: a=8.31e-14 V=1.34e-01 factor_V=2.45e+58 factor_rho=5.62e-56 rho_eV2=3.27e+57 rho_final=1.84e+02
BG_FUNC: a=3.19e-12 V=1.34e-01 factor_V=2.45e+58 factor_rho=5.62e-56 rho_eV2=3.27e+57 rho_final=1.84e+02
BG_FUNC: a=1.26e-10 V=1.34e-01 factor_V=2.45e+58 factor_rho=5.62e-56 rho_eV2=3.27e+57 rho_final=1.84e+02
BG_FUNC: a=5.00e-09 V=1.34e-01 factor_V=2.45e+58 factor_rho=5.62e-56 rho_eV2=3.27e+57 rho_final=1.84e+02
BG_FUNC: a=1.98e-07 V=1.34e-01 factor_V=2.45e+58 factor_rho=5.62e-56 rho_eV2=3.27e+57 rho_final=1.84e+02
BG_FUNC: a=7.85e-06 V=1.34e-01 factor_V=2.45e+58 factor_rho=5.62e-56 rho_eV2=3.27e+57 rho_final=1.84e+02
RIDDER SWITCHING: z_osc = 4897.17, a_osc = 2.041580e-04
DEBUG: Ridder field ENABLED. Lambda = 8.851720e-01
DEBUG: Ridder field ENABLED. Lambda = 8.851720e-01
BG_FUNC: a=1.38e-14 V=5.96e-02 factor_V=2.45e+58 factor_rho=5.62e-56 rho_eV2=1.46e+57 rho_final=8.20e+01
BG_FUNC: a=5.16e-13 V=5.96e-02 factor_V=2.45e+58 factor_rho=5.62e-56 rho_eV2=1.46e+57 rho_final=8.20e+01
BG_FUNC: a=2.05e-11 V=5.96e-02 factor_V=2.45e+58 factor_rho=5.62e-56 rho_eV2=1.46e+57 rho_final=8.20e+01
BG_FUNC: a=8.12e-10 V=5.96e-02 factor_V=2.45e+58 factor_rho=5.62e-56 rho_eV2=1.46e+57 rho_final=8.20e+01
BG_FUNC: a=3.22e-08 V=5.96e-02 factor_V=2.45e+58 factor_rho=5.62e-56 rho_eV2=1.46e+57 rho_final=8.20e+01
BG_FUNC: a=1.29e-06 V=5.96e-02 factor_V=2.45e+58 factor_rho=5.62e-56 rho_eV2=1.46e+57 rho_final=8.20e+01
BG_FUNC: a=5.05e-05 V=5.95e-02 factor_V=2.45e+58 factor_rho=5.62e-56 rho_eV2=1.46e+57 rho_final=8.18e+01
RIDDER SWITCHING: z_osc = 3890.51, a_osc = 2.569698e-04
DEBUG: Ridder field ENABLED. Lambda = 1.011629e+00
DEBUG: Ridder field ENABLED. Lambda = 1.011629e+00
BG_FUNC: a=6.96e-14 V=1.02e-01 factor_V=2.45e+58 factor_rho=5.62e-56 rho_eV2=2.49e+57 rho_final=1.40e+02
BG_FUNC: a=2.68e-12 V=1.02e-01 factor_V=2.45e+58 factor_rho=5.62e-56 rho_eV2=2.49e+57 rho_final=1.40e+02
BG_FUNC: a=1.06e-10 V=1.02e-01 factor_V=2.45e+58 factor_rho=5.62e-56 rho_eV2=2.49e+57 rho_final=1.40e+02
BG_FUNC: a=4.22e-09 V=1.02e-01 factor_V=2.45e+58 factor_rho=5.62e-56 rho_eV2=2.49e+57 rho_final=1.40e+02
BG_FUNC: a=1.67e-07 V=1.02e-01 factor_V=2.45e+58 factor_rho=5.62e-56 rho_eV2=2.49e+57 rho_final=1.40e+02
BG_FUNC: a=6.64e-06 V=1.02e-01 factor_V=2.45e+58 factor_rho=5.62e-56 rho_eV2=2.49e+57 rho_final=1.40e+02
RIDDER SWITCHING: z_osc = 4560.63, a_osc = 2.192198e-04
DEBUG: Ridder field ENABLED. Lambda = 1.034394e+00
DEBUG: Ridder field ENABLED. Lambda = 1.034394e+00
BG_FUNC: a=1.11e-14 V=1.11e-01 factor_V=2.45e+58 factor_rho=5.62e-56 rho_eV2=2.72e+57 rho_final=1.53e+02
BG_FUNC: a=4.10e-13 V=1.11e-01 factor_V=2.45e+58 factor_rho=5.62e-56 rho_eV2=2.72e+57 rho_final=1.53e+02
BG_FUNC: a=1.64e-11 V=1.11e-01 factor_V=2.45e+58 factor_rho=5.62e-56 rho_eV2=2.72e+57 rho_final=1.53e+02
BG_FUNC: a=6.57e-10 V=1.11e-01 factor_V=2.45e+58 factor_rho=5.62e-56 rho_eV2=2.72e+57 rho_final=1.53e+02
BG_FUNC: a=2.63e-08 V=1.11e-01 factor_V=2.45e+58 factor_rho=5.62e-56 rho_eV2=2.72e+57 rho_final=1.53e+02
BG_FUNC: a=1.06e-06 V=1.11e-01 factor_V=2.45e+58 factor_rho=5.62e-56 rho_eV2=2.72e+57 rho_final=1.53e+02
BG_FUNC: a=4.21e-05 V=1.11e-01 factor_V=2.45e+58 factor_rho=5.62e-56 rho_eV2=2.72e+57 rho_final=1.53e+02
RIDDER SWITCHING: z_osc = 4674.95, a_osc = 2.138604e-04
DEBUG: Ridder field ENABLED. Lambda = 8.027336e-01
DEBUG: Ridder field ENABLED. Lambda = 8.027336e-01
BG_FUNC: a=6.94e-14 V=4.03e-02 factor_V=2.45e+58 factor_rho=5.62e-56 rho_eV2=9.86e+56 rho_final=5.54e+01
BG_FUNC: a=2.67e-12 V=4.03e-02 factor_V=2.45e+58 factor_rho=5.62e-56 rho_eV2=9.86e+56 rho_final=5.54e+01
BG_FUNC: a=1.07e-10 V=4.03e-02 factor_V=2.45e+58 factor_rho=5.62e-56 rho_eV2=9.86e+56 rho_final=5.54e+01
BG_FUNC: a=4.25e-09 V=4.03e-02 factor_V=2.45e+58 factor_rho=5.62e-56 rho_eV2=9.86e+56 rho_final=5.54e+01
BG_FUNC: a=1.69e-07 V=4.03e-02 factor_V=2.45e+58 factor_rho=5.62e-56 rho_eV2=9.86e+56 rho_final=5.54e+01
BG_FUNC: a=6.74e-06 V=4.03e-[mcmc] Progress @ 2025-12-02 00:14:44 : 623 steps taken -- still burning in, 70 accepted steps left.
02 factor_V=2.45e+58 factor_rho=5.62e-56 rho_eV2=9.86e+56 rho_final=5.54e+01
BG_FUNC: a=2.64e-04 V=1.75e-02 factor_V=2.45e+58 factor_rho=5.62e-56 rho_eV2=5.91e+56 rho_final=3.32e+01
RIDDER SWITCHING: z_osc = 3459.90, a_osc = 2.889424e-04
DEBUG: Ridder field ENABLED. Lambda = 1.059669e+00
DEBUG: Ridder field ENABLED. Lambda = 1.059669e+00
BG_FUNC: a=3.16e-13 V=1.22e-01 factor_V=2.45e+58 factor_rho=5.62e-56 rho_eV2=3.00e+57 rho_final=1.68e+02
BG_FUNC: a=1.25e-11 V=1.22e-01 factor_V=2.45e+58 factor_rho=5.62e-56 rho_eV2=3.00e+57 rho_final=1.68e+02
BG_FUNC: a=4.98e-10 V=1.22e-01 factor_V=2.45e+58 factor_rho=5.62e-56 rho_eV2=3.00e+57 rho_final=1.68e+02
BG_FUNC: a=1.98e-08 V=1.22e-01 factor_V=2.45e+58 factor_rho=5.62e-56 rho_eV2=3.00e+57 rho_final=1.68e+02
BG_FUNC: a=7.91e-07 V=1.22e-01 factor_V=2.45e+58 factor_rho=5.62e-56 rho_eV2=3.00e+57 rho_final=1.68e+02
BG_FUNC: a=3.11e-05 V=1.22e-01 factor_V=2.45e+58 factor_rho=5.62e-56 rho_eV2=2.99e+57 rho_final=1.68e+02
RIDDER SWITCHING: z_osc = 4794.10, a_osc = 2.085463e-04
DEBUG: Ridder field ENABLED. Lambda = 1.254874e+00
DEBUG: Ridder field ENABLED. Lambda = 1.254874e+00
BG_FUNC: a=5.30e-14 V=2.41e-01 factor_V=2.45e+58 factor_rho=5.62e-56 rho_eV2=5.89e+57 rho_final=3.31e+02
BG_FUNC: a=1.99e-12 V=2.41e-01 factor_V=2.45e+58 factor_rho=5.62e-56 rho_eV2=5.89e+57 rho_final=3.31e+02
BG_FUNC: a=7.80e-11 V=2.41e-01 factor_V=2.45e+58 factor_rho=5.62e-56 rho_eV2=5.89e+57 rho_final=3.31e+02
BG_FUNC: a=3.06e-09 V=2.41e-01 factor_V=2.45e+58 factor_rho=5.62e-56 rho_eV2=5.89e+57 rho_final=3.31e+02
BG_FUNC: a=1.21e-07 V=2.41e-01 factor_V=2.45e+58 factor_rho=5.62e-56 rho_eV2=5.89e+57 rho_final=3.31e+02
BG_FUNC: a=4.71e-06 V=2.41e-01 factor_V=2.45e+58 factor_rho=5.62e-56 rho_eV2=5.89e+57 rho_final=3.31e+02
RIDDER SWITCHING: z_osc = 5794.85, a_osc = 1.725371e-04
DEBUG: Ridder field ENABLED. Lambda = 9.672614e-01
DEBUG: Ridder field ENABLED. Lambda = 9.672614e-01
BG_FUNC: a=1.00e-14 V=8.50e-02 factor_V=2.45e+58 factor_rho=5.62e-56 rho_eV2=2.08e+57 rho_final=1.17e+02
BG_FUNC: a=3.56e-13 V=8.50e-02 factor_V=2.45e+58 factor_rho=5.62e-56 rho_eV2=2.08e+57 rho_final=1.17e+02
BG_FUNC: a=1.41e-11 V=8.50e-02 factor_V=2.45e+58 factor_rho=5.62e-56 rho_eV2=2.08e+57 rho_final=1.17e+02
BG_FUNC: a=5.60e-10 V=8.50e-02 factor_V=2.45e+58 factor_rho=5.62e-56 rho_eV2=2.08e+57 rho_final=1.17e+02
BG_FUNC: a=2.22e-08 V=8.50e-02 factor_V=2.45e+58 factor_rho=5.62e-56 rho_eV2=2.08e+57 rho_final=1.17e+02
BG_FUNC: a=8.80e-07 V=8.50e-02 factor_V=2.45e+58 factor_rho=5.62e-56 rho_eV2=2.08e+57 rho_final=1.17e+02
BG_FUNC: a=3.49e-05 V=8.50e-02 factor_V=2.45e+58 factor_rho=5.62e-56 rho_eV2=2.08e+57 rho_final=1.17e+02
RIDDER SWITCHING: z_osc = 4321.96, a_osc = 2.313232e-04
DEBUG: Ridder field ENABLED. Lambda = 1.521508e+00
DEBUG: Ridder field ENABLED. Lambda = 1.521508e+00
BG_FUNC: a=5.31e-14 V=5.21e-01 factor_V=2.45e+58 factor_rho=5.62e-56 rho_eV2=1.27e+58 rho_final=7.16e+02
BG_FUNC: a=2.03e-12 V=5.21e-01 factor_V=2.45e+58 factor_rho=5.62e-56 rho_eV2=1.27e+58 rho_final=7.16e+02
BG_FUNC: a=8.04e-11 V=5.21e-01 factor_V=2.45e+58 factor_rho=5.62e-56 rho_eV2=1.27e+58 rho_final=7.16e+02
BG_FUNC: a=3.19e-09 V=5.21e-01 factor_V=2.45e+58 factor_rho=5.62e-56 rho_eV2=1.27e+58 rho_final=7.16e+02
BG_FUNC: a=1.27e-07 V=5.21e-01 factor_V=2.45e+58 factor_rho=5.62e-56 rho_eV2=1.27e+58 rho_final=7.16e+02
BG_FUNC: a=5.03e-06 V=5.21e-01 factor_V=2.45e+58 factor_rho=5.62e-56 rho_eV2=1.27e+58 rho_final=7.16e+02
RIDDER SWITCHING: z_osc = 7175.23, a_osc = 1.393490e-04
DEBUG: Ridder field ENABLED. Lambda = 9.571837e-01
DEBUG: Ridder field ENABLED. Lambda = 9.571837e-01
BG_FUNC: a=1.30e-14 V=8.15e-02 factor_V=2.45e+58 factor_rho=5.62e-56 rho_eV2=1.99e+57 rho_final=1.12e+02
BG_FUNC: a=4.84e-13 V=8.15e-02 factor_V=2.45e+58 factor_rho=5.62e-56 rho_eV2=1.99e+57 rho_final=1.12e+02
BG_FUNC: a=1.92e-11 V=8.15e-02 factor_V=2.45e+58 factor_rho=5.62e-56 rho_eV2=1.99e+57 rho_final=1.12e+02
BG_FUNC: a=7.62e-10 V=8.15e-02 factor_V=2.45e+58 factor_rho=5.62e-56 rho_eV2=1.99e+57 rho_final=1.12e+02
BG_FUNC: a=3.02e-08 V=8.15e-02 factor_V=2.45e+58 factor_rho=5.62e-56 rho_eV2=1.[mcmc] Progress @ 2025-12-02 00:15:44 : 698 steps taken -- still burning in, 51 accepted steps left.
99e+57 rho_final=1.12e+02
BG_FUNC: a=1.20e-06 V=8.15e-02 factor_V=2.45e+58 factor_rho=5.62e-56 rho_eV2=1.99e+57 rho_final=1.12e+02
BG_FUNC: a=4.74e-05 V=8.13e-02 factor_V=2.45e+58 factor_rho=5.62e-56 rho_eV2=1.99e+57 rho_final=1.12e+02
RIDDER SWITCHING: z_osc = 4268.25, a_osc = 2.342334e-04
DEBUG: Ridder field ENABLED. Lambda = 1.015109e+00
DEBUG: Ridder field ENABLED. Lambda = 1.015109e+00
BG_FUNC: a=7.20e-14 V=1.03e-01 factor_V=2.45e+58 factor_rho=5.62e-56 rho_eV2=2.52e+57 rho_final=1.42e+02
BG_FUNC: a=2.73e-12 V=1.03e-01 factor_V=2.45e+58 factor_rho=5.62e-56 rho_eV2=2.52e+57 rho_final=1.42e+02
BG_FUNC: a=1.09e-10 V=1.03e-01 factor_V=2.45e+58 factor_rho=5.62e-56 rho_eV2=2.52e+57 rho_final=1.42e+02
BG_FUNC: a=4.29e-09 V=1.03e-01 factor_V=2.45e+58 factor_rho=5.62e-56 rho_eV2=2.52e+57 rho_final=1.42e+02
BG_FUNC: a=1.70e-07 V=1.03e-01 factor_V=2.45e+58 factor_rho=5.62e-56 rho_eV2=2.52e+57 rho_final=1.42e+02
BG_FUNC: a=6.72e-06 V=1.03e-01 factor_V=2.45e+58 factor_rho=5.62e-56 rho_eV2=2.52e+57 rho_final=1.42e+02
RIDDER SWITCHING: z_osc = 4576.31, a_osc = 2.184688e-04
DEBUG: Ridder field ENABLED. Lambda = 1.204618e+00
DEBUG: Ridder field ENABLED. Lambda = 1.204618e+00
BG_FUNC: a=1.11e-14 V=2.05e-01 factor_V=2.45e+58 factor_rho=5.62e-56 rho_eV2=5.00e+57 rho_final=2.81e+02
BG_FUNC: a=4.13e-13 V=2.05e-01 factor_V=2.45e+58 factor_rho=5.62e-56 rho_eV2=5.00e+57 rho_final=2.81e+02
BG_FUNC: a=1.64e-11 V=2.05e-01 factor_V=2.45e+58 factor_rho=5.62e-56 rho_eV2=5.00e+57 rho_final=2.81e+02
BG_FUNC: a=6.49e-10 V=2.05e-01 factor_V=2.45e+58 factor_rho=5.62e-56 rho_eV2=5.00e+57 rho_final=2.81e+02
BG_FUNC: a=2.60e-08 V=2.05e-01 factor_V=2.45e+58 factor_rho=5.62e-56 rho_eV2=5.00e+57 rho_final=2.81e+02
BG_FUNC: a=1.02e-06 V=2.05e-01 factor_V=2.45e+58 factor_rho=5.62e-56 rho_eV2=5.00e+57 rho_final=2.81e+02
BG_FUNC: a=4.03e-05 V=2.04e-01 factor_V=2.45e+58 factor_rho=5.62e-56 rho_eV2=4.99e+57 rho_final=2.81e+02
RIDDER SWITCHING: z_osc = 5536.54, a_osc = 1.805856e-04
DEBUG: Ridder field ENABLED. Lambda = 1.083573e+00
DEBUG: Ridder field ENABLED. Lambda = 1.083573e+00
BG_FUNC: a=7.86e-14 V=1.34e-01 factor_V=2.45e+58 factor_rho=5.62e-56 rho_eV2=3.27e+57 rho_final=1.84e+02
BG_FUNC: a=3.04e-12 V=1.34e-01 factor_V=2.45e+58 factor_rho=5.62e-56 rho_eV2=3.27e+57 rho_final=1.84e+02
BG_FUNC: a=1.21e-10 V=1.34e-01 factor_V=2.45e+58 factor_rho=5.62e-56 rho_eV2=3.27e+57 rho_final=1.84e+02
BG_FUNC: a=4.84e-09 V=1.34e-01 factor_V=2.45e+58 factor_rho=5.62e-56 rho_eV2=3.27e+57 rho_final=1.84e+02
BG_FUNC: a=1.93e-07 V=1.34e-01 factor_V=2.45e+58 factor_rho=5.62e-56 rho_eV2=3.27e+57 rho_final=1.84e+02
BG_FUNC: a=7.71e-06 V=1.34e-01 factor_V=2.45e+58 factor_rho=5.62e-56 rho_eV2=3.27e+57 rho_final=1.84e+02
RIDDER SWITCHING: z_osc = 4912.77, a_osc = 2.035096e-04
DEBUG: Ridder field ENABLED. Lambda = 7.252948e-01
DEBUG: Ridder field ENABLED. Lambda = 7.252948e-01
BG_FUNC: a=1.38e-14 V=2.69e-02 factor_V=2.45e+58 factor_rho=5.62e-56 rho_eV2=6.57e+56 rho_final=3.70e+01
BG_FUNC: a=5.15e-13 V=2.69e-02 factor_V=2.45e+58 factor_rho=5.62e-56 rho_eV2=6.57e+56 rho_final=3.70e+01
BG_FUNC: a=2.05e-11 V=2.69e-02 factor_V=2.45e+58 factor_rho=5.62e-56 rho_eV2=6.57e+56 rho_final=3.70e+01
BG_FUNC: a=8.11e-10 V=2.69e-02 factor_V=2.45e+58 factor_rho=5.62e-56 rho_eV2=6.57e+56 rho_final=3.70e+01
BG_FUNC: a=3.22e-08 V=2.69e-02 factor_V=2.45e+58 factor_rho=5.62e-56 rho_eV2=6.57e+56 rho_final=3.70e+01
BG_FUNC: a=1.28e-06 V=2.69e-02 factor_V=2.45e+58 factor_rho=5.62e-56 rho_eV2=6.57e+56 rho_final=3.70e+01
BG_FUNC: a=5.06e-05 V=2.68e-02 factor_V=2.45e+58 factor_rho=5.62e-56 rho_eV2=6.57e+56 rho_final=3.69e+01
RIDDER SWITCHING: z_osc = 3065.15, a_osc = 3.261415e-04
DEBUG: Ridder field ENABLED. Lambda = 1.361895e+00
DEBUG: Ridder field ENABLED. Lambda = 1.361895e+00
BG_FUNC: a=5.49e-14 V=3.34e-01 factor_V=2.45e+58 factor_rho=5.62e-56 rho_eV2=8.17e+57 rho_final=4.59e+02
BG_FUNC: a=2.12e-12 V=3.34e-01 factor_V=2.45e+58 factor_rho=5.62e-56 rho_eV2=8.17e+57 rho_final=4.59e+02
BG_FUNC: a=8.54e-11 V=3.34e-01 factor_V=2.45e+58 factor_rho=5.62e-56 rho_eV2=8.17e+57 rho_final=4.59e+02
BG_FUNC: a=3.39e-09 V=3.3[mcmc] Progress @ 2025-12-02 00:16:50 : 803 steps taken -- still burning in, 25 accepted steps left.
4e-01 factor_V=2.45e+58 factor_rho=5.62e-56 rho_eV2=8.17e+57 rho_final=4.59e+02
BG_FUNC: a=1.36e-07 V=3.34e-01 factor_V=2.45e+58 factor_rho=5.62e-56 rho_eV2=8.17e+57 rho_final=4.59e+02
BG_FUNC: a=5.47e-06 V=3.34e-01 factor_V=2.45e+58 factor_rho=5.62e-56 rho_eV2=8.17e+57 rho_final=4.59e+02
RIDDER SWITCHING: z_osc = 6409.46, a_osc = 1.559950e-04
DEBUG: Ridder field ENABLED. Lambda = 1.034394e+00
DEBUG: Ridder field ENABLED. Lambda = 1.034394e+00
BG_FUNC: a=1.27e-14 V=1.11e-01 factor_V=2.45e+58 factor_rho=5.62e-56 rho_eV2=2.72e+57 rho_final=1.53e+02
BG_FUNC: a=4.75e-13 V=1.11e-01 factor_V=2.45e+58 factor_rho=5.62e-56 rho_eV2=2.72e+57 rho_final=1.53e+02
BG_FUNC: a=1.90e-11 V=1.11e-01 factor_V=2.45e+58 factor_rho=5.62e-56 rho_eV2=2.72e+57 rho_final=1.53e+02
BG_FUNC: a=7.61e-10 V=1.11e-01 factor_V=2.45e+58 factor_rho=5.62e-56 rho_eV2=2.72e+57 rho_final=1.53e+02
BG_FUNC: a=3.04e-08 V=1.11e-01 factor_V=2.45e+58 factor_rho=5.62e-56 rho_eV2=2.72e+57 rho_final=1.53e+02
BG_FUNC: a=1.22e-06 V=1.11e-01 factor_V=2.45e+58 factor_rho=5.62e-56 rho_eV2=2.72e+57 rho_final=1.53e+02
BG_FUNC: a=4.87e-05 V=1.11e-01 factor_V=2.45e+58 factor_rho=5.62e-56 rho_eV2=2.71e+57 rho_final=1.52e+02
RIDDER SWITCHING: z_osc = 4674.95, a_osc = 2.138604e-04
DEBUG: Ridder field ENABLED. Lambda = 1.056610e+00
DEBUG: Ridder field ENABLED. Lambda = 1.056610e+00
BG_FUNC: a=8.02e-14 V=1.21e-01 factor_V=2.45e+58 factor_rho=5.62e-56 rho_eV2=2.96e+57 rho_final=1.66e+02
BG_FUNC: a=3.08e-12 V=1.21e-01 factor_V=2.45e+58 factor_rho=5.62e-56 rho_eV2=2.96e+57 rho_final=1.66e+02
BG_FUNC: a=1.22e-10 V=1.21e-01 factor_V=2.45e+58 factor_rho=5.62e-56 rho_eV2=2.96e+57 rho_final=1.66e+02
BG_FUNC: a=4.86e-09 V=1.21e-01 factor_V=2.45e+58 factor_rho=5.62e-56 rho_eV2=2.96e+57 rho_final=1.66e+02
BG_FUNC: a=1.93e-07 V=1.21e-01 factor_V=2.45e+58 factor_rho=5.62e-56 rho_eV2=2.96e+57 rho_final=1.66e+02
BG_FUNC: a=7.66e-06 V=1.21e-01 factor_V=2.45e+58 factor_rho=5.62e-56 rho_eV2=2.96e+57 rho_final=1.66e+02
RIDDER SWITCHING: z_osc = 4802.34, a_osc = 2.081886e-04
DEBUG: Ridder field ENABLED. Lambda = 1.224521e+00
DEBUG: Ridder field ENABLED. Lambda = 1.224521e+00
BG_FUNC: a=1.34e-14 V=2.18e-01 factor_V=2.45e+58 factor_rho=5.62e-56 rho_eV2=5.34e+57 rho_final=3.00e+02
BG_FUNC: a=4.98e-13 V=2.18e-01 factor_V=2.45e+58 factor_rho=5.62e-56 rho_eV2=5.34e+57 rho_final=3.00e+02
BG_FUNC: a=1.98e-11 V=2.18e-01 factor_V=2.45e+58 factor_rho=5.62e-56 rho_eV2=5.34e+57 rho_final=3.00e+02
BG_FUNC: a=7.83e-10 V=2.18e-01 factor_V=2.45e+58 factor_rho=5.62e-56 rho_eV2=5.34e+57 rho_final=3.00e+02
BG_FUNC: a=3.10e-08 V=2.18e-01 factor_V=2.45e+58 factor_rho=5.62e-56 rho_eV2=5.34e+57 rho_final=3.00e+02
BG_FUNC: a=1.23e-06 V=2.18e-01 factor_V=2.45e+58 factor_rho=5.62e-56 rho_eV2=5.34e+57 rho_final=3.00e+02
BG_FUNC: a=4.85e-05 V=2.17e-01 factor_V=2.45e+58 factor_rho=5.62e-56 rho_eV2=5.31e+57 rho_final=2.99e+02
RIDDER SWITCHING: z_osc = 5641.98, a_osc = 1.772114e-04
DEBUG: Ridder field ENABLED. Lambda = 1.159590e+00
DEBUG: Ridder field ENABLED. Lambda = 1.159590e+00
BG_FUNC: a=9.46e-14 V=1.76e-01 factor_V=2.45e+58 factor_rho=5.62e-56 rho_eV2=4.29e+57 rho_final=2.41e+02
BG_FUNC: a=3.70e-12 V=1.76e-01 factor_V=2.45e+58 factor_rho=5.62e-56 rho_eV2=4.29e+57 rho_final=2.41e+02
BG_FUNC: a=1.47e-10 V=1.76e-01 factor_V=2.45e+58 factor_rho=5.62e-56 rho_eV2=4.29e+57 rho_final=2.41e+02
BG_FUNC: a=5.82e-09 V=1.76e-01 factor_V=2.45e+58 factor_rho=5.62e-56 rho_eV2=4.29e+57 rho_final=2.41e+02
BG_FUNC: a=2.31e-07 V=1.76e-01 factor_V=2.45e+58 factor_rho=5.62e-56 rho_eV2=4.29e+57 rho_final=2.41e+02
BG_FUNC: a=9.15e-06 V=1.76e-01 factor_V=2.45e+58 factor_rho=5.62e-56 rho_eV2=4.29e+57 rho_final=2.41e+02
RIDDER SWITCHING: z_osc = 5333.17, a_osc = 1.874705e-04
DEBUG: Ridder field ENABLED. Lambda = 1.187990e+00
DEBUG: Ridder field ENABLED. Lambda = 1.187990e+00
BG_FUNC: a=1.76e-14 V=1.93e-01 factor_V=2.45e+58 factor_rho=5.62e-56 rho_eV2=4.73e+57 rho_final=2.66e+02
BG_FUNC: a=6.58e-13 V=1.93e-01 factor_V=2.45e+58 factor_rho=5.62e-56 rho_eV2=4.73e+57 rho_final=2.66e+02
BG_FUNC: a=2.63e-11 V=1.93e-01 factor_V=2.45e+58 factor_rho=5.62e-56 rho_eV2[mcmc] Finished burn-in phase: discarded 50 accepted steps.
[mcmc] Progress @ 2025-12-02 00:17:52 : 902 steps taken, and 410 accepted.
=4.73e+57 rho_final=2.66e+02
BG_FUNC: a=1.03e-09 V=1.93e-01 factor_V=2.45e+58 factor_rho=5.62e-56 rho_eV2=4.73e+57 rho_final=2.66e+02
BG_FUNC: a=4.09e-08 V=1.93e-01 factor_V=2.45e+58 factor_rho=5.62e-56 rho_eV2=4.73e+57 rho_final=2.66e+02
BG_FUNC: a=1.64e-06 V=1.93e-01 factor_V=2.45e+58 factor_rho=5.62e-56 rho_eV2=4.73e+57 rho_final=2.66e+02
BG_FUNC: a=6.40e-05 V=1.89e-01 factor_V=2.45e+58 factor_rho=5.62e-56 rho_eV2=4.67e+57 rho_final=2.62e+02
RIDDER SWITCHING: z_osc = 5464.56, a_osc = 1.829640e-04
DEBUG: Ridder field ENABLED. Lambda = 1.224521e+00
DEBUG: Ridder field ENABLED. Lambda = 1.224521e+00
BG_FUNC: a=1.19e-13 V=2.18e-01 factor_V=2.45e+58 factor_rho=5.62e-56 rho_eV2=5.34e+57 rho_final=3.00e+02
BG_FUNC: a=4.72e-12 V=2.18e-01 factor_V=2.45e+58 factor_rho=5.62e-56 rho_eV2=5.34e+57 rho_final=3.00e+02
BG_FUNC: a=1.87e-10 V=2.18e-01 factor_V=2.45e+58 factor_rho=5.62e-56 rho_eV2=5.34e+57 rho_final=3.00e+02
BG_FUNC: a=7.41e-09 V=2.18e-01 factor_V=2.45e+58 factor_rho=5.62e-56 rho_eV2=5.34e+57 rho_final=3.00e+02
BG_FUNC: a=2.94e-07 V=2.18e-01 factor_V=2.45e+58 factor_rho=5.62e-56 rho_eV2=5.34e+57 rho_final=3.00e+02
BG_FUNC: a=1.16e-05 V=2.18e-01 factor_V=2.45e+58 factor_rho=5.62e-56 rho_eV2=5.34e+57 rho_final=3.00e+02
RIDDER SWITCHING: z_osc = 5641.98, a_osc = 1.772114e-04
DEBUG: Ridder field ENABLED. Lambda = 1.251547e+00
DEBUG: Ridder field ENABLED. Lambda = 1.251547e+00
BG_FUNC: a=2.36e-14 V=2.38e-01 factor_V=2.45e+58 factor_rho=5.62e-56 rho_eV2=5.83e+57 rho_final=3.28e+02
BG_FUNC: a=8.81e-13 V=2.38e-01 factor_V=2.45e+58 factor_rho=5.62e-56 rho_eV2=5.83e+57 rho_final=3.28e+02
BG_FUNC: a=3.49e-11 V=2.38e-01 factor_V=2.45e+58 factor_rho=5.62e-56 rho_eV2=5.83e+57 rho_final=3.28e+02
BG_FUNC: a=1.38e-09 V=2.38e-01 factor_V=2.45e+58 factor_rho=5.62e-56 rho_eV2=5.83e+57 rho_final=3.28e+02
BG_FUNC: a=5.47e-08 V=2.38e-01 factor_V=2.45e+58 factor_rho=5.62e-56 rho_eV2=5.83e+57 rho_final=3.28e+02
BG_FUNC: a=2.17e-06 V=2.38e-01 factor_V=2.45e+58 factor_rho=5.62e-56 rho_eV2=5.83e+57 rho_final=3.28e+02
BG_FUNC: a=8.55e-05 V=2.19e-01 factor_V=2.45e+58 factor_rho=5.62e-56 rho_eV2=5.54e+57 rho_final=3.12e+02
RIDDER SWITCHING: z_osc = 5832.90, a_osc = 1.714118e-04
DEBUG: Ridder field ENABLED. Lambda = 1.639144e+00
DEBUG: Ridder field ENABLED. Lambda = 1.639144e+00
BG_FUNC: a=1.70e-13 V=7.01e-01 factor_V=2.45e+58 factor_rho=5.62e-56 rho_eV2=1.71e+58 rho_final=9.64e+02
BG_FUNC: a=6.82e-12 V=7.01e-01 factor_V=2.45e+58 factor_rho=5.62e-56 rho_eV2=1.71e+58 rho_final=9.64e+02
BG_FUNC: a=2.73e-10 V=7.01e-01 factor_V=2.45e+58 factor_rho=5.62e-56 rho_eV2=1.71e+58 rho_final=9.64e+02
BG_FUNC: a=1.09e-08 V=7.01e-01 factor_V=2.45e+58 factor_rho=5.62e-56 rho_eV2=1.71e+58 rho_final=9.64e+02
BG_FUNC: a=4.39e-07 V=7.01e-01 factor_V=2.45e+58 factor_rho=5.62e-56 rho_eV2=1.71e+58 rho_final=9.64e+02
BG_FUNC: a=1.76e-05 V=7.01e-01 factor_V=2.45e+58 factor_rho=5.62e-56 rho_eV2=1.71e+58 rho_final=9.64e+02
RIDDER SWITCHING: z_osc = 7807.15, a_osc = 1.280713e-04
DEBUG: Ridder field ENABLED. Lambda = 1.255335e+00
DEBUG: Ridder field ENABLED. Lambda = 1.255335e+00
BG_FUNC: a=4.85e-14 V=2.41e-01 factor_V=2.45e+58 factor_rho=5.62e-56 rho_eV2=5.90e+57 rho_final=3.32e+02
BG_FUNC: a=1.85e-12 V=2.41e-01 factor_V=2.45e+58 factor_rho=5.62e-56 rho_eV2=5.90e+57 rho_final=3.32e+02
BG_FUNC: a=7.32e-11 V=2.41e-01 factor_V=2.45e+58 factor_rho=5.62e-56 rho_eV2=5.90e+57 rho_final=3.32e+02
BG_FUNC: a=2.93e-09 V=2.41e-01 factor_V=2.45e+58 factor_rho=5.62e-56 rho_eV2=5.90e+57 rho_final=3.32e+02
BG_FUNC: a=1.15e-07 V=2.41e-01 factor_V=2.45e+58 factor_rho=5.62e-56 rho_eV2=5.90e+57 rho_final=3.32e+02
BG_FUNC: a=4.57e-06 V=2.41e-01 factor_V=2.45e+58 factor_rho=5.62e-56 rho_eV2=5.90e+57 rho_final=3.32e+02
RIDDER SWITCHING: z_osc = 5804.17, a_osc = 1.722603e-04
DEBUG: Ridder field ENABLED. Lambda = 1.143213e+00
DEBUG: Ridder field ENABLED. Lambda = 1.143213e+00
BG_FUNC: a=1.00e-14 V=1.66e-01 factor_V=2.45e+58 factor_rho=5.62e-56 rho_eV2=4.06e+57 rho_final=2.28e+02
BG_FUNC: a=3.57e-13 V=1.66e-01 factor_V=2.45e+58 factor_rho=5.62e-56 rho_eV2=4.06e+57 rho_final=2.28e+02
BG_FUNC: a=1.42e-11 V=1.66e-01 factor_V=2.45e+58 factor_rho=5.62e-56 rho_eV2=4.06e+57 rho_final=2.28e+02
BG_FUNC: a=5.61e-10 V=1.66e-01 factor_V=2.45e+58 factor_rho=5.62e-56 rho_eV2=4.06e+57 rho_final=2.28e+02
BG_FUNC: a=2.22e-08 V=1.66e-01 factor_V=2.45e+58 factor_rho=5.62e-56 rho_eV2=4.06e+57 rho_final=2.28e+02
BG_FUNC: a=8.82e-07 V=1.66e-01 factor_V=2.45e+58 factor_rho=5.62e-56 rho_eV2=4.06e+57 rho_final=2.28e+02
BG_FUNC: a=3.49e-05 V=1.66e-01 factor_V=2.45e+58 factor_rho=5.62e-56 rho_eV2=4.05e+57 rho_final=2.28e+02
RIDDER SWITCHING: z_osc = 5207.03, a_osc = 1.920112e-04
DEBUG: Ridder field ENABLED. Lambda = 1.463175e+00
DEBUG: Ridder field ENABLED. Lambda = 1.463175e+00
BG_FUNC: a=6.41e-14 V=4.45e-01 factor_V=2.45e+58 factor_rho=5.62e-56 rho_eV2=1.09e+58 rho_final=6.12e+02
BG_FUNC: a=2.48e-12 V=4.45e-01 factor_V=2.45e+58 factor_rho=5.62e-56 rho_eV2=1.09e+58 rho_final=6.12e+02
BG_FUNC: a=9.93e-11 V=4.45e-01 factor_V=2.45e+58 factor_rho=5.62e-56 rho_eV2=1.09e+58 rho_final=6.12e+02
BG_FUNC: a=3.98e-09 V=4.45e-01 factor_V=2.45e+58 factor_rho=5.62e-56 rho_eV2=1.09e+58 rho_final=6.12e+02
BG_FUNC: a=1.59e-07 V=4.45e-01 factor_V=2.45e+58 factor_rho=5.62e-56 rho_eV2=1.09e+58 rho_final=6.12e+02
BG_FUNC: a=6.37e-06 V=4.45e-01 factor_V=2.45e+58 factor_rho=5.62e-56 rho_eV2=1.09e+58 rho_final=6.12e+02
RIDDER SWITCHING: z_osc = 6973.65, a_osc = 1.433763e-04
DEBUG: Ridder field ENABLED. Lambda = 1.363108e+00
DEBUG: Ridder field ENABLED. Lambda = 1.363108e+00
BG_FUNC: a=1.61e-14 V=3.35e-01 factor_V=2.45e+58 factor_rho=5.62e-56 rho_eV2=8.20e+57 rho_final=4.61e+02
BG_FUNC: a=6.05e-13 V=3.35e-01 factor_V=2.45e+58 factor_rho=5.62e-56 rho_eV2=8.20e+57 rho_final=4.61e+02
BG_FUNC: a=2.44e-11 V=3.35e-01 factor_V=2.45e+58 factor_rho=5.62e-56 rho_eV2=8.20e+57 rho_final=4.61e+02
BG_FUNC: a=9.66e-10 V=3.35e-01 factor_V=2.45e+58 factor_rho=5.62e-56 rho_eV2=8.20e+57 rho_final=4.61e+02
BG_FUNC: a=3.86e-08 V=3.35e-01 factor_V=2.45e+58 factor_rho=5.62e-56 rho_eV2=8.20e+57 rho_final=4.61e+02
BG_FUNC: a=1.54e-06 V=3.35e-01 factor_V=2.45e+58 factor_rho=5.62e-56 rho_eV2=8.20e+57 rho_final=4.61e+02
BG_FUNC: a=6.16e-05 V=3.24e-01 factor_V=2.45e+58 factor_rho=5.62e-56 rho_eV2=8.04e+57 rho_final=4.52e+02
RIDDER SWITCHING: z_osc = 6390.05, a_osc = 1.564689e-04
DEBUG: Ridder field ENABLED. Lambda = 1.778183e+00
DEBUG: Ridder field ENABLED. Lambda = 1.778183e+00
BG_FUNC: a=1.33e-13 V=9.71e-01 factor_V=2.45e+58 factor_rho=5.62e-56 rho_eV2=2.37e+58 rho_final=1.34e+03
BG_FUNC: a=5.28e-12 V=9.71e-01 factor_V=2.45e+58 factor_rho=5.62e-56 rho_eV2=2.37e+58 rho_final=1.34e+03
BG_FUNC: a=2.09e-10 V=9.71e-01 factor_V=2.45e+58 factor_rho=5.62e-56 rho_eV2=2.37e+58 rho_final=1.34e+03
BG_FUNC: a=8.30e-09 V=9.71e-01 factor_V=2.45e+58 factor_rho=5.62e-56 rho_eV2=2.37e+58 rho_final=1.34e+03
BG_FUNC: a=3.29e-07 V=9.71e-01 factor_V=2.45e+58 factor_rho=5.62e-56 rho_eV2=2.37e+58 rho_final=1.34e+03
BG_FUNC: a=1.31e-05 V=9.71e-01 factor_V=2.45e+58 factor_rho=5.62e-56 rho_eV2=2.37e+58 rho_final=1.33e+03
RIDDER SWITCHING: z_osc = 8549.26, a_osc = 1.169555e-04
DEBUG: Ridder field ENABLED. Lambda = 1.284744e+00
DEBUG: Ridder field ENABLED. Lambda = 1.284744e+00
BG_FUNC: a=3.96e-14 V=2.65e-01 factor_V=2.45e+58 factor_rho=5.62e-56 rho_eV2=6.47e+57 rho_final=3.64e+02
BG_FUNC: a=1.52e-12 V=2.65e-01 factor_V=2.45e+58 factor_rho=5.62e-56 rho_eV2=6.47e+57 rho_final=3.64e+02
BG_FUNC: a=6.09e-11 V=2.65e-01 factor_V=2.45e+58 factor_rho=5.62e-56 rho_eV2=6.47e+57 rho_final=3.64e+02
BG_FUNC: a=2.46e-09 V=2.65e-01 factor_V=2.45e+58 factor_rho=5.62e-56 rho_eV2=6.47e+57 rho_final=3.64e+02
BG_FUNC: a=9.80e-08 V=2.65e-01 factor_V=2.45e+58 factor_rho=5.62e-56 rho_eV2=6.47e+57 rho_final=3.64e+02
BG_FUNC: a=3.93e-06 V=2.65e-01 factor_V=2.45e+58 factor_rho=5.62e-56 rho_eV2=6.47e+57 rho_final=3.64e+02
BG_FUNC: a=1.54e-04 V=1.21e-01 factor_V=2.45e+58 factor_rho=5.62e-56 rho_eV2=4.04e+57 rho_final=2.27e+02
RIDDER SWITCHING: z_osc = 5988.10, a_osc = 1.669699e-04
DEBUG: Ridder field ENABLED. Lambda = 1.224521e+00
DEBUG: Ridder field ENABLED. Lambda = 1.224521e+00
BG_FUNC: a=3.19e-13 V=2.18e-01 factor_V=2.45e+58 factor_rho=5.62e-56 rho_[mcmc] Progress @ 2025-12-02 00:18:52 : 987 steps taken, and 426 accepted.
eV2=5.34e+57 rho_final=3.00e+02
BG_FUNC: a=1.27e-11 V=2.18e-01 factor_V=2.45e+58 factor_rho=5.62e-56 rho_eV2=5.34e+57 rho_final=3.00e+02
BG_FUNC: a=5.04e-10 V=2.18e-01 factor_V=2.45e+58 factor_rho=5.62e-56 rho_eV2=5.34e+57 rho_final=3.00e+02
BG_FUNC: a=2.00e-08 V=2.18e-01 factor_V=2.45e+58 factor_rho=5.62e-56 rho_eV2=5.34e+57 rho_final=3.00e+02
BG_FUNC: a=7.94e-07 V=2.18e-01 factor_V=2.45e+58 factor_rho=5.62e-56 rho_eV2=5.34e+57 rho_final=3.00e+02
BG_FUNC: a=3.15e-05 V=2.18e-01 factor_V=2.45e+58 factor_rho=5.62e-56 rho_eV2=5.34e+57 rho_final=3.00e+02
RIDDER SWITCHING: z_osc = 5663.82, a_osc = 1.765280e-04
DEBUG: Ridder field ENABLED. Lambda = 1.187366e+00
DEBUG: Ridder field ENABLED. Lambda = 1.187366e+00
BG_FUNC: a=6.29e-14 V=1.93e-01 factor_V=2.45e+58 factor_rho=5.62e-56 rho_eV2=4.72e+57 rho_final=2.65e+02
BG_FUNC: a=2.40e-12 V=1.93e-01 factor_V=2.45e+58 factor_rho=5.62e-56 rho_eV2=4.72e+57 rho_final=2.65e+02
BG_FUNC: a=9.52e-11 V=1.93e-01 factor_V=2.45e+58 factor_rho=5.62e-56 rho_eV2=4.72e+57 rho_final=2.65e+02
BG_FUNC: a=3.77e-09 V=1.93e-01 factor_V=2.45e+58 factor_rho=5.62e-56 rho_eV2=4.72e+57 rho_final=2.65e+02
BG_FUNC: a=1.49e-07 V=1.93e-01 factor_V=2.45e+58 factor_rho=5.62e-56 rho_eV2=4.72e+57 rho_final=2.65e+02
BG_FUNC: a=5.91e-06 V=1.93e-01 factor_V=2.45e+58 factor_rho=5.62e-56 rho_eV2=4.72e+57 rho_final=2.65e+02
RIDDER SWITCHING: z_osc = 5439.68, a_osc = 1.838006e-04
DEBUG: Ridder field ENABLED. Lambda = 1.096987e+00
DEBUG: Ridder field ENABLED. Lambda = 1.096987e+00
BG_FUNC: a=1.14e-14 V=1.41e-01 factor_V=2.45e+58 factor_rho=5.62e-56 rho_eV2=3.44e+57 rho_final=1.93e+02
BG_FUNC: a=4.24e-13 V=1.41e-01 factor_V=2.45e+58 factor_rho=5.62e-56 rho_eV2=3.44e+57 rho_final=1.93e+02
BG_FUNC: a=1.68e-11 V=1.41e-01 factor_V=2.45e+58 factor_rho=5.62e-56 rho_eV2=3.44e+57 rho_final=1.93e+02
BG_FUNC: a=6.66e-10 V=1.41e-01 factor_V=2.45e+58 factor_rho=5.62e-56 rho_eV2=3.44e+57 rho_final=1.93e+02
BG_FUNC: a=2.64e-08 V=1.41e-01 factor_V=2.45e+58 factor_rho=5.62e-56 rho_eV2=3.44e+57 rho_final=1.93e+02
BG_FUNC: a=1.06e-06 V=1.41e-01 factor_V=2.45e+58 factor_rho=5.62e-56 rho_eV2=3.44e+57 rho_final=1.93e+02
BG_FUNC: a=4.13e-05 V=1.40e-01 factor_V=2.45e+58 factor_rho=5.62e-56 rho_eV2=3.43e+57 rho_final=1.93e+02
RIDDER SWITCHING: z_osc = 4982.24, a_osc = 2.006728e-04
DEBUG: Ridder field ENABLED. Lambda = 1.495486e+00
DEBUG: Ridder field ENABLED. Lambda = 1.495486e+00
BG_FUNC: a=7.24e-14 V=4.86e-01 factor_V=2.45e+58 factor_rho=5.62e-56 rho_eV2=1.19e+58 rho_final=6.68e+02
BG_FUNC: a=2.78e-12 V=4.86e-01 factor_V=2.45e+58 factor_rho=5.62e-56 rho_eV2=1.19e+58 rho_final=6.68e+02
BG_FUNC: a=1.10e-10 V=4.86e-01 factor_V=2.45e+58 factor_rho=5.62e-56 rho_eV2=1.19e+58 rho_final=6.68e+02
BG_FUNC: a=4.37e-09 V=4.86e-01 factor_V=2.45e+58 factor_rho=5.62e-56 rho_eV2=1.19e+58 rho_final=6.68e+02
BG_FUNC: a=1.73e-07 V=4.86e-01 factor_V=2.45e+58 factor_rho=5.62e-56 rho_eV2=1.19e+58 rho_final=6.68e+02
BG_FUNC: a=6.87e-06 V=4.86e-01 factor_V=2.45e+58 factor_rho=5.62e-56 rho_eV2=1.19e+58 rho_final=6.68e+02
RIDDER SWITCHING: z_osc = 7076.23, a_osc = 1.412983e-04
DEBUG: Ridder field ENABLED. Lambda = 1.224521e+00
DEBUG: Ridder field ENABLED. Lambda = 1.224521e+00
BG_FUNC: a=1.74e-14 V=2.18e-01 factor_V=2.45e+58 factor_rho=5.62e-56 rho_eV2=5.34e+57 rho_final=3.00e+02
BG_FUNC: a=6.58e-13 V=2.18e-01 factor_V=2.45e+58 factor_rho=5.62e-56 rho_eV2=5.34e+57 rho_final=3.00e+02
BG_FUNC: a=2.58e-11 V=2.18e-01 factor_V=2.45e+58 factor_rho=5.62e-56 rho_eV2=5.34e+57 rho_final=3.00e+02
BG_FUNC: a=1.02e-09 V=2.18e-01 factor_V=2.45e+58 factor_rho=5.62e-56 rho_eV2=5.34e+57 rho_final=3.00e+02
BG_FUNC: a=4.05e-08 V=2.18e-01 factor_V=2.45e+58 factor_rho=5.62e-56 rho_eV2=5.34e+57 rho_final=3.00e+02
BG_FUNC: a=1.61e-06 V=2.18e-01 factor_V=2.45e+58 factor_rho=5.62e-56 rho_eV2=5.34e+57 rho_final=3.00e+02
BG_FUNC: a=6.33e-05 V=2.13e-01 factor_V=2.45e+58 factor_rho=5.62e-56 rho_eV2=5.26e+57 rho_final=2.96e+02
RIDDER SWITCHING: z_osc = 5644.67, a_osc = 1.771270e-04
DEBUG: Ridder field ENABLED. Lambda = 1.119577e+00
DEBUG: Ridder field ENABLED. Lambda = 1.119577e+00
BG_FUNC: a=1.22e-13[mcmc] Progress @ 2025-12-02 00:19:52 : 1085 steps taken, and 442 accepted.
 V=1.53e-01 factor_V=2.45e+58 factor_rho=5.62e-56 rho_eV2=3.73e+57 rho_final=2.10e+02
BG_FUNC: a=4.83e-12 V=1.53e-01 factor_V=2.45e+58 factor_rho=5.62e-56 rho_eV2=3.73e+57 rho_final=2.10e+02
BG_FUNC: a=1.91e-10 V=1.53e-01 factor_V=2.45e+58 factor_rho=5.62e-56 rho_eV2=3.73e+57 rho_final=2.10e+02
BG_FUNC: a=7.58e-09 V=1.53e-01 factor_V=2.45e+58 factor_rho=5.62e-56 rho_eV2=3.73e+57 rho_final=2.10e+02
BG_FUNC: a=3.00e-07 V=1.53e-01 factor_V=2.45e+58 factor_rho=5.62e-56 rho_eV2=3.73e+57 rho_final=2.10e+02
BG_FUNC: a=1.19e-05 V=1.53e-01 factor_V=2.45e+58 factor_rho=5.62e-56 rho_eV2=3.73e+57 rho_final=2.10e+02
RIDDER SWITCHING: z_osc = 5111.54, a_osc = 1.955975e-04
DEBUG: Ridder field ENABLED. Lambda = 1.228844e+00
DEBUG: Ridder field ENABLED. Lambda = 1.228844e+00
BG_FUNC: a=2.18e-14 V=2.22e-01 factor_V=2.45e+58 factor_rho=5.62e-56 rho_eV2=5.42e+57 rho_final=3.05e+02
BG_FUNC: a=8.21e-13 V=2.22e-01 factor_V=2.45e+58 factor_rho=5.62e-56 rho_eV2=5.42e+57 rho_final=3.05e+02
BG_FUNC: a=3.26e-11 V=2.22e-01 factor_V=2.45e+58 factor_rho=5.62e-56 rho_eV2=5.42e+57 rho_final=3.05e+02
BG_FUNC: a=1.29e-09 V=2.22e-01 factor_V=2.45e+58 factor_rho=5.62e-56 rho_eV2=5.42e+57 rho_final=3.05e+02
BG_FUNC: a=5.13e-08 V=2.22e-01 factor_V=2.45e+58 factor_rho=5.62e-56 rho_eV2=5.42e+57 rho_final=3.05e+02
BG_FUNC: a=2.04e-06 V=2.22e-01 factor_V=2.45e+58 factor_rho=5.62e-56 rho_eV2=5.42e+57 rho_final=3.05e+02
BG_FUNC: a=8.13e-05 V=2.08e-01 factor_V=2.45e+58 factor_rho=5.62e-56 rho_eV2=5.21e+57 rho_final=2.93e+02
RIDDER SWITCHING: z_osc = 5663.98, a_osc = 1.765231e-04
DEBUG: Ridder field ENABLED. Lambda = 1.225015e+00
DEBUG: Ridder field ENABLED. Lambda = 1.225015e+00
BG_FUNC: a=1.56e-13 V=2.19e-01 factor_V=2.45e+58 factor_rho=5.62e-56 rho_eV2=5.35e+57 rho_final=3.01e+02
BG_FUNC: a=6.23e-12 V=2.19e-01 factor_V=2.45e+58 factor_rho=5.62e-56 rho_eV2=5.35e+57 rho_final=3.01e+02
BG_FUNC: a=2.50e-10 V=2.19e-01 factor_V=2.45e+58 factor_rho=5.62e-56 rho_eV2=5.35e+57 rho_final=3.01e+02
BG_FUNC: a=1.00e-08 V=2.19e-01 factor_V=2.45e+58 factor_rho=5.62e-56 rho_eV2=5.35e+57 rho_final=3.01e+02
BG_FUNC: a=4.00e-07 V=2.19e-01 factor_V=2.45e+58 factor_rho=5.62e-56 rho_eV2=5.35e+57 rho_final=3.01e+02
BG_FUNC: a=1.60e-05 V=2.19e-01 factor_V=2.45e+58 factor_rho=5.62e-56 rho_eV2=5.35e+57 rho_final=3.01e+02
RIDDER SWITCHING: z_osc = 5664.69, a_osc = 1.765010e-04
DEBUG: Ridder field ENABLED. Lambda = 1.015800e+00
DEBUG: Ridder field ENABLED. Lambda = 1.015800e+00
BG_FUNC: a=3.24e-14 V=1.03e-01 factor_V=2.45e+58 factor_rho=5.62e-56 rho_eV2=2.53e+57 rho_final=1.42e+02
BG_FUNC: a=1.22e-12 V=1.03e-01 factor_V=2.45e+58 factor_rho=5.62e-56 rho_eV2=2.53e+57 rho_final=1.42e+02
BG_FUNC: a=4.85e-11 V=1.03e-01 factor_V=2.45e+58 factor_rho=5.62e-56 rho_eV2=2.53e+57 rho_final=1.42e+02
BG_FUNC: a=1.92e-09 V=1.03e-01 factor_V=2.45e+58 factor_rho=5.62e-56 rho_eV2=2.53e+57 rho_final=1.42e+02
BG_FUNC: a=7.62e-08 V=1.03e-01 factor_V=2.45e+58 factor_rho=5.62e-56 rho_eV2=2.53e+57 rho_final=1.42e+02
BG_FUNC: a=3.02e-06 V=1.03e-01 factor_V=2.45e+58 factor_rho=5.62e-56 rho_eV2=2.53e+57 rho_final=1.42e+02
BG_FUNC: a=1.19e-04 V=9.14e-02 factor_V=2.45e+58 factor_rho=5.62e-56 rho_eV2=2.34e+57 rho_final=1.32e+02
RIDDER SWITCHING: z_osc = 4557.02, a_osc = 2.193937e-04
DEBUG: Ridder field ENABLED. Lambda = 1.207212e+00
DEBUG: Ridder field ENABLED. Lambda = 1.207212e+00
BG_FUNC: a=1.86e-13 V=2.06e-01 factor_V=2.45e+58 factor_rho=5.62e-56 rho_eV2=5.04e+57 rho_final=2.84e+02
BG_FUNC: a=7.36e-12 V=2.06e-01 factor_V=2.45e+58 factor_rho=5.62e-56 rho_eV2=5.04e+57 rho_final=2.84e+02
BG_FUNC: a=2.91e-10 V=2.06e-01 factor_V=2.45e+58 factor_rho=5.62e-56 rho_eV2=5.04e+57 rho_final=2.84e+02
BG_FUNC: a=1.15e-08 V=2.06e-01 factor_V=2.45e+58 factor_rho=5.62e-56 rho_eV2=5.04e+57 rho_final=2.84e+02
BG_FUNC: a=4.61e-07 V=2.06e-01 factor_V=2.45e+58 factor_rho=5.62e-56 rho_eV2=5.04e+57 rho_final=2.84e+02
BG_FUNC: a=1.81e-05 V=2.06e-01 factor_V=2.45e+58 factor_rho=5.62e-56 rho_eV2=5.04e+57 rho_final=2.84e+02
RIDDER SWITCHING: z_osc = 5555.41, a_osc = 1.799724e-04
DEBUG: Ridder field ENABLED. Lambda = 1.180496e+00
DEBUG: Ridder fi[mcmc] Progress @ 2025-12-02 00:20:52 : 1185 steps taken, and 461 accepted.
eld ENABLED. Lambda = 1.180496e+00
BG_FUNC: a=3.56e-14 V=1.89e-01 factor_V=2.45e+58 factor_rho=5.62e-56 rho_eV2=4.61e+57 rho_final=2.59e+02
BG_FUNC: a=1.36e-12 V=1.89e-01 factor_V=2.45e+58 factor_rho=5.62e-56 rho_eV2=4.61e+57 rho_final=2.59e+02
BG_FUNC: a=5.44e-11 V=1.89e-01 factor_V=2.45e+58 factor_rho=5.62e-56 rho_eV2=4.61e+57 rho_final=2.59e+02
BG_FUNC: a=2.17e-09 V=1.89e-01 factor_V=2.45e+58 factor_rho=5.62e-56 rho_eV2=4.61e+57 rho_final=2.59e+02
BG_FUNC: a=8.67e-08 V=1.89e-01 factor_V=2.45e+58 factor_rho=5.62e-56 rho_eV2=4.61e+57 rho_final=2.59e+02
BG_FUNC: a=3.46e-06 V=1.89e-01 factor_V=2.45e+58 factor_rho=5.62e-56 rho_eV2=4.61e+57 rho_final=2.59e+02
BG_FUNC: a=1.37e-04 V=1.30e-01 factor_V=2.45e+58 factor_rho=5.62e-56 rho_eV2=3.67e+57 rho_final=2.06e+02
RIDDER SWITCHING: z_osc = 5435.38, a_osc = 1.839460e-04
DEBUG: Ridder field ENABLED. Lambda = 1.382380e+00
DEBUG: Ridder field ENABLED. Lambda = 1.382380e+00
BG_FUNC: a=2.57e-13 V=3.55e-01 factor_V=2.45e+58 factor_rho=5.62e-56 rho_eV2=8.67e+57 rho_final=4.88e+02
BG_FUNC: a=1.02e-11 V=3.55e-01 factor_V=2.45e+58 factor_rho=5.62e-56 rho_eV2=8.67e+57 rho_final=4.88e+02
BG_FUNC: a=4.03e-10 V=3.55e-01 factor_V=2.45e+58 factor_rho=5.62e-56 rho_eV2=8.67e+57 rho_final=4.88e+02
BG_FUNC: a=1.60e-08 V=3.55e-01 factor_V=2.45e+58 factor_rho=5.62e-56 rho_eV2=8.67e+57 rho_final=4.88e+02
BG_FUNC: a=6.34e-07 V=3.55e-01 factor_V=2.45e+58 factor_rho=5.62e-56 rho_eV2=8.67e+57 rho_final=4.88e+02
BG_FUNC: a=2.51e-05 V=3.54e-01 factor_V=2.45e+58 factor_rho=5.62e-56 rho_eV2=8.67e+57 rho_final=4.87e+02
RIDDER SWITCHING: z_osc = 6474.56, a_osc = 1.544269e-04
DEBUG: Ridder field ENABLED. Lambda = 1.778446e+00
DEBUG: Ridder field ENABLED. Lambda = 1.778446e+00
BG_FUNC: a=5.74e-14 V=9.72e-01 factor_V=2.45e+58 factor_rho=5.62e-56 rho_eV2=2.38e+58 rho_final=1.34e+03
BG_FUNC: a=2.20e-12 V=9.72e-01 factor_V=2.45e+58 factor_rho=5.62e-56 rho_eV2=2.38e+58 rho_final=1.34e+03
BG_FUNC: a=8.73e-11 V=9.72e-01 factor_V=2.45e+58 factor_rho=5.62e-56 rho_eV2=2.38e+58 rho_final=1.34e+03
BG_FUNC: a=3.47e-09 V=9.72e-01 factor_V=2.45e+58 factor_rho=5.62e-56 rho_eV2=2.38e+58 rho_final=1.34e+03
BG_FUNC: a=1.38e-07 V=9.72e-01 factor_V=2.45e+58 factor_rho=5.62e-56 rho_eV2=2.38e+58 rho_final=1.34e+03
BG_FUNC: a=5.46e-06 V=9.72e-01 factor_V=2.45e+58 factor_rho=5.62e-56 rho_eV2=2.38e+58 rho_final=1.34e+03
RIDDER SWITCHING: z_osc = 8514.65, a_osc = 1.174309e-04
DEBUG: Ridder field ENABLED. Lambda = 1.359931e+00
DEBUG: Ridder field ENABLED. Lambda = 1.359931e+00
BG_FUNC: a=1.67e-14 V=3.32e-01 factor_V=2.45e+58 factor_rho=5.62e-56 rho_eV2=8.12e+57 rho_final=4.57e+02
BG_FUNC: a=6.28e-13 V=3.32e-01 factor_V=2.45e+58 factor_rho=5.62e-56 rho_eV2=8.12e+57 rho_final=4.57e+02
BG_FUNC: a=2.51e-11 V=3.32e-01 factor_V=2.45e+58 factor_rho=5.62e-56 rho_eV2=8.12e+57 rho_final=4.57e+02
BG_FUNC: a=1.00e-09 V=3.32e-01 factor_V=2.45e+58 factor_rho=5.62e-56 rho_eV2=8.12e+57 rho_final=4.57e+02
BG_FUNC: a=4.01e-08 V=3.32e-01 factor_V=2.45e+58 factor_rho=5.62e-56 rho_eV2=8.12e+57 rho_final=4.57e+02
BG_FUNC: a=1.60e-06 V=3.32e-01 factor_V=2.45e+58 factor_rho=5.62e-56 rho_eV2=8.12e+57 rho_final=4.57e+02
BG_FUNC: a=6.38e-05 V=3.20e-01 factor_V=2.45e+58 factor_rho=5.62e-56 rho_eV2=7.94e+57 rho_final=4.46e+02
RIDDER SWITCHING: z_osc = 6367.30, a_osc = 1.570277e-04
DEBUG: Ridder field ENABLED. Lambda = 1.224521e+00
DEBUG: Ridder field ENABLED. Lambda = 1.224521e+00
BG_FUNC: a=1.38e-13 V=2.18e-01 factor_V=2.45e+58 factor_rho=5.62e-56 rho_eV2=5.34e+57 rho_final=3.00e+02
BG_FUNC: a=5.48e-12 V=2.18e-01 factor_V=2.45e+58 factor_rho=5.62e-56 rho_eV2=5.34e+57 rho_final=3.00e+02
BG_FUNC: a=2.17e-10 V=2.18e-01 factor_V=2.45e+58 factor_rho=5.62e-56 rho_eV2=5.34e+57 rho_final=3.00e+02
BG_FUNC: a=8.62e-09 V=2.18e-01 factor_V=2.45e+58 factor_rho=5.62e-56 rho_eV2=5.34e+57 rho_final=3.00e+02
BG_FUNC: a=3.42e-07 V=2.18e-01 factor_V=2.45e+58 factor_rho=5.62e-56 rho_eV2=5.34e+57 rho_final=3.00e+02
BG_FUNC: a=1.35e-05 V=2.18e-01 factor_V=2.45e+58 factor_rho=5.62e-56 rho_eV2=5.34e+57 rho_final=3.00e+02
RIDDER SWITCHING: z_osc = 5641.98, a_osc = 1.772114e-04
DEBUG: Ridder[mcmc] Progress @ 2025-12-02 00:21:53 : 1265 steps taken, and 475 accepted.
 field ENABLED. Lambda = 1.419921e+00
DEBUG: Ridder field ENABLED. Lambda = 1.419921e+00
BG_FUNC: a=2.73e-14 V=3.95e-01 factor_V=2.45e+58 factor_rho=5.62e-56 rho_eV2=9.66e+57 rho_final=5.43e+02
BG_FUNC: a=1.03e-12 V=3.95e-01 factor_V=2.45e+58 factor_rho=5.62e-56 rho_eV2=9.66e+57 rho_final=5.43e+02
BG_FUNC: a=4.16e-11 V=3.95e-01 factor_V=2.45e+58 factor_rho=5.62e-56 rho_eV2=9.66e+57 rho_final=5.43e+02
BG_FUNC: a=1.67e-09 V=3.95e-01 factor_V=2.45e+58 factor_rho=5.62e-56 rho_eV2=9.66e+57 rho_final=5.43e+02
BG_FUNC: a=6.74e-08 V=3.95e-01 factor_V=2.45e+58 factor_rho=5.62e-56 rho_eV2=9.66e+57 rho_final=5.43e+02
BG_FUNC: a=2.71e-06 V=3.95e-01 factor_V=2.45e+58 factor_rho=5.62e-56 rho_eV2=9.66e+57 rho_final=5.43e+02
BG_FUNC: a=1.08e-04 V=2.87e-01 factor_V=2.45e+58 factor_rho=5.62e-56 rho_eV2=7.95e+57 rho_final=4.47e+02
RIDDER SWITCHING: z_osc = 6648.32, a_osc = 1.503914e-04
DEBUG: Ridder field ENABLED. Lambda = 1.326167e+00
DEBUG: Ridder field ENABLED. Lambda = 1.326167e+00
BG_FUNC: a=2.45e-13 V=3.00e-01 factor_V=2.45e+58 factor_rho=5.62e-56 rho_eV2=7.35e+57 rho_final=4.13e+02
BG_FUNC: a=9.72e-12 V=3.00e-01 factor_V=2.45e+58 factor_rho=5.62e-56 rho_eV2=7.35e+57 rho_final=4.13e+02
BG_FUNC: a=3.85e-10 V=3.00e-01 factor_V=2.45e+58 factor_rho=5.62e-56 rho_eV2=7.35e+57 rho_final=4.13e+02
BG_FUNC: a=1.53e-08 V=3.00e-01 factor_V=2.45e+58 factor_rho=5.62e-56 rho_eV2=7.35e+57 rho_final=4.13e+02
BG_FUNC: a=6.05e-07 V=3.00e-01 factor_V=2.45e+58 factor_rho=5.62e-56 rho_eV2=7.35e+57 rho_final=4.13e+02
BG_FUNC: a=2.40e-05 V=3.00e-01 factor_V=2.45e+58 factor_rho=5.62e-56 rho_eV2=7.34e+57 rho_final=4.13e+02
RIDDER SWITCHING: z_osc = 6180.85, a_osc = 1.617640e-04
DEBUG: Ridder field ENABLED. Lambda = 1.182385e+00
DEBUG: Ridder field ENABLED. Lambda = 1.182385e+00
BG_FUNC: a=5.22e-14 V=1.90e-01 factor_V=2.45e+58 factor_rho=5.62e-56 rho_eV2=4.64e+57 rho_final=2.61e+02
BG_FUNC: a=1.98e-12 V=1.90e-01 factor_V=2.45e+58 factor_rho=5.62e-56 rho_eV2=4.64e+57 rho_final=2.61e+02
BG_FUNC: a=7.74e-11 V=1.90e-01 factor_V=2.45e+58 factor_rho=5.62e-56 rho_eV2=4.64e+57 rho_final=2.61e+02
BG_FUNC: a=3.04e-09 V=1.90e-01 factor_V=2.45e+58 factor_rho=5.62e-56 rho_eV2=4.64e+57 rho_final=2.61e+02
BG_FUNC: a=1.19e-07 V=1.90e-01 factor_V=2.45e+58 factor_rho=5.62e-56 rho_eV2=4.64e+57 rho_final=2.61e+02
BG_FUNC: a=4.65e-06 V=1.90e-01 factor_V=2.45e+58 factor_rho=5.62e-56 rho_eV2=4.64e+57 rho_final=2.61e+02
BG_FUNC: a=1.75e-04 V=7.85e-02 factor_V=2.45e+58 factor_rho=5.62e-56 rho_eV2=2.72e+57 rho_final=1.53e+02
RIDDER SWITCHING: z_osc = 5432.66, a_osc = 1.840379e-04
DEBUG: Ridder field ENABLED. Lambda = 9.835149e-01
DEBUG: Ridder field ENABLED. Lambda = 9.835149e-01
BG_FUNC: a=3.31e-13 V=9.09e-02 factor_V=2.45e+58 factor_rho=5.62e-56 rho_eV2=2.22e+57 rho_final=1.25e+02
BG_FUNC: a=1.31e-11 V=9.09e-02 factor_V=2.45e+58 factor_rho=5.62e-56 rho_eV2=2.22e+57 rho_final=1.25e+02
BG_FUNC: a=5.20e-10 V=9.09e-02 factor_V=2.45e+58 factor_rho=5.62e-56 rho_eV2=2.22e+57 rho_final=1.25e+02
BG_FUNC: a=2.08e-08 V=9.09e-02 factor_V=2.45e+58 factor_rho=5.62e-56 rho_eV2=2.22e+57 rho_final=1.25e+02
BG_FUNC: a=8.17e-07 V=9.09e-02 factor_V=2.45e+58 factor_rho=5.62e-56 rho_eV2=2.22e+57 rho_final=1.25e+02
BG_FUNC: a=3.24e-05 V=9.08e-02 factor_V=2.45e+58 factor_rho=5.62e-56 rho_eV2=2.22e+57 rho_final=1.25e+02
RIDDER SWITCHING: z_osc = 4382.06, a_osc = 2.281510e-04
DEBUG: Ridder field ENABLED. Lambda = 1.224521e+00
DEBUG: Ridder field ENABLED. Lambda = 1.224521e+00
BG_FUNC: a=5.01e-14 V=2.18e-01 factor_V=2.45e+58 factor_rho=5.62e-56 rho_eV2=5.34e+57 rho_final=3.00e+02
BG_FUNC: a=1.93e-12 V=2.18e-01 factor_V=2.45e+58 factor_rho=5.62e-56 rho_eV2=5.34e+57 rho_final=3.00e+02
BG_FUNC: a=7.59e-11 V=2.18e-01 factor_V=2.45e+58 factor_rho=5.62e-56 rho_eV2=5.34e+57 rho_final=3.00e+02
BG_FUNC: a=3.04e-09 V=2.18e-01 factor_V=2.45e+58 factor_rho=5.62e-56 rho_eV2=5.34e+57 rho_final=3.00e+02
BG_FUNC: a=1.20e-07 V=2.18e-01 factor_V=2.45e+58 factor_rho=5.62e-56 rho_eV2=5.34e+57 rho_final=3.00e+02
BG_FUNC: a=4.79e-06 V=2.18e-01 factor_V=2.45e+58 factor_rho=5.62e-56 rho_eV2=5.34e+57 rho_final=3.00e+02
RIDDER SWITCHING: z_osc = 5654.60, a_osc = 1.768160e-04
DEBUG: Ridder field ENABLED. Lambda = 1.356577e+00
DEBUG: Ridder field ENABLED. Lambda = 1.356577e+00
BG_FUNC: a=1.00e-14 V=3.29e-01 factor_V=2.45e+58 factor_rho=5.62e-56 rho_eV2=8.04e+57 rho_final=4.52e+02
BG_FUNC: a=3.59e-13 V=3.29e-01 factor_V=2.45e+58 factor_rho=5.62e-56 rho_eV2=8.04e+57 rho_final=4.52e+02
BG_FUNC: a=1.43e-11 V=3.29e-01 factor_V=2.45e+58 factor_rho=5.62e-56 rho_eV2=8.04e+57 rho_final=4.52e+02
BG_FUNC: a=5.78e-10 V=3.29e-01 factor_V=2.45e+58 factor_rho=5.62e-56 rho_eV2=8.04e+57 rho_final=4.52e+02
BG_FUNC: a=2.29e-08 V=3.29e-01 factor_V=2.45e+58 factor_rho=5.62e-56 rho_eV2=8.04e+57 rho_final=4.52e+02
BG_FUNC: a=9.15e-07 V=3.29e-01 factor_V=2.45e+58 factor_rho=5.62e-56 rho_eV2=8.04e+57 rho_final=4.52e+02
BG_FUNC: a=3.66e-05 V=3.28e-01 factor_V=2.45e+58 factor_rho=5.62e-56 rho_eV2=8.02e+57 rho_final=4.51e+02
RIDDER SWITCHING: z_osc = 6325.76, a_osc = 1.580588e-04
DEBUG: Ridder field ENABLED. Lambda = 1.338422e+00
DEBUG: Ridder field ENABLED. Lambda = 1.338422e+00
BG_FUNC: a=8.12e-14 V=3.12e-01 factor_V=2.45e+58 factor_rho=5.62e-56 rho_eV2=7.62e+57 rho_final=4.29e+02
BG_FUNC: a=3.14e-12 V=3.12e-01 factor_V=2.45e+58 factor_rho=5.62e-56 rho_eV2=7.62e+57 rho_final=4.29e+02
BG_FUNC: a=1.25e-10 V=3.12e-01 factor_V=2.45e+58 factor_rho=5.62e-56 rho_eV2=7.62e+57 rho_final=4.29e+02
BG_FUNC: a=4.97e-09 V=3.12e-01 factor_V=2.45e+58 factor_rho=5.62e-56 rho_eV2=7.62e+57 rho_final=4.29e+02
BG_FUNC: a=1.98e-07 V=3.12e-01 factor_V=2.45e+58 factor_rho=5.62e-56 rho_eV2=7.62e+57 rho_final=4.29e+02
BG_FUNC: a=7.89e-06 V=3.12e-01 factor_V=2.45e+58 factor_rho=5.62e-56 rho_eV2=7.62e+57 rho_final=4.29e+02
RIDDER SWITCHING: z_osc = 6250.50, a_osc = 1.599616e-04
DEBUG: Ridder field ENABLED. Lambda = 1.224521e+00
DEBUG: Ridder field ENABLED. Lambda = 1.224521e+00
BG_FUNC: a=1.77e-14 V=2.18e-01 factor_V=2.45e+58 factor_rho=5.62e-56 rho_eV2=5.34e+57 rho_final=3.00e+02
BG_FUNC: a=6.62e-13 V=2.18e-01 factor_V=2.45e+58 factor_rho=5.62e-56 rho_eV2=5.34e+57 rho_final=3.00e+02
BG_FUNC: a=2.62e-11 V=2.18e-01 factor_V=2.45e+58 factor_rho=5.62e-56 rho_eV2=5.34e+57 rho_final=3.00e+02
BG_FUNC: a=1.04e-09 V=2.18e-01 factor_V=2.45e+58 factor_rho=5.62e-56 rho_eV2=5.34e+57 rho_final=3.00e+02
BG_FUNC: a=4.11e-08 V=2.18e-01 factor_V=2.45e+58 factor_rho=5.62e-56 rho_eV2=5.34e+57 rho_final=3.00e+02
BG_FUNC: a=1.64e-06 V=2.18e-01 factor_V=2.45e+58 factor_rho=5.62e-56 rho_eV2=5.34e+57 rho_final=3.00e+02
BG_FUNC: a=6.43e-05 V=2.13e-01 factor_V=2.45e+58 factor_rho=5.62e-56 rho_eV2=5.26e+57 rho_final=2.96e+02
RIDDER SWITCHING: z_osc = 5644.67, a_osc = 1.771270e-04
DEBUG: Ridder field ENABLED. Lambda = 6.635194e-01
DEBUG: Ridder field ENABLED. Lambda = 6.635194e-01
BG_FUNC: a=1.25e-13 V=1.88e-02 factor_V=2.45e+58 factor_rho=5.62e-56 rho_eV2=4.60e+56 rho_final=2.59e+01
BG_FUNC: a=4.92e-12 V=1.88e-02 factor_V=2.45e+58 factor_rho=5.62e-56 rho_eV2=4.60e+56 rho_final=2.59e+01
BG_FUNC: a=1.95e-10 V=1.88e-02 factor_V=2.45e+58 factor_rho=5.62e-56 rho_eV2=4.60e+56 rho_final=2.59e+01
BG_FUNC: a=7.72e-09 V=1.88e-02 factor_V=2.45e+58 factor_rho=5.62e-56 rho_eV2=4.60e+56 rho_final=2.59e+01
BG_FUNC: a=3.06e-07 V=1.88e-02 factor_V=2.45e+58 factor_rho=5.62e-56 rho_eV2=4.60e+56 rho_final=2.59e+01
BG_FUNC: a=1.21e-05 V=1.88e-02 factor_V=2.45e+58 factor_rho=5.62e-56 rho_eV2=4.60e+56 rho_final=2.59e+01
RIDDER SWITCHING: z_osc = 2750.22, a_osc = 3.634756e-04
DEBUG: Ridder field ENABLED. Lambda = 1.083895e+00
DEBUG: Ridder field ENABLED. Lambda = 1.083895e+00
BG_FUNC: a=1.22e-14 V=1.34e-01 factor_V=2.45e+58 factor_rho=5.62e-56 rho_eV2=3.28e+57 rho_final=1.84e+02
BG_FUNC: a=4.56e-13 V=1.34e-01 factor_V=2.45e+58 factor_rho=5.62e-56 rho_eV2=3.28e+57 rho_final=1.84e+02
BG_FUNC: a=1.82e-11 V=1.34e-01 factor_V=2.45e+58 factor_rho=5.62e-56 rho_eV2=3.28e+57 rho_final=1.84e+02
BG_FUNC: a=7.35e-10 V=1.34e-01 factor_V=2.45e+58 factor_rho=5.62e-56 rho_eV2=3.28e+57 rho_final=1.84e+02
BG_FUNC: a=2.91e-08 V=1.34e-01 factor_V=2.45e+58 factor_rho=5.62e-56 rho_eV2=3.28e+57 rho_final=1.84e+02
BG_FUNC: a=1.16e-06 V=1.34e-01 factor_V=2.45e+58 factor_rho=5.62e-[mcmc] Progress @ 2025-12-02 00:22:55 : 1385 steps taken, and 495 accepted.
56 rho_eV2=3.28e+57 rho_final=1.84e+02
BG_FUNC: a=4.64e-05 V=1.33e-01 factor_V=2.45e+58 factor_rho=5.62e-56 rho_eV2=3.27e+57 rho_final=1.84e+02
RIDDER SWITCHING: z_osc = 4921.24, a_osc = 2.031597e-04
DEBUG: Ridder field ENABLED. Lambda = 1.240115e+00
DEBUG: Ridder field ENABLED. Lambda = 1.240115e+00
BG_FUNC: a=8.05e-14 V=2.30e-01 factor_V=2.45e+58 factor_rho=5.62e-56 rho_eV2=5.62e+57 rho_final=3.16e+02
BG_FUNC: a=3.09e-12 V=2.30e-01 factor_V=2.45e+58 factor_rho=5.62e-56 rho_eV2=5.62e+57 rho_final=3.16e+02
BG_FUNC: a=1.22e-10 V=2.30e-01 factor_V=2.45e+58 factor_rho=5.62e-56 rho_eV2=5.62e+57 rho_final=3.16e+02
BG_FUNC: a=4.85e-09 V=2.30e-01 factor_V=2.45e+58 factor_rho=5.62e-56 rho_eV2=5.62e+57 rho_final=3.16e+02
BG_FUNC: a=1.92e-07 V=2.30e-01 factor_V=2.45e+58 factor_rho=5.62e-56 rho_eV2=5.62e+57 rho_final=3.16e+02
BG_FUNC: a=7.69e-06 V=2.30e-01 factor_V=2.45e+58 factor_rho=5.62e-56 rho_eV2=5.62e+57 rho_final=3.16e+02
RIDDER SWITCHING: z_osc = 5714.88, a_osc = 1.749513e-04
DEBUG: Ridder field ENABLED. Lambda = 1.318984e+00
DEBUG: Ridder field ENABLED. Lambda = 1.318984e+00
BG_FUNC: a=1.56e-14 V=2.94e-01 factor_V=2.45e+58 factor_rho=5.62e-56 rho_eV2=7.19e+57 rho_final=4.04e+02
BG_FUNC: a=5.84e-13 V=2.94e-01 factor_V=2.45e+58 factor_rho=5.62e-56 rho_eV2=7.19e+57 rho_final=4.04e+02
BG_FUNC: a=2.32e-11 V=2.94e-01 factor_V=2.45e+58 factor_rho=5.62e-56 rho_eV2=7.19e+57 rho_final=4.04e+02
BG_FUNC: a=9.18e-10 V=2.94e-01 factor_V=2.45e+58 factor_rho=5.62e-56 rho_eV2=7.19e+57 rho_final=4.04e+02
BG_FUNC: a=3.64e-08 V=2.94e-01 factor_V=2.45e+58 factor_rho=5.62e-56 rho_eV2=7.19e+57 rho_final=4.04e+02
BG_FUNC: a=1.44e-06 V=2.94e-01 factor_V=2.45e+58 factor_rho=5.62e-56 rho_eV2=7.19e+57 rho_final=4.04e+02
BG_FUNC: a=5.69e-05 V=2.88e-01 factor_V=2.45e+58 factor_rho=5.62e-56 rho_eV2=7.10e+57 rho_final=3.99e+02
RIDDER SWITCHING: z_osc = 6116.75, a_osc = 1.634587e-04
DEBUG: Ridder field ENABLED. Lambda = 7.617260e-01
DEBUG: Ridder field ENABLED. Lambda = 7.617260e-01
BG_FUNC: a=1.19e-13 V=3.27e-02 factor_V=2.45e+58 factor_rho=5.62e-56 rho_eV2=8.00e+56 rho_final=4.50e+01
BG_FUNC: a=4.77e-12 V=3.27e-02 factor_V=2.45e+58 factor_rho=5.62e-56 rho_eV2=8.00e+56 rho_final=4.50e+01
BG_FUNC: a=1.91e-10 V=3.27e-02 factor_V=2.45e+58 factor_rho=5.62e-56 rho_eV2=8.00e+56 rho_final=4.50e+01
BG_FUNC: a=7.62e-09 V=3.27e-02 factor_V=2.45e+58 factor_rho=5.62e-56 rho_eV2=8.00e+56 rho_final=4.50e+01
BG_FUNC: a=3.07e-07 V=3.27e-02 factor_V=2.45e+58 factor_rho=5.62e-56 rho_eV2=8.00e+56 rho_final=4.50e+01
BG_FUNC: a=1.22e-05 V=3.27e-02 factor_V=2.45e+58 factor_rho=5.62e-56 rho_eV2=8.00e+56 rho_final=4.50e+01
RIDDER SWITCHING: z_osc = 3299.95, a_osc = 3.029430e-04
DEBUG: Ridder field ENABLED. Lambda = 1.235547e+00
DEBUG: Ridder field ENABLED. Lambda = 1.235547e+00
BG_FUNC: a=1.46e-14 V=2.26e-01 factor_V=2.45e+58 factor_rho=5.62e-56 rho_eV2=5.54e+57 rho_final=3.11e+02
BG_FUNC: a=5.50e-13 V=2.26e-01 factor_V=2.45e+58 factor_rho=5.62e-56 rho_eV2=5.54e+57 rho_final=3.11e+02
BG_FUNC: a=2.21e-11 V=2.26e-01 factor_V=2.45e+58 factor_rho=5.62e-56 rho_eV2=5.54e+57 rho_final=3.11e+02
BG_FUNC: a=8.87e-10 V=2.26e-01 factor_V=2.45e+58 factor_rho=5.62e-56 rho_eV2=5.54e+57 rho_final=3.11e+02
BG_FUNC: a=3.56e-08 V=2.26e-01 factor_V=2.45e+58 factor_rho=5.62e-56 rho_eV2=5.54e+57 rho_final=3.11e+02
BG_FUNC: a=1.43e-06 V=2.26e-01 factor_V=2.45e+58 factor_rho=5.62e-56 rho_eV2=5.54e+57 rho_final=3.11e+02
BG_FUNC: a=5.74e-05 V=2.23e-01 factor_V=2.45e+58 factor_rho=5.62e-56 rho_eV2=5.48e+57 rho_final=3.08e+02
RIDDER SWITCHING: z_osc = 5699.34, a_osc = 1.754280e-04
DEBUG: Ridder field ENABLED. Lambda = 1.449755e+00
DEBUG: Ridder field ENABLED. Lambda = 1.449755e+00
BG_FUNC: a=1.11e-13 V=4.29e-01 factor_V=2.45e+58 factor_rho=5.62e-56 rho_eV2=1.05e+58 rho_final=5.90e+02
BG_FUNC: a=4.44e-12 V=4.29e-01 factor_V=2.45e+58 factor_rho=5.62e-56 rho_eV2=1.05e+58 rho_final=5.90e+02
BG_FUNC: a=1.77e-10 V=4.29e-01 factor_V=2.45e+58 factor_rho=5.62e-56 rho_eV2=1.05e+58 rho_final=5.90e+02
BG_FUNC: a=7.06e-09 V=4.29e-01 factor_V=2.45e+58 factor_rho=5.62e-56 rho_eV2=1.05e+58 rho_final=5.90e+02
BG_FUNC: a=2[mcmc] Progress @ 2025-12-02 00:23:56 : 1464 steps taken, and 507 accepted.
