[output] Output to be read-from/written-into folder 'chains', with prefix 'tier5_cpl_desi_unconstrained'
[prior] *WARNING* External prior 'SZ' loaded. Mind that it might not be normalized!
[classy] `classy` module loaded successfully from /home/ridderadmin/.local/lib/python3.10/site-packages/classy-3.3.3-py3.10-linux-x86_64.egg
[planck_2018_highl_plik.ttteee] `clipy` module loaded successfully from /home/ridderadmin/.local/share/cobaya/code/planck/clipy/clipy
----
clipy_0.15
Checking likelihood '/home/ridderadmin/.local/share/cobaya/data/planck_2018/baseline/plc_3.0/hi_l/plik/plik_rd12_HM_v22b_TTTEEE.clik' on test data. got -1172.47 expected -1172.47 (diff 4.00569e-06)
----
[planck_2018_lensing.clik] `clipy` module loaded successfully from /home/ridderadmin/.local/share/cobaya/code/planck/clipy/clipy
----
clipy_0.15
Checking likelihood '/home/ridderadmin/.local/share/cobaya/data/planck_2018/baseline/plc_3.0/lensing/smicadx12_Dec5_ftl_mv2_ndclpp_p_teb_consext8.clik_lensing' on test data. got -4.42102
----
[bao.sixdf_2011_bao] Initialized.
[bao.sdss_dr12_consensus_bao] Initialized.
[likelihoods.desi_y1_bao.desi_y1_bao] DESI Y1 BAO: 5 anisotropic + 2 isotropic bins
[classy] *WARNING* Requesting BB for ell>50 or lensing Cl's: using a non-linear code is recommended (and you are not using any). To activate it, set 'non_linear: halofit|hmcode|...' in classy's 'extra_args'.
[classy] *WARNING* Requesting BB for ell>50 or lensing Cl's: using a non-linear code is recommended (and you are not using any). To activate it, set 'non_linear: halofit|hmcode|...' in classy's 'extra_args'.
[classy] *WARNING* Requesting BB for ell>50 or lensing Cl's: using a non-linear code is recommended (and you are not using any). To activate it, set 'non_linear: halofit|hmcode|...' in classy's 'extra_args'.
[classy] *WARNING* Requesting BB for ell>50 or lensing Cl's: using a non-linear code is recommended (and you are not using any). To activate it, set 'non_linear: halofit|hmcode|...' in classy's 'extra_args'.
[classy] *WARNING* Requesting BB for ell>50 or lensing Cl's: using a non-linear code is recommended (and you are not using any). To activate it, set 'non_linear: halofit|hmcode|...' in classy's 'extra_args'.
[classy] *WARNING* Requesting BB for ell>50 or lensing Cl's: using a non-linear code is recommended (and you are not using any). To activate it, set 'non_linear: halofit|hmcode|...' in classy's 'extra_args'.
[classy] *WARNING* Requesting BB for ell>50 or lensing Cl's: using a non-linear code is recommended (and you are not using any). To activate it, set 'non_linear: halofit|hmcode|...' in classy's 'extra_args'.
[classy] *WARNING* Requesting BB for ell>50 or lensing Cl's: using a non-linear code is recommended (and you are not using any). To activate it, set 'non_linear: halofit|hmcode|...' in classy's 'extra_args'.
[classy] *WARNING* Requesting BB for ell>50 or lensing Cl's: using a non-linear code is recommended (and you are not using any). To activate it, set 'non_linear: halofit|hmcode|...' in classy's 'extra_args'.
[classy] *WARNING* Requesting BB for ell>50 or lensing Cl's: using a non-linear code is recommended (and you are not using any). To activate it, set 'non_linear: halofit|hmcode|...' in classy's 'extra_args'.
[mcmc] Getting initial point... (this may take a few seconds)
[mcmc] Initial point: logA:3.044, n_s:0.9649, H0:69, omega_b:0.02237, omega_cdm:0.12, tau_reio:0.0544, w0_fld:-1, wa_fld:0, A_planck:1.001884, calib_100T:0.9996355, calib_217T:0.9972277, A_cib_217:80.86932, xi_sz_cib:0.04459342, A_sz:9.484535, ksz_norm:1.471505, gal545_A_100:9.398104, gal545_A_143:3.879903, gal545_A_143_217:26.62408, gal545_A_217:68.0557, ps_A_100_100:297.1849, ps_A_143_143:48.64417, ps_A_143_217:29.77794, ps_A_217_217:99.56185, galf_TE_A_100:0.06018692, galf_TE_A_100_143:-0.009212926, galf_TE_A_100_217:0.3466537, galf_TE_A_143:0.2377377, galf_TE_A_143_217:0.7469341, galf_TE_A_217:2.236043
[model] Measuring speeds... (this may take a few seconds)
[model] Setting measured speeds (per sec): {planck_2018_lowl.TT: 867.0, planck_2018_lowl.EE: 3580.0, planck_2018_highl_plik.TTTEEE: 1.3, planck_2018_lensing.clik: 65.1, bao.sixdf_2011_bao: 1630.0, bao.sdss_dr7_mgs: 2300.0, bao.sdss_dr12_consensus_bao: 1140.0, likelihoods.desi_y1_bao.DESI_Y1_BAO: 544.0, classy: 0.077}
[mcmc] Oversampling with factors:
[mcmc] * 1 : ['logA', 'n_s', 'H0', 'omega_b', 'omega_cdm', 'tau_reio', 'w0_fld', 'wa_fld']
[mcmc] * 3 : ['A_planck']
[mcmc] * 3 : ['calib_100T', 'calib_217T', 'A_cib_217', 'xi_sz_cib', 'A_sz', 'ksz_norm', 'gal545_A_100', 'gal545_A_143', 'gal545_A_143_217', 'gal545_A_217', 'ps_A_100_100', 'ps_A_143_143', 'ps_A_143_217', 'ps_A_217_217', 'galf_TE_A_100', 'galf_TE_A_100_143', 'galf_TE_A_100_217', 'galf_TE_A_143', 'galf_TE_A_143_217', 'galf_TE_A_217']
[mcmc] Covariance matrix not present. We will start learning the covariance of the proposal earlier: R-1 = 30 (would be 2 if all params loaded).
[mcmc] Sampling!
[mcmc] Progress @ 2025-11-30 04:32:45 : 1 steps taken, and 0 accepted.
[mcmc] Progress @ 2025-11-30 04:33:47 : 31 steps taken, and 6 accepted.
[mcmc] Progress @ 2025-11-30 04:34:53 : 70 steps taken, and 15 accepted.
[mcmc] Progress @ 2025-11-30 04:35:53 : 112 steps taken, and 24 accepted.
[mcmc] Progress @ 2025-11-30 04:36:59 : 140 steps taken, and 29 accepted.
[mcmc] Progress @ 2025-11-30 04:38:01 : 163 steps taken, and 31 accepted.
[mcmc] Progress @ 2025-11-30 04:39:14 : 197 steps taken, and 40 accepted.
[mcmc] Progress @ 2025-11-30 04:40:22 : 224 steps taken, and 43 accepted.
[mcmc] Progress @ 2025-11-30 04:41:22 : 258 steps taken, and 50 accepted.
[mcmc] Progress @ 2025-11-30 04:42:22 : 292 steps taken, and 57 accepted.
DEBUG: Ridder field DISABLED. Lambda = 0.000000e+00
DEBUG: Ridder field DISABLED. Lambda = 0.000000e+00
DEBUG: Ridder field DISABLED. Lambda = 0.000000e+00
DEBUG: Ridder field DISABLED. Lambda = 0.000000e+00
DEBUG: Ridder field DISABLED. Lambda = 0.000000e+00
DEBUG: Ridder field DISABLED. Lambda = 0.000000e+00
DEBUG: Ridder field DISABLED. Lambda = 0.000000e+00
DEBUG: Ridder field DISABLED. Lambda = 0.000000e+00
DEBUG: Ridder field DISABLED. Lambda = 0.000000e+00
DEBUG: Ridder field DISABLED. Lambda = 0.000000e+00
DEBUG: Ridder field DISABLED. Lambda = 0.000000e+00
DEBUG: Ridder field DISABLED. Lambda = 0.000000e+00
DEBUG: Ridder field DISABLED. Lambda = 0.000000e+00
DEBUG: Ridder field DISABLED. Lambda = 0.000000e+00
DEBUG: Ridder field DISABLED. Lambda = 0.000000e+00
DEBUG: Ridder field DISABLED. Lambda = 0.000000e+00
DEBUG: Ridder field DISABLED. Lambda = 0.000000e+00
DEBUG: Ridder field DISABLED. Lambda = 0.000000e+00
DEBUG: Ridder field DISABLED. Lambda = 0.000000e+00
DEBUG: Ridder field DISABLED. Lambda = 0.000000e+00
DEBUG: Ridder field DISABLED. Lambda = 0.000000e+00
DEBUG: Ridder field DISABLED. Lambda = 0.000000e+00
DEBUG: Ridder field DISABLED. Lambda = 0.000000e+00
DEBUG: Ridder field DISABLED. Lambda = 0.000000e+00
DEBUG: Ridder field DISABLED. Lambda = 0.000000e+00
DEBUG: Ridder field DISABLED. Lambda = 0.000000e+00
DEBUG: Ridder field DISABLED. Lambda = 0.000000e+00
DEBUG: Ridder field DISABLED. Lambda = 0.000000e+00
DEBUG: Ridder field DISABLED. Lambda = 0.000000e+00
DEBUG: Ridder field DISABLED. Lambda = 0.000000e+00
DEBUG: Ridder field DISABLED. Lambda = 0.000000e+00
DEBUG: Ridder field DISABLED. Lambda = 0.000000e+00
DEBUG: Ridder field DISABLED. Lambda = 0.000000e+00
DEBUG: Ridder field DISABLED. Lambda = 0.000000e+00
DEBUG: Ridder field DISABLED. Lambda = 0.000000e+00
DEBUG: Ridder field DISABLED. Lambda = 0.000000e+00
DEBUG: Ridder field DISABLED. Lambda = 0.000000e+00
DEBUG: Ridder field DISABLED. Lambda = 0.000000e+00
DEBUG: Ridder field DISABLED. Lambda = 0.000000e+00
DEBUG: Ridder field DISABLED. Lambda = 0.000000e+00
DEBUG: Ridder field DISABLED. Lambda = 0.000000e+00
DEBUG: Ridder field DISABLED. Lambda = 0.000000e+00
DEBUG: Ridder field DISABLED. Lambda = 0.000000e+00
DEBUG: Ridder field DISABLED. Lambda = 0.000000e+00
DEBUG: Ridder field DISABLED. Lambda = 0.000000e+00
DEBUG: Ridder field DISABLED. Lambda = 0.000000e+00
DEBUG: Ridder field DISABLED. Lambda = 0.000000e+00
DEBUG: Ridder field DISABLED. Lambda = 0.000000e+00
DEBUG: Ridder field DISABLED. Lambda = 0.000000e+00
DEBUG: Ridder field DISABLED. Lambda = 0.000000e+00
DEBUG: Ridder field DISABLED. Lambda = 0.000000e+00
DEBUG: Ridder field DISABLED. Lambda = 0.000000e+00
DEBUG: Ridder field DISABLED. Lambda = 0.000000e+00
DEBUG: Ridder field DISABLED. Lambda = 0.000000e+00
DEBUG: Ridder field DISABLED. Lambda = 0.000000e+00
DEBUG: Ridder field DISABLED. Lambda = 0.000000e+00
DEBUG: Ridder field DISABLED. Lambda = 0.000000e+00
DEBUG: Ridder field DISABLED. Lambda = 0.000000e+00
DEBUG: Ridder field DISABLED. Lambda = 0.000000e+00
DEBUG: Ridder field DISABLED. Lambda = 0.000000e+00
DEBUG: Ridder field DISABLED. Lambda = 0.000000e+00
DEBUG: Ridder field DISABLED. Lambda = 0.000000e+00
DEBUG: Ridder field DISABLED. Lambda = 0.000000e+00
DEBUG: Ridder field DISABLED. Lambda = 0.000000e+00
DEBUG: Ridder field DISABLED. Lambda = 0.000000e+00
DEBUG: Ridder field DISABLED. Lambda = 0.000000e+00
DEBUG: Ridder field DISABLED. Lambda = 0.000000e+00
DEBUG: Ridder field DISABLED. Lambda = 0.000000e+00
DEBUG: Ridder field DISABLED. Lambda = 0.000000e+00
DEBUG: Ridder field DISABLED. Lambda = 0.000000e+00
DEBUG: Ridder field DISABLED. Lambda = 0.000000e+00
DEBUG: Ridder field DISABLED. Lambda = 0.000000e+00
DEBUG: Ridder field DISABLED. Lambda = 0.000000e+00
DEBUG: Ridder field DISABLED. Lambda = 0.000000e+00
DEBUG: Ridder field DISABLED. Lambda = 0.000000e+00
DEBUG: Ridder field DISABLED. Lambda = 0.000000e+00
DEBUG: Ridder field DISABLED. Lambda = 0.000000e+00
DEBUG: Ridder field DISABLED. Lambda = 0.000000e+00
DEBUG: Ridder field DISABLED. Lambda = 0[mcmc] Progress @ 2025-11-30 04:43:23 : 306 steps taken, and 59 accepted.
[mcmc] Progress @ 2025-11-30 04:44:36 : 346 steps taken, and 64 accepted.
[mcmc] Progress @ 2025-11-30 04:45:47 : 388 steps taken, and 74 accepted.
[mcmc] Progress @ 2025-11-30 04:46:48 : 418 steps taken, and 80 accepted.
[mcmc] Progress @ 2025-11-30 04:47:48 : 450 steps taken, and 83 accepted.
[mcmc] Progress @ 2025-11-30 04:48:49 : 485 steps taken, and 88 accepted.
[mcmc] Progress @ 2025-11-30 04:49:49 : 512 steps taken, and 92 accepted.
[mcmc] Progress @ 2025-11-30 04:51:01 : 557 steps taken, and 99 accepted.
[mcmc] Progress @ 2025-11-30 04:52:01 : 573 steps taken, and 99 accepted.
[mcmc] Progress @ 2025-11-30 04:53:01 : 612 steps taken, and 104 accepted.
[mcmc] Progress @ 2025-11-30 04:54:06 : 639 steps taken, and 110 accepted.
.000000e+00
DEBUG: Ridder field DISABLED. Lambda = 0.000000e+00
DEBUG: Ridder field DISABLED. Lambda = 0.000000e+00
DEBUG: Ridder field DISABLED. Lambda = 0.000000e+00
DEBUG: Ridder field DISABLED. Lambda = 0.000000e+00
DEBUG: Ridder field DISABLED. Lambda = 0.000000e+00
DEBUG: Ridder field DISABLED. Lambda = 0.000000e+00
DEBUG: Ridder field DISABLED. Lambda = 0.000000e+00
DEBUG: Ridder field DISABLED. Lambda = 0.000000e+00
DEBUG: Ridder field DISABLED. Lambda = 0.000000e+00
DEBUG: Ridder field DISABLED. Lambda = 0.000000e+00
DEBUG: Ridder field DISABLED. Lambda = 0.000000e+00
DEBUG: Ridder field DISABLED. Lambda = 0.000000e+00
DEBUG: Ridder field DISABLED. Lambda = 0.000000e+00
DEBUG: Ridder field DISABLED. Lambda = 0.000000e+00
DEBUG: Ridder field DISABLED. Lambda = 0.000000e+00
DEBUG: Ridder field DISABLED. Lambda = 0.000000e+00
DEBUG: Ridder field DISABLED. Lambda = 0.000000e+00
DEBUG: Ridder field DISABLED. Lambda = 0.000000e+00
DEBUG: Ridder field DISABLED. Lambda = 0.000000e+00
DEBUG: Ridder field DISABLED. Lambda = 0.000000e+00
DEBUG: Ridder field DISABLED. Lambda = 0.000000e+00
DEBUG: Ridder field DISABLED. Lambda = 0.000000e+00
DEBUG: Ridder field DISABLED. Lambda = 0.000000e+00
DEBUG: Ridder field DISABLED. Lambda = 0.000000e+00
DEBUG: Ridder field DISABLED. Lambda = 0.000000e+00
DEBUG: Ridder field DISABLED. Lambda = 0.000000e+00
DEBUG: Ridder field DISABLED. Lambda = 0.000000e+00
DEBUG: Ridder field DISABLED. Lambda = 0.000000e+00
DEBUG: Ridder field DISABLED. Lambda = 0.000000e+00
DEBUG: Ridder field DISABLED. Lambda = 0.000000e+00
DEBUG: Ridder field DISABLED. Lambda = 0.000000e+00
DEBUG: Ridder field DISABLED. Lambda = 0.000000e+00
DEBUG: Ridder field DISABLED. Lambda = 0.000000e+00
DEBUG: Ridder field DISABLED. Lambda = 0.000000e+00
DEBUG: Ridder field DISABLED. Lambda = 0.000000e+00
DEBUG: Ridder field DISABLED. Lambda = 0.000000e+00
DEBUG: Ridder field DISABLED. Lambda = 0.000000e+00
DEBUG: Ridder field DISABLED. Lambda = 0.000000e+00
DEBUG: Ridder field DISABLED. Lambda = 0.000000e+00
DEBUG: Ridder field DISABLED. Lambda = 0.000000e+00
DEBUG: Ridder field DISABLED. Lambda = 0.000000e+00
DEBUG: Ridder field DISABLED. Lambda = 0.000000e+00
DEBUG: Ridder field DISABLED. Lambda = 0.000000e+00
DEBUG: Ridder field DISABLED. Lambda = 0.000000e+00
DEBUG: Ridder field DISABLED. Lambda = 0.000000e+00
DEBUG: Ridder field DISABLED. Lambda = 0.000000e+00
DEBUG: Ridder field DISABLED. Lambda = 0.000000e+00
DEBUG: Ridder field DISABLED. Lambda = 0.000000e+00
DEBUG: Ridder field DISABLED. Lambda = 0.000000e+00
DEBUG: Ridder field DISABLED. Lambda = 0.000000e+00
DEBUG: Ridder field DISABLED. Lambda = 0.000000e+00
DEBUG: Ridder field DISABLED. Lambda = 0.000000e+00
DEBUG: Ridder field DISABLED. Lambda = 0.000000e+00
DEBUG: Ridder field DISABLED. Lambda = 0.000000e+00
DEBUG: Ridder field DISABLED. Lambda = 0.000000e+00
DEBUG: Ridder field DISABLED. Lambda = 0.000000e+00
DEBUG: Ridder field DISABLED. Lambda = 0.000000e+00
DEBUG: Ridder field DISABLED. Lambda = 0.000000e+00
DEBUG: Ridder field DISABLED. Lambda = 0.000000e+00
DEBUG: Ridder field DISABLED. Lambda = 0.000000e+00
DEBUG: Ridder field DISABLED. Lambda = 0.000000e+00
DEBUG: Ridder field DISABLED. Lambda = 0.000000e+00
DEBUG: Ridder field DISABLED. Lambda = 0.000000e+00
DEBUG: Ridder field DISABLED. Lambda = 0.000000e+00
DEBUG: Ridder field DISABLED. Lambda = 0.000000e+00
DEBUG: Ridder field DISABLED. Lambda = 0.000000e+00
DEBUG: Ridder field DISABLED. Lambda = 0.000000e+00
DEBUG: Ridder field DISABLED. Lambda = 0.000000e+00
DEBUG: Ridder field DISABLED. Lambda = 0.000000e+00
DEBUG: Ridder field DISABLED. Lambda = 0.000000e+00
DEBUG: Ridder field DISABLED. Lambda = 0.000000e+00
DEBUG: Ridder field DISABLED. Lambda = 0.000000e+00
DEBUG: Ridder field DISABLED. Lambda = 0.000000e+00
DEBUG: Ridder field DISABLED. Lambda = 0.000000e+00
DEBUG: Ridder field DISABLED. Lambda = 0.000000e+00
DEBUG: Ridder field DISABLED. Lambda = 0.000000e+00
DEBUG: Ridder field DISABLED. Lambda = 0.000000e+00
DEBUG: Ridder field DISABLED. Lambda = 0.000000e+00
DEBUG: Ridder field DISABLED[mcmc] Progress @ 2025-11-30 04:55:17 : 674 steps taken, and 112 accepted.
[mcmc] Progress @ 2025-11-30 04:56:30 : 707 steps taken, and 116 accepted.
[mcmc] Progress @ 2025-11-30 04:57:33 : 736 steps taken, and 120 accepted.
[mcmc] Progress @ 2025-11-30 04:58:38 : 779 steps taken, and 126 accepted.
[mcmc] Progress @ 2025-11-30 04:59:47 : 804 steps taken, and 129 accepted.
[mcmc] Progress @ 2025-11-30 05:00:47 : 846 steps taken, and 138 accepted.
[mcmc] Progress @ 2025-11-30 05:01:59 : 897 steps taken, and 143 accepted.
[mcmc] Progress @ 2025-11-30 05:03:12 : 916 steps taken, and 145 accepted.
[mcmc] Progress @ 2025-11-30 05:04:22 : 952 steps taken, and 153 accepted.
[mcmc] Progress @ 2025-11-30 05:05:23 : 987 steps taken, and 157 accepted.
. Lambda = 0.000000e+00
DEBUG: Ridder field DISABLED. Lambda = 0.000000e+00
DEBUG: Ridder field DISABLED. Lambda = 0.000000e+00
DEBUG: Ridder field DISABLED. Lambda = 0.000000e+00
DEBUG: Ridder field DISABLED. Lambda = 0.000000e+00
DEBUG: Ridder field DISABLED. Lambda = 0.000000e+00
DEBUG: Ridder field DISABLED. Lambda = 0.000000e+00
DEBUG: Ridder field DISABLED. Lambda = 0.000000e+00
DEBUG: Ridder field DISABLED. Lambda = 0.000000e+00
DEBUG: Ridder field DISABLED. Lambda = 0.000000e+00
DEBUG: Ridder field DISABLED. Lambda = 0.000000e+00
DEBUG: Ridder field DISABLED. Lambda = 0.000000e+00
DEBUG: Ridder field DISABLED. Lambda = 0.000000e+00
DEBUG: Ridder field DISABLED. Lambda = 0.000000e+00
DEBUG: Ridder field DISABLED. Lambda = 0.000000e+00
DEBUG: Ridder field DISABLED. Lambda = 0.000000e+00
DEBUG: Ridder field DISABLED. Lambda = 0.000000e+00
DEBUG: Ridder field DISABLED. Lambda = 0.000000e+00
DEBUG: Ridder field DISABLED. Lambda = 0.000000e+00
DEBUG: Ridder field DISABLED. Lambda = 0.000000e+00
DEBUG: Ridder field DISABLED. Lambda = 0.000000e+00
DEBUG: Ridder field DISABLED. Lambda = 0.000000e+00
DEBUG: Ridder field DISABLED. Lambda = 0.000000e+00
DEBUG: Ridder field DISABLED. Lambda = 0.000000e+00
DEBUG: Ridder field DISABLED. Lambda = 0.000000e+00
DEBUG: Ridder field DISABLED. Lambda = 0.000000e+00
DEBUG: Ridder field DISABLED. Lambda = 0.000000e+00
DEBUG: Ridder field DISABLED. Lambda = 0.000000e+00
DEBUG: Ridder field DISABLED. Lambda = 0.000000e+00
DEBUG: Ridder field DISABLED. Lambda = 0.000000e+00
DEBUG: Ridder field DISABLED. Lambda = 0.000000e+00
DEBUG: Ridder field DISABLED. Lambda = 0.000000e+00
DEBUG: Ridder field DISABLED. Lambda = 0.000000e+00
DEBUG: Ridder field DISABLED. Lambda = 0.000000e+00
DEBUG: Ridder field DISABLED. Lambda = 0.000000e+00
DEBUG: Ridder field DISABLED. Lambda = 0.000000e+00
DEBUG: Ridder field DISABLED. Lambda = 0.000000e+00
DEBUG: Ridder field DISABLED. Lambda = 0.000000e+00
DEBUG: Ridder field DISABLED. Lambda = 0.000000e+00
DEBUG: Ridder field DISABLED. Lambda = 0.000000e+00
DEBUG: Ridder field DISABLED. Lambda = 0.000000e+00
DEBUG: Ridder field DISABLED. Lambda = 0.000000e+00
DEBUG: Ridder field DISABLED. Lambda = 0.000000e+00
DEBUG: Ridder field DISABLED. Lambda = 0.000000e+00
DEBUG: Ridder field DISABLED. Lambda = 0.000000e+00
DEBUG: Ridder field DISABLED. Lambda = 0.000000e+00
DEBUG: Ridder field DISABLED. Lambda = 0.000000e+00
DEBUG: Ridder field DISABLED. Lambda = 0.000000e+00
DEBUG: Ridder field DISABLED. Lambda = 0.000000e+00
DEBUG: Ridder field DISABLED. Lambda = 0.000000e+00
DEBUG: Ridder field DISABLED. Lambda = 0.000000e+00
DEBUG: Ridder field DISABLED. Lambda = 0.000000e+00
DEBUG: Ridder field DISABLED. Lambda = 0.000000e+00
DEBUG: Ridder field DISABLED. Lambda = 0.000000e+00
DEBUG: Ridder field DISABLED. Lambda = 0.000000e+00
DEBUG: Ridder field DISABLED. Lambda = 0.000000e+00
DEBUG: Ridder field DISABLED. Lambda = 0.000000e+00
DEBUG: Ridder field DISABLED. Lambda = 0.000000e+00
DEBUG: Ridder field DISABLED. Lambda = 0.000000e+00
DEBUG: Ridder field DISABLED. Lambda = 0.000000e+00
DEBUG: Ridder field DISABLED. Lambda = 0.000000e+00
DEBUG: Ridder field DISABLED. Lambda = 0.000000e+00
DEBUG: Ridder field DISABLED. Lambda = 0.000000e+00
DEBUG: Ridder field DISABLED. Lambda = 0.000000e+00
DEBUG: Ridder field DISABLED. Lambda = 0.000000e+00
DEBUG: Ridder field DISABLED. Lambda = 0.000000e+00
DEBUG: Ridder field DISABLED. Lambda = 0.000000e+00
DEBUG: Ridder field DISABLED. Lambda = 0.000000e+00
DEBUG: Ridder field DISABLED. Lambda = 0.000000e+00
DEBUG: Ridder field DISABLED. Lambda = 0.000000e+00
DEBUG: Ridder field DISABLED. Lambda = 0.000000e+00
DEBUG: Ridder field DISABLED. Lambda = 0.000000e+00
DEBUG: Ridder field DISABLED. Lambda = 0.000000e+00
DEBUG: Ridder field DISABLED. Lambda = 0.000000e+00
DEBUG: Ridder field DISABLED. Lambda = 0.000000e+00
DEBUG: Ridder field DISABLED. Lambda = 0.000000e+00
DEBUG: Ridder field DISABLED. Lambda = 0.000000e+00
DEBUG: Ridder field DISABLED. Lambda = 0.000000e+00
DEBUG: Ridder field DISABLED. Lambda = 0.000000e+00
DEBUG: Ridder fi[mcmc] Progress @ 2025-11-30 05:06:34 : 1045 steps taken, and 166 accepted.
[mcmc] Progress @ 2025-11-30 05:07:34 : 1071 steps taken, and 169 accepted.
[mcmc] Progress @ 2025-11-30 05:08:47 : 1115 steps taken, and 174 accepted.
[mcmc] Progress @ 2025-11-30 05:09:47 : 1133 steps taken, and 174 accepted.
[mcmc] Progress @ 2025-11-30 05:10:55 : 1162 steps taken, and 176 accepted.
[mcmc] Progress @ 2025-11-30 05:12:03 : 1194 steps taken, and 180 accepted.
[mcmc] Progress @ 2025-11-30 05:13:13 : 1236 steps taken, and 191 accepted.
[mcmc] Progress @ 2025-11-30 05:14:16 : 1278 steps taken, and 194 accepted.
[mcmc] Progress @ 2025-11-30 05:15:29 : 1296 steps taken, and 198 accepted.
eld DISABLED. Lambda = 0.000000e+00
DEBUG: Ridder field DISABLED. Lambda = 0.000000e+00
DEBUG: Ridder field DISABLED. Lambda = 0.000000e+00
DEBUG: Ridder field DISABLED. Lambda = 0.000000e+00
DEBUG: Ridder field DISABLED. Lambda = 0.000000e+00
DEBUG: Ridder field DISABLED. Lambda = 0.000000e+00
DEBUG: Ridder field DISABLED. Lambda = 0.000000e+00
DEBUG: Ridder field DISABLED. Lambda = 0.000000e+00
DEBUG: Ridder field DISABLED. Lambda = 0.000000e+00
DEBUG: Ridder field DISABLED. Lambda = 0.000000e+00
DEBUG: Ridder field DISABLED. Lambda = 0.000000e+00
DEBUG: Ridder field DISABLED. Lambda = 0.000000e+00
DEBUG: Ridder field DISABLED. Lambda = 0.000000e+00
DEBUG: Ridder field DISABLED. Lambda = 0.000000e+00
DEBUG: Ridder field DISABLED. Lambda = 0.000000e+00
DEBUG: Ridder field DISABLED. Lambda = 0.000000e+00
DEBUG: Ridder field DISABLED. Lambda = 0.000000e+00
DEBUG: Ridder field DISABLED. Lambda = 0.000000e+00
DEBUG: Ridder field DISABLED. Lambda = 0.000000e+00
DEBUG: Ridder field DISABLED. Lambda = 0.000000e+00
DEBUG: Ridder field DISABLED. Lambda = 0.000000e+00
DEBUG: Ridder field DISABLED. Lambda = 0.000000e+00
DEBUG: Ridder field DISABLED. Lambda = 0.000000e+00
DEBUG: Ridder field DISABLED. Lambda = 0.000000e+00
DEBUG: Ridder field DISABLED. Lambda = 0.000000e+00
DEBUG: Ridder field DISABLED. Lambda = 0.000000e+00
DEBUG: Ridder field DISABLED. Lambda = 0.000000e+00
DEBUG: Ridder field DISABLED. Lambda = 0.000000e+00
DEBUG: Ridder field DISABLED. Lambda = 0.000000e+00
DEBUG: Ridder field DISABLED. Lambda = 0.000000e+00
DEBUG: Ridder field DISABLED. Lambda = 0.000000e+00
DEBUG: Ridder field DISABLED. Lambda = 0.000000e+00
DEBUG: Ridder field DISABLED. Lambda = 0.000000e+00
DEBUG: Ridder field DISABLED. Lambda = 0.000000e+00
DEBUG: Ridder field DISABLED. Lambda = 0.000000e+00
DEBUG: Ridder field DISABLED. Lambda = 0.000000e+00
DEBUG: Ridder field DISABLED. Lambda = 0.000000e+00
DEBUG: Ridder field DISABLED. Lambda = 0.000000e+00
DEBUG: Ridder field DISABLED. Lambda = 0.000000e+00
DEBUG: Ridder field DISABLED. Lambda = 0.000000e+00
DEBUG: Ridder field DISABLED. Lambda = 0.000000e+00
DEBUG: Ridder field DISABLED. Lambda = 0.000000e+00
DEBUG: Ridder field DISABLED. Lambda = 0.000000e+00
DEBUG: Ridder field DISABLED. Lambda = 0.000000e+00
DEBUG: Ridder field DISABLED. Lambda = 0.000000e+00
DEBUG: Ridder field DISABLED. Lambda = 0.000000e+00
DEBUG: Ridder field DISABLED. Lambda = 0.000000e+00
DEBUG: Ridder field DISABLED. Lambda = 0.000000e+00
DEBUG: Ridder field DISABLED. Lambda = 0.000000e+00
DEBUG: Ridder field DISABLED. Lambda = 0.000000e+00
DEBUG: Ridder field DISABLED. Lambda = 0.000000e+00
DEBUG: Ridder field DISABLED. Lambda = 0.000000e+00
DEBUG: Ridder field DISABLED. Lambda = 0.000000e+00
DEBUG: Ridder field DISABLED. Lambda = 0.000000e+00
DEBUG: Ridder field DISABLED. Lambda = 0.000000e+00
DEBUG: Ridder field DISABLED. Lambda = 0.000000e+00
DEBUG: Ridder field DISABLED. Lambda = 0.000000e+00
DEBUG: Ridder field DISABLED. Lambda = 0.000000e+00
DEBUG: Ridder field DISABLED. Lambda = 0.000000e+00
DEBUG: Ridder field DISABLED. Lambda = 0.000000e+00
DEBUG: Ridder field DISABLED. Lambda = 0.000000e+00
DEBUG: Ridder field DISABLED. Lambda = 0.000000e+00
DEBUG: Ridder field DISABLED. Lambda = 0.000000e+00
DEBUG: Ridder field DISABLED. Lambda = 0.000000e+00
DEBUG: Ridder field DISABLED. Lambda = 0.000000e+00
DEBUG: Ridder field DISABLED. Lambda = 0.000000e+00
DEBUG: Ridder field DISABLED. Lambda = 0.000000e+00
DEBUG: Ridder field DISABLED. Lambda = 0.000000e+00
DEBUG: Ridder field DISABLED. Lambda = 0.000000e+00
DEBUG: Ridder field DISABLED. Lambda = 0.000000e+00
DEBUG: Ridder field DISABLED. Lambda = 0.000000e+00
DEBUG: Ridder field DISABLED. Lambda = 0.000000e+00
DEBUG: Ridder field DISABLED. Lambda = 0.000000e+00
DEBUG: Ridder field DISABLED. Lambda = 0.000000e+00
DEBUG: Ridder field DISABLED. Lambda = 0.000000e+00
DEBUG: Ridder field DISABLED. Lambda = 0.000000e+00
DEBUG: Ridder field DISABLED. Lambda = 0.000000e+00
DEBUG: Ridder field DISABLED. Lambda = 0.000000e+00
DEBUG: Ridder field DISABLED. Lambda = 0.000000e+00
DEBU[mcmc] Progress @ 2025-11-30 05:16:38 : 1345 steps taken, and 205 accepted.
[mcmc] Progress @ 2025-11-30 05:17:52 : 1368 steps taken, and 207 accepted.
[mcmc] Progress @ 2025-11-30 05:19:00 : 1413 steps taken, and 217 accepted.
[mcmc] Progress @ 2025-11-30 05:20:08 : 1452 steps taken, and 225 accepted.
[mcmc] Progress @ 2025-11-30 05:21:14 : 1462 steps taken, and 226 accepted.
[mcmc] Progress @ 2025-11-30 05:22:32 : 1503 steps taken, and 232 accepted.
[mcmc] Progress @ 2025-11-30 05:23:48 : 1536 steps taken, and 235 accepted.
[mcmc] Progress @ 2025-11-30 05:24:57 : 1560 steps taken, and 239 accepted.
[mcmc] Progress @ 2025-11-30 05:26:08 : 1587 steps taken, and 242 accepted.
[mcmc] Progress @ 2025-11-30 05:27:11 : 1620 steps taken, and 246 accepted.
[mcmc] Progress @ 2025-11-30 05:28:13 : 1640 steps taken, and 246 accepted.
[mcmc] Progress @ 2025-11-30 05:29:16 : 1657 steps taken, and 248 accepted.
G: Ridder field DISABLED. Lambda = 0.000000e+00
DEBUG: Ridder field DISABLED. Lambda = 0.000000e+00
DEBUG: Ridder field DISABLED. Lambda = 0.000000e+00
DEBUG: Ridder field DISABLED. Lambda = 0.000000e+00
DEBUG: Ridder field DISABLED. Lambda = 0.000000e+00
DEBUG: Ridder field DISABLED. Lambda = 0.000000e+00
DEBUG: Ridder field DISABLED. Lambda = 0.000000e+00
DEBUG: Ridder field DISABLED. Lambda = 0.000000e+00
DEBUG: Ridder field DISABLED. Lambda = 0.000000e+00
DEBUG: Ridder field DISABLED. Lambda = 0.000000e+00
DEBUG: Ridder field DISABLED. Lambda = 0.000000e+00
DEBUG: Ridder field DISABLED. Lambda = 0.000000e+00
DEBUG: Ridder field DISABLED. Lambda = 0.000000e+00
DEBUG: Ridder field DISABLED. Lambda = 0.000000e+00
DEBUG: Ridder field DISABLED. Lambda = 0.000000e+00
DEBUG: Ridder field DISABLED. Lambda = 0.000000e+00
DEBUG: Ridder field DISABLED. Lambda = 0.000000e+00
DEBUG: Ridder field DISABLED. Lambda = 0.000000e+00
DEBUG: Ridder field DISABLED. Lambda = 0.000000e+00
DEBUG: Ridder field DISABLED. Lambda = 0.000000e+00
DEBUG: Ridder field DISABLED. Lambda = 0.000000e+00
DEBUG: Ridder field DISABLED. Lambda = 0.000000e+00
DEBUG: Ridder field DISABLED. Lambda = 0.000000e+00
DEBUG: Ridder field DISABLED. Lambda = 0.000000e+00
DEBUG: Ridder field DISABLED. Lambda = 0.000000e+00
DEBUG: Ridder field DISABLED. Lambda = 0.000000e+00
DEBUG: Ridder field DISABLED. Lambda = 0.000000e+00
DEBUG: Ridder field DISABLED. Lambda = 0.000000e+00
DEBUG: Ridder field DISABLED. Lambda = 0.000000e+00
DEBUG: Ridder field DISABLED. Lambda = 0.000000e+00
DEBUG: Ridder field DISABLED. Lambda = 0.000000e+00
DEBUG: Ridder field DISABLED. Lambda = 0.000000e+00
DEBUG: Ridder field DISABLED. Lambda = 0.000000e+00
DEBUG: Ridder field DISABLED. Lambda = 0.000000e+00
DEBUG: Ridder field DISABLED. Lambda = 0.000000e+00
DEBUG: Ridder field DISABLED. Lambda = 0.000000e+00
DEBUG: Ridder field DISABLED. Lambda = 0.000000e+00
DEBUG: Ridder field DISABLED. Lambda = 0.000000e+00
DEBUG: Ridder field DISABLED. Lambda = 0.000000e+00
DEBUG: Ridder field DISABLED. Lambda = 0.000000e+00
DEBUG: Ridder field DISABLED. Lambda = 0.000000e+00
DEBUG: Ridder field DISABLED. Lambda = 0.000000e+00
DEBUG: Ridder field DISABLED. Lambda = 0.000000e+00
DEBUG: Ridder field DISABLED. Lambda = 0.000000e+00
DEBUG: Ridder field DISABLED. Lambda = 0.000000e+00
DEBUG: Ridder field DISABLED. Lambda = 0.000000e+00
DEBUG: Ridder field DISABLED. Lambda = 0.000000e+00
DEBUG: Ridder field DISABLED. Lambda = 0.000000e+00
DEBUG: Ridder field DISABLED. Lambda = 0.000000e+00
DEBUG: Ridder field DISABLED. Lambda = 0.000000e+00
DEBUG: Ridder field DISABLED. Lambda = 0.000000e+00
DEBUG: Ridder field DISABLED. Lambda = 0.000000e+00
DEBUG: Ridder field DISABLED. Lambda = 0.000000e+00
DEBUG: Ridder field DISABLED. Lambda = 0.000000e+00
DEBUG: Ridder field DISABLED. Lambda = 0.000000e+00
DEBUG: Ridder field DISABLED. Lambda = 0.000000e+00
DEBUG: Ridder field DISABLED. Lambda = 0.000000e+00
DEBUG: Ridder field DISABLED. Lambda = 0.000000e+00
DEBUG: Ridder field DISABLED. Lambda = 0.000000e+00
DEBUG: Ridder field DISABLED. Lambda = 0.000000e+00
DEBUG: Ridder field DISABLED. Lambda = 0.000000e+00
DEBUG: Ridder field DISABLED. Lambda = 0.000000e+00
DEBUG: Ridder field DISABLED. Lambda = 0.000000e+00
DEBUG: Ridder field DISABLED. Lambda = 0.000000e+00
DEBUG: Ridder field DISABLED. Lambda = 0.000000e+00
DEBUG: Ridder field DISABLED. Lambda = 0.000000e+00
DEBUG: Ridder field DISABLED. Lambda = 0.000000e+00
DEBUG: Ridder field DISABLED. Lambda = 0.000000e+00
DEBUG: Ridder field DISABLED. Lambda = 0.000000e+00
DEBUG: Ridder field DISABLED. Lambda = 0.000000e+00
DEBUG: Ridder field DISABLED. Lambda = 0.000000e+00
DEBUG: Ridder field DISABLED. Lambda = 0.000000e+00
DEBUG: Ridder field DISABLED. Lambda = 0.000000e+00
DEBUG: Ridder field DISABLED. Lambda = 0.000000e+00
DEBUG: Ridder field DISABLED. Lambda = 0.000000e+00
DEBUG: Ridder field DISABLED. Lambda = 0.000000e+00
DEBUG: Ridder field DISABLED. Lambda = 0.000000e+00
DEBUG: Ridder field DISABLED. Lambda = 0.000000e+00
DEBUG: Ridder field DISABLED. Lambda = 0.000[mcmc] Progress @ 2025-11-30 05:30:20 : 1683 steps taken, and 253 accepted.
[mcmc] Progress @ 2025-11-30 05:31:36 : 1717 steps taken, and 257 accepted.
[mcmc] Progress @ 2025-11-30 05:32:38 : 1730 steps taken, and 259 accepted.
[mcmc] Progress @ 2025-11-30 05:33:45 : 1749 steps taken, and 263 accepted.
[mcmc] Progress @ 2025-11-30 05:34:59 : 1817 steps taken, and 273 accepted.
[mcmc] Progress @ 2025-11-30 05:36:04 : 1828 steps taken, and 274 accepted.
[mcmc] Progress @ 2025-11-30 05:37:14 : 1847 steps taken, and 275 accepted.
[mcmc] Progress @ 2025-11-30 05:38:16 : 1885 steps taken, and 278 accepted.
[mcmc] Progress @ 2025-11-30 05:39:22 : 1899 steps taken, and 279 accepted.
[mcmc] Progress @ 2025-11-30 05:40:29 : 1918 steps taken, and 279 accepted.
[mcmc] Progress @ 2025-11-30 05:41:39 : 1934 steps taken, and 282 accepted.
[mcmc] Progress @ 2025-11-30 05:42:40 : 1963 steps taken, and 285 accepted.
[mcmc] Progress @ 2025-11-30 05:43:42 : 1986 steps taken, and 289 accepted.
[mcmc] Progress @ 2025-11-30 05:44:50 : 2011 steps taken, and 293 accepted.
[mcmc] Progress @ 2025-11-30 05:45:50 : 2027 steps taken, and 296 accepted.
[mcmc] Progress @ 2025-11-30 05:46:51 : 2042 steps taken, and 300 accepted.
000e+00
DEBUG: Ridder field DISABLED. Lambda = 0.000000e+00
DEBUG: Ridder field DISABLED. Lambda = 0.000000e+00
DEBUG: Ridder field DISABLED. Lambda = 0.000000e+00
DEBUG: Ridder field DISABLED. Lambda = 0.000000e+00
DEBUG: Ridder field DISABLED. Lambda = 0.000000e+00
DEBUG: Ridder field DISABLED. Lambda = 0.000000e+00
DEBUG: Ridder field DISABLED. Lambda = 0.000000e+00
DEBUG: Ridder field DISABLED. Lambda = 0.000000e+00
DEBUG: Ridder field DISABLED. Lambda = 0.000000e+00
DEBUG: Ridder field DISABLED. Lambda = 0.000000e+00
DEBUG: Ridder field DISABLED. Lambda = 0.000000e+00
DEBUG: Ridder field DISABLED. Lambda = 0.000000e+00
DEBUG: Ridder field DISABLED. Lambda = 0.000000e+00
DEBUG: Ridder field DISABLED. Lambda = 0.000000e+00
DEBUG: Ridder field DISABLED. Lambda = 0.000000e+00
DEBUG: Ridder field DISABLED. Lambda = 0.000000e+00
DEBUG: Ridder field DISABLED. Lambda = 0.000000e+00
DEBUG: Ridder field DISABLED. Lambda = 0.000000e+00
DEBUG: Ridder field DISABLED. Lambda = 0.000000e+00
DEBUG: Ridder field DISABLED. Lambda = 0.000000e+00
DEBUG: Ridder field DISABLED. Lambda = 0.000000e+00
DEBUG: Ridder field DISABLED. Lambda = 0.000000e+00
DEBUG: Ridder field DISABLED. Lambda = 0.000000e+00
DEBUG: Ridder field DISABLED. Lambda = 0.000000e+00
DEBUG: Ridder field DISABLED. Lambda = 0.000000e+00
DEBUG: Ridder field DISABLED. Lambda = 0.000000e+00
DEBUG: Ridder field DISABLED. Lambda = 0.000000e+00
DEBUG: Ridder field DISABLED. Lambda = 0.000000e+00
DEBUG: Ridder field DISABLED. Lambda = 0.000000e+00
DEBUG: Ridder field DISABLED. Lambda = 0.000000e+00
DEBUG: Ridder field DISABLED. Lambda = 0.000000e+00
DEBUG: Ridder field DISABLED. Lambda = 0.000000e+00
DEBUG: Ridder field DISABLED. Lambda = 0.000000e+00
DEBUG: Ridder field DISABLED. Lambda = 0.000000e+00
DEBUG: Ridder field DISABLED. Lambda = 0.000000e+00
DEBUG: Ridder field DISABLED. Lambda = 0.000000e+00
DEBUG: Ridder field DISABLED. Lambda = 0.000000e+00
DEBUG: Ridder field DISABLED. Lambda = 0.000000e+00
DEBUG: Ridder field DISABLED. Lambda = 0.000000e+00
DEBUG: Ridder field DISABLED. Lambda = 0.000000e+00
DEBUG: Ridder field DISABLED. Lambda = 0.000000e+00
DEBUG: Ridder field DISABLED. Lambda = 0.000000e+00
DEBUG: Ridder field DISABLED. Lambda = 0.000000e+00
DEBUG: Ridder field DISABLED. Lambda = 0.000000e+00
DEBUG: Ridder field DISABLED. Lambda = 0.000000e+00
DEBUG: Ridder field DISABLED. Lambda = 0.000000e+00
DEBUG: Ridder field DISABLED. Lambda = 0.000000e+00
DEBUG: Ridder field DISABLED. Lambda = 0.000000e+00
DEBUG: Ridder field DISABLED. Lambda = 0.000000e+00
DEBUG: Ridder field DISABLED. Lambda = 0.000000e+00
DEBUG: Ridder field DISABLED. Lambda = 0.000000e+00
DEBUG: Ridder field DISABLED. Lambda = 0.000000e+00
DEBUG: Ridder field DISABLED. Lambda = 0.000000e+00
DEBUG: Ridder field DISABLED. Lambda = 0.000000e+00
DEBUG: Ridder field DISABLED. Lambda = 0.000000e+00
DEBUG: Ridder field DISABLED. Lambda = 0.000000e+00
DEBUG: Ridder field DISABLED. Lambda = 0.000000e+00
DEBUG: Ridder field DISABLED. Lambda = 0.000000e+00
DEBUG: Ridder field DISABLED. Lambda = 0.000000e+00
DEBUG: Ridder field DISABLED. Lambda = 0.000000e+00
DEBUG: Ridder field DISABLED. Lambda = 0.000000e+00
DEBUG: Ridder field DISABLED. Lambda = 0.000000e+00
DEBUG: Ridder field DISABLED. Lambda = 0.000000e+00
DEBUG: Ridder field DISABLED. Lambda = 0.000000e+00
DEBUG: Ridder field DISABLED. Lambda = 0.000000e+00
DEBUG: Ridder field DISABLED. Lambda = 0.000000e+00
DEBUG: Ridder field DISABLED. Lambda = 0.000000e+00
DEBUG: Ridder field DISABLED. Lambda = 0.000000e+00
DEBUG: Ridder field DISABLED. Lambda = 0.000000e+00
DEBUG: Ridder field DISABLED. Lambda = 0.000000e+00
DEBUG: Ridder field DISABLED. Lambda = 0.000000e+00
DEBUG: Ridder field DISABLED. Lambda = 0.000000e+00
DEBUG: Ridder field DISABLED. Lambda = 0.000000e+00
DEBUG: Ridder field DISABLED. Lambda = 0.000000e+00
DEBUG: Ridder field DISABLED. Lambda = 0.000000e+00
DEBUG: Ridder field DISABLED. Lambda = 0.000000e+00
DEBUG: Ridder field DISABLED. Lambda = 0.000000e+00
DEBUG: Ridder field DISABLED. Lambda = 0.000000e+00
DEBUG: Ridder field DISABLED. La[mcmc] Progress @ 2025-11-30 05:47:51 : 2056 steps taken, and 302 accepted.
[mcmc] Progress @ 2025-11-30 05:49:01 : 2079 steps taken, and 307 accepted.
[mcmc] Progress @ 2025-11-30 05:50:02 : 2094 steps taken, and 311 accepted.
[mcmc] Progress @ 2025-11-30 05:51:07 : 2114 steps taken, and 314 accepted.
[mcmc] Progress @ 2025-11-30 05:52:07 : 2134 steps taken, and 317 accepted.
[mcmc] Progress @ 2025-11-30 05:53:09 : 2149 steps taken, and 318 accepted.
[mcmc] Progress @ 2025-11-30 05:54:26 : 2165 steps taken, and 319 accepted.
[mcmc] Progress @ 2025-11-30 05:55:27 : 2185 steps taken, and 322 accepted.
[mcmc] Progress @ 2025-11-30 05:56:31 : 2210 steps taken, and 326 accepted.
[mcmc] Progress @ 2025-11-30 05:57:52 : 2231 steps taken, and 330 accepted.
[mcmc] Progress @ 2025-11-30 05:59:09 : 2250 steps taken, and 334 accepted.
[mcmc] Progress @ 2025-11-30 06:00:10 : 2260 steps taken, and 335 accepted.
[mcmc] Progress @ 2025-11-30 06:01:13 : 2279 steps taken, and 340 accepted.
[mcmc] Progress @ 2025-11-30 06:02:23 : 2302 steps taken, and 344 accepted.
[mcmc] Progress @ 2025-11-30 06:03:43 : 2322 steps taken, and 346 accepted.
[mcmc] Progress @ 2025-11-30 06:04:44 : 2334 steps taken, and 347 accepted.
[mcmc] Progress @ 2025-11-30 06:05:49 : 2349 steps taken, and 349 accepted.
[mcmc] Progress @ 2025-11-30 06:07:09 : 2377 steps taken, and 354 accepted.
mbda = 0.000000e+00
DEBUG: Ridder field DISABLED. Lambda = 0.000000e+00
DEBUG: Ridder field DISABLED. Lambda = 0.000000e+00
DEBUG: Ridder field DISABLED. Lambda = 0.000000e+00
DEBUG: Ridder field DISABLED. Lambda = 0.000000e+00
DEBUG: Ridder field DISABLED. Lambda = 0.000000e+00
DEBUG: Ridder field DISABLED. Lambda = 0.000000e+00
DEBUG: Ridder field DISABLED. Lambda = 0.000000e+00
DEBUG: Ridder field DISABLED. Lambda = 0.000000e+00
DEBUG: Ridder field DISABLED. Lambda = 0.000000e+00
DEBUG: Ridder field DISABLED. Lambda = 0.000000e+00
DEBUG: Ridder field DISABLED. Lambda = 0.000000e+00
DEBUG: Ridder field DISABLED. Lambda = 0.000000e+00
DEBUG: Ridder field DISABLED. Lambda = 0.000000e+00
DEBUG: Ridder field DISABLED. Lambda = 0.000000e+00
DEBUG: Ridder field DISABLED. Lambda = 0.000000e+00
DEBUG: Ridder field DISABLED. Lambda = 0.000000e+00
DEBUG: Ridder field DISABLED. Lambda = 0.000000e+00
DEBUG: Ridder field DISABLED. Lambda = 0.000000e+00
DEBUG: Ridder field DISABLED. Lambda = 0.000000e+00
DEBUG: Ridder field DISABLED. Lambda = 0.000000e+00
DEBUG: Ridder field DISABLED. Lambda = 0.000000e+00
DEBUG: Ridder field DISABLED. Lambda = 0.000000e+00
DEBUG: Ridder field DISABLED. Lambda = 0.000000e+00
DEBUG: Ridder field DISABLED. Lambda = 0.000000e+00
DEBUG: Ridder field DISABLED. Lambda = 0.000000e+00
DEBUG: Ridder field DISABLED. Lambda = 0.000000e+00
DEBUG: Ridder field DISABLED. Lambda = 0.000000e+00
DEBUG: Ridder field DISABLED. Lambda = 0.000000e+00
DEBUG: Ridder field DISABLED. Lambda = 0.000000e+00
DEBUG: Ridder field DISABLED. Lambda = 0.000000e+00
DEBUG: Ridder field DISABLED. Lambda = 0.000000e+00
DEBUG: Ridder field DISABLED. Lambda = 0.000000e+00
DEBUG: Ridder field DISABLED. Lambda = 0.000000e+00
DEBUG: Ridder field DISABLED. Lambda = 0.000000e+00
DEBUG: Ridder field DISABLED. Lambda = 0.000000e+00
DEBUG: Ridder field DISABLED. Lambda = 0.000000e+00
DEBUG: Ridder field DISABLED. Lambda = 0.000000e+00
DEBUG: Ridder field DISABLED. Lambda = 0.000000e+00
DEBUG: Ridder field DISABLED. Lambda = 0.000000e+00
DEBUG: Ridder field DISABLED. Lambda = 0.000000e+00
DEBUG: Ridder field DISABLED. Lambda = 0.000000e+00
DEBUG: Ridder field DISABLED. Lambda = 0.000000e+00
DEBUG: Ridder field DISABLED. Lambda = 0.000000e+00
DEBUG: Ridder field DISABLED. Lambda = 0.000000e+00
DEBUG: Ridder field DISABLED. Lambda = 0.000000e+00
DEBUG: Ridder field DISABLED. Lambda = 0.000000e+00
DEBUG: Ridder field DISABLED. Lambda = 0.000000e+00
DEBUG: Ridder field DISABLED. Lambda = 0.000000e+00
DEBUG: Ridder field DISABLED. Lambda = 0.000000e+00
DEBUG: Ridder field DISABLED. Lambda = 0.000000e+00
DEBUG: Ridder field DISABLED. Lambda = 0.000000e+00
DEBUG: Ridder field DISABLED. Lambda = 0.000000e+00
DEBUG: Ridder field DISABLED. Lambda = 0.000000e+00
DEBUG: Ridder field DISABLED. Lambda = 0.000000e+00
DEBUG: Ridder field DISABLED. Lambda = 0.000000e+00
DEBUG: Ridder field DISABLED. Lambda = 0.000000e+00
DEBUG: Ridder field DISABLED. Lambda = 0.000000e+00
DEBUG: Ridder field DISABLED. Lambda = 0.000000e+00
DEBUG: Ridder field DISABLED. Lambda = 0.000000e+00
DEBUG: Ridder field DISABLED. Lambda = 0.000000e+00
DEBUG: Ridder field DISABLED. Lambda = 0.000000e+00
DEBUG: Ridder field DISABLED. Lambda = 0.000000e+00
DEBUG: Ridder field DISABLED. Lambda = 0.000000e+00
DEBUG: Ridder field DISABLED. Lambda = 0.000000e+00
DEBUG: Ridder field DISABLED. Lambda = 0.000000e+00
DEBUG: Ridder field DISABLED. Lambda = 0.000000e+00
DEBUG: Ridder field DISABLED. Lambda = 0.000000e+00
DEBUG: Ridder field DISABLED. Lambda = 0.000000e+00
DEBUG: Ridder field DISABLED. Lambda = 0.000000e+00
DEBUG: Ridder field DISABLED. Lambda = 0.000000e+00
DEBUG: Ridder field DISABLED. Lambda = 0.000000e+00
DEBUG: Ridder field DISABLED. Lambda = 0.000000e+00
DEBUG: Ridder field DISABLED. Lambda = 0.000000e+00
DEBUG: Ridder field DISABLED. Lambda = 0.000000e+00
DEBUG: Ridder field DISABLED. Lambda = 0.000000e+00
DEBUG: Ridder field DISABLED. Lambda = 0.000000e+00
DEBUG: Ridder field DISABLED. Lambda = 0.000000e+00
DEBUG: Ridder field DISABLED. Lambda = 0.000000e+00
DEBUG: Ridder field [mcmc] Progress @ 2025-11-30 06:08:14 : 2391 steps taken, and 357 accepted.
[mcmc] Progress @ 2025-11-30 06:09:22 : 2413 steps taken, and 363 accepted.
[mcmc] Progress @ 2025-11-30 06:10:26 : 2425 steps taken, and 365 accepted.
[mcmc] Progress @ 2025-11-30 06:11:26 : 2436 steps taken, and 365 accepted.
[mcmc] Progress @ 2025-11-30 06:12:33 : 2458 steps taken, and 369 accepted.
[mcmc] Progress @ 2025-11-30 06:13:34 : 2474 steps taken, and 372 accepted.
[mcmc] Progress @ 2025-11-30 06:14:39 : 2494 steps taken, and 373 accepted.
[mcmc] Progress @ 2025-11-30 06:16:02 : 2505 steps taken, and 373 accepted.
[mcmc] Progress @ 2025-11-30 06:17:03 : 2530 steps taken, and 376 accepted.
[mcmc] Progress @ 2025-11-30 06:18:20 : 2556 steps taken, and 381 accepted.
[mcmc] Progress @ 2025-11-30 06:19:23 : 2577 steps taken, and 382 accepted.
[mcmc] Progress @ 2025-11-30 06:20:27 : 2591 steps taken, and 383 accepted.
[mcmc] Progress @ 2025-11-30 06:21:32 : 2602 steps taken, and 385 accepted.
[mcmc] Progress @ 2025-11-30 06:22:48 : 2621 steps taken, and 390 accepted.
[mcmc] Progress @ 2025-11-30 06:23:48 : 2652 steps taken, and 396 accepted.
[mcmc] Progress @ 2025-11-30 06:25:10 : 2659 steps taken, and 396 accepted.
[mcmc] Progress @ 2025-11-30 06:26:14 : 2669 steps taken, and 397 accepted.
[mcmc] Progress @ 2025-11-30 06:27:15 : 2684 steps taken, and 401 accepted.
[mcmc] Progress @ 2025-11-30 06:28:32 : 2712 steps taken, and 405 accepted.
[mcmc] Progress @ 2025-11-30 06:29:46 : 2726 steps taken, and 406 accepted.
DISABLED. Lambda = 0.000000e+00
DEBUG: Ridder field DISABLED. Lambda = 0.000000e+00
DEBUG: Ridder field DISABLED. Lambda = 0.000000e+00
DEBUG: Ridder field DISABLED. Lambda = 0.000000e+00
DEBUG: Ridder field DISABLED. Lambda = 0.000000e+00
DEBUG: Ridder field DISABLED. Lambda = 0.000000e+00
DEBUG: Ridder field DISABLED. Lambda = 0.000000e+00
DEBUG: Ridder field DISABLED. Lambda = 0.000000e+00
DEBUG: Ridder field DISABLED. Lambda = 0.000000e+00
DEBUG: Ridder field DISABLED. Lambda = 0.000000e+00
DEBUG: Ridder field DISABLED. Lambda = 0.000000e+00
DEBUG: Ridder field DISABLED. Lambda = 0.000000e+00
DEBUG: Ridder field DISABLED. Lambda = 0.000000e+00
DEBUG: Ridder field DISABLED. Lambda = 0.000000e+00
DEBUG: Ridder field DISABLED. Lambda = 0.000000e+00
DEBUG: Ridder field DISABLED. Lambda = 0.000000e+00
DEBUG: Ridder field DISABLED. Lambda = 0.000000e+00
DEBUG: Ridder field DISABLED. Lambda = 0.000000e+00
DEBUG: Ridder field DISABLED. Lambda = 0.000000e+00
DEBUG: Ridder field DISABLED. Lambda = 0.000000e+00
DEBUG: Ridder field DISABLED. Lambda = 0.000000e+00
DEBUG: Ridder field DISABLED. Lambda = 0.000000e+00
DEBUG: Ridder field DISABLED. Lambda = 0.000000e+00
DEBUG: Ridder field DISABLED. Lambda = 0.000000e+00
DEBUG: Ridder field DISABLED. Lambda = 0.000000e+00
DEBUG: Ridder field DISABLED. Lambda = 0.000000e+00
DEBUG: Ridder field DISABLED. Lambda = 0.000000e+00
DEBUG: Ridder field DISABLED. Lambda = 0.000000e+00
DEBUG: Ridder field DISABLED. Lambda = 0.000000e+00
DEBUG: Ridder field DISABLED. Lambda = 0.000000e+00
DEBUG: Ridder field DISABLED. Lambda = 0.000000e+00
DEBUG: Ridder field DISABLED. Lambda = 0.000000e+00
DEBUG: Ridder field DISABLED. Lambda = 0.000000e+00
DEBUG: Ridder field DISABLED. Lambda = 0.000000e+00
DEBUG: Ridder field DISABLED. Lambda = 0.000000e+00
DEBUG: Ridder field DISABLED. Lambda = 0.000000e+00
DEBUG: Ridder field DISABLED. Lambda = 0.000000e+00
DEBUG: Ridder field DISABLED. Lambda = 0.000000e+00
DEBUG: Ridder field DISABLED. Lambda = 0.000000e+00
DEBUG: Ridder field DISABLED. Lambda = 0.000000e+00
DEBUG: Ridder field DISABLED. Lambda = 0.000000e+00
DEBUG: Ridder field DISABLED. Lambda = 0.000000e+00
DEBUG: Ridder field DISABLED. Lambda = 0.000000e+00
DEBUG: Ridder field DISABLED. Lambda = 0.000000e+00
DEBUG: Ridder field DISABLED. Lambda = 0.000000e+00
DEBUG: Ridder field DISABLED. Lambda = 0.000000e+00
DEBUG: Ridder field DISABLED. Lambda = 0.000000e+00
DEBUG: Ridder field DISABLED. Lambda = 0.000000e+00
DEBUG: Ridder field DISABLED. Lambda = 0.000000e+00
DEBUG: Ridder field DISABLED. Lambda = 0.000000e+00
DEBUG: Ridder field DISABLED. Lambda = 0.000000e+00
DEBUG: Ridder field DISABLED. Lambda = 0.000000e+00
DEBUG: Ridder field DISABLED. Lambda = 0.000000e+00
DEBUG: Ridder field DISABLED. Lambda = 0.000000e+00
DEBUG: Ridder field DISABLED. Lambda = 0.000000e+00
DEBUG: Ridder field DISABLED. Lambda = 0.000000e+00
DEBUG: Ridder field DISABLED. Lambda = 0.000000e+00
DEBUG: Ridder field DISABLED. Lambda = 0.000000e+00
DEBUG: Ridder field DISABLED. Lambda = 0.000000e+00
DEBUG: Ridder field DISABLED. Lambda = 0.000000e+00
DEBUG: Ridder field DISABLED. Lambda = 0.000000e+00
DEBUG: Ridder field DISABLED. Lambda = 0.000000e+00
DEBUG: Ridder field DISABLED. Lambda = 0.000000e+00
DEBUG: Ridder field DISABLED. Lambda = 0.000000e+00
DEBUG: Ridder field DISABLED. Lambda = 0.000000e+00
DEBUG: Ridder field DISABLED. Lambda = 0.000000e+00
DEBUG: Ridder field DISABLED. Lambda = 0.000000e+00
DEBUG: Ridder field DISABLED. Lambda = 0.000000e+00
DEBUG: Ridder field DISABLED. Lambda = 0.000000e+00
DEBUG: Ridder field DISABLED. Lambda = 0.000000e+00
DEBUG: Ridder field DISABLED. Lambda = 0.000000e+00
DEBUG: Ridder field DISABLED. Lambda = 0.000000e+00
DEBUG: Ridder field DISABLED. Lambda = 0.000000e+00
DEBUG: Ridder field DISABLED. Lambda = 0.000000e+00
DEBUG: Ridder field DISABLED. Lambda = 0.000000e+00
DEBUG: Ridder field DISABLED. Lambda = 0.000000e+00
DEBUG: Ridder field DISABLED. Lambda = 0.000000e+00
DEBUG: Ridder field DISABLED. Lambda = 0.000000e+00
DEBUG: Ridder field DISABLED. Lambda = 0.000000e+00
DEBUG: R[mcmc] Progress @ 2025-11-30 06:31:11 : 2760 steps taken, and 412 accepted.
[mcmc] Progress @ 2025-11-30 06:32:11 : 2772 steps taken, and 413 accepted.
[mcmc] Progress @ 2025-11-30 06:33:12 : 2797 steps taken, and 417 accepted.
[mcmc] Progress @ 2025-11-30 06:34:22 : 2816 steps taken, and 421 accepted.
[mcmc] Progress @ 2025-11-30 06:35:26 : 2830 steps taken, and 423 accepted.
[mcmc] Progress @ 2025-11-30 06:36:27 : 2835 steps taken, and 424 accepted.
[mcmc] Progress @ 2025-11-30 06:37:45 : 2854 steps taken, and 427 accepted.
[mcmc] Progress @ 2025-11-30 06:38:46 : 2870 steps taken, and 431 accepted.
[mcmc] Progress @ 2025-11-30 06:39:49 : 2882 steps taken, and 433 accepted.
[mcmc] Progress @ 2025-11-30 06:41:10 : 2907 steps taken, and 438 accepted.
[mcmc] Progress @ 2025-11-30 06:42:12 : 2915 steps taken, and 439 accepted.
[mcmc] Progress @ 2025-11-30 06:43:31 : 2934 steps taken, and 443 accepted.
[mcmc] Progress @ 2025-11-30 06:44:31 : 2952 steps taken, and 448 accepted.
[mcmc] Progress @ 2025-11-30 06:45:56 : 2971 steps taken, and 452 accepted.
[mcmc] Progress @ 2025-11-30 06:47:04 : 2982 steps taken, and 454 accepted.
[mcmc] Progress @ 2025-11-30 06:48:07 : 2994 steps taken, and 455 accepted.
[mcmc] Progress @ 2025-11-30 06:49:19 : 3011 steps taken, and 456 accepted.
[mcmc] Progress @ 2025-11-30 06:50:21 : 3022 steps taken, and 456 accepted.
[mcmc] Progress @ 2025-11-30 06:51:47 : 3049 steps taken, and 459 accepted.
[mcmc] Progress @ 2025-11-30 06:52:48 : 3058 steps taken, and 460 accepted.
[mcmc] Progress @ 2025-11-30 06:54:00 : 3074 steps taken, and 464 accepted.
idder field DISABLED. Lambda = 0.000000e+00
DEBUG: Ridder field DISABLED. Lambda = 0.000000e+00
DEBUG: Ridder field DISABLED. Lambda = 0.000000e+00
DEBUG: Ridder field DISABLED. Lambda = 0.000000e+00
DEBUG: Ridder field DISABLED. Lambda = 0.000000e+00
DEBUG: Ridder field DISABLED. Lambda = 0.000000e+00
DEBUG: Ridder field DISABLED. Lambda = 0.000000e+00
DEBUG: Ridder field DISABLED. Lambda = 0.000000e+00
DEBUG: Ridder field DISABLED. Lambda = 0.000000e+00
DEBUG: Ridder field DISABLED. Lambda = 0.000000e+00
DEBUG: Ridder field DISABLED. Lambda = 0.000000e+00
DEBUG: Ridder field DISABLED. Lambda = 0.000000e+00
DEBUG: Ridder field DISABLED. Lambda = 0.000000e+00
DEBUG: Ridder field DISABLED. Lambda = 0.000000e+00
DEBUG: Ridder field DISABLED. Lambda = 0.000000e+00
DEBUG: Ridder field DISABLED. Lambda = 0.000000e+00
DEBUG: Ridder field DISABLED. Lambda = 0.000000e+00
DEBUG: Ridder field DISABLED. Lambda = 0.000000e+00
DEBUG: Ridder field DISABLED. Lambda = 0.000000e+00
DEBUG: Ridder field DISABLED. Lambda = 0.000000e+00
DEBUG: Ridder field DISABLED. Lambda = 0.000000e+00
DEBUG: Ridder field DISABLED. Lambda = 0.000000e+00
DEBUG: Ridder field DISABLED. Lambda = 0.000000e+00
DEBUG: Ridder field DISABLED. Lambda = 0.000000e+00
DEBUG: Ridder field DISABLED. Lambda = 0.000000e+00
DEBUG: Ridder field DISABLED. Lambda = 0.000000e+00
DEBUG: Ridder field DISABLED. Lambda = 0.000000e+00
DEBUG: Ridder field DISABLED. Lambda = 0.000000e+00
DEBUG: Ridder field DISABLED. Lambda = 0.000000e+00
DEBUG: Ridder field DISABLED. Lambda = 0.000000e+00
DEBUG: Ridder field DISABLED. Lambda = 0.000000e+00
DEBUG: Ridder field DISABLED. Lambda = 0.000000e+00
DEBUG: Ridder field DISABLED. Lambda = 0.000000e+00
DEBUG: Ridder field DISABLED. Lambda = 0.000000e+00
DEBUG: Ridder field DISABLED. Lambda = 0.000000e+00
DEBUG: Ridder field DISABLED. Lambda = 0.000000e+00
DEBUG: Ridder field DISABLED. Lambda = 0.000000e+00
DEBUG: Ridder field DISABLED. Lambda = 0.000000e+00
DEBUG: Ridder field DISABLED. Lambda = 0.000000e+00
DEBUG: Ridder field DISABLED. Lambda = 0.000000e+00
DEBUG: Ridder field DISABLED. Lambda = 0.000000e+00
DEBUG: Ridder field DISABLED. Lambda = 0.000000e+00
DEBUG: Ridder field DISABLED. Lambda = 0.000000e+00
DEBUG: Ridder field DISABLED. Lambda = 0.000000e+00
DEBUG: Ridder field DISABLED. Lambda = 0.000000e+00
DEBUG: Ridder field DISABLED. Lambda = 0.000000e+00
DEBUG: Ridder field DISABLED. Lambda = 0.000000e+00
DEBUG: Ridder field DISABLED. Lambda = 0.000000e+00
DEBUG: Ridder field DISABLED. Lambda = 0.000000e+00
DEBUG: Ridder field DISABLED. Lambda = 0.000000e+00
DEBUG: Ridder field DISABLED. Lambda = 0.000000e+00
DEBUG: Ridder field DISABLED. Lambda = 0.000000e+00
DEBUG: Ridder field DISABLED. Lambda = 0.000000e+00
DEBUG: Ridder field DISABLED. Lambda = 0.000000e+00
DEBUG: Ridder field DISABLED. Lambda = 0.000000e+00
DEBUG: Ridder field DISABLED. Lambda = 0.000000e+00
DEBUG: Ridder field DISABLED. Lambda = 0.000000e+00
DEBUG: Ridder field DISABLED. Lambda = 0.000000e+00
DEBUG: Ridder field DISABLED. Lambda = 0.000000e+00
DEBUG: Ridder field DISABLED. Lambda = 0.000000e+00
DEBUG: Ridder field DISABLED. Lambda = 0.000000e+00
DEBUG: Ridder field DISABLED. Lambda = 0.000000e+00
DEBUG: Ridder field DISABLED. Lambda = 0.000000e+00
DEBUG: Ridder field DISABLED. Lambda = 0.000000e+00
DEBUG: Ridder field DISABLED. Lambda = 0.000000e+00
DEBUG: Ridder field DISABLED. Lambda = 0.000000e+00
DEBUG: Ridder field DISABLED. Lambda = 0.000000e+00
DEBUG: Ridder field DISABLED. Lambda = 0.000000e+00
DEBUG: Ridder field DISABLED. Lambda = 0.000000e+00
DEBUG: Ridder field DISABLED. Lambda = 0.000000e+00
DEBUG: Ridder field DISABLED. Lambda = 0.000000e+00
DEBUG: Ridder field DISABLED. Lambda = 0.000000e+00
DEBUG: Ridder field DISABLED. Lambda = 0.000000e+00
DEBUG: Ridder field DISABLED. Lambda = 0.000000e+00
DEBUG: Ridder field DISABLED. Lambda = 0.000000e+00
DEBUG: Ridder field DISABLED. Lambda = 0.000000e+00
DEBUG: Ridder field DISABLED. Lambda = 0.000000e+00
DEBUG: Ridder field DISABLED. Lambda = 0.000000e+00
DEBUG: Ridder field DISABLED. Lambda = 0.000000e[mcmc] Progress @ 2025-11-30 06:55:23 : 3112 steps taken, and 468 accepted.
[mcmc] Progress @ 2025-11-30 06:56:24 : 3120 steps taken, and 469 accepted.
[mcmc] Progress @ 2025-11-30 06:57:25 : 3134 steps taken, and 472 accepted.
[mcmc] Progress @ 2025-11-30 06:58:38 : 3147 steps taken, and 475 accepted.
[mcmc] Progress @ 2025-11-30 06:59:49 : 3172 steps taken, and 481 accepted.
[mcmc] Progress @ 2025-11-30 07:00:51 : 3185 steps taken, and 483 accepted.
[mcmc] Progress @ 2025-11-30 07:02:04 : 3212 steps taken, and 486 accepted.
[mcmc] Progress @ 2025-11-30 07:03:06 : 3219 steps taken, and 486 accepted.
[mcmc] Progress @ 2025-11-30 07:04:31 : 3242 steps taken, and 489 accepted.
[mcmc] Progress @ 2025-11-30 07:05:52 : 3263 steps taken, and 495 accepted.
[mcmc] Progress @ 2025-11-30 07:06:58 : 3284 steps taken, and 498 accepted.
[mcmc] Progress @ 2025-11-30 07:07:59 : 3310 steps taken, and 500 accepted.
[mcmc] Progress @ 2025-11-30 07:08:59 : 3322 steps taken, and 504 accepted.
[mcmc] Progress @ 2025-11-30 07:10:00 : 3327 steps taken, and 505 accepted.
[mcmc] Progress @ 2025-11-30 07:11:07 : 3339 steps taken, and 507 accepted.
[mcmc] Progress @ 2025-11-30 07:12:08 : 3345 steps taken, and 507 accepted.
[mcmc] Progress @ 2025-11-30 07:13:15 : 3358 steps taken, and 509 accepted.
[mcmc] Progress @ 2025-11-30 07:14:31 : 3385 steps taken, and 513 accepted.
[mcmc] Progress @ 2025-11-30 07:15:47 : 3417 steps taken, and 515 accepted.
[mcmc] Progress @ 2025-11-30 07:16:50 : 3431 steps taken, and 516 accepted.
+00
DEBUG: Ridder field DISABLED. Lambda = 0.000000e+00
DEBUG: Ridder field DISABLED. Lambda = 0.000000e+00
DEBUG: Ridder field DISABLED. Lambda = 0.000000e+00
DEBUG: Ridder field DISABLED. Lambda = 0.000000e+00
DEBUG: Ridder field DISABLED. Lambda = 0.000000e+00
DEBUG: Ridder field DISABLED. Lambda = 0.000000e+00
DEBUG: Ridder field DISABLED. Lambda = 0.000000e+00
DEBUG: Ridder field DISABLED. Lambda = 0.000000e+00
DEBUG: Ridder field DISABLED. Lambda = 0.000000e+00
DEBUG: Ridder field DISABLED. Lambda = 0.000000e+00
DEBUG: Ridder field DISABLED. Lambda = 0.000000e+00
DEBUG: Ridder field DISABLED. Lambda = 0.000000e+00
DEBUG: Ridder field DISABLED. Lambda = 0.000000e+00
DEBUG: Ridder field DISABLED. Lambda = 0.000000e+00
DEBUG: Ridder field DISABLED. Lambda = 0.000000e+00
DEBUG: Ridder field DISABLED. Lambda = 0.000000e+00
DEBUG: Ridder field DISABLED. Lambda = 0.000000e+00
DEBUG: Ridder field DISABLED. Lambda = 0.000000e+00
DEBUG: Ridder field DISABLED. Lambda = 0.000000e+00
DEBUG: Ridder field DISABLED. Lambda = 0.000000e+00
DEBUG: Ridder field DISABLED. Lambda = 0.000000e+00
DEBUG: Ridder field DISABLED. Lambda = 0.000000e+00
DEBUG: Ridder field DISABLED. Lambda = 0.000000e+00
DEBUG: Ridder field DISABLED. Lambda = 0.000000e+00
DEBUG: Ridder field DISABLED. Lambda = 0.000000e+00
DEBUG: Ridder field DISABLED. Lambda = 0.000000e+00
DEBUG: Ridder field DISABLED. Lambda = 0.000000e+00
DEBUG: Ridder field DISABLED. Lambda = 0.000000e+00
DEBUG: Ridder field DISABLED. Lambda = 0.000000e+00
DEBUG: Ridder field DISABLED. Lambda = 0.000000e+00
DEBUG: Ridder field DISABLED. Lambda = 0.000000e+00
DEBUG: Ridder field DISABLED. Lambda = 0.000000e+00
DEBUG: Ridder field DISABLED. Lambda = 0.000000e+00
DEBUG: Ridder field DISABLED. Lambda = 0.000000e+00
DEBUG: Ridder field DISABLED. Lambda = 0.000000e+00
DEBUG: Ridder field DISABLED. Lambda = 0.000000e+00
DEBUG: Ridder field DISABLED. Lambda = 0.000000e+00
DEBUG: Ridder field DISABLED. Lambda = 0.000000e+00
DEBUG: Ridder field DISABLED. Lambda = 0.000000e+00
DEBUG: Ridder field DISABLED. Lambda = 0.000000e+00
DEBUG: Ridder field DISABLED. Lambda = 0.000000e+00
DEBUG: Ridder field DISABLED. Lambda = 0.000000e+00
DEBUG: Ridder field DISABLED. Lambda = 0.000000e+00
DEBUG: Ridder field DISABLED. Lambda = 0.000000e+00
DEBUG: Ridder field DISABLED. Lambda = 0.000000e+00
DEBUG: Ridder field DISABLED. Lambda = 0.000000e+00
DEBUG: Ridder field DISABLED. Lambda = 0.000000e+00
DEBUG: Ridder field DISABLED. Lambda = 0.000000e+00
DEBUG: Ridder field DISABLED. Lambda = 0.000000e+00
DEBUG: Ridder field DISABLED. Lambda = 0.000000e+00
DEBUG: Ridder field DISABLED. Lambda = 0.000000e+00
DEBUG: Ridder field DISABLED. Lambda = 0.000000e+00
DEBUG: Ridder field DISABLED. Lambda = 0.000000e+00
DEBUG: Ridder field DISABLED. Lambda = 0.000000e+00
DEBUG: Ridder field DISABLED. Lambda = 0.000000e+00
DEBUG: Ridder field DISABLED. Lambda = 0.000000e+00
DEBUG: Ridder field DISABLED. Lambda = 0.000000e+00
DEBUG: Ridder field DISABLED. Lambda = 0.000000e+00
DEBUG: Ridder field DISABLED. Lambda = 0.000000e+00
DEBUG: Ridder field DISABLED. Lambda = 0.000000e+00
DEBUG: Ridder field DISABLED. Lambda = 0.000000e+00
DEBUG: Ridder field DISABLED. Lambda = 0.000000e+00
DEBUG: Ridder field DISABLED. Lambda = 0.000000e+00
DEBUG: Ridder field DISABLED. Lambda = 0.000000e+00
DEBUG: Ridder field DISABLED. Lambda = 0.000000e+00
DEBUG: Ridder field DISABLED. Lambda = 0.000000e+00
DEBUG: Ridder field DISABLED. Lambda = 0.000000e+00
DEBUG: Ridder field DISABLED. Lambda = 0.000000e+00
DEBUG: Ridder field DISABLED. Lambda = 0.000000e+00
DEBUG: Ridder field DISABLED. Lambda = 0.000000e+00
DEBUG: Ridder field DISABLED. Lambda = 0.000000e+00
DEBUG: Ridder field DISABLED. Lambda = 0.000000e+00
DEBUG: Ridder field DISABLED. Lambda = 0.000000e+00
DEBUG: Ridder field DISABLED. Lambda = 0.000000e+00
DEBUG: Ridder field DISABLED. Lambda = 0.000000e+00
DEBUG: Ridder field DISABLED. Lambda = 0.000000e+00
DEBUG: Ridder field DISABLED. Lambda = 0.000000e+00
DEBUG: Ridder field DISABLED. Lambda = 0.000000e+00
DEBUG: Ridder field DISABLED. Lambda[mcmc] Progress @ 2025-11-30 07:18:04 : 3452 steps taken, and 519 accepted.
[mcmc] Progress @ 2025-11-30 07:19:05 : 3464 steps taken, and 520 accepted.
[mcmc] Progress @ 2025-11-30 07:20:11 : 3487 steps taken, and 527 accepted.
[mcmc] Progress @ 2025-11-30 07:21:29 : 3514 steps taken, and 531 accepted.
[mcmc] Progress @ 2025-11-30 07:22:37 : 3525 steps taken, and 533 accepted.
[mcmc] Progress @ 2025-11-30 07:23:39 : 3536 steps taken, and 533 accepted.
[mcmc] Progress @ 2025-11-30 07:24:41 : 3558 steps taken, and 538 accepted.
[mcmc] Progress @ 2025-11-30 07:25:55 : 3571 steps taken, and 538 accepted.
[mcmc] Progress @ 2025-11-30 07:27:10 : 3588 steps taken, and 538 accepted.
[mcmc] Progress @ 2025-11-30 07:28:34 : 3612 steps taken, and 539 accepted.
[mcmc] Progress @ 2025-11-30 07:29:40 : 3620 steps taken, and 540 accepted.
[mcmc] Progress @ 2025-11-30 07:30:49 : 3637 steps taken, and 542 accepted.
[mcmc] Progress @ 2025-11-30 07:31:50 : 3647 steps taken, and 543 accepted.
[mcmc] Progress @ 2025-11-30 07:33:16 : 3677 steps taken, and 546 accepted.
[mcmc] Progress @ 2025-11-30 07:34:17 : 3685 steps taken, and 548 accepted.
[mcmc] Progress @ 2025-11-30 07:35:36 : 3710 steps taken, and 554 accepted.
[mcmc] Progress @ 2025-11-30 07:36:36 : 3717 steps taken, and 555 accepted.
[mcmc] Progress @ 2025-11-30 07:37:49 : 3729 steps taken, and 556 accepted.
[mcmc] Progress @ 2025-11-30 07:38:51 : 3754 steps taken, and 560 accepted.
[mcmc] Progress @ 2025-11-30 07:39:58 : 3771 steps taken, and 563 accepted.
[mcmc] Progress @ 2025-11-30 07:41:01 : 3789 steps taken, and 567 accepted.
 = 0.000000e+00
DEBUG: Ridder field DISABLED. Lambda = 0.000000e+00
DEBUG: Ridder field DISABLED. Lambda = 0.000000e+00
DEBUG: Ridder field DISABLED. Lambda = 0.000000e+00
DEBUG: Ridder field DISABLED. Lambda = 0.000000e+00
DEBUG: Ridder field DISABLED. Lambda = 0.000000e+00
DEBUG: Ridder field DISABLED. Lambda = 0.000000e+00
DEBUG: Ridder field DISABLED. Lambda = 0.000000e+00
DEBUG: Ridder field DISABLED. Lambda = 0.000000e+00
DEBUG: Ridder field DISABLED. Lambda = 0.000000e+00
DEBUG: Ridder field DISABLED. Lambda = 0.000000e+00
DEBUG: Ridder field DISABLED. Lambda = 0.000000e+00
DEBUG: Ridder field DISABLED. Lambda = 0.000000e+00
DEBUG: Ridder field DISABLED. Lambda = 0.000000e+00
DEBUG: Ridder field DISABLED. Lambda = 0.000000e+00
DEBUG: Ridder field DISABLED. Lambda = 0.000000e+00
DEBUG: Ridder field DISABLED. Lambda = 0.000000e+00
DEBUG: Ridder field DISABLED. Lambda = 0.000000e+00
DEBUG: Ridder field DISABLED. Lambda = 0.000000e+00
DEBUG: Ridder field DISABLED. Lambda = 0.000000e+00
DEBUG: Ridder field DISABLED. Lambda = 0.000000e+00
DEBUG: Ridder field DISABLED. Lambda = 0.000000e+00
DEBUG: Ridder field DISABLED. Lambda = 0.000000e+00
DEBUG: Ridder field DISABLED. Lambda = 0.000000e+00
DEBUG: Ridder field DISABLED. Lambda = 0.000000e+00
DEBUG: Ridder field DISABLED. Lambda = 0.000000e+00
DEBUG: Ridder field DISABLED. Lambda = 0.000000e+00
DEBUG: Ridder field DISABLED. Lambda = 0.000000e+00
DEBUG: Ridder field DISABLED. Lambda = 0.000000e+00
DEBUG: Ridder field DISABLED. Lambda = 0.000000e+00
DEBUG: Ridder field DISABLED. Lambda = 0.000000e+00
DEBUG: Ridder field DISABLED. Lambda = 0.000000e+00
DEBUG: Ridder field DISABLED. Lambda = 0.000000e+00
DEBUG: Ridder field DISABLED. Lambda = 0.000000e+00
DEBUG: Ridder field DISABLED. Lambda = 0.000000e+00
DEBUG: Ridder field DISABLED. Lambda = 0.000000e+00
DEBUG: Ridder field DISABLED. Lambda = 0.000000e+00
DEBUG: Ridder field DISABLED. Lambda = 0.000000e+00
DEBUG: Ridder field DISABLED. Lambda = 0.000000e+00
DEBUG: Ridder field DISABLED. Lambda = 0.000000e+00
DEBUG: Ridder field DISABLED. Lambda = 0.000000e+00
DEBUG: Ridder field DISABLED. Lambda = 0.000000e+00
DEBUG: Ridder field DISABLED. Lambda = 0.000000e+00
DEBUG: Ridder field DISABLED. Lambda = 0.000000e+00
DEBUG: Ridder field DISABLED. Lambda = 0.000000e+00
DEBUG: Ridder field DISABLED. Lambda = 0.000000e+00
DEBUG: Ridder field DISABLED. Lambda = 0.000000e+00
DEBUG: Ridder field DISABLED. Lambda = 0.000000e+00
DEBUG: Ridder field DISABLED. Lambda = 0.000000e+00
DEBUG: Ridder field DISABLED. Lambda = 0.000000e+00
DEBUG: Ridder field DISABLED. Lambda = 0.000000e+00
DEBUG: Ridder field DISABLED. Lambda = 0.000000e+00
DEBUG: Ridder field DISABLED. Lambda = 0.000000e+00
DEBUG: Ridder field DISABLED. Lambda = 0.000000e+00
DEBUG: Ridder field DISABLED. Lambda = 0.000000e+00
DEBUG: Ridder field DISABLED. Lambda = 0.000000e+00
DEBUG: Ridder field DISABLED. Lambda = 0.000000e+00
DEBUG: Ridder field DISABLED. Lambda = 0.000000e+00
DEBUG: Ridder field DISABLED. Lambda = 0.000000e+00
DEBUG: Ridder field DISABLED. Lambda = 0.000000e+00
DEBUG: Ridder field DISABLED. Lambda = 0.000000e+00
DEBUG: Ridder field DISABLED. Lambda = 0.000000e+00
DEBUG: Ridder field DISABLED. Lambda = 0.000000e+00
DEBUG: Ridder field DISABLED. Lambda = 0.000000e+00
DEBUG: Ridder field DISABLED. Lambda = 0.000000e+00
DEBUG: Ridder field DISABLED. Lambda = 0.000000e+00
DEBUG: Ridder field DISABLED. Lambda = 0.000000e+00
DEBUG: Ridder field DISABLED. Lambda = 0.000000e+00
DEBUG: Ridder field DISABLED. Lambda = 0.000000e+00
DEBUG: Ridder field DISABLED. Lambda = 0.000000e+00
DEBUG: Ridder field DISABLED. Lambda = 0.000000e+00
DEBUG: Ridder field DISABLED. Lambda = 0.000000e+00
DEBUG: Ridder field DISABLED. Lambda = 0.000000e+00
DEBUG: Ridder field DISABLED. Lambda = 0.000000e+00
DEBUG: Ridder field DISABLED. Lambda = 0.000000e+00
DEBUG: Ridder field DISABLED. Lambda = 0.000000e+00
DEBUG: Ridder field DISABLED. Lambda = 0.000000e+00
DEBUG: Ridder field DISABLED. Lambda = 0.000000e+00
DEBUG: Ridder field DISABLED. Lambda = 0.000000e+00
DEBUG: Ridder field DISA[mcmc] Progress @ 2025-11-30 07:42:21 : 3816 steps taken, and 571 accepted.
[mcmc] Progress @ 2025-11-30 07:43:22 : 3829 steps taken, and 572 accepted.
[mcmc] Progress @ 2025-11-30 07:44:27 : 3841 steps taken, and 574 accepted.
[mcmc] Progress @ 2025-11-30 07:45:28 : 3848 steps taken, and 575 accepted.
[mcmc] Progress @ 2025-11-30 07:46:29 : 3875 steps taken, and 581 accepted.
[mcmc] Progress @ 2025-11-30 07:47:32 : 3890 steps taken, and 584 accepted.
[mcmc] Progress @ 2025-11-30 07:48:32 : 3896 steps taken, and 585 accepted.
[mcmc] Progress @ 2025-11-30 07:49:39 : 3910 steps taken, and 585 accepted.
[mcmc] Progress @ 2025-11-30 07:50:40 : 3918 steps taken, and 587 accepted.
[mcmc] Progress @ 2025-11-30 07:51:40 : 3945 steps taken, and 592 accepted.
[mcmc] Progress @ 2025-11-30 07:52:43 : 3955 steps taken, and 595 accepted.
[mcmc] Progress @ 2025-11-30 07:54:00 : 3984 steps taken, and 604 accepted.
[mcmc] Progress @ 2025-11-30 07:55:02 : 3991 steps taken, and 604 accepted.
[mcmc] Progress @ 2025-11-30 07:56:11 : 4003 steps taken, and 606 accepted.
[mcmc] Progress @ 2025-11-30 07:57:11 : 4030 steps taken, and 610 accepted.
[mcmc] Progress @ 2025-11-30 07:58:13 : 4043 steps taken, and 611 accepted.
[mcmc] Progress @ 2025-11-30 07:59:26 : 4066 steps taken, and 612 accepted.
[mcmc] Progress @ 2025-11-30 08:00:34 : 4085 steps taken, and 616 accepted.
[mcmc] Progress @ 2025-11-30 08:01:54 : 4098 steps taken, and 617 accepted.
[mcmc] Progress @ 2025-11-30 08:03:00 : 4112 steps taken, and 620 accepted.
[mcmc] Progress @ 2025-11-30 08:04:14 : 4133 steps taken, and 622 accepted.
BLED. Lambda = 0.000000e+00
DEBUG: Ridder field DISABLED. Lambda = 0.000000e+00
DEBUG: Ridder field DISABLED. Lambda = 0.000000e+00
DEBUG: Ridder field DISABLED. Lambda = 0.000000e+00
DEBUG: Ridder field DISABLED. Lambda = 0.000000e+00
DEBUG: Ridder field DISABLED. Lambda = 0.000000e+00
DEBUG: Ridder field DISABLED. Lambda = 0.000000e+00
DEBUG: Ridder field DISABLED. Lambda = 0.000000e+00
DEBUG: Ridder field DISABLED. Lambda = 0.000000e+00
DEBUG: Ridder field DISABLED. Lambda = 0.000000e+00
DEBUG: Ridder field DISABLED. Lambda = 0.000000e+00
DEBUG: Ridder field DISABLED. Lambda = 0.000000e+00
DEBUG: Ridder field DISABLED. Lambda = 0.000000e+00
DEBUG: Ridder field DISABLED. Lambda = 0.000000e+00
DEBUG: Ridder field DISABLED. Lambda = 0.000000e+00
DEBUG: Ridder field DISABLED. Lambda = 0.000000e+00
DEBUG: Ridder field DISABLED. Lambda = 0.000000e+00
DEBUG: Ridder field DISABLED. Lambda = 0.000000e+00
DEBUG: Ridder field DISABLED. Lambda = 0.000000e+00
DEBUG: Ridder field DISABLED. Lambda = 0.000000e+00
DEBUG: Ridder field DISABLED. Lambda = 0.000000e+00
DEBUG: Ridder field DISABLED. Lambda = 0.000000e+00
DEBUG: Ridder field DISABLED. Lambda = 0.000000e+00
DEBUG: Ridder field DISABLED. Lambda = 0.000000e+00
DEBUG: Ridder field DISABLED. Lambda = 0.000000e+00
DEBUG: Ridder field DISABLED. Lambda = 0.000000e+00
DEBUG: Ridder field DISABLED. Lambda = 0.000000e+00
DEBUG: Ridder field DISABLED. Lambda = 0.000000e+00
DEBUG: Ridder field DISABLED. Lambda = 0.000000e+00
DEBUG: Ridder field DISABLED. Lambda = 0.000000e+00
DEBUG: Ridder field DISABLED. Lambda = 0.000000e+00
DEBUG: Ridder field DISABLED. Lambda = 0.000000e+00
DEBUG: Ridder field DISABLED. Lambda = 0.000000e+00
DEBUG: Ridder field DISABLED. Lambda = 0.000000e+00
DEBUG: Ridder field DISABLED. Lambda = 0.000000e+00
DEBUG: Ridder field DISABLED. Lambda = 0.000000e+00
DEBUG: Ridder field DISABLED. Lambda = 0.000000e+00
DEBUG: Ridder field DISABLED. Lambda = 0.000000e+00
DEBUG: Ridder field DISABLED. Lambda = 0.000000e+00
DEBUG: Ridder field DISABLED. Lambda = 0.000000e+00
DEBUG: Ridder field DISABLED. Lambda = 0.000000e+00
DEBUG: Ridder field DISABLED. Lambda = 0.000000e+00
DEBUG: Ridder field DISABLED. Lambda = 0.000000e+00
DEBUG: Ridder field DISABLED. Lambda = 0.000000e+00
DEBUG: Ridder field DISABLED. Lambda = 0.000000e+00
DEBUG: Ridder field DISABLED. Lambda = 0.000000e+00
DEBUG: Ridder field DISABLED. Lambda = 0.000000e+00
DEBUG: Ridder field DISABLED. Lambda = 0.000000e+00
DEBUG: Ridder field DISABLED. Lambda = 0.000000e+00
DEBUG: Ridder field DISABLED. Lambda = 0.000000e+00
DEBUG: Ridder field DISABLED. Lambda = 0.000000e+00
DEBUG: Ridder field DISABLED. Lambda = 0.000000e+00
DEBUG: Ridder field DISABLED. Lambda = 0.000000e+00
DEBUG: Ridder field DISABLED. Lambda = 0.000000e+00
DEBUG: Ridder field DISABLED. Lambda = 0.000000e+00
DEBUG: Ridder field DISABLED. Lambda = 0.000000e+00
DEBUG: Ridder field DISABLED. Lambda = 0.000000e+00
DEBUG: Ridder field DISABLED. Lambda = 0.000000e+00
DEBUG: Ridder field DISABLED. Lambda = 0.000000e+00
DEBUG: Ridder field DISABLED. Lambda = 0.000000e+00
DEBUG: Ridder field DISABLED. Lambda = 0.000000e+00
DEBUG: Ridder field DISABLED. Lambda = 0.000000e+00
DEBUG: Ridder field DISABLED. Lambda = 0.000000e+00
DEBUG: Ridder field DISABLED. Lambda = 0.000000e+00
DEBUG: Ridder field DISABLED. Lambda = 0.000000e+00
DEBUG: Ridder field DISABLED. Lambda = 0.000000e+00
DEBUG: Ridder field DISABLED. Lambda = 0.000000e+00
DEBUG: Ridder field DISABLED. Lambda = 0.000000e+00
DEBUG: Ridder field DISABLED. Lambda = 0.000000e+00
DEBUG: Ridder field DISABLED. Lambda = 0.000000e+00
DEBUG: Ridder field DISABLED. Lambda = 0.000000e+00
DEBUG: Ridder field DISABLED. Lambda = 0.000000e+00
DEBUG: Ridder field DISABLED. Lambda = 0.000000e+00
DEBUG: Ridder field DISABLED. Lambda = 0.000000e+00
DEBUG: Ridder field DISABLED. Lambda = 0.000000e+00
DEBUG: Ridder field DISABLED. Lambda = 0.000000e+00
DEBUG: Ridder field DISABLED. Lambda = 0.000000e+00
DEBUG: Ridder field DISABLED. Lambda = 0.000000e+00
DEBUG: Ridder field DISABLED. Lambda = 0.000000e+00
DEBUG: Ridde[mcmc] Progress @ 2025-11-30 08:05:16 : 4148 steps taken, and 624 accepted.
[mcmc] Progress @ 2025-11-30 08:06:16 : 4162 steps taken, and 626 accepted.
[mcmc] Progress @ 2025-11-30 08:07:16 : 4173 steps taken, and 627 accepted.
[mcmc] Progress @ 2025-11-30 08:08:42 : 4207 steps taken, and 634 accepted.
[mcmc] Progress @ 2025-11-30 08:10:01 : 4224 steps taken, and 638 accepted.
[mcmc] Progress @ 2025-11-30 08:11:21 : 4246 steps taken, and 643 accepted.
[mcmc] Progress @ 2025-11-30 08:12:40 : 4249 steps taken, and 644 accepted.
[mcmc] Progress @ 2025-11-30 08:13:44 : 4269 steps taken, and 648 accepted.
[mcmc] Progress @ 2025-11-30 08:14:50 : 4281 steps taken, and 651 accepted.
[mcmc] Progress @ 2025-11-30 08:15:52 : 4293 steps taken, and 651 accepted.
[mcmc] Progress @ 2025-11-30 08:17:00 : 4316 steps taken, and 655 accepted.
[mcmc] Progress @ 2025-11-30 08:18:21 : 4337 steps taken, and 659 accepted.
[mcmc] Progress @ 2025-11-30 08:19:36 : 4366 steps taken, and 662 accepted.
[mcmc] Progress @ 2025-11-30 08:20:43 : 4376 steps taken, and 663 accepted.
[mcmc] Progress @ 2025-11-30 08:21:46 : 4383 steps taken, and 663 accepted.
[mcmc] Progress @ 2025-11-30 08:23:03 : 4406 steps taken, and 668 accepted.
[mcmc] Progress @ 2025-11-30 08:24:08 : 4420 steps taken, and 669 accepted.
[mcmc] Progress @ 2025-11-30 08:25:15 : 4437 steps taken, and 672 accepted.
[mcmc] Progress @ 2025-11-30 08:26:33 : 4465 steps taken, and 677 accepted.
[mcmc] Progress @ 2025-11-30 08:27:48 : 4485 steps taken, and 679 accepted.
r field DISABLED. Lambda = 0.000000e+00
DEBUG: Ridder field DISABLED. Lambda = 0.000000e+00
DEBUG: Ridder field DISABLED. Lambda = 0.000000e+00
DEBUG: Ridder field DISABLED. Lambda = 0.000000e+00
DEBUG: Ridder field DISABLED. Lambda = 0.000000e+00
DEBUG: Ridder field DISABLED. Lambda = 0.000000e+00
DEBUG: Ridder field DISABLED. Lambda = 0.000000e+00
DEBUG: Ridder field DISABLED. Lambda = 0.000000e+00
DEBUG: Ridder field DISABLED. Lambda = 0.000000e+00
DEBUG: Ridder field DISABLED. Lambda = 0.000000e+00
DEBUG: Ridder field DISABLED. Lambda = 0.000000e+00
DEBUG: Ridder field DISABLED. Lambda = 0.000000e+00
DEBUG: Ridder field DISABLED. Lambda = 0.000000e+00
DEBUG: Ridder field DISABLED. Lambda = 0.000000e+00
DEBUG: Ridder field DISABLED. Lambda = 0.000000e+00
DEBUG: Ridder field DISABLED. Lambda = 0.000000e+00
DEBUG: Ridder field DISABLED. Lambda = 0.000000e+00
DEBUG: Ridder field DISABLED. Lambda = 0.000000e+00
DEBUG: Ridder field DISABLED. Lambda = 0.000000e+00
DEBUG: Ridder field DISABLED. Lambda = 0.000000e+00
DEBUG: Ridder field DISABLED. Lambda = 0.000000e+00
DEBUG: Ridder field DISABLED. Lambda = 0.000000e+00
DEBUG: Ridder field DISABLED. Lambda = 0.000000e+00
DEBUG: Ridder field DISABLED. Lambda = 0.000000e+00
DEBUG: Ridder field DISABLED. Lambda = 0.000000e+00
DEBUG: Ridder field DISABLED. Lambda = 0.000000e+00
DEBUG: Ridder field DISABLED. Lambda = 0.000000e+00
DEBUG: Ridder field DISABLED. Lambda = 0.000000e+00
DEBUG: Ridder field DISABLED. Lambda = 0.000000e+00
DEBUG: Ridder field DISABLED. Lambda = 0.000000e+00
DEBUG: Ridder field DISABLED. Lambda = 0.000000e+00
DEBUG: Ridder field DISABLED. Lambda = 0.000000e+00
DEBUG: Ridder field DISABLED. Lambda = 0.000000e+00
DEBUG: Ridder field DISABLED. Lambda = 0.000000e+00
DEBUG: Ridder field DISABLED. Lambda = 0.000000e+00
DEBUG: Ridder field DISABLED. Lambda = 0.000000e+00
DEBUG: Ridder field DISABLED. Lambda = 0.000000e+00
DEBUG: Ridder field DISABLED. Lambda = 0.000000e+00
DEBUG: Ridder field DISABLED. Lambda = 0.000000e+00
DEBUG: Ridder field DISABLED. Lambda = 0.000000e+00
DEBUG: Ridder field DISABLED. Lambda = 0.000000e+00
DEBUG: Ridder field DISABLED. Lambda = 0.000000e+00
DEBUG: Ridder field DISABLED. Lambda = 0.000000e+00
DEBUG: Ridder field DISABLED. Lambda = 0.000000e+00
DEBUG: Ridder field DISABLED. Lambda = 0.000000e+00
DEBUG: Ridder field DISABLED. Lambda = 0.000000e+00
DEBUG: Ridder field DISABLED. Lambda = 0.000000e+00
DEBUG: Ridder field DISABLED. Lambda = 0.000000e+00
DEBUG: Ridder field DISABLED. Lambda = 0.000000e+00
DEBUG: Ridder field DISABLED. Lambda = 0.000000e+00
DEBUG: Ridder field DISABLED. Lambda = 0.000000e+00
DEBUG: Ridder field DISABLED. Lambda = 0.000000e+00
DEBUG: Ridder field DISABLED. Lambda = 0.000000e+00
DEBUG: Ridder field DISABLED. Lambda = 0.000000e+00
DEBUG: Ridder field DISABLED. Lambda = 0.000000e+00
DEBUG: Ridder field DISABLED. Lambda = 0.000000e+00
DEBUG: Ridder field DISABLED. Lambda = 0.000000e+00
DEBUG: Ridder field DISABLED. Lambda = 0.000000e+00
DEBUG: Ridder field DISABLED. Lambda = 0.000000e+00
DEBUG: Ridder field DISABLED. Lambda = 0.000000e+00
DEBUG: Ridder field DISABLED. Lambda = 0.000000e+00
DEBUG: Ridder field DISABLED. Lambda = 0.000000e+00
DEBUG: Ridder field DISABLED. Lambda = 0.000000e+00
DEBUG: Ridder field DISABLED. Lambda = 0.000000e+00
DEBUG: Ridder field DISABLED. Lambda = 0.000000e+00
DEBUG: Ridder field DISABLED. Lambda = 0.000000e+00
DEBUG: Ridder field DISABLED. Lambda = 0.000000e+00
DEBUG: Ridder field DISABLED. Lambda = 0.000000e+00
DEBUG: Ridder field DISABLED. Lambda = 0.000000e+00
DEBUG: Ridder field DISABLED. Lambda = 0.000000e+00
DEBUG: Ridder field DISABLED. Lambda = 0.000000e+00
DEBUG: Ridder field DISABLED. Lambda = 0.000000e+00
DEBUG: Ridder field DISABLED. Lambda = 0.000000e+00
DEBUG: Ridder field DISABLED. Lambda = 0.000000e+00
DEBUG: Ridder field DISABLED. Lambda = 0.000000e+00
DEBUG: Ridder field DISABLED. Lambda = 0.000000e+00
DEBUG: Ridder field DISABLED. Lambda = 0.000000e+00
DEBUG: Ridder field DISABLED. Lambda = 0.000000e+00
DEBUG: Ridder field DISABLED. Lambda = 0.000000e+00
[mcmc] Progress @ 2025-11-30 08:28:49 : 4492 steps taken, and 680 accepted.
[mcmc] Progress @ 2025-11-30 08:29:57 : 4504 steps taken, and 681 accepted.
[mcmc] Progress @ 2025-11-30 08:31:10 : 4525 steps taken, and 686 accepted.
[mcmc] Progress @ 2025-11-30 08:32:23 : 4546 steps taken, and 689 accepted.
[mcmc] Progress @ 2025-11-30 08:33:34 : 4576 steps taken, and 691 accepted.
[mcmc] Progress @ 2025-11-30 08:34:56 : 4600 steps taken, and 698 accepted.
[mcmc] Progress @ 2025-11-30 08:36:00 : 4605 steps taken, and 698 accepted.
[mcmc] Progress @ 2025-11-30 08:37:00 : 4615 steps taken, and 701 accepted.
[mcmc] Progress @ 2025-11-30 08:38:13 : 4620 steps taken, and 703 accepted.
[mcmc] Progress @ 2025-11-30 08:39:42 : 4634 steps taken, and 704 accepted.
[mcmc] Progress @ 2025-11-30 08:40:43 : 4650 steps taken, and 707 accepted.
[mcmc] Progress @ 2025-11-30 08:41:52 : 4669 steps taken, and 709 accepted.
[mcmc] Progress @ 2025-11-30 08:42:53 : 4681 steps taken, and 710 accepted.
[mcmc] Progress @ 2025-11-30 08:44:16 : 4695 steps taken, and 713 accepted.
[mcmc] Progress @ 2025-11-30 08:45:33 : 4713 steps taken, and 715 accepted.
[mcmc] Progress @ 2025-11-30 08:46:34 : 4731 steps taken, and 716 accepted.
[mcmc] Progress @ 2025-11-30 08:48:00 : 4743 steps taken, and 719 accepted.
[mcmc] Progress @ 2025-11-30 08:49:23 : 4755 steps taken, and 719 accepted.
[mcmc] Progress @ 2025-11-30 08:50:51 : 4766 steps taken, and 721 accepted.
[mcmc] Progress @ 2025-11-30 08:52:14 : 4773 steps taken, and 722 accepted.
[mcmc] Progress @ 2025-11-30 08:53:17 : 4792 steps taken, and 727 accepted.
[mcmc] Progress @ 2025-11-30 08:54:45 : 4802 steps taken, and 728 accepted.
[mcmc] Progress @ 2025-11-30 08:56:06 : 4813 steps taken, and 729 accepted.
DEBUG: Ridder field DISABLED. Lambda = 0.000000e+00
DEBUG: Ridder field DISABLED. Lambda = 0.000000e+00
DEBUG: Ridder field DISABLED. Lambda = 0.000000e+00
DEBUG: Ridder field DISABLED. Lambda = 0.000000e+00
DEBUG: Ridder field DISABLED. Lambda = 0.000000e+00
DEBUG: Ridder field DISABLED. Lambda = 0.000000e+00
DEBUG: Ridder field DISABLED. Lambda = 0.000000e+00
DEBUG: Ridder field DISABLED. Lambda = 0.000000e+00
DEBUG: Ridder field DISABLED. Lambda = 0.000000e+00
DEBUG: Ridder field DISABLED. Lambda = 0.000000e+00
DEBUG: Ridder field DISABLED. Lambda = 0.000000e+00
DEBUG: Ridder field DISABLED. Lambda = 0.000000e+00
DEBUG: Ridder field DISABLED. Lambda = 0.000000e+00
DEBUG: Ridder field DISABLED. Lambda = 0.000000e+00
DEBUG: Ridder field DISABLED. Lambda = 0.000000e+00
DEBUG: Ridder field DISABLED. Lambda = 0.000000e+00
DEBUG: Ridder field DISABLED. Lambda = 0.000000e+00
DEBUG: Ridder field DISABLED. Lambda = 0.000000e+00
DEBUG: Ridder field DISABLED. Lambda = 0.000000e+00
DEBUG: Ridder field DISABLED. Lambda = 0.000000e+00
DEBUG: Ridder field DISABLED. Lambda = 0.000000e+00
DEBUG: Ridder field DISABLED. Lambda = 0.000000e+00
DEBUG: Ridder field DISABLED. Lambda = 0.000000e+00
DEBUG: Ridder field DISABLED. Lambda = 0.000000e+00
DEBUG: Ridder field DISABLED. Lambda = 0.000000e+00
DEBUG: Ridder field DISABLED. Lambda = 0.000000e+00
DEBUG: Ridder field DISABLED. Lambda = 0.000000e+00
DEBUG: Ridder field DISABLED. Lambda = 0.000000e+00
DEBUG: Ridder field DISABLED. Lambda = 0.000000e+00
DEBUG: Ridder field DISABLED. Lambda = 0.000000e+00
DEBUG: Ridder field DISABLED. Lambda = 0.000000e+00
DEBUG: Ridder field DISABLED. Lambda = 0.000000e+00
DEBUG: Ridder field DISABLED. Lambda = 0.000000e+00
DEBUG: Ridder field DISABLED. Lambda = 0.000000e+00
DEBUG: Ridder field DISABLED. Lambda = 0.000000e+00
DEBUG: Ridder field DISABLED. Lambda = 0.000000e+00
DEBUG: Ridder field DISABLED. Lambda = 0.000000e+00
DEBUG: Ridder field DISABLED. Lambda = 0.000000e+00
DEBUG: Ridder field DISABLED. Lambda = 0.000000e+00
DEBUG: Ridder field DISABLED. Lambda = 0.000000e+00
DEBUG: Ridder field DISABLED. Lambda = 0.000000e+00
DEBUG: Ridder field DISABLED. Lambda = 0.000000e+00
DEBUG: Ridder field DISABLED. Lambda = 0.000000e+00
DEBUG: Ridder field DISABLED. Lambda = 0.000000e+00
DEBUG: Ridder field DISABLED. Lambda = 0.000000e+00
DEBUG: Ridder field DISABLED. Lambda = 0.000000e+00
DEBUG: Ridder field DISABLED. Lambda = 0.000000e+00
DEBUG: Ridder field DISABLED. Lambda = 0.000000e+00
DEBUG: Ridder field DISABLED. Lambda = 0.000000e+00
DEBUG: Ridder field DISABLED. Lambda = 0.000000e+00
DEBUG: Ridder field DISABLED. Lambda = 0.000000e+00
DEBUG: Ridder field DISABLED. Lambda = 0.000000e+00
DEBUG: Ridder field DISABLED. Lambda = 0.000000e+00
DEBUG: Ridder field DISABLED. Lambda = 0.000000e+00
DEBUG: Ridder field DISABLED. Lambda = 0.000000e+00
DEBUG: Ridder field DISABLED. Lambda = 0.000000e+00
DEBUG: Ridder field DISABLED. Lambda = 0.000000e+00
DEBUG: Ridder field DISABLED. Lambda = 0.000000e+00
DEBUG: Ridder field DISABLED. Lambda = 0.000000e+00
DEBUG: Ridder field DISABLED. Lambda = 0.000000e+00
DEBUG: Ridder field DISABLED. Lambda = 0.000000e+00
DEBUG: Ridder field DISABLED. Lambda = 0.000000e+00
DEBUG: Ridder field DISABLED. Lambda = 0.000000e+00
DEBUG: Ridder field DISABLED. Lambda = 0.000000e+00
DEBUG: Ridder field DISABLED. Lambda = 0.000000e+00
DEBUG: Ridder field DISABLED. Lambda = 0.000000e+00
DEBUG: Ridder field DISABLED. Lambda = 0.000000e+00
DEBUG: Ridder field DISABLED. Lambda = 0.000000e+00
DEBUG: Ridder field DISABLED. Lambda = 0.000000e+00
DEBUG: Ridder field DISABLED. Lambda = 0.000000e+00
DEBUG: Ridder field DISABLED. Lambda = 0.000000e+00
DEBUG: Ridder field DISABLED. Lambda = 0.000000e+00
DEBUG: Ridder field DISABLED. Lambda = 0.000000e+00
DEBUG: Ridder field DISABLED. Lambda = 0.000000e+00
DEBUG: Ridder field DISABLED. Lambda = 0.000000e+00
DEBUG: Ridder field DISABLED. Lambda = 0.000000e+00
DEBUG: Ridder field DISABLED. Lambda = 0.000000e+00
DEBUG: Ridder field DISABLED. Lambda = 0.000000e+00
DEBUG: Ridder field DISABLED. Lambda = 0[mcmc] Progress @ 2025-11-30 08:57:15 : 4830 steps taken, and 732 accepted.
[mcmc] Progress @ 2025-11-30 08:58:29 : 4836 steps taken, and 732 accepted.
[mcmc] Progress @ 2025-11-30 08:59:30 : 4855 steps taken, and 734 accepted.
[mcmc] Progress @ 2025-11-30 09:00:56 : 4867 steps taken, and 736 accepted.
[mcmc] Progress @ 2025-11-30 09:01:56 : 4886 steps taken, and 739 accepted.
[mcmc] Progress @ 2025-11-30 09:03:25 : 4900 steps taken, and 740 accepted.
[mcmc] Progress @ 2025-11-30 09:04:26 : 4917 steps taken, and 742 accepted.
[mcmc] Progress @ 2025-11-30 09:06:01 : 4931 steps taken, and 746 accepted.
[mcmc] Progress @ 2025-11-30 09:07:02 : 4948 steps taken, and 751 accepted.
[mcmc] Progress @ 2025-11-30 09:08:39 : 4962 steps taken, and 752 accepted.
[mcmc] Progress @ 2025-11-30 09:09:39 : 4980 steps taken, and 755 accepted.
[mcmc] Progress @ 2025-11-30 09:11:12 : 4999 steps taken, and 756 accepted.
[mcmc] Progress @ 2025-11-30 09:12:24 : 5001 steps taken, and 756 accepted.
