[output] Output to be read-from/written-into folder 'chains', with prefix 'tier5_cpl_desi_pantheon_v2'
[prior] *WARNING* External prior 'SZ' loaded. Mind that it might not be normalized!
[classy] `classy` module loaded successfully from /home/ridderadmin/.local/lib/python3.10/site-packages/classy-3.3.3-py3.10-linux-x86_64.egg
[planck_2018_highl_plik.ttteee] `clipy` module loaded successfully from /home/ridderadmin/.local/share/cobaya/code/planck/clipy/clipy
----
clipy_0.15
Checking likelihood '/home/ridderadmin/.local/share/cobaya/data/planck_2018/baseline/plc_3.0/hi_l/plik/plik_rd12_HM_v22b_TTTEEE.clik' on test data. got -1172.47 expected -1172.47 (diff 4.00569e-06)
----
[planck_2018_lensing.clik] `clipy` module loaded successfully from /home/ridderadmin/.local/share/cobaya/code/planck/clipy/clipy
----
clipy_0.15
Checking likelihood '/home/ridderadmin/.local/share/cobaya/data/planck_2018/baseline/plc_3.0/lensing/smicadx12_Dec5_ftl_mv2_ndclpp_p_teb_consext8.clik_lensing' on test data. got -4.42102
----
[bao.sixdf_2011_bao] Initialized.
[bao.sdss_dr12_consensus_bao] Initialized.
[likelihoods.desi_y1_bao.desi_y1_bao] DESI Y1 BAO initialized with 7 redshift bins
[classy] *WARNING* Requesting BB for ell>50 or lensing Cl's: using a non-linear code is recommended (and you are not using any). To activate it, set 'non_linear: halofit|hmcode|...' in classy's 'extra_args'.
[classy] *WARNING* Requesting BB for ell>50 or lensing Cl's: using a non-linear code is recommended (and you are not using any). To activate it, set 'non_linear: halofit|hmcode|...' in classy's 'extra_args'.
[classy] *WARNING* Requesting BB for ell>50 or lensing Cl's: using a non-linear code is recommended (and you are not using any). To activate it, set 'non_linear: halofit|hmcode|...' in classy's 'extra_args'.
[classy] *WARNING* Requesting BB for ell>50 or lensing Cl's: using a non-linear code is recommended (and you are not using any). To activate it, set 'non_linear: halofit|hmcode|...' in classy's 'extra_args'.
[classy] *WARNING* Requesting BB for ell>50 or lensing Cl's: using a non-linear code is recommended (and you are not using any). To activate it, set 'non_linear: halofit|hmcode|...' in classy's 'extra_args'.
[classy] *WARNING* Requesting BB for ell>50 or lensing Cl's: using a non-linear code is recommended (and you are not using any). To activate it, set 'non_linear: halofit|hmcode|...' in classy's 'extra_args'.
[classy] *WARNING* Requesting BB for ell>50 or lensing Cl's: using a non-linear code is recommended (and you are not using any). To activate it, set 'non_linear: halofit|hmcode|...' in classy's 'extra_args'.
[classy] *WARNING* Requesting BB for ell>50 or lensing Cl's: using a non-linear code is recommended (and you are not using any). To activate it, set 'non_linear: halofit|hmcode|...' in classy's 'extra_args'.
[classy] *WARNING* Requesting BB for ell>50 or lensing Cl's: using a non-linear code is recommended (and you are not using any). To activate it, set 'non_linear: halofit|hmcode|...' in classy's 'extra_args'.
[classy] *WARNING* Requesting BB for ell>50 or lensing Cl's: using a non-linear code is recommended (and you are not using any). To activate it, set 'non_linear: halofit|hmcode|...' in classy's 'extra_args'.
[classy] *WARNING* Requesting BB for ell>50 or lensing Cl's: using a non-linear code is recommended (and you are not using any). To activate it, set 'non_linear: halofit|hmcode|...' in classy's 'extra_args'.
[mcmc] Getting initial point... (this may take a few seconds)
[mcmc] Initial point: logA:3.044, n_s:0.9649, H0:69, omega_b:0.02237, omega_cdm:0.12, tau_reio:0.0544, w0_fld:-1, wa_fld:0, A_planck:0.9992665, calib_100T:0.999687, calib_217T:0.9988276, A_cib_217:63.70338, xi_sz_cib:0.1790371, A_sz:4.842631, ksz_norm:0.392444, gal545_A_100:8.712904, gal545_A_143:9.312352, gal545_A_143_217:18.86411, gal545_A_217:79.55313, ps_A_100_100:266.6209, ps_A_143_143:31.22883, ps_A_143_217:36.51501, ps_A_217_217:89.22298, galf_TE_A_100:0.07013496, galf_TE_A_100_143:0.06014189, galf_TE_A_100_217:0.3995145, galf_TE_A_143:0.241429, galf_TE_A_143_217:0.7855134, galf_TE_A_217:1.993876
[model] Measuring speeds... (this may take a few seconds)
[model] Setting measured speeds (per sec): {planck_2018_lowl.TT: 122.0, planck_2018_lowl.EE: 3050.0, planck_2018_highl_plik.TTTEEE: 2.13, planck_2018_lensing.clik: 93.2, bao.sixdf_2011_bao: 1510.0, bao.sdss_dr7_mgs: 2170.0, bao.sdss_dr12_consensus_bao: 1040.0, likelihoods.desi_y1_bao.DESI_Y1_BAO: 63.2, sn.pantheonplus: 50.5, classy: 0.0633}
[mcmc] Oversampling with factors:
[mcmc] * 1 : ['logA', 'n_s', 'H0', 'omega_b', 'omega_cdm', 'tau_reio', 'w0_fld', 'wa_fld']
[mcmc] * 4 : ['A_planck']
[mcmc] * 4 : ['calib_100T', 'calib_217T', 'A_cib_217', 'xi_sz_cib', 'A_sz', 'ksz_norm', 'gal545_A_100', 'gal545_A_143', 'gal545_A_143_217', 'gal545_A_217', 'ps_A_100_100', 'ps_A_143_143', 'ps_A_143_217', 'ps_A_217_217', 'galf_TE_A_100', 'galf_TE_A_100_143', 'galf_TE_A_100_217', 'galf_TE_A_143', 'galf_TE_A_143_217', 'galf_TE_A_217']
[mcmc] Covariance matrix not present. We will start learning the covariance of the proposal earlier: R-1 = 30 (would be 2 if all params loaded).
[mcmc] Sampling!
[mcmc] Progress @ 2025-11-30 02:54:01 : 1 steps taken, and 0 accepted.
[mcmc] Progress @ 2025-11-30 02:55:17 : 62 steps taken, and 13 accepted.
[mcmc] Progress @ 2025-11-30 02:56:25 : 76 steps taken, and 14 accepted.
[mcmc] Progress @ 2025-11-30 02:57:34 : 89 steps taken, and 17 accepted.
[mcmc] Progress @ 2025-11-30 02:58:34 : 123 steps taken, and 26 accepted.
[mcmc] Progress @ 2025-11-30 02:59:41 : 147 steps taken, and 29 accepted.
[mcmc] Progress @ 2025-11-30 03:00:42 : 176 steps taken, and 35 accepted.
[mcmc] Progress @ 2025-11-30 03:01:45 : 191 steps taken, and 36 accepted.
[mcmc] Progress @ 2025-11-30 03:02:59 : 225 steps taken, and 42 accepted.
[mcmc] Progress @ 2025-11-30 03:03:59 : 255 steps taken, and 45 accepted.
[mcmc] Progress @ 2025-11-30 03:05:00 : 275 steps taken, and 49 accepted.
[mcmc] Progress @ 2025-11-30 03:06:00 : 299 steps taken, and 52 accepted.
[mcmc] Progress @ 2025-11-30 03:07:14 : 334 steps taken, and 57 accepted.
[mcmc] Progress @ 2025-11-30 03:08:27 : 360 steps taken, and 60 accepted.
DEBUG: Ridder field DISABLED. Lambda = 0.000000e+00
DEBUG: Ridder field DISABLED. Lambda = 0.000000e+00
DEBUG: Ridder field DISABLED. Lambda = 0.000000e+00
DEBUG: Ridder field DISABLED. Lambda = 0.000000e+00
DEBUG: Ridder field DISABLED. Lambda = 0.000000e+00
DEBUG: Ridder field DISABLED. Lambda = 0.000000e+00
DEBUG: Ridder field DISABLED. Lambda = 0.000000e+00
DEBUG: Ridder field DISABLED. Lambda = 0.000000e+00
DEBUG: Ridder field DISABLED. Lambda = 0.000000e+00
DEBUG: Ridder field DISABLED. Lambda = 0.000000e+00
DEBUG: Ridder field DISABLED. Lambda = 0.000000e+00
DEBUG: Ridder field DISABLED. Lambda = 0.000000e+00
DEBUG: Ridder field DISABLED. Lambda = 0.000000e+00
DEBUG: Ridder field DISABLED. Lambda = 0.000000e+00
DEBUG: Ridder field DISABLED. Lambda = 0.000000e+00
DEBUG: Ridder field DISABLED. Lambda = 0.000000e+00
DEBUG: Ridder field DISABLED. Lambda = 0.000000e+00
DEBUG: Ridder field DISABLED. Lambda = 0.000000e+00
DEBUG: Ridder field DISABLED. Lambda = 0.000000e+00
DEBUG: Ridder field DISABLED. Lambda = 0.000000e+00
DEBUG: Ridder field DISABLED. Lambda = 0.000000e+00
DEBUG: Ridder field DISABLED. Lambda = 0.000000e+00
DEBUG: Ridder field DISABLED. Lambda = 0.000000e+00
DEBUG: Ridder field DISABLED. Lambda = 0.000000e+00
DEBUG: Ridder field DISABLED. Lambda = 0.000000e+00
DEBUG: Ridder field DISABLED. Lambda = 0.000000e+00
DEBUG: Ridder field DISABLED. Lambda = 0.000000e+00
DEBUG: Ridder field DISABLED. Lambda = 0.000000e+00
DEBUG: Ridder field DISABLED. Lambda = 0.000000e+00
DEBUG: Ridder field DISABLED. Lambda = 0.000000e+00
DEBUG: Ridder field DISABLED. Lambda = 0.000000e+00
DEBUG: Ridder field DISABLED. Lambda = 0.000000e+00
DEBUG: Ridder field DISABLED. Lambda = 0.000000e+00
DEBUG: Ridder field DISABLED. Lambda = 0.000000e+00
DEBUG: Ridder field DISABLED. Lambda = 0.000000e+00
DEBUG: Ridder field DISABLED. Lambda = 0.000000e+00
DEBUG: Ridder field DISABLED. Lambda = 0.000000e+00
DEBUG: Ridder field DISABLED. Lambda = 0.000000e+00
DEBUG: Ridder field DISABLED. Lambda = 0.000000e+00
DEBUG: Ridder field DISABLED. Lambda = 0.000000e+00
DEBUG: Ridder field DISABLED. Lambda = 0.000000e+00
DEBUG: Ridder field DISABLED. Lambda = 0.000000e+00
DEBUG: Ridder field DISABLED. Lambda = 0.000000e+00
DEBUG: Ridder field DISABLED. Lambda = 0.000000e+00
DEBUG: Ridder field DISABLED. Lambda = 0.000000e+00
DEBUG: Ridder field DISABLED. Lambda = 0.000000e+00
DEBUG: Ridder field DISABLED. Lambda = 0.000000e+00
DEBUG: Ridder field DISABLED. Lambda = 0.000000e+00
DEBUG: Ridder field DISABLED. Lambda = 0.000000e+00
DEBUG: Ridder field DISABLED. Lambda = 0.000000e+00
DEBUG: Ridder field DISABLED. Lambda = 0.000000e+00
DEBUG: Ridder field DISABLED. Lambda = 0.000000e+00
DEBUG: Ridder field DISABLED. Lambda = 0.000000e+00
DEBUG: Ridder field DISABLED. Lambda = 0.000000e+00
DEBUG: Ridder field DISABLED. Lambda = 0.000000e+00
DEBUG: Ridder field DISABLED. Lambda = 0.000000e+00
DEBUG: Ridder field DISABLED. Lambda = 0.000000e+00
DEBUG: Ridder field DISABLED. Lambda = 0.000000e+00
DEBUG: Ridder field DISABLED. Lambda = 0.000000e+00
DEBUG: Ridder field DISABLED. Lambda = 0.000000e+00
DEBUG: Ridder field DISABLED. Lambda = 0.000000e+00
DEBUG: Ridder field DISABLED. Lambda = 0.000000e+00
DEBUG: Ridder field DISABLED. Lambda = 0.000000e+00
DEBUG: Ridder field DISABLED. Lambda = 0.000000e+00
DEBUG: Ridder field DISABLED. Lambda = 0.000000e+00
DEBUG: Ridder field DISABLED. Lambda = 0.000000e+00
DEBUG: Ridder field DISABLED. Lambda = 0.000000e+00
DEBUG: Ridder field DISABLED. Lambda = 0.000000e+00
DEBUG: Ridder field DISABLED. Lambda = 0.000000e+00
DEBUG: Ridder field DISABLED. Lambda = 0.000000e+00
DEBUG: Ridder field DISABLED. Lambda = 0.000000e+00
DEBUG: Ridder field DISABLED. Lambda = 0.000000e+00
DEBUG: Ridder field DISABLED. Lambda = 0.000000e+00
DEBUG: Ridder field DISABLED. Lambda = 0.000000e+00
DEBUG: Ridder field DISABLED. Lambda = 0.000000e+00
DEBUG: Ridder field DISABLED. Lambda = 0.000000e+00
DEBUG: Ridder field DISABLED. Lambda = 0.000000e+00
DEBUG: Ridder field DISABLED. Lambda = 0.000000e+00
DEBUG: Ridder field DISABLED. Lambda = 0[mcmc] Progress @ 2025-11-30 03:09:45 : 389 steps taken, and 62 accepted.
[mcmc] Progress @ 2025-11-30 03:10:46 : 417 steps taken, and 67 accepted.
[mcmc] Progress @ 2025-11-30 03:11:47 : 448 steps taken, and 71 accepted.
[mcmc] Progress @ 2025-11-30 03:12:59 : 467 steps taken, and 74 accepted.
[mcmc] Progress @ 2025-11-30 03:13:59 : 492 steps taken, and 80 accepted.
[mcmc] Progress @ 2025-11-30 03:14:59 : 534 steps taken, and 87 accepted.
[mcmc] Progress @ 2025-11-30 03:16:05 : 560 steps taken, and 89 accepted.
[mcmc] Progress @ 2025-11-30 03:17:06 : 607 steps taken, and 98 accepted.
[mcmc] Progress @ 2025-11-30 03:18:07 : 619 steps taken, and 100 accepted.
[mcmc] Progress @ 2025-11-30 03:19:16 : 642 steps taken, and 104 accepted.
[mcmc] Progress @ 2025-11-30 03:20:18 : 652 steps taken, and 105 accepted.
[mcmc] Progress @ 2025-11-30 03:21:26 : 684 steps taken, and 113 accepted.
[mcmc] Progress @ 2025-11-30 03:22:26 : 710 steps taken, and 117 accepted.
[mcmc] Progress @ 2025-11-30 03:23:45 : 753 steps taken, and 124 accepted.
[mcmc] Progress @ 2025-11-30 03:24:50 : 769 steps taken, and 125 accepted.
[mcmc] Progress @ 2025-11-30 03:26:06 : 802 steps taken, and 131 accepted.
.000000e+00
DEBUG: Ridder field DISABLED. Lambda = 0.000000e+00
DEBUG: Ridder field DISABLED. Lambda = 0.000000e+00
DEBUG: Ridder field DISABLED. Lambda = 0.000000e+00
DEBUG: Ridder field DISABLED. Lambda = 0.000000e+00
DEBUG: Ridder field DISABLED. Lambda = 0.000000e+00
DEBUG: Ridder field DISABLED. Lambda = 0.000000e+00
DEBUG: Ridder field DISABLED. Lambda = 0.000000e+00
DEBUG: Ridder field DISABLED. Lambda = 0.000000e+00
DEBUG: Ridder field DISABLED. Lambda = 0.000000e+00
DEBUG: Ridder field DISABLED. Lambda = 0.000000e+00
DEBUG: Ridder field DISABLED. Lambda = 0.000000e+00
DEBUG: Ridder field DISABLED. Lambda = 0.000000e+00
DEBUG: Ridder field DISABLED. Lambda = 0.000000e+00
DEBUG: Ridder field DISABLED. Lambda = 0.000000e+00
DEBUG: Ridder field DISABLED. Lambda = 0.000000e+00
DEBUG: Ridder field DISABLED. Lambda = 0.000000e+00
DEBUG: Ridder field DISABLED. Lambda = 0.000000e+00
DEBUG: Ridder field DISABLED. Lambda = 0.000000e+00
DEBUG: Ridder field DISABLED. Lambda = 0.000000e+00
DEBUG: Ridder field DISABLED. Lambda = 0.000000e+00
DEBUG: Ridder field DISABLED. Lambda = 0.000000e+00
DEBUG: Ridder field DISABLED. Lambda = 0.000000e+00
DEBUG: Ridder field DISABLED. Lambda = 0.000000e+00
DEBUG: Ridder field DISABLED. Lambda = 0.000000e+00
DEBUG: Ridder field DISABLED. Lambda = 0.000000e+00
DEBUG: Ridder field DISABLED. Lambda = 0.000000e+00
DEBUG: Ridder field DISABLED. Lambda = 0.000000e+00
DEBUG: Ridder field DISABLED. Lambda = 0.000000e+00
DEBUG: Ridder field DISABLED. Lambda = 0.000000e+00
DEBUG: Ridder field DISABLED. Lambda = 0.000000e+00
DEBUG: Ridder field DISABLED. Lambda = 0.000000e+00
DEBUG: Ridder field DISABLED. Lambda = 0.000000e+00
DEBUG: Ridder field DISABLED. Lambda = 0.000000e+00
DEBUG: Ridder field DISABLED. Lambda = 0.000000e+00
DEBUG: Ridder field DISABLED. Lambda = 0.000000e+00
DEBUG: Ridder field DISABLED. Lambda = 0.000000e+00
DEBUG: Ridder field DISABLED. Lambda = 0.000000e+00
DEBUG: Ridder field DISABLED. Lambda = 0.000000e+00
DEBUG: Ridder field DISABLED. Lambda = 0.000000e+00
DEBUG: Ridder field DISABLED. Lambda = 0.000000e+00
DEBUG: Ridder field DISABLED. Lambda = 0.000000e+00
DEBUG: Ridder field DISABLED. Lambda = 0.000000e+00
DEBUG: Ridder field DISABLED. Lambda = 0.000000e+00
DEBUG: Ridder field DISABLED. Lambda = 0.000000e+00
DEBUG: Ridder field DISABLED. Lambda = 0.000000e+00
DEBUG: Ridder field DISABLED. Lambda = 0.000000e+00
DEBUG: Ridder field DISABLED. Lambda = 0.000000e+00
DEBUG: Ridder field DISABLED. Lambda = 0.000000e+00
DEBUG: Ridder field DISABLED. Lambda = 0.000000e+00
DEBUG: Ridder field DISABLED. Lambda = 0.000000e+00
DEBUG: Ridder field DISABLED. Lambda = 0.000000e+00
DEBUG: Ridder field DISABLED. Lambda = 0.000000e+00
DEBUG: Ridder field DISABLED. Lambda = 0.000000e+00
DEBUG: Ridder field DISABLED. Lambda = 0.000000e+00
DEBUG: Ridder field DISABLED. Lambda = 0.000000e+00
DEBUG: Ridder field DISABLED. Lambda = 0.000000e+00
DEBUG: Ridder field DISABLED. Lambda = 0.000000e+00
DEBUG: Ridder field DISABLED. Lambda = 0.000000e+00
DEBUG: Ridder field DISABLED. Lambda = 0.000000e+00
DEBUG: Ridder field DISABLED. Lambda = 0.000000e+00
DEBUG: Ridder field DISABLED. Lambda = 0.000000e+00
DEBUG: Ridder field DISABLED. Lambda = 0.000000e+00
DEBUG: Ridder field DISABLED. Lambda = 0.000000e+00
DEBUG: Ridder field DISABLED. Lambda = 0.000000e+00
DEBUG: Ridder field DISABLED. Lambda = 0.000000e+00
DEBUG: Ridder field DISABLED. Lambda = 0.000000e+00
DEBUG: Ridder field DISABLED. Lambda = 0.000000e+00
DEBUG: Ridder field DISABLED. Lambda = 0.000000e+00
DEBUG: Ridder field DISABLED. Lambda = 0.000000e+00
DEBUG: Ridder field DISABLED. Lambda = 0.000000e+00
DEBUG: Ridder field DISABLED. Lambda = 0.000000e+00
DEBUG: Ridder field DISABLED. Lambda = 0.000000e+00
DEBUG: Ridder field DISABLED. Lambda = 0.000000e+00
DEBUG: Ridder field DISABLED. Lambda = 0.000000e+00
DEBUG: Ridder field DISABLED. Lambda = 0.000000e+00
DEBUG: Ridder field DISABLED. Lambda = 0.000000e+00
DEBUG: Ridder field DISABLED. Lambda = 0.000000e+00
DEBUG: Ridder field DISABLED. Lambda = 0.000000e+00
DEBUG: Ridder field DISABLED[mcmc] Progress @ 2025-11-30 03:27:18 : 845 steps taken, and 138 accepted.
[mcmc] Progress @ 2025-11-30 03:28:18 : 877 steps taken, and 143 accepted.
[mcmc] Progress @ 2025-11-30 03:29:23 : 894 steps taken, and 147 accepted.
[mcmc] Progress @ 2025-11-30 03:30:41 : 932 steps taken, and 153 accepted.
[mcmc] Progress @ 2025-11-30 03:31:41 : 970 steps taken, and 156 accepted.
[mcmc] Progress @ 2025-11-30 03:32:41 : 983 steps taken, and 159 accepted.
[mcmc] Progress @ 2025-11-30 03:33:42 : 1025 steps taken, and 166 accepted.
[mcmc] Progress @ 2025-11-30 03:34:47 : 1038 steps taken, and 169 accepted.
[mcmc] Progress @ 2025-11-30 03:35:57 : 1080 steps taken, and 176 accepted.
[mcmc] Progress @ 2025-11-30 03:37:07 : 1100 steps taken, and 181 accepted.
[mcmc] Progress @ 2025-11-30 03:38:18 : 1125 steps taken, and 187 accepted.
[mcmc] Progress @ 2025-11-30 03:39:18 : 1164 steps taken, and 193 accepted.
[mcmc] Progress @ 2025-11-30 03:40:27 : 1194 steps taken, and 197 accepted.
[mcmc] Progress @ 2025-11-30 03:41:30 : 1225 steps taken, and 202 accepted.
[mcmc] Progress @ 2025-11-30 03:42:30 : 1255 steps taken, and 209 accepted.
[mcmc] Progress @ 2025-11-30 03:43:32 : 1265 steps taken, and 210 accepted.
. Lambda = 0.000000e+00
DEBUG: Ridder field DISABLED. Lambda = 0.000000e+00
DEBUG: Ridder field DISABLED. Lambda = 0.000000e+00
DEBUG: Ridder field DISABLED. Lambda = 0.000000e+00
DEBUG: Ridder field DISABLED. Lambda = 0.000000e+00
DEBUG: Ridder field DISABLED. Lambda = 0.000000e+00
DEBUG: Ridder field DISABLED. Lambda = 0.000000e+00
DEBUG: Ridder field DISABLED. Lambda = 0.000000e+00
DEBUG: Ridder field DISABLED. Lambda = 0.000000e+00
DEBUG: Ridder field DISABLED. Lambda = 0.000000e+00
DEBUG: Ridder field DISABLED. Lambda = 0.000000e+00
DEBUG: Ridder field DISABLED. Lambda = 0.000000e+00
DEBUG: Ridder field DISABLED. Lambda = 0.000000e+00
DEBUG: Ridder field DISABLED. Lambda = 0.000000e+00
DEBUG: Ridder field DISABLED. Lambda = 0.000000e+00
DEBUG: Ridder field DISABLED. Lambda = 0.000000e+00
DEBUG: Ridder field DISABLED. Lambda = 0.000000e+00
DEBUG: Ridder field DISABLED. Lambda = 0.000000e+00
DEBUG: Ridder field DISABLED. Lambda = 0.000000e+00
DEBUG: Ridder field DISABLED. Lambda = 0.000000e+00
DEBUG: Ridder field DISABLED. Lambda = 0.000000e+00
DEBUG: Ridder field DISABLED. Lambda = 0.000000e+00
DEBUG: Ridder field DISABLED. Lambda = 0.000000e+00
DEBUG: Ridder field DISABLED. Lambda = 0.000000e+00
DEBUG: Ridder field DISABLED. Lambda = 0.000000e+00
DEBUG: Ridder field DISABLED. Lambda = 0.000000e+00
DEBUG: Ridder field DISABLED. Lambda = 0.000000e+00
DEBUG: Ridder field DISABLED. Lambda = 0.000000e+00
DEBUG: Ridder field DISABLED. Lambda = 0.000000e+00
DEBUG: Ridder field DISABLED. Lambda = 0.000000e+00
DEBUG: Ridder field DISABLED. Lambda = 0.000000e+00
DEBUG: Ridder field DISABLED. Lambda = 0.000000e+00
DEBUG: Ridder field DISABLED. Lambda = 0.000000e+00
DEBUG: Ridder field DISABLED. Lambda = 0.000000e+00
DEBUG: Ridder field DISABLED. Lambda = 0.000000e+00
DEBUG: Ridder field DISABLED. Lambda = 0.000000e+00
DEBUG: Ridder field DISABLED. Lambda = 0.000000e+00
DEBUG: Ridder field DISABLED. Lambda = 0.000000e+00
DEBUG: Ridder field DISABLED. Lambda = 0.000000e+00
DEBUG: Ridder field DISABLED. Lambda = 0.000000e+00
DEBUG: Ridder field DISABLED. Lambda = 0.000000e+00
DEBUG: Ridder field DISABLED. Lambda = 0.000000e+00
DEBUG: Ridder field DISABLED. Lambda = 0.000000e+00
DEBUG: Ridder field DISABLED. Lambda = 0.000000e+00
DEBUG: Ridder field DISABLED. Lambda = 0.000000e+00
DEBUG: Ridder field DISABLED. Lambda = 0.000000e+00
DEBUG: Ridder field DISABLED. Lambda = 0.000000e+00
DEBUG: Ridder field DISABLED. Lambda = 0.000000e+00
DEBUG: Ridder field DISABLED. Lambda = 0.000000e+00
DEBUG: Ridder field DISABLED. Lambda = 0.000000e+00
DEBUG: Ridder field DISABLED. Lambda = 0.000000e+00
DEBUG: Ridder field DISABLED. Lambda = 0.000000e+00
DEBUG: Ridder field DISABLED. Lambda = 0.000000e+00
DEBUG: Ridder field DISABLED. Lambda = 0.000000e+00
DEBUG: Ridder field DISABLED. Lambda = 0.000000e+00
DEBUG: Ridder field DISABLED. Lambda = 0.000000e+00
DEBUG: Ridder field DISABLED. Lambda = 0.000000e+00
DEBUG: Ridder field DISABLED. Lambda = 0.000000e+00
DEBUG: Ridder field DISABLED. Lambda = 0.000000e+00
DEBUG: Ridder field DISABLED. Lambda = 0.000000e+00
DEBUG: Ridder field DISABLED. Lambda = 0.000000e+00
DEBUG: Ridder field DISABLED. Lambda = 0.000000e+00
DEBUG: Ridder field DISABLED. Lambda = 0.000000e+00
DEBUG: Ridder field DISABLED. Lambda = 0.000000e+00
DEBUG: Ridder field DISABLED. Lambda = 0.000000e+00
DEBUG: Ridder field DISABLED. Lambda = 0.000000e+00
DEBUG: Ridder field DISABLED. Lambda = 0.000000e+00
DEBUG: Ridder field DISABLED. Lambda = 0.000000e+00
DEBUG: Ridder field DISABLED. Lambda = 0.000000e+00
DEBUG: Ridder field DISABLED. Lambda = 0.000000e+00
DEBUG: Ridder field DISABLED. Lambda = 0.000000e+00
DEBUG: Ridder field DISABLED. Lambda = 0.000000e+00
DEBUG: Ridder field DISABLED. Lambda = 0.000000e+00
DEBUG: Ridder field DISABLED. Lambda = 0.000000e+00
DEBUG: Ridder field DISABLED. Lambda = 0.000000e+00
DEBUG: Ridder field DISABLED. Lambda = 0.000000e+00
DEBUG: Ridder field DISABLED. Lambda = 0.000000e+00
DEBUG: Ridder field DISABLED. Lambda = 0.000000e+00
DEBUG: Ridder field DISABLED. Lambda = 0.000000e+00
DEBUG: Ridder fi[mcmc] Progress @ 2025-11-30 03:44:47 : 1304 steps taken, and 221 accepted.
[mcmc] Progress @ 2025-11-30 03:46:01 : 1341 steps taken, and 225 accepted.
[mcmc] Progress @ 2025-11-30 03:47:08 : 1358 steps taken, and 228 accepted.
[mcmc] Progress @ 2025-11-30 03:48:09 : 1397 steps taken, and 236 accepted.
[mcmc] Progress @ 2025-11-30 03:49:09 : 1429 steps taken, and 239 accepted.
[mcmc] Progress @ 2025-11-30 03:50:17 : 1468 steps taken, and 244 accepted.
[mcmc] Progress @ 2025-11-30 03:51:18 : 1522 steps taken, and 251 accepted.
[mcmc] Progress @ 2025-11-30 03:52:22 : 1543 steps taken, and 253 accepted.
[mcmc] Progress @ 2025-11-30 03:53:23 : 1585 steps taken, and 257 accepted.
[mcmc] Progress @ 2025-11-30 03:54:23 : 1624 steps taken, and 265 accepted.
[mcmc] Progress @ 2025-11-30 03:55:24 : 1650 steps taken, and 270 accepted.
[mcmc] Progress @ 2025-11-30 03:56:37 : 1683 steps taken, and 275 accepted.
[mcmc] Progress @ 2025-11-30 03:57:44 : 1735 steps taken, and 282 accepted.
eld DISABLED. Lambda = 0.000000e+00
DEBUG: Ridder field DISABLED. Lambda = 0.000000e+00
DEBUG: Ridder field DISABLED. Lambda = 0.000000e+00
DEBUG: Ridder field DISABLED. Lambda = 0.000000e+00
DEBUG: Ridder field DISABLED. Lambda = 0.000000e+00
DEBUG: Ridder field DISABLED. Lambda = 0.000000e+00
DEBUG: Ridder field DISABLED. Lambda = 0.000000e+00
DEBUG: Ridder field DISABLED. Lambda = 0.000000e+00
DEBUG: Ridder field DISABLED. Lambda = 0.000000e+00
DEBUG: Ridder field DISABLED. Lambda = 0.000000e+00
DEBUG: Ridder field DISABLED. Lambda = 0.000000e+00
DEBUG: Ridder field DISABLED. Lambda = 0.000000e+00
DEBUG: Ridder field DISABLED. Lambda = 0.000000e+00
DEBUG: Ridder field DISABLED. Lambda = 0.000000e+00
DEBUG: Ridder field DISABLED. Lambda = 0.000000e+00
DEBUG: Ridder field DISABLED. Lambda = 0.000000e+00
DEBUG: Ridder field DISABLED. Lambda = 0.000000e+00
DEBUG: Ridder field DISABLED. Lambda = 0.000000e+00
DEBUG: Ridder field DISABLED. Lambda = 0.000000e+00
DEBUG: Ridder field DISABLED. Lambda = 0.000000e+00
DEBUG: Ridder field DISABLED. Lambda = 0.000000e+00
DEBUG: Ridder field DISABLED. Lambda = 0.000000e+00
DEBUG: Ridder field DISABLED. Lambda = 0.000000e+00
DEBUG: Ridder field DISABLED. Lambda = 0.000000e+00
DEBUG: Ridder field DISABLED. Lambda = 0.000000e+00
DEBUG: Ridder field DISABLED. Lambda = 0.000000e+00
DEBUG: Ridder field DISABLED. Lambda = 0.000000e+00
DEBUG: Ridder field DISABLED. Lambda = 0.000000e+00
DEBUG: Ridder field DISABLED. Lambda = 0.000000e+00
DEBUG: Ridder field DISABLED. Lambda = 0.000000e+00
DEBUG: Ridder field DISABLED. Lambda = 0.000000e+00
DEBUG: Ridder field DISABLED. Lambda = 0.000000e+00
DEBUG: Ridder field DISABLED. Lambda = 0.000000e+00
DEBUG: Ridder field DISABLED. Lambda = 0.000000e+00
DEBUG: Ridder field DISABLED. Lambda = 0.000000e+00
DEBUG: Ridder field DISABLED. Lambda = 0.000000e+00
DEBUG: Ridder field DISABLED. Lambda = 0.000000e+00
DEBUG: Ridder field DISABLED. Lambda = 0.000000e+00
DEBUG: Ridder field DISABLED. Lambda = 0.000000e+00
DEBUG: Ridder field DISABLED. Lambda = 0.000000e+00
DEBUG: Ridder field DISABLED. Lambda = 0.000000e+00
DEBUG: Ridder field DISABLED. Lambda = 0.000000e+00
DEBUG: Ridder field DISABLED. Lambda = 0.000000e+00
DEBUG: Ridder field DISABLED. Lambda = 0.000000e+00
DEBUG: Ridder field DISABLED. Lambda = 0.000000e+00
DEBUG: Ridder field DISABLED. Lambda = 0.000000e+00
DEBUG: Ridder field DISABLED. Lambda = 0.000000e+00
DEBUG: Ridder field DISABLED. Lambda = 0.000000e+00
DEBUG: Ridder field DISABLED. Lambda = 0.000000e+00
DEBUG: Ridder field DISABLED. Lambda = 0.000000e+00
DEBUG: Ridder field DISABLED. Lambda = 0.000000e+00
DEBUG: Ridder field DISABLED. Lambda = 0.000000e+00
DEBUG: Ridder field DISABLED. Lambda = 0.000000e+00
DEBUG: Ridder field DISABLED. Lambda = 0.000000e+00
DEBUG: Ridder field DISABLED. Lambda = 0.000000e+00
DEBUG: Ridder field DISABLED. Lambda = 0.000000e+00
DEBUG: Ridder field DISABLED. Lambda = 0.000000e+00
DEBUG: Ridder field DISABLED. Lambda = 0.000000e+00
DEBUG: Ridder field DISABLED. Lambda = 0.000000e+00
DEBUG: Ridder field DISABLED. Lambda = 0.000000e+00
DEBUG: Ridder field DISABLED. Lambda = 0.000000e+00
DEBUG: Ridder field DISABLED. Lambda = 0.000000e+00
DEBUG: Ridder field DISABLED. Lambda = 0.000000e+00
DEBUG: Ridder field DISABLED. Lambda = 0.000000e+00
DEBUG: Ridder field DISABLED. Lambda = 0.000000e+00
DEBUG: Ridder field DISABLED. Lambda = 0.000000e+00
DEBUG: Ridder field DISABLED. Lambda = 0.000000e+00
DEBUG: Ridder field DISABLED. Lambda = 0.000000e+00
DEBUG: Ridder field DISABLED. Lambda = 0.000000e+00
DEBUG: Ridder field DISABLED. Lambda = 0.000000e+00
DEBUG: Ridder field DISABLED. Lambda = 0.000000e+00
DEBUG: Ridder field DISABLED. Lambda = 0.000000e+00
DEBUG: Ridder field DISABLED. Lambda = 0.000000e+00
DEBUG: Ridder field DISABLED. Lambda = 0.000000e+00
DEBUG: Ridder field DISABLED. Lambda = 0.000000e+00
DEBUG: Ridder field DISABLED. Lambda = 0.000000e+00
DEBUG: Ridder field DISABLED. Lambda = 0.000000e+00
DEBUG: Ridder field DISABLED. Lambda = 0.000000e+00
DEBUG: Ridder field DISABLED. Lambda = 0.000000e+00
DEBU[mcmc] Progress @ 2025-11-30 03:58:55 : 1777 steps taken, and 292 accepted.
[mcmc] Progress @ 2025-11-30 03:59:55 : 1820 steps taken, and 298 accepted.
[mcmc] Progress @ 2025-11-30 04:00:58 : 1850 steps taken, and 300 accepted.
[mcmc] Progress @ 2025-11-30 04:01:58 : 1889 steps taken, and 309 accepted.
[mcmc] Progress @ 2025-11-30 04:03:01 : 1911 steps taken, and 312 accepted.
[mcmc] Progress @ 2025-11-30 04:04:06 : 1964 steps taken, and 320 accepted.
[mcmc] Progress @ 2025-11-30 04:05:13 : 1999 steps taken, and 329 accepted.
[mcmc] Progress @ 2025-11-30 04:06:27 : 2055 steps taken, and 336 accepted.
[mcmc] Progress @ 2025-11-30 04:07:37 : 2090 steps taken, and 340 accepted.
[mcmc] Progress @ 2025-11-30 04:08:47 : 2125 steps taken, and 348 accepted.
[mcmc] Progress @ 2025-11-30 04:10:00 : 2165 steps taken, and 354 accepted.
G: Ridder field DISABLED. Lambda = 0.000000e+00
DEBUG: Ridder field DISABLED. Lambda = 0.000000e+00
DEBUG: Ridder field DISABLED. Lambda = 0.000000e+00
DEBUG: Ridder field DISABLED. Lambda = 0.000000e+00
DEBUG: Ridder field DISABLED. Lambda = 0.000000e+00
DEBUG: Ridder field DISABLED. Lambda = 0.000000e+00
DEBUG: Ridder field DISABLED. Lambda = 0.000000e+00
DEBUG: Ridder field DISABLED. Lambda = 0.000000e+00
DEBUG: Ridder field DISABLED. Lambda = 0.000000e+00
DEBUG: Ridder field DISABLED. Lambda = 0.000000e+00
DEBUG: Ridder field DISABLED. Lambda = 0.000000e+00
DEBUG: Ridder field DISABLED. Lambda = 0.000000e+00
DEBUG: Ridder field DISABLED. Lambda = 0.000000e+00
DEBUG: Ridder field DISABLED. Lambda = 0.000000e+00
DEBUG: Ridder field DISABLED. Lambda = 0.000000e+00
DEBUG: Ridder field DISABLED. Lambda = 0.000000e+00
DEBUG: Ridder field DISABLED. Lambda = 0.000000e+00
DEBUG: Ridder field DISABLED. Lambda = 0.000000e+00
DEBUG: Ridder field DISABLED. Lambda = 0.000000e+00
DEBUG: Ridder field DISABLED. Lambda = 0.000000e+00
DEBUG: Ridder field DISABLED. Lambda = 0.000000e+00
DEBUG: Ridder field DISABLED. Lambda = 0.000000e+00
DEBUG: Ridder field DISABLED. Lambda = 0.000000e+00
DEBUG: Ridder field DISABLED. Lambda = 0.000000e+00
DEBUG: Ridder field DISABLED. Lambda = 0.000000e+00
DEBUG: Ridder field DISABLED. Lambda = 0.000000e+00
DEBUG: Ridder field DISABLED. Lambda = 0.000000e+00
DEBUG: Ridder field DISABLED. Lambda = 0.000000e+00
DEBUG: Ridder field DISABLED. Lambda = 0.000000e+00
DEBUG: Ridder field DISABLED. Lambda = 0.000000e+00
DEBUG: Ridder field DISABLED. Lambda = 0.000000e+00
DEBUG: Ridder field DISABLED. Lambda = 0.000000e+00
DEBUG: Ridder field DISABLED. Lambda = 0.000000e+00
DEBUG: Ridder field DISABLED. Lambda = 0.000000e+00
DEBUG: Ridder field DISABLED. Lambda = 0.000000e+00
DEBUG: Ridder field DISABLED. Lambda = 0.000000e+00
DEBUG: Ridder field DISABLED. Lambda = 0.000000e+00
DEBUG: Ridder field DISABLED. Lambda = 0.000000e+00
DEBUG: Ridder field DISABLED. Lambda = 0.000000e+00
DEBUG: Ridder field DISABLED. Lambda = 0.000000e+00
DEBUG: Ridder field DISABLED. Lambda = 0.000000e+00
DEBUG: Ridder field DISABLED. Lambda = 0.000000e+00
DEBUG: Ridder field DISABLED. Lambda = 0.000000e+00
DEBUG: Ridder field DISABLED. Lambda = 0.000000e+00
DEBUG: Ridder field DISABLED. Lambda = 0.000000e+00
DEBUG: Ridder field DISABLED. Lambda = 0.000000e+00
DEBUG: Ridder field DISABLED. Lambda = 0.000000e+00
DEBUG: Ridder field DISABLED. Lambda = 0.000000e+00
DEBUG: Ridder field DISABLED. Lambda = 0.000000e+00
DEBUG: Ridder field DISABLED. Lambda = 0.000000e+00
DEBUG: Ridder field DISABLED. Lambda = 0.000000e+00
DEBUG: Ridder field DISABLED. Lambda = 0.000000e+00
DEBUG: Ridder field DISABLED. Lambda = 0.000000e+00
DEBUG: Ridder field DISABLED. Lambda = 0.000000e+00
DEBUG: Ridder field DISABLED. Lambda = 0.000000e+00
DEBUG: Ridder field DISABLED. Lambda = 0.000000e+00
DEBUG: Ridder field DISABLED. Lambda = 0.000000e+00
DEBUG: Ridder field DISABLED. Lambda = 0.000000e+00
DEBUG: Ridder field DISABLED. Lambda = 0.000000e+00
DEBUG: Ridder field DISABLED. Lambda = 0.000000e+00
DEBUG: Ridder field DISABLED. Lambda = 0.000000e+00
DEBUG: Ridder field DISABLED. Lambda = 0.000000e+00
DEBUG: Ridder field DISABLED. Lambda = 0.000000e+00
DEBUG: Ridder field DISABLED. Lambda = 0.000000e+00
DEBUG: Ridder field DISABLED. Lambda = 0.000000e+00
DEBUG: Ridder field DISABLED. Lambda = 0.000000e+00
DEBUG: Ridder field DISABLED. Lambda = 0.000000e+00
DEBUG: Ridder field DISABLED. Lambda = 0.000000e+00
DEBUG: Ridder field DISABLED. Lambda = 0.000000e+00
DEBUG: Ridder field DISABLED. Lambda = 0.000000e+00
DEBUG: Ridder field DISABLED. Lambda = 0.000000e+00
DEBUG: Ridder field DISABLED. Lambda = 0.000000e+00
DEBUG: Ridder field DISABLED. Lambda = 0.000000e+00
DEBUG: Ridder field DISABLED. Lambda = 0.000000e+00
DEBUG: Ridder field DISABLED. Lambda = 0.000000e+00
DEBUG: Ridder field DISABLED. Lambda = 0.000000e+00
DEBUG: Ridder field DISABLED. Lambda = 0.000000e+00
DEBUG: Ridder field DISABLED. Lambda = 0.000000e+00
DEBUG: Ridder field DISABLED. Lambda = 0.000[mcmc] Progress @ 2025-11-30 04:11:01 : 2201 steps taken, and 359 accepted.
[mcmc] Progress @ 2025-11-30 04:12:11 : 2244 steps taken, and 368 accepted.
[mcmc] Progress @ 2025-11-30 04:13:14 : 2288 steps taken, and 373 accepted.
[mcmc] Progress @ 2025-11-30 04:14:26 : 2325 steps taken, and 378 accepted.
[mcmc] Progress @ 2025-11-30 04:15:26 : 2355 steps taken, and 379 accepted.
[mcmc] Progress @ 2025-11-30 04:16:26 : 2380 steps taken, and 381 accepted.
[mcmc] Progress @ 2025-11-30 04:17:27 : 2420 steps taken, and 384 accepted.
[mcmc] Progress @ 2025-11-30 04:18:28 : 2449 steps taken, and 388 accepted.
[mcmc] Progress @ 2025-11-30 04:19:34 : 2507 steps taken, and 396 accepted.
[mcmc] Progress @ 2025-11-30 04:20:38 : 2546 steps taken, and 403 accepted.
[mcmc] Progress @ 2025-11-30 04:21:42 : 2568 steps taken, and 406 accepted.
[mcmc] Progress @ 2025-11-30 04:22:43 : 2617 steps taken, and 415 accepted.
000e+00
DEBUG: Ridder field DISABLED. Lambda = 0.000000e+00
DEBUG: Ridder field DISABLED. Lambda = 0.000000e+00
DEBUG: Ridder field DISABLED. Lambda = 0.000000e+00
DEBUG: Ridder field DISABLED. Lambda = 0.000000e+00
DEBUG: Ridder field DISABLED. Lambda = 0.000000e+00
DEBUG: Ridder field DISABLED. Lambda = 0.000000e+00
DEBUG: Ridder field DISABLED. Lambda = 0.000000e+00
DEBUG: Ridder field DISABLED. Lambda = 0.000000e+00
DEBUG: Ridder field DISABLED. Lambda = 0.000000e+00
DEBUG: Ridder field DISABLED. Lambda = 0.000000e+00
DEBUG: Ridder field DISABLED. Lambda = 0.000000e+00
DEBUG: Ridder field DISABLED. Lambda = 0.000000e+00
DEBUG: Ridder field DISABLED. Lambda = 0.000000e+00
DEBUG: Ridder field DISABLED. Lambda = 0.000000e+00
DEBUG: Ridder field DISABLED. Lambda = 0.000000e+00
DEBUG: Ridder field DISABLED. Lambda = 0.000000e+00
DEBUG: Ridder field DISABLED. Lambda = 0.000000e+00
DEBUG: Ridder field DISABLED. Lambda = 0.000000e+00
DEBUG: Ridder field DISABLED. Lambda = 0.000000e+00
DEBUG: Ridder field DISABLED. Lambda = 0.000000e+00
DEBUG: Ridder field DISABLED. Lambda = 0.000000e+00
DEBUG: Ridder field DISABLED. Lambda = 0.000000e+00
DEBUG: Ridder field DISABLED. Lambda = 0.000000e+00
DEBUG: Ridder field DISABLED. Lambda = 0.000000e+00
DEBUG: Ridder field DISABLED. Lambda = 0.000000e+00
DEBUG: Ridder field DISABLED. Lambda = 0.000000e+00
DEBUG: Ridder field DISABLED. Lambda = 0.000000e+00
DEBUG: Ridder field DISABLED. Lambda = 0.000000e+00
DEBUG: Ridder field DISABLED. Lambda = 0.000000e+00
DEBUG: Ridder field DISABLED. Lambda = 0.000000e+00
DEBUG: Ridder field DISABLED. Lambda = 0.000000e+00
DEBUG: Ridder field DISABLED. Lambda = 0.000000e+00
DEBUG: Ridder field DISABLED. Lambda = 0.000000e+00
DEBUG: Ridder field DISABLED. Lambda = 0.000000e+00
DEBUG: Ridder field DISABLED. Lambda = 0.000000e+00
DEBUG: Ridder field DISABLED. Lambda = 0.000000e+00
DEBUG: Ridder field DISABLED. Lambda = 0.000000e+00
DEBUG: Ridder field DISABLED. Lambda = 0.000000e+00
DEBUG: Ridder field DISABLED. Lambda = 0.000000e+00
DEBUG: Ridder field DISABLED. Lambda = 0.000000e+00
DEBUG: Ridder field DISABLED. Lambda = 0.000000e+00
DEBUG: Ridder field DISABLED. Lambda = 0.000000e+00
DEBUG: Ridder field DISABLED. Lambda = 0.000000e+00
DEBUG: Ridder field DISABLED. Lambda = 0.000000e+00
DEBUG: Ridder field DISABLED. Lambda = 0.000000e+00
DEBUG: Ridder field DISABLED. Lambda = 0.000000e+00
DEBUG: Ridder field DISABLED. Lambda = 0.000000e+00
DEBUG: Ridder field DISABLED. Lambda = 0.000000e+00
DEBUG: Ridder field DISABLED. Lambda = 0.000000e+00
DEBUG: Ridder field DISABLED. Lambda = 0.000000e+00
DEBUG: Ridder field DISABLED. Lambda = 0.000000e+00
DEBUG: Ridder field DISABLED. Lambda = 0.000000e+00
DEBUG: Ridder field DISABLED. Lambda = 0.000000e+00
DEBUG: Ridder field DISABLED. Lambda = 0.000000e+00
DEBUG: Ridder field DISABLED. Lambda = 0.000000e+00
DEBUG: Ridder field DISABLED. Lambda = 0.000000e+00
DEBUG: Ridder field DISABLED. Lambda = 0.000000e+00
DEBUG: Ridder field DISABLED. Lambda = 0.000000e+00
DEBUG: Ridder field DISABLED. Lambda = 0.000000e+00
DEBUG: Ridder field DISABLED. Lambda = 0.000000e+00
DEBUG: Ridder field DISABLED. Lambda = 0.000000e+00
DEBUG: Ridder field DISABLED. Lambda = 0.000000e+00
DEBUG: Ridder field DISABLED. Lambda = 0.000000e+00
DEBUG: Ridder field DISABLED. Lambda = 0.000000e+00
DEBUG: Ridder field DISABLED. Lambda = 0.000000e+00
DEBUG: Ridder field DISABLED. Lambda = 0.000000e+00
DEBUG: Ridder field DISABLED. Lambda = 0.000000e+00
DEBUG: Ridder field DISABLED. Lambda = 0.000000e+00
DEBUG: Ridder field DISABLED. Lambda = 0.000000e+00
DEBUG: Ridder field DISABLED. Lambda = 0.000000e+00
DEBUG: Ridder field DISABLED. Lambda = 0.000000e+00
DEBUG: Ridder field DISABLED. Lambda = 0.000000e+00
DEBUG: Ridder field DISABLED. Lambda = 0.000000e+00
DEBUG: Ridder field DISABLED. Lambda = 0.000000e+00
DEBUG: Ridder field DISABLED. Lambda = 0.000000e+00
DEBUG: Ridder field DISABLED. Lambda = 0.000000e+00
DEBUG: Ridder field DISABLED. Lambda = 0.000000e+00
DEBUG: Ridder field DISABLED. Lambda = 0.000000e+00
DEBUG: Ridder field DISABLED. La[mcmc] Progress @ 2025-11-30 04:23:46 : 2648 steps taken, and 421 accepted.
