[output] Output to be read-from/written-into folder 'chains', with prefix 'tier5_cpl_desi_pantheon_v2'
[prior] *WARNING* External prior 'SZ' loaded. Mind that it might not be normalized!
[classy] `classy` module loaded successfully from /home/ridderadmin/.local/lib/python3.10/site-packages/classy-3.3.3-py3.10-linux-x86_64.egg
[planck_2018_highl_plik.ttteee] `clipy` module loaded successfully from /home/ridderadmin/.local/share/cobaya/code/planck/clipy/clipy
----
clipy_0.15
Checking likelihood '/home/ridderadmin/.local/share/cobaya/data/planck_2018/baseline/plc_3.0/hi_l/plik/plik_rd12_HM_v22b_TTTEEE.clik' on test data. got -1172.47 expected -1172.47 (diff 4.00569e-06)
----
[planck_2018_lensing.clik] `clipy` module loaded successfully from /home/ridderadmin/.local/share/cobaya/code/planck/clipy/clipy
----
clipy_0.15
Checking likelihood '/home/ridderadmin/.local/share/cobaya/data/planck_2018/baseline/plc_3.0/lensing/smicadx12_Dec5_ftl_mv2_ndclpp_p_teb_consext8.clik_lensing' on test data. got -4.42102
----
[bao.sixdf_2011_bao] Initialized.
[bao.sdss_dr12_consensus_bao] Initialized.
[likelihoods.desi_y1_bao.desi_y1_bao] DESI Y1 BAO: 5 anisotropic + 2 isotropic bins
[classy] *WARNING* Requesting BB for ell>50 or lensing Cl's: using a non-linear code is recommended (and you are not using any). To activate it, set 'non_linear: halofit|hmcode|...' in classy's 'extra_args'.
[classy] *WARNING* Requesting BB for ell>50 or lensing Cl's: using a non-linear code is recommended (and you are not using any). To activate it, set 'non_linear: halofit|hmcode|...' in classy's 'extra_args'.
[classy] *WARNING* Requesting BB for ell>50 or lensing Cl's: using a non-linear code is recommended (and you are not using any). To activate it, set 'non_linear: halofit|hmcode|...' in classy's 'extra_args'.
[classy] *WARNING* Requesting BB for ell>50 or lensing Cl's: using a non-linear code is recommended (and you are not using any). To activate it, set 'non_linear: halofit|hmcode|...' in classy's 'extra_args'.
[classy] *WARNING* Requesting BB for ell>50 or lensing Cl's: using a non-linear code is recommended (and you are not using any). To activate it, set 'non_linear: halofit|hmcode|...' in classy's 'extra_args'.
[classy] *WARNING* Requesting BB for ell>50 or lensing Cl's: using a non-linear code is recommended (and you are not using any). To activate it, set 'non_linear: halofit|hmcode|...' in classy's 'extra_args'.
[classy] *WARNING* Requesting BB for ell>50 or lensing Cl's: using a non-linear code is recommended (and you are not using any). To activate it, set 'non_linear: halofit|hmcode|...' in classy's 'extra_args'.
[classy] *WARNING* Requesting BB for ell>50 or lensing Cl's: using a non-linear code is recommended (and you are not using any). To activate it, set 'non_linear: halofit|hmcode|...' in classy's 'extra_args'.
[classy] *WARNING* Requesting BB for ell>50 or lensing Cl's: using a non-linear code is recommended (and you are not using any). To activate it, set 'non_linear: halofit|hmcode|...' in classy's 'extra_args'.
[classy] *WARNING* Requesting BB for ell>50 or lensing Cl's: using a non-linear code is recommended (and you are not using any). To activate it, set 'non_linear: halofit|hmcode|...' in classy's 'extra_args'.
[classy] *WARNING* Requesting BB for ell>50 or lensing Cl's: using a non-linear code is recommended (and you are not using any). To activate it, set 'non_linear: halofit|hmcode|...' in classy's 'extra_args'.
[mcmc] Getting initial point... (this may take a few seconds)
[mcmc] Initial point: logA:3.044, n_s:0.9649, H0:69, omega_b:0.02237, omega_cdm:0.12, tau_reio:0.0544, w0_fld:-1, wa_fld:0, A_planck:1.001432, calib_100T:1.001114, calib_217T:0.9976413, A_cib_217:48.74408, xi_sz_cib:0.133392, A_sz:7.2103, ksz_norm:5.527285, gal545_A_100:6.590153, gal545_A_143:9.207416, gal545_A_143_217:21.15923, gal545_A_217:100.5143, ps_A_100_100:257.3372, ps_A_143_143:41.79516, ps_A_143_217:53.89087, ps_A_217_217:104.552, galf_TE_A_100:0.2129008, galf_TE_A_100_143:0.1078065, galf_TE_A_100_217:0.3812221, galf_TE_A_143:0.2471863, galf_TE_A_143_217:0.7979558, galf_TE_A_217:1.844839
[model] Measuring speeds... (this may take a few seconds)
[model] Setting measured speeds (per sec): {planck_2018_lowl.TT: 861.0, planck_2018_lowl.EE: 3440.0, planck_2018_highl_plik.TTTEEE: 2.76, planck_2018_lensing.clik: 93.4, bao.sixdf_2011_bao: 1400.0, bao.sdss_dr7_mgs: 2360.0, bao.sdss_dr12_consensus_bao: 1060.0, likelihoods.desi_y1_bao.DESI_Y1_BAO: 473.0, sn.pantheonplus: 45.1, classy: 0.0737}
[mcmc] Oversampling with factors:
[mcmc] * 1 : ['logA', 'n_s', 'H0', 'omega_b', 'omega_cdm', 'tau_reio', 'w0_fld', 'wa_fld']
[mcmc] * 4 : ['A_planck']
[mcmc] * 4 : ['calib_100T', 'calib_217T', 'A_cib_217', 'xi_sz_cib', 'A_sz', 'ksz_norm', 'gal545_A_100', 'gal545_A_143', 'gal545_A_143_217', 'gal545_A_217', 'ps_A_100_100', 'ps_A_143_143', 'ps_A_143_217', 'ps_A_217_217', 'galf_TE_A_100', 'galf_TE_A_100_143', 'galf_TE_A_100_217', 'galf_TE_A_143', 'galf_TE_A_143_217', 'galf_TE_A_217']
[mcmc] Covariance matrix not present. We will start learning the covariance of the proposal earlier: R-1 = 30 (would be 2 if all params loaded).
[mcmc] Sampling!
[mcmc] Progress @ 2025-11-30 04:33:17 : 1 steps taken, and 0 accepted.
[mcmc] Progress @ 2025-11-30 04:34:27 : 38 steps taken, and 6 accepted.
[mcmc] Progress @ 2025-11-30 04:35:27 : 56 steps taken, and 8 accepted.
[mcmc] Progress @ 2025-11-30 04:36:28 : 94 steps taken, and 15 accepted.
[mcmc] Progress @ 2025-11-30 04:37:39 : 162 steps taken, and 25 accepted.
[mcmc] Progress @ 2025-11-30 04:38:43 : 177 steps taken, and 26 accepted.
[mcmc] Progress @ 2025-11-30 04:39:45 : 221 steps taken, and 32 accepted.
[mcmc] Progress @ 2025-11-30 04:40:46 : 235 steps taken, and 35 accepted.
[mcmc] Progress @ 2025-11-30 04:41:57 : 284 steps taken, and 42 accepted.
[mcmc] Progress @ 2025-11-30 04:43:10 : 330 steps taken, and 50 accepted.
[mcmc] Progress @ 2025-11-30 04:44:11 : 363 steps taken, and 53 accepted.
DEBUG: Ridder field DISABLED. Lambda = 0.000000e+00
DEBUG: Ridder field DISABLED. Lambda = 0.000000e+00
DEBUG: Ridder field DISABLED. Lambda = 0.000000e+00
DEBUG: Ridder field DISABLED. Lambda = 0.000000e+00
DEBUG: Ridder field DISABLED. Lambda = 0.000000e+00
DEBUG: Ridder field DISABLED. Lambda = 0.000000e+00
DEBUG: Ridder field DISABLED. Lambda = 0.000000e+00
DEBUG: Ridder field DISABLED. Lambda = 0.000000e+00
DEBUG: Ridder field DISABLED. Lambda = 0.000000e+00
DEBUG: Ridder field DISABLED. Lambda = 0.000000e+00
DEBUG: Ridder field DISABLED. Lambda = 0.000000e+00
DEBUG: Ridder field DISABLED. Lambda = 0.000000e+00
DEBUG: Ridder field DISABLED. Lambda = 0.000000e+00
DEBUG: Ridder field DISABLED. Lambda = 0.000000e+00
DEBUG: Ridder field DISABLED. Lambda = 0.000000e+00
DEBUG: Ridder field DISABLED. Lambda = 0.000000e+00
DEBUG: Ridder field DISABLED. Lambda = 0.000000e+00
DEBUG: Ridder field DISABLED. Lambda = 0.000000e+00
DEBUG: Ridder field DISABLED. Lambda = 0.000000e+00
DEBUG: Ridder field DISABLED. Lambda = 0.000000e+00
DEBUG: Ridder field DISABLED. Lambda = 0.000000e+00
DEBUG: Ridder field DISABLED. Lambda = 0.000000e+00
DEBUG: Ridder field DISABLED. Lambda = 0.000000e+00
DEBUG: Ridder field DISABLED. Lambda = 0.000000e+00
DEBUG: Ridder field DISABLED. Lambda = 0.000000e+00
DEBUG: Ridder field DISABLED. Lambda = 0.000000e+00
DEBUG: Ridder field DISABLED. Lambda = 0.000000e+00
DEBUG: Ridder field DISABLED. Lambda = 0.000000e+00
DEBUG: Ridder field DISABLED. Lambda = 0.000000e+00
DEBUG: Ridder field DISABLED. Lambda = 0.000000e+00
DEBUG: Ridder field DISABLED. Lambda = 0.000000e+00
DEBUG: Ridder field DISABLED. Lambda = 0.000000e+00
DEBUG: Ridder field DISABLED. Lambda = 0.000000e+00
DEBUG: Ridder field DISABLED. Lambda = 0.000000e+00
DEBUG: Ridder field DISABLED. Lambda = 0.000000e+00
DEBUG: Ridder field DISABLED. Lambda = 0.000000e+00
DEBUG: Ridder field DISABLED. Lambda = 0.000000e+00
DEBUG: Ridder field DISABLED. Lambda = 0.000000e+00
DEBUG: Ridder field DISABLED. Lambda = 0.000000e+00
DEBUG: Ridder field DISABLED. Lambda = 0.000000e+00
DEBUG: Ridder field DISABLED. Lambda = 0.000000e+00
DEBUG: Ridder field DISABLED. Lambda = 0.000000e+00
DEBUG: Ridder field DISABLED. Lambda = 0.000000e+00
DEBUG: Ridder field DISABLED. Lambda = 0.000000e+00
DEBUG: Ridder field DISABLED. Lambda = 0.000000e+00
DEBUG: Ridder field DISABLED. Lambda = 0.000000e+00
DEBUG: Ridder field DISABLED. Lambda = 0.000000e+00
DEBUG: Ridder field DISABLED. Lambda = 0.000000e+00
DEBUG: Ridder field DISABLED. Lambda = 0.000000e+00
DEBUG: Ridder field DISABLED. Lambda = 0.000000e+00
DEBUG: Ridder field DISABLED. Lambda = 0.000000e+00
DEBUG: Ridder field DISABLED. Lambda = 0.000000e+00
DEBUG: Ridder field DISABLED. Lambda = 0.000000e+00
DEBUG: Ridder field DISABLED. Lambda = 0.000000e+00
DEBUG: Ridder field DISABLED. Lambda = 0.000000e+00
DEBUG: Ridder field DISABLED. Lambda = 0.000000e+00
DEBUG: Ridder field DISABLED. Lambda = 0.000000e+00
DEBUG: Ridder field DISABLED. Lambda = 0.000000e+00
DEBUG: Ridder field DISABLED. Lambda = 0.000000e+00
DEBUG: Ridder field DISABLED. Lambda = 0.000000e+00
DEBUG: Ridder field DISABLED. Lambda = 0.000000e+00
DEBUG: Ridder field DISABLED. Lambda = 0.000000e+00
DEBUG: Ridder field DISABLED. Lambda = 0.000000e+00
DEBUG: Ridder field DISABLED. Lambda = 0.000000e+00
DEBUG: Ridder field DISABLED. Lambda = 0.000000e+00
DEBUG: Ridder field DISABLED. Lambda = 0.000000e+00
DEBUG: Ridder field DISABLED. Lambda = 0.000000e+00
DEBUG: Ridder field DISABLED. Lambda = 0.000000e+00
DEBUG: Ridder field DISABLED. Lambda = 0.000000e+00
DEBUG: Ridder field DISABLED. Lambda = 0.000000e+00
DEBUG: Ridder field DISABLED. Lambda = 0.000000e+00
DEBUG: Ridder field DISABLED. Lambda = 0.000000e+00
DEBUG: Ridder field DISABLED. Lambda = 0.000000e+00
DEBUG: Ridder field DISABLED. Lambda = 0.000000e+00
DEBUG: Ridder field DISABLED. Lambda = 0.000000e+00
DEBUG: Ridder field DISABLED. Lambda = 0.000000e+00
DEBUG: Ridder field DISABLED. Lambda = 0.000000e+00
DEBUG: Ridder field DISABLED. Lambda = 0.000000e+00
DEBUG: Ridder field DISABLED. Lambda = 0[mcmc] Progress @ 2025-11-30 04:45:16 : 389 steps taken, and 57 accepted.
[mcmc] Progress @ 2025-11-30 04:46:18 : 423 steps taken, and 65 accepted.
[mcmc] Progress @ 2025-11-30 04:47:25 : 475 steps taken, and 73 accepted.
[mcmc] Progress @ 2025-11-30 04:48:26 : 510 steps taken, and 80 accepted.
[mcmc] Progress @ 2025-11-30 04:49:29 : 548 steps taken, and 87 accepted.
[mcmc] Progress @ 2025-11-30 04:50:29 : 586 steps taken, and 93 accepted.
[mcmc] Progress @ 2025-11-30 04:51:29 : 615 steps taken, and 97 accepted.
[mcmc] Progress @ 2025-11-30 04:52:29 : 660 steps taken, and 104 accepted.
[mcmc] Progress @ 2025-11-30 04:53:40 : 698 steps taken, and 107 accepted.
[mcmc] Progress @ 2025-11-30 04:54:40 : 726 steps taken, and 112 accepted.
[mcmc] Progress @ 2025-11-30 04:55:43 : 765 steps taken, and 118 accepted.
[mcmc] Progress @ 2025-11-30 04:56:48 : 818 steps taken, and 127 accepted.
.000000e+00
DEBUG: Ridder field DISABLED. Lambda = 0.000000e+00
DEBUG: Ridder field DISABLED. Lambda = 0.000000e+00
DEBUG: Ridder field DISABLED. Lambda = 0.000000e+00
DEBUG: Ridder field DISABLED. Lambda = 0.000000e+00
DEBUG: Ridder field DISABLED. Lambda = 0.000000e+00
DEBUG: Ridder field DISABLED. Lambda = 0.000000e+00
DEBUG: Ridder field DISABLED. Lambda = 0.000000e+00
DEBUG: Ridder field DISABLED. Lambda = 0.000000e+00
DEBUG: Ridder field DISABLED. Lambda = 0.000000e+00
DEBUG: Ridder field DISABLED. Lambda = 0.000000e+00
DEBUG: Ridder field DISABLED. Lambda = 0.000000e+00
DEBUG: Ridder field DISABLED. Lambda = 0.000000e+00
DEBUG: Ridder field DISABLED. Lambda = 0.000000e+00
DEBUG: Ridder field DISABLED. Lambda = 0.000000e+00
DEBUG: Ridder field DISABLED. Lambda = 0.000000e+00
DEBUG: Ridder field DISABLED. Lambda = 0.000000e+00
DEBUG: Ridder field DISABLED. Lambda = 0.000000e+00
DEBUG: Ridder field DISABLED. Lambda = 0.000000e+00
DEBUG: Ridder field DISABLED. Lambda = 0.000000e+00
DEBUG: Ridder field DISABLED. Lambda = 0.000000e+00
DEBUG: Ridder field DISABLED. Lambda = 0.000000e+00
DEBUG: Ridder field DISABLED. Lambda = 0.000000e+00
DEBUG: Ridder field DISABLED. Lambda = 0.000000e+00
DEBUG: Ridder field DISABLED. Lambda = 0.000000e+00
DEBUG: Ridder field DISABLED. Lambda = 0.000000e+00
DEBUG: Ridder field DISABLED. Lambda = 0.000000e+00
DEBUG: Ridder field DISABLED. Lambda = 0.000000e+00
DEBUG: Ridder field DISABLED. Lambda = 0.000000e+00
DEBUG: Ridder field DISABLED. Lambda = 0.000000e+00
DEBUG: Ridder field DISABLED. Lambda = 0.000000e+00
DEBUG: Ridder field DISABLED. Lambda = 0.000000e+00
DEBUG: Ridder field DISABLED. Lambda = 0.000000e+00
DEBUG: Ridder field DISABLED. Lambda = 0.000000e+00
DEBUG: Ridder field DISABLED. Lambda = 0.000000e+00
DEBUG: Ridder field DISABLED. Lambda = 0.000000e+00
DEBUG: Ridder field DISABLED. Lambda = 0.000000e+00
DEBUG: Ridder field DISABLED. Lambda = 0.000000e+00
DEBUG: Ridder field DISABLED. Lambda = 0.000000e+00
DEBUG: Ridder field DISABLED. Lambda = 0.000000e+00
DEBUG: Ridder field DISABLED. Lambda = 0.000000e+00
DEBUG: Ridder field DISABLED. Lambda = 0.000000e+00
DEBUG: Ridder field DISABLED. Lambda = 0.000000e+00
DEBUG: Ridder field DISABLED. Lambda = 0.000000e+00
DEBUG: Ridder field DISABLED. Lambda = 0.000000e+00
DEBUG: Ridder field DISABLED. Lambda = 0.000000e+00
DEBUG: Ridder field DISABLED. Lambda = 0.000000e+00
DEBUG: Ridder field DISABLED. Lambda = 0.000000e+00
DEBUG: Ridder field DISABLED. Lambda = 0.000000e+00
DEBUG: Ridder field DISABLED. Lambda = 0.000000e+00
DEBUG: Ridder field DISABLED. Lambda = 0.000000e+00
DEBUG: Ridder field DISABLED. Lambda = 0.000000e+00
DEBUG: Ridder field DISABLED. Lambda = 0.000000e+00
DEBUG: Ridder field DISABLED. Lambda = 0.000000e+00
DEBUG: Ridder field DISABLED. Lambda = 0.000000e+00
DEBUG: Ridder field DISABLED. Lambda = 0.000000e+00
DEBUG: Ridder field DISABLED. Lambda = 0.000000e+00
DEBUG: Ridder field DISABLED. Lambda = 0.000000e+00
DEBUG: Ridder field DISABLED. Lambda = 0.000000e+00
DEBUG: Ridder field DISABLED. Lambda = 0.000000e+00
DEBUG: Ridder field DISABLED. Lambda = 0.000000e+00
DEBUG: Ridder field DISABLED. Lambda = 0.000000e+00
DEBUG: Ridder field DISABLED. Lambda = 0.000000e+00
DEBUG: Ridder field DISABLED. Lambda = 0.000000e+00
DEBUG: Ridder field DISABLED. Lambda = 0.000000e+00
DEBUG: Ridder field DISABLED. Lambda = 0.000000e+00
DEBUG: Ridder field DISABLED. Lambda = 0.000000e+00
DEBUG: Ridder field DISABLED. Lambda = 0.000000e+00
DEBUG: Ridder field DISABLED. Lambda = 0.000000e+00
DEBUG: Ridder field DISABLED. Lambda = 0.000000e+00
DEBUG: Ridder field DISABLED. Lambda = 0.000000e+00
DEBUG: Ridder field DISABLED. Lambda = 0.000000e+00
DEBUG: Ridder field DISABLED. Lambda = 0.000000e+00
DEBUG: Ridder field DISABLED. Lambda = 0.000000e+00
DEBUG: Ridder field DISABLED. Lambda = 0.000000e+00
DEBUG: Ridder field DISABLED. Lambda = 0.000000e+00
DEBUG: Ridder field DISABLED. Lambda = 0.000000e+00
DEBUG: Ridder field DISABLED. Lambda = 0.000000e+00
DEBUG: Ridder field DISABLED. Lambda = 0.000000e+00
DEBUG: Ridder field DISABLED[mcmc] Progress @ 2025-11-30 04:57:48 : 860 steps taken, and 131 accepted.
[mcmc] Progress @ 2025-11-30 04:58:49 : 899 steps taken, and 135 accepted.
[mcmc] Progress @ 2025-11-30 04:59:50 : 916 steps taken, and 137 accepted.
[mcmc] Progress @ 2025-11-30 05:00:56 : 954 steps taken, and 140 accepted.
[mcmc] Progress @ 2025-11-30 05:02:07 : 997 steps taken, and 146 accepted.
[mcmc] Progress @ 2025-11-30 05:03:10 : 1059 steps taken, and 155 accepted.
[mcmc] Progress @ 2025-11-30 05:04:11 : 1094 steps taken, and 162 accepted.
[mcmc] Progress @ 2025-11-30 05:05:21 : 1138 steps taken, and 171 accepted.
[mcmc] Progress @ 2025-11-30 05:06:28 : 1176 steps taken, and 174 accepted.
[mcmc] Progress @ 2025-11-30 05:07:29 : 1204 steps taken, and 177 accepted.
[mcmc] Progress @ 2025-11-30 05:08:36 : 1255 steps taken, and 182 accepted.
. Lambda = 0.000000e+00
DEBUG: Ridder field DISABLED. Lambda = 0.000000e+00
DEBUG: Ridder field DISABLED. Lambda = 0.000000e+00
DEBUG: Ridder field DISABLED. Lambda = 0.000000e+00
DEBUG: Ridder field DISABLED. Lambda = 0.000000e+00
DEBUG: Ridder field DISABLED. Lambda = 0.000000e+00
DEBUG: Ridder field DISABLED. Lambda = 0.000000e+00
DEBUG: Ridder field DISABLED. Lambda = 0.000000e+00
DEBUG: Ridder field DISABLED. Lambda = 0.000000e+00
DEBUG: Ridder field DISABLED. Lambda = 0.000000e+00
DEBUG: Ridder field DISABLED. Lambda = 0.000000e+00
DEBUG: Ridder field DISABLED. Lambda = 0.000000e+00
DEBUG: Ridder field DISABLED. Lambda = 0.000000e+00
DEBUG: Ridder field DISABLED. Lambda = 0.000000e+00
DEBUG: Ridder field DISABLED. Lambda = 0.000000e+00
DEBUG: Ridder field DISABLED. Lambda = 0.000000e+00
DEBUG: Ridder field DISABLED. Lambda = 0.000000e+00
DEBUG: Ridder field DISABLED. Lambda = 0.000000e+00
DEBUG: Ridder field DISABLED. Lambda = 0.000000e+00
DEBUG: Ridder field DISABLED. Lambda = 0.000000e+00
DEBUG: Ridder field DISABLED. Lambda = 0.000000e+00
DEBUG: Ridder field DISABLED. Lambda = 0.000000e+00
DEBUG: Ridder field DISABLED. Lambda = 0.000000e+00
DEBUG: Ridder field DISABLED. Lambda = 0.000000e+00
DEBUG: Ridder field DISABLED. Lambda = 0.000000e+00
DEBUG: Ridder field DISABLED. Lambda = 0.000000e+00
DEBUG: Ridder field DISABLED. Lambda = 0.000000e+00
DEBUG: Ridder field DISABLED. Lambda = 0.000000e+00
DEBUG: Ridder field DISABLED. Lambda = 0.000000e+00
DEBUG: Ridder field DISABLED. Lambda = 0.000000e+00
DEBUG: Ridder field DISABLED. Lambda = 0.000000e+00
DEBUG: Ridder field DISABLED. Lambda = 0.000000e+00
DEBUG: Ridder field DISABLED. Lambda = 0.000000e+00
DEBUG: Ridder field DISABLED. Lambda = 0.000000e+00
DEBUG: Ridder field DISABLED. Lambda = 0.000000e+00
DEBUG: Ridder field DISABLED. Lambda = 0.000000e+00
DEBUG: Ridder field DISABLED. Lambda = 0.000000e+00
DEBUG: Ridder field DISABLED. Lambda = 0.000000e+00
DEBUG: Ridder field DISABLED. Lambda = 0.000000e+00
DEBUG: Ridder field DISABLED. Lambda = 0.000000e+00
DEBUG: Ridder field DISABLED. Lambda = 0.000000e+00
DEBUG: Ridder field DISABLED. Lambda = 0.000000e+00
DEBUG: Ridder field DISABLED. Lambda = 0.000000e+00
DEBUG: Ridder field DISABLED. Lambda = 0.000000e+00
DEBUG: Ridder field DISABLED. Lambda = 0.000000e+00
DEBUG: Ridder field DISABLED. Lambda = 0.000000e+00
DEBUG: Ridder field DISABLED. Lambda = 0.000000e+00
DEBUG: Ridder field DISABLED. Lambda = 0.000000e+00
DEBUG: Ridder field DISABLED. Lambda = 0.000000e+00
DEBUG: Ridder field DISABLED. Lambda = 0.000000e+00
DEBUG: Ridder field DISABLED. Lambda = 0.000000e+00
DEBUG: Ridder field DISABLED. Lambda = 0.000000e+00
DEBUG: Ridder field DISABLED. Lambda = 0.000000e+00
DEBUG: Ridder field DISABLED. Lambda = 0.000000e+00
DEBUG: Ridder field DISABLED. Lambda = 0.000000e+00
DEBUG: Ridder field DISABLED. Lambda = 0.000000e+00
DEBUG: Ridder field DISABLED. Lambda = 0.000000e+00
DEBUG: Ridder field DISABLED. Lambda = 0.000000e+00
DEBUG: Ridder field DISABLED. Lambda = 0.000000e+00
DEBUG: Ridder field DISABLED. Lambda = 0.000000e+00
DEBUG: Ridder field DISABLED. Lambda = 0.000000e+00
DEBUG: Ridder field DISABLED. Lambda = 0.000000e+00
DEBUG: Ridder field DISABLED. Lambda = 0.000000e+00
DEBUG: Ridder field DISABLED. Lambda = 0.000000e+00
DEBUG: Ridder field DISABLED. Lambda = 0.000000e+00
DEBUG: Ridder field DISABLED. Lambda = 0.000000e+00
DEBUG: Ridder field DISABLED. Lambda = 0.000000e+00
DEBUG: Ridder field DISABLED. Lambda = 0.000000e+00
DEBUG: Ridder field DISABLED. Lambda = 0.000000e+00
DEBUG: Ridder field DISABLED. Lambda = 0.000000e+00
DEBUG: Ridder field DISABLED. Lambda = 0.000000e+00
DEBUG: Ridder field DISABLED. Lambda = 0.000000e+00
DEBUG: Ridder field DISABLED. Lambda = 0.000000e+00
DEBUG: Ridder field DISABLED. Lambda = 0.000000e+00
DEBUG: Ridder field DISABLED. Lambda = 0.000000e+00
DEBUG: Ridder field DISABLED. Lambda = 0.000000e+00
DEBUG: Ridder field DISABLED. Lambda = 0.000000e+00
DEBUG: Ridder field DISABLED. Lambda = 0.000000e+00
DEBUG: Ridder field DISABLED. Lambda = 0.000000e+00
DEBUG: Ridder fi[mcmc] Progress @ 2025-11-30 05:09:46 : 1294 steps taken, and 187 accepted.
[mcmc] Progress @ 2025-11-30 05:10:54 : 1340 steps taken, and 197 accepted.
[mcmc] Progress @ 2025-11-30 05:11:54 : 1375 steps taken, and 203 accepted.
[mcmc] Progress @ 2025-11-30 05:13:01 : 1422 steps taken, and 213 accepted.
[mcmc] Progress @ 2025-11-30 05:14:03 : 1461 steps taken, and 219 accepted.
[mcmc] Progress @ 2025-11-30 05:15:09 : 1489 steps taken, and 222 accepted.
[mcmc] Progress @ 2025-11-30 05:16:15 : 1541 steps taken, and 230 accepted.
[mcmc] Progress @ 2025-11-30 05:17:17 : 1565 steps taken, and 232 accepted.
[mcmc] Progress @ 2025-11-30 05:18:21 : 1601 steps taken, and 235 accepted.
[mcmc] Progress @ 2025-11-30 05:19:25 : 1636 steps taken, and 242 accepted.
[mcmc] Progress @ 2025-11-30 05:20:26 : 1663 steps taken, and 244 accepted.
[mcmc] Progress @ 2025-11-30 05:21:43 : 1700 steps taken, and 250 accepted.
[mcmc] Progress @ 2025-11-30 05:22:56 : 1720 steps taken, and 253 accepted.
eld DISABLED. Lambda = 0.000000e+00
DEBUG: Ridder field DISABLED. Lambda = 0.000000e+00
DEBUG: Ridder field DISABLED. Lambda = 0.000000e+00
DEBUG: Ridder field DISABLED. Lambda = 0.000000e+00
DEBUG: Ridder field DISABLED. Lambda = 0.000000e+00
DEBUG: Ridder field DISABLED. Lambda = 0.000000e+00
DEBUG: Ridder field DISABLED. Lambda = 0.000000e+00
DEBUG: Ridder field DISABLED. Lambda = 0.000000e+00
DEBUG: Ridder field DISABLED. Lambda = 0.000000e+00
DEBUG: Ridder field DISABLED. Lambda = 0.000000e+00
DEBUG: Ridder field DISABLED. Lambda = 0.000000e+00
DEBUG: Ridder field DISABLED. Lambda = 0.000000e+00
DEBUG: Ridder field DISABLED. Lambda = 0.000000e+00
DEBUG: Ridder field DISABLED. Lambda = 0.000000e+00
DEBUG: Ridder field DISABLED. Lambda = 0.000000e+00
DEBUG: Ridder field DISABLED. Lambda = 0.000000e+00
DEBUG: Ridder field DISABLED. Lambda = 0.000000e+00
DEBUG: Ridder field DISABLED. Lambda = 0.000000e+00
DEBUG: Ridder field DISABLED. Lambda = 0.000000e+00
DEBUG: Ridder field DISABLED. Lambda = 0.000000e+00
DEBUG: Ridder field DISABLED. Lambda = 0.000000e+00
DEBUG: Ridder field DISABLED. Lambda = 0.000000e+00
DEBUG: Ridder field DISABLED. Lambda = 0.000000e+00
DEBUG: Ridder field DISABLED. Lambda = 0.000000e+00
DEBUG: Ridder field DISABLED. Lambda = 0.000000e+00
DEBUG: Ridder field DISABLED. Lambda = 0.000000e+00
DEBUG: Ridder field DISABLED. Lambda = 0.000000e+00
DEBUG: Ridder field DISABLED. Lambda = 0.000000e+00
DEBUG: Ridder field DISABLED. Lambda = 0.000000e+00
DEBUG: Ridder field DISABLED. Lambda = 0.000000e+00
DEBUG: Ridder field DISABLED. Lambda = 0.000000e+00
DEBUG: Ridder field DISABLED. Lambda = 0.000000e+00
DEBUG: Ridder field DISABLED. Lambda = 0.000000e+00
DEBUG: Ridder field DISABLED. Lambda = 0.000000e+00
DEBUG: Ridder field DISABLED. Lambda = 0.000000e+00
DEBUG: Ridder field DISABLED. Lambda = 0.000000e+00
DEBUG: Ridder field DISABLED. Lambda = 0.000000e+00
DEBUG: Ridder field DISABLED. Lambda = 0.000000e+00
DEBUG: Ridder field DISABLED. Lambda = 0.000000e+00
DEBUG: Ridder field DISABLED. Lambda = 0.000000e+00
DEBUG: Ridder field DISABLED. Lambda = 0.000000e+00
DEBUG: Ridder field DISABLED. Lambda = 0.000000e+00
DEBUG: Ridder field DISABLED. Lambda = 0.000000e+00
DEBUG: Ridder field DISABLED. Lambda = 0.000000e+00
DEBUG: Ridder field DISABLED. Lambda = 0.000000e+00
DEBUG: Ridder field DISABLED. Lambda = 0.000000e+00
DEBUG: Ridder field DISABLED. Lambda = 0.000000e+00
DEBUG: Ridder field DISABLED. Lambda = 0.000000e+00
DEBUG: Ridder field DISABLED. Lambda = 0.000000e+00
DEBUG: Ridder field DISABLED. Lambda = 0.000000e+00
DEBUG: Ridder field DISABLED. Lambda = 0.000000e+00
DEBUG: Ridder field DISABLED. Lambda = 0.000000e+00
DEBUG: Ridder field DISABLED. Lambda = 0.000000e+00
DEBUG: Ridder field DISABLED. Lambda = 0.000000e+00
DEBUG: Ridder field DISABLED. Lambda = 0.000000e+00
DEBUG: Ridder field DISABLED. Lambda = 0.000000e+00
DEBUG: Ridder field DISABLED. Lambda = 0.000000e+00
DEBUG: Ridder field DISABLED. Lambda = 0.000000e+00
DEBUG: Ridder field DISABLED. Lambda = 0.000000e+00
DEBUG: Ridder field DISABLED. Lambda = 0.000000e+00
DEBUG: Ridder field DISABLED. Lambda = 0.000000e+00
DEBUG: Ridder field DISABLED. Lambda = 0.000000e+00
DEBUG: Ridder field DISABLED. Lambda = 0.000000e+00
DEBUG: Ridder field DISABLED. Lambda = 0.000000e+00
DEBUG: Ridder field DISABLED. Lambda = 0.000000e+00
DEBUG: Ridder field DISABLED. Lambda = 0.000000e+00
DEBUG: Ridder field DISABLED. Lambda = 0.000000e+00
DEBUG: Ridder field DISABLED. Lambda = 0.000000e+00
DEBUG: Ridder field DISABLED. Lambda = 0.000000e+00
DEBUG: Ridder field DISABLED. Lambda = 0.000000e+00
DEBUG: Ridder field DISABLED. Lambda = 0.000000e+00
DEBUG: Ridder field DISABLED. Lambda = 0.000000e+00
DEBUG: Ridder field DISABLED. Lambda = 0.000000e+00
DEBUG: Ridder field DISABLED. Lambda = 0.000000e+00
DEBUG: Ridder field DISABLED. Lambda = 0.000000e+00
DEBUG: Ridder field DISABLED. Lambda = 0.000000e+00
DEBUG: Ridder field DISABLED. Lambda = 0.000000e+00
DEBUG: Ridder field DISABLED. Lambda = 0.000000e+00
DEBUG: Ridder field DISABLED. Lambda = 0.000000e+00
DEBU[mcmc] Progress @ 2025-11-30 05:23:56 : 1764 steps taken, and 263 accepted.
[mcmc] Progress @ 2025-11-30 05:24:59 : 1773 steps taken, and 263 accepted.
[mcmc] Progress @ 2025-11-30 05:26:10 : 1779 steps taken, and 263 accepted.
[mcmc] Progress @ 2025-11-30 05:27:11 : 1826 steps taken, and 269 accepted.
[mcmc] Progress @ 2025-11-30 05:28:13 : 1870 steps taken, and 275 accepted.
[mcmc] Progress @ 2025-11-30 05:29:24 : 1901 steps taken, and 281 accepted.
[mcmc] Progress @ 2025-11-30 05:30:38 : 1923 steps taken, and 283 accepted.
[mcmc] Progress @ 2025-11-30 05:31:48 : 1944 steps taken, and 286 accepted.
[mcmc] Progress @ 2025-11-30 05:32:56 : 1989 steps taken, and 291 accepted.
[mcmc] Progress @ 2025-11-30 05:33:58 : 2003 steps taken, and 292 accepted.
[mcmc] Progress @ 2025-11-30 05:34:59 : 2045 steps taken, and 299 accepted.
[mcmc] Progress @ 2025-11-30 05:36:02 : 2070 steps taken, and 302 accepted.
[mcmc] Progress @ 2025-11-30 05:37:16 : 2086 steps taken, and 305 accepted.
[mcmc] Progress @ 2025-11-30 05:38:16 : 2113 steps taken, and 308 accepted.
[mcmc] Progress @ 2025-11-30 05:39:17 : 2144 steps taken, and 313 accepted.
[mcmc] Progress @ 2025-11-30 05:40:22 : 2168 steps taken, and 319 accepted.
G: Ridder field DISABLED. Lambda = 0.000000e+00
DEBUG: Ridder field DISABLED. Lambda = 0.000000e+00
DEBUG: Ridder field DISABLED. Lambda = 0.000000e+00
DEBUG: Ridder field DISABLED. Lambda = 0.000000e+00
DEBUG: Ridder field DISABLED. Lambda = 0.000000e+00
DEBUG: Ridder field DISABLED. Lambda = 0.000000e+00
DEBUG: Ridder field DISABLED. Lambda = 0.000000e+00
DEBUG: Ridder field DISABLED. Lambda = 0.000000e+00
DEBUG: Ridder field DISABLED. Lambda = 0.000000e+00
DEBUG: Ridder field DISABLED. Lambda = 0.000000e+00
DEBUG: Ridder field DISABLED. Lambda = 0.000000e+00
DEBUG: Ridder field DISABLED. Lambda = 0.000000e+00
DEBUG: Ridder field DISABLED. Lambda = 0.000000e+00
DEBUG: Ridder field DISABLED. Lambda = 0.000000e+00
DEBUG: Ridder field DISABLED. Lambda = 0.000000e+00
DEBUG: Ridder field DISABLED. Lambda = 0.000000e+00
DEBUG: Ridder field DISABLED. Lambda = 0.000000e+00
DEBUG: Ridder field DISABLED. Lambda = 0.000000e+00
DEBUG: Ridder field DISABLED. Lambda = 0.000000e+00
DEBUG: Ridder field DISABLED. Lambda = 0.000000e+00
DEBUG: Ridder field DISABLED. Lambda = 0.000000e+00
DEBUG: Ridder field DISABLED. Lambda = 0.000000e+00
DEBUG: Ridder field DISABLED. Lambda = 0.000000e+00
DEBUG: Ridder field DISABLED. Lambda = 0.000000e+00
DEBUG: Ridder field DISABLED. Lambda = 0.000000e+00
DEBUG: Ridder field DISABLED. Lambda = 0.000000e+00
DEBUG: Ridder field DISABLED. Lambda = 0.000000e+00
DEBUG: Ridder field DISABLED. Lambda = 0.000000e+00
DEBUG: Ridder field DISABLED. Lambda = 0.000000e+00
DEBUG: Ridder field DISABLED. Lambda = 0.000000e+00
DEBUG: Ridder field DISABLED. Lambda = 0.000000e+00
DEBUG: Ridder field DISABLED. Lambda = 0.000000e+00
DEBUG: Ridder field DISABLED. Lambda = 0.000000e+00
DEBUG: Ridder field DISABLED. Lambda = 0.000000e+00
DEBUG: Ridder field DISABLED. Lambda = 0.000000e+00
DEBUG: Ridder field DISABLED. Lambda = 0.000000e+00
DEBUG: Ridder field DISABLED. Lambda = 0.000000e+00
DEBUG: Ridder field DISABLED. Lambda = 0.000000e+00
DEBUG: Ridder field DISABLED. Lambda = 0.000000e+00
DEBUG: Ridder field DISABLED. Lambda = 0.000000e+00
DEBUG: Ridder field DISABLED. Lambda = 0.000000e+00
DEBUG: Ridder field DISABLED. Lambda = 0.000000e+00
DEBUG: Ridder field DISABLED. Lambda = 0.000000e+00
DEBUG: Ridder field DISABLED. Lambda = 0.000000e+00
DEBUG: Ridder field DISABLED. Lambda = 0.000000e+00
DEBUG: Ridder field DISABLED. Lambda = 0.000000e+00
DEBUG: Ridder field DISABLED. Lambda = 0.000000e+00
DEBUG: Ridder field DISABLED. Lambda = 0.000000e+00
DEBUG: Ridder field DISABLED. Lambda = 0.000000e+00
DEBUG: Ridder field DISABLED. Lambda = 0.000000e+00
DEBUG: Ridder field DISABLED. Lambda = 0.000000e+00
DEBUG: Ridder field DISABLED. Lambda = 0.000000e+00
DEBUG: Ridder field DISABLED. Lambda = 0.000000e+00
DEBUG: Ridder field DISABLED. Lambda = 0.000000e+00
DEBUG: Ridder field DISABLED. Lambda = 0.000000e+00
DEBUG: Ridder field DISABLED. Lambda = 0.000000e+00
DEBUG: Ridder field DISABLED. Lambda = 0.000000e+00
DEBUG: Ridder field DISABLED. Lambda = 0.000000e+00
DEBUG: Ridder field DISABLED. Lambda = 0.000000e+00
DEBUG: Ridder field DISABLED. Lambda = 0.000000e+00
DEBUG: Ridder field DISABLED. Lambda = 0.000000e+00
DEBUG: Ridder field DISABLED. Lambda = 0.000000e+00
DEBUG: Ridder field DISABLED. Lambda = 0.000000e+00
DEBUG: Ridder field DISABLED. Lambda = 0.000000e+00
DEBUG: Ridder field DISABLED. Lambda = 0.000000e+00
DEBUG: Ridder field DISABLED. Lambda = 0.000000e+00
DEBUG: Ridder field DISABLED. Lambda = 0.000000e+00
DEBUG: Ridder field DISABLED. Lambda = 0.000000e+00
DEBUG: Ridder field DISABLED. Lambda = 0.000000e+00
DEBUG: Ridder field DISABLED. Lambda = 0.000000e+00
DEBUG: Ridder field DISABLED. Lambda = 0.000000e+00
DEBUG: Ridder field DISABLED. Lambda = 0.000000e+00
DEBUG: Ridder field DISABLED. Lambda = 0.000000e+00
DEBUG: Ridder field DISABLED. Lambda = 0.000000e+00
DEBUG: Ridder field DISABLED. Lambda = 0.000000e+00
DEBUG: Ridder field DISABLED. Lambda = 0.000000e+00
DEBUG: Ridder field DISABLED. Lambda = 0.000000e+00
DEBUG: Ridder field DISABLED. Lambda = 0.000000e+00
DEBUG: Ridder field DISABLED. Lambda = 0.000[mcmc] Progress @ 2025-11-30 05:41:27 : 2198 steps taken, and 322 accepted.
[mcmc] Progress @ 2025-11-30 05:42:47 : 2220 steps taken, and 325 accepted.
[mcmc] Progress @ 2025-11-30 05:43:49 : 2249 steps taken, and 329 accepted.
[mcmc] Progress @ 2025-11-30 05:44:50 : 2269 steps taken, and 331 accepted.
[mcmc] Progress @ 2025-11-30 05:45:50 : 2293 steps taken, and 335 accepted.
[mcmc] Progress @ 2025-11-30 05:47:13 : 2335 steps taken, and 342 accepted.
[mcmc] Progress @ 2025-11-30 05:48:14 : 2357 steps taken, and 343 accepted.
[mcmc] Progress @ 2025-11-30 05:49:37 : 2383 steps taken, and 347 accepted.
[mcmc] Progress @ 2025-11-30 05:50:51 : 2393 steps taken, and 349 accepted.
[mcmc] Progress @ 2025-11-30 05:51:51 : 2413 steps taken, and 353 accepted.
[mcmc] Progress @ 2025-11-30 05:52:53 : 2437 steps taken, and 356 accepted.
[mcmc] Progress @ 2025-11-30 05:54:14 : 2458 steps taken, and 359 accepted.
[mcmc] Progress @ 2025-11-30 05:55:20 : 2486 steps taken, and 364 accepted.
[mcmc] Progress @ 2025-11-30 05:56:21 : 2512 steps taken, and 368 accepted.
[mcmc] Progress @ 2025-11-30 05:57:21 : 2548 steps taken, and 372 accepted.
[mcmc] Progress @ 2025-11-30 05:58:32 : 2567 steps taken, and 375 accepted.
[mcmc] Progress @ 2025-11-30 05:59:32 : 2575 steps taken, and 376 accepted.
[mcmc] Progress @ 2025-11-30 06:00:46 : 2588 steps taken, and 378 accepted.
[mcmc] Progress @ 2025-11-30 06:02:03 : 2607 steps taken, and 381 accepted.
000e+00
DEBUG: Ridder field DISABLED. Lambda = 0.000000e+00
DEBUG: Ridder field DISABLED. Lambda = 0.000000e+00
DEBUG: Ridder field DISABLED. Lambda = 0.000000e+00
DEBUG: Ridder field DISABLED. Lambda = 0.000000e+00
DEBUG: Ridder field DISABLED. Lambda = 0.000000e+00
DEBUG: Ridder field DISABLED. Lambda = 0.000000e+00
DEBUG: Ridder field DISABLED. Lambda = 0.000000e+00
DEBUG: Ridder field DISABLED. Lambda = 0.000000e+00
DEBUG: Ridder field DISABLED. Lambda = 0.000000e+00
DEBUG: Ridder field DISABLED. Lambda = 0.000000e+00
DEBUG: Ridder field DISABLED. Lambda = 0.000000e+00
DEBUG: Ridder field DISABLED. Lambda = 0.000000e+00
DEBUG: Ridder field DISABLED. Lambda = 0.000000e+00
DEBUG: Ridder field DISABLED. Lambda = 0.000000e+00
DEBUG: Ridder field DISABLED. Lambda = 0.000000e+00
DEBUG: Ridder field DISABLED. Lambda = 0.000000e+00
DEBUG: Ridder field DISABLED. Lambda = 0.000000e+00
DEBUG: Ridder field DISABLED. Lambda = 0.000000e+00
DEBUG: Ridder field DISABLED. Lambda = 0.000000e+00
DEBUG: Ridder field DISABLED. Lambda = 0.000000e+00
DEBUG: Ridder field DISABLED. Lambda = 0.000000e+00
DEBUG: Ridder field DISABLED. Lambda = 0.000000e+00
DEBUG: Ridder field DISABLED. Lambda = 0.000000e+00
DEBUG: Ridder field DISABLED. Lambda = 0.000000e+00
DEBUG: Ridder field DISABLED. Lambda = 0.000000e+00
DEBUG: Ridder field DISABLED. Lambda = 0.000000e+00
DEBUG: Ridder field DISABLED. Lambda = 0.000000e+00
DEBUG: Ridder field DISABLED. Lambda = 0.000000e+00
DEBUG: Ridder field DISABLED. Lambda = 0.000000e+00
DEBUG: Ridder field DISABLED. Lambda = 0.000000e+00
DEBUG: Ridder field DISABLED. Lambda = 0.000000e+00
DEBUG: Ridder field DISABLED. Lambda = 0.000000e+00
DEBUG: Ridder field DISABLED. Lambda = 0.000000e+00
DEBUG: Ridder field DISABLED. Lambda = 0.000000e+00
DEBUG: Ridder field DISABLED. Lambda = 0.000000e+00
DEBUG: Ridder field DISABLED. Lambda = 0.000000e+00
DEBUG: Ridder field DISABLED. Lambda = 0.000000e+00
DEBUG: Ridder field DISABLED. Lambda = 0.000000e+00
DEBUG: Ridder field DISABLED. Lambda = 0.000000e+00
DEBUG: Ridder field DISABLED. Lambda = 0.000000e+00
DEBUG: Ridder field DISABLED. Lambda = 0.000000e+00
DEBUG: Ridder field DISABLED. Lambda = 0.000000e+00
DEBUG: Ridder field DISABLED. Lambda = 0.000000e+00
DEBUG: Ridder field DISABLED. Lambda = 0.000000e+00
DEBUG: Ridder field DISABLED. Lambda = 0.000000e+00
DEBUG: Ridder field DISABLED. Lambda = 0.000000e+00
DEBUG: Ridder field DISABLED. Lambda = 0.000000e+00
DEBUG: Ridder field DISABLED. Lambda = 0.000000e+00
DEBUG: Ridder field DISABLED. Lambda = 0.000000e+00
DEBUG: Ridder field DISABLED. Lambda = 0.000000e+00
DEBUG: Ridder field DISABLED. Lambda = 0.000000e+00
DEBUG: Ridder field DISABLED. Lambda = 0.000000e+00
DEBUG: Ridder field DISABLED. Lambda = 0.000000e+00
DEBUG: Ridder field DISABLED. Lambda = 0.000000e+00
DEBUG: Ridder field DISABLED. Lambda = 0.000000e+00
DEBUG: Ridder field DISABLED. Lambda = 0.000000e+00
DEBUG: Ridder field DISABLED. Lambda = 0.000000e+00
DEBUG: Ridder field DISABLED. Lambda = 0.000000e+00
DEBUG: Ridder field DISABLED. Lambda = 0.000000e+00
DEBUG: Ridder field DISABLED. Lambda = 0.000000e+00
DEBUG: Ridder field DISABLED. Lambda = 0.000000e+00
DEBUG: Ridder field DISABLED. Lambda = 0.000000e+00
DEBUG: Ridder field DISABLED. Lambda = 0.000000e+00
DEBUG: Ridder field DISABLED. Lambda = 0.000000e+00
DEBUG: Ridder field DISABLED. Lambda = 0.000000e+00
DEBUG: Ridder field DISABLED. Lambda = 0.000000e+00
DEBUG: Ridder field DISABLED. Lambda = 0.000000e+00
DEBUG: Ridder field DISABLED. Lambda = 0.000000e+00
DEBUG: Ridder field DISABLED. Lambda = 0.000000e+00
DEBUG: Ridder field DISABLED. Lambda = 0.000000e+00
DEBUG: Ridder field DISABLED. Lambda = 0.000000e+00
DEBUG: Ridder field DISABLED. Lambda = 0.000000e+00
DEBUG: Ridder field DISABLED. Lambda = 0.000000e+00
DEBUG: Ridder field DISABLED. Lambda = 0.000000e+00
DEBUG: Ridder field DISABLED. Lambda = 0.000000e+00
DEBUG: Ridder field DISABLED. Lambda = 0.000000e+00
DEBUG: Ridder field DISABLED. Lambda = 0.000000e+00
DEBUG: Ridder field DISABLED. Lambda = 0.000000e+00
DEBUG: Ridder field DISABLED. La[mcmc] Progress @ 2025-11-30 06:03:27 : 2645 steps taken, and 386 accepted.
[mcmc] Progress @ 2025-11-30 06:04:29 : 2658 steps taken, and 388 accepted.
[mcmc] Progress @ 2025-11-30 06:05:36 : 2679 steps taken, and 389 accepted.
[mcmc] Progress @ 2025-11-30 06:06:56 : 2712 steps taken, and 395 accepted.
[mcmc] Progress @ 2025-11-30 06:07:56 : 2733 steps taken, and 395 accepted.
[mcmc] Progress @ 2025-11-30 06:08:56 : 2749 steps taken, and 398 accepted.
[mcmc] Progress @ 2025-11-30 06:09:57 : 2776 steps taken, and 403 accepted.
[mcmc] Progress @ 2025-11-30 06:11:04 : 2795 steps taken, and 407 accepted.
[mcmc] Progress @ 2025-11-30 06:12:04 : 2812 steps taken, and 409 accepted.
[mcmc] Progress @ 2025-11-30 06:13:05 : 2838 steps taken, and 412 accepted.
[mcmc] Progress @ 2025-11-30 06:14:19 : 2876 steps taken, and 419 accepted.
[mcmc] Progress @ 2025-11-30 06:15:31 : 2896 steps taken, and 422 accepted.
[mcmc] Progress @ 2025-11-30 06:16:36 : 2914 steps taken, and 426 accepted.
[mcmc] Progress @ 2025-11-30 06:17:36 : 2926 steps taken, and 427 accepted.
[mcmc] Progress @ 2025-11-30 06:18:38 : 2946 steps taken, and 429 accepted.
[mcmc] Progress @ 2025-11-30 06:19:49 : 2964 steps taken, and 432 accepted.
[mcmc] Progress @ 2025-11-30 06:20:50 : 2981 steps taken, and 435 accepted.
[mcmc] Progress @ 2025-11-30 06:21:52 : 2998 steps taken, and 436 accepted.
[mcmc] Progress @ 2025-11-30 06:22:53 : 3031 steps taken, and 441 accepted.
[mcmc] Progress @ 2025-11-30 06:24:10 : 3056 steps taken, and 445 accepted.
mbda = 0.000000e+00
DEBUG: Ridder field DISABLED. Lambda = 0.000000e+00
DEBUG: Ridder field DISABLED. Lambda = 0.000000e+00
DEBUG: Ridder field DISABLED. Lambda = 0.000000e+00
DEBUG: Ridder field DISABLED. Lambda = 0.000000e+00
DEBUG: Ridder field DISABLED. Lambda = 0.000000e+00
DEBUG: Ridder field DISABLED. Lambda = 0.000000e+00
DEBUG: Ridder field DISABLED. Lambda = 0.000000e+00
DEBUG: Ridder field DISABLED. Lambda = 0.000000e+00
DEBUG: Ridder field DISABLED. Lambda = 0.000000e+00
DEBUG: Ridder field DISABLED. Lambda = 0.000000e+00
DEBUG: Ridder field DISABLED. Lambda = 0.000000e+00
DEBUG: Ridder field DISABLED. Lambda = 0.000000e+00
DEBUG: Ridder field DISABLED. Lambda = 0.000000e+00
DEBUG: Ridder field DISABLED. Lambda = 0.000000e+00
DEBUG: Ridder field DISABLED. Lambda = 0.000000e+00
DEBUG: Ridder field DISABLED. Lambda = 0.000000e+00
DEBUG: Ridder field DISABLED. Lambda = 0.000000e+00
DEBUG: Ridder field DISABLED. Lambda = 0.000000e+00
DEBUG: Ridder field DISABLED. Lambda = 0.000000e+00
DEBUG: Ridder field DISABLED. Lambda = 0.000000e+00
DEBUG: Ridder field DISABLED. Lambda = 0.000000e+00
DEBUG: Ridder field DISABLED. Lambda = 0.000000e+00
DEBUG: Ridder field DISABLED. Lambda = 0.000000e+00
DEBUG: Ridder field DISABLED. Lambda = 0.000000e+00
DEBUG: Ridder field DISABLED. Lambda = 0.000000e+00
DEBUG: Ridder field DISABLED. Lambda = 0.000000e+00
DEBUG: Ridder field DISABLED. Lambda = 0.000000e+00
DEBUG: Ridder field DISABLED. Lambda = 0.000000e+00
DEBUG: Ridder field DISABLED. Lambda = 0.000000e+00
DEBUG: Ridder field DISABLED. Lambda = 0.000000e+00
DEBUG: Ridder field DISABLED. Lambda = 0.000000e+00
DEBUG: Ridder field DISABLED. Lambda = 0.000000e+00
DEBUG: Ridder field DISABLED. Lambda = 0.000000e+00
DEBUG: Ridder field DISABLED. Lambda = 0.000000e+00
DEBUG: Ridder field DISABLED. Lambda = 0.000000e+00
DEBUG: Ridder field DISABLED. Lambda = 0.000000e+00
DEBUG: Ridder field DISABLED. Lambda = 0.000000e+00
DEBUG: Ridder field DISABLED. Lambda = 0.000000e+00
DEBUG: Ridder field DISABLED. Lambda = 0.000000e+00
DEBUG: Ridder field DISABLED. Lambda = 0.000000e+00
DEBUG: Ridder field DISABLED. Lambda = 0.000000e+00
DEBUG: Ridder field DISABLED. Lambda = 0.000000e+00
DEBUG: Ridder field DISABLED. Lambda = 0.000000e+00
DEBUG: Ridder field DISABLED. Lambda = 0.000000e+00
DEBUG: Ridder field DISABLED. Lambda = 0.000000e+00
DEBUG: Ridder field DISABLED. Lambda = 0.000000e+00
DEBUG: Ridder field DISABLED. Lambda = 0.000000e+00
DEBUG: Ridder field DISABLED. Lambda = 0.000000e+00
DEBUG: Ridder field DISABLED. Lambda = 0.000000e+00
DEBUG: Ridder field DISABLED. Lambda = 0.000000e+00
DEBUG: Ridder field DISABLED. Lambda = 0.000000e+00
DEBUG: Ridder field DISABLED. Lambda = 0.000000e+00
DEBUG: Ridder field DISABLED. Lambda = 0.000000e+00
DEBUG: Ridder field DISABLED. Lambda = 0.000000e+00
DEBUG: Ridder field DISABLED. Lambda = 0.000000e+00
DEBUG: Ridder field DISABLED. Lambda = 0.000000e+00
DEBUG: Ridder field DISABLED. Lambda = 0.000000e+00
DEBUG: Ridder field DISABLED. Lambda = 0.000000e+00
DEBUG: Ridder field DISABLED. Lambda = 0.000000e+00
DEBUG: Ridder field DISABLED. Lambda = 0.000000e+00
DEBUG: Ridder field DISABLED. Lambda = 0.000000e+00
DEBUG: Ridder field DISABLED. Lambda = 0.000000e+00
DEBUG: Ridder field DISABLED. Lambda = 0.000000e+00
DEBUG: Ridder field DISABLED. Lambda = 0.000000e+00
DEBUG: Ridder field DISABLED. Lambda = 0.000000e+00
DEBUG: Ridder field DISABLED. Lambda = 0.000000e+00
DEBUG: Ridder field DISABLED. Lambda = 0.000000e+00
DEBUG: Ridder field DISABLED. Lambda = 0.000000e+00
DEBUG: Ridder field DISABLED. Lambda = 0.000000e+00
DEBUG: Ridder field DISABLED. Lambda = 0.000000e+00
DEBUG: Ridder field DISABLED. Lambda = 0.000000e+00
DEBUG: Ridder field DISABLED. Lambda = 0.000000e+00
DEBUG: Ridder field DISABLED. Lambda = 0.000000e+00
DEBUG: Ridder field DISABLED. Lambda = 0.000000e+00
DEBUG: Ridder field DISABLED. Lambda = 0.000000e+00
DEBUG: Ridder field DISABLED. Lambda = 0.000000e+00
DEBUG: Ridder field DISABLED. Lambda = 0.000000e+00
DEBUG: Ridder field DISABLED. Lambda = 0.000000e+00
DEBUG: Ridder field [mcmc] Progress @ 2025-11-30 06:25:36 : 3063 steps taken, and 445 accepted.
[mcmc] Progress @ 2025-11-30 06:26:40 : 3086 steps taken, and 449 accepted.
[mcmc] Progress @ 2025-11-30 06:27:48 : 3120 steps taken, and 453 accepted.
[mcmc] Progress @ 2025-11-30 06:29:00 : 3141 steps taken, and 458 accepted.
[mcmc] Progress @ 2025-11-30 06:30:23 : 3171 steps taken, and 464 accepted.
[mcmc] Progress @ 2025-11-30 06:31:46 : 3198 steps taken, and 468 accepted.
[mcmc] Progress @ 2025-11-30 06:33:05 : 3226 steps taken, and 471 accepted.
[mcmc] Progress @ 2025-11-30 06:34:06 : 3236 steps taken, and 473 accepted.
[mcmc] Progress @ 2025-11-30 06:35:08 : 3247 steps taken, and 473 accepted.
[mcmc] Progress @ 2025-11-30 06:36:09 : 3254 steps taken, and 474 accepted.
[mcmc] Progress @ 2025-11-30 06:37:15 : 3295 steps taken, and 482 accepted.
[mcmc] Progress @ 2025-11-30 06:38:15 : 3320 steps taken, and 486 accepted.
[mcmc] Progress @ 2025-11-30 06:39:22 : 3337 steps taken, and 488 accepted.
[mcmc] Progress @ 2025-11-30 06:40:23 : 3364 steps taken, and 490 accepted.
[mcmc] Progress @ 2025-11-30 06:41:23 : 3372 steps taken, and 492 accepted.
[mcmc] Progress @ 2025-11-30 06:42:43 : 3388 steps taken, and 495 accepted.
[mcmc] Progress @ 2025-11-30 06:44:00 : 3414 steps taken, and 497 accepted.
[mcmc] Progress @ 2025-11-30 06:45:17 : 3440 steps taken, and 503 accepted.
[mcmc] Progress @ 2025-11-30 06:46:19 : 3463 steps taken, and 508 accepted.
[mcmc] Progress @ 2025-11-30 06:47:38 : 3491 steps taken, and 512 accepted.
[mcmc] Progress @ 2025-11-30 06:48:41 : 3500 steps taken, and 513 accepted.
[mcmc] Progress @ 2025-11-30 06:49:52 : 3524 steps taken, and 516 accepted.
DISABLED. Lambda = 0.000000e+00
DEBUG: Ridder field DISABLED. Lambda = 0.000000e+00
DEBUG: Ridder field DISABLED. Lambda = 0.000000e+00
DEBUG: Ridder field DISABLED. Lambda = 0.000000e+00
DEBUG: Ridder field DISABLED. Lambda = 0.000000e+00
DEBUG: Ridder field DISABLED. Lambda = 0.000000e+00
DEBUG: Ridder field DISABLED. Lambda = 0.000000e+00
DEBUG: Ridder field DISABLED. Lambda = 0.000000e+00
DEBUG: Ridder field DISABLED. Lambda = 0.000000e+00
DEBUG: Ridder field DISABLED. Lambda = 0.000000e+00
DEBUG: Ridder field DISABLED. Lambda = 0.000000e+00
DEBUG: Ridder field DISABLED. Lambda = 0.000000e+00
DEBUG: Ridder field DISABLED. Lambda = 0.000000e+00
DEBUG: Ridder field DISABLED. Lambda = 0.000000e+00
DEBUG: Ridder field DISABLED. Lambda = 0.000000e+00
DEBUG: Ridder field DISABLED. Lambda = 0.000000e+00
DEBUG: Ridder field DISABLED. Lambda = 0.000000e+00
DEBUG: Ridder field DISABLED. Lambda = 0.000000e+00
DEBUG: Ridder field DISABLED. Lambda = 0.000000e+00
DEBUG: Ridder field DISABLED. Lambda = 0.000000e+00
DEBUG: Ridder field DISABLED. Lambda = 0.000000e+00
DEBUG: Ridder field DISABLED. Lambda = 0.000000e+00
DEBUG: Ridder field DISABLED. Lambda = 0.000000e+00
DEBUG: Ridder field DISABLED. Lambda = 0.000000e+00
DEBUG: Ridder field DISABLED. Lambda = 0.000000e+00
DEBUG: Ridder field DISABLED. Lambda = 0.000000e+00
DEBUG: Ridder field DISABLED. Lambda = 0.000000e+00
DEBUG: Ridder field DISABLED. Lambda = 0.000000e+00
DEBUG: Ridder field DISABLED. Lambda = 0.000000e+00
DEBUG: Ridder field DISABLED. Lambda = 0.000000e+00
DEBUG: Ridder field DISABLED. Lambda = 0.000000e+00
DEBUG: Ridder field DISABLED. Lambda = 0.000000e+00
DEBUG: Ridder field DISABLED. Lambda = 0.000000e+00
DEBUG: Ridder field DISABLED. Lambda = 0.000000e+00
DEBUG: Ridder field DISABLED. Lambda = 0.000000e+00
DEBUG: Ridder field DISABLED. Lambda = 0.000000e+00
DEBUG: Ridder field DISABLED. Lambda = 0.000000e+00
DEBUG: Ridder field DISABLED. Lambda = 0.000000e+00
DEBUG: Ridder field DISABLED. Lambda = 0.000000e+00
DEBUG: Ridder field DISABLED. Lambda = 0.000000e+00
DEBUG: Ridder field DISABLED. Lambda = 0.000000e+00
DEBUG: Ridder field DISABLED. Lambda = 0.000000e+00
DEBUG: Ridder field DISABLED. Lambda = 0.000000e+00
DEBUG: Ridder field DISABLED. Lambda = 0.000000e+00
DEBUG: Ridder field DISABLED. Lambda = 0.000000e+00
DEBUG: Ridder field DISABLED. Lambda = 0.000000e+00
DEBUG: Ridder field DISABLED. Lambda = 0.000000e+00
DEBUG: Ridder field DISABLED. Lambda = 0.000000e+00
DEBUG: Ridder field DISABLED. Lambda = 0.000000e+00
DEBUG: Ridder field DISABLED. Lambda = 0.000000e+00
DEBUG: Ridder field DISABLED. Lambda = 0.000000e+00
DEBUG: Ridder field DISABLED. Lambda = 0.000000e+00
DEBUG: Ridder field DISABLED. Lambda = 0.000000e+00
DEBUG: Ridder field DISABLED. Lambda = 0.000000e+00
DEBUG: Ridder field DISABLED. Lambda = 0.000000e+00
DEBUG: Ridder field DISABLED. Lambda = 0.000000e+00
DEBUG: Ridder field DISABLED. Lambda = 0.000000e+00
DEBUG: Ridder field DISABLED. Lambda = 0.000000e+00
DEBUG: Ridder field DISABLED. Lambda = 0.000000e+00
DEBUG: Ridder field DISABLED. Lambda = 0.000000e+00
DEBUG: Ridder field DISABLED. Lambda = 0.000000e+00
DEBUG: Ridder field DISABLED. Lambda = 0.000000e+00
DEBUG: Ridder field DISABLED. Lambda = 0.000000e+00
DEBUG: Ridder field DISABLED. Lambda = 0.000000e+00
DEBUG: Ridder field DISABLED. Lambda = 0.000000e+00
DEBUG: Ridder field DISABLED. Lambda = 0.000000e+00
DEBUG: Ridder field DISABLED. Lambda = 0.000000e+00
DEBUG: Ridder field DISABLED. Lambda = 0.000000e+00
DEBUG: Ridder field DISABLED. Lambda = 0.000000e+00
DEBUG: Ridder field DISABLED. Lambda = 0.000000e+00
DEBUG: Ridder field DISABLED. Lambda = 0.000000e+00
DEBUG: Ridder field DISABLED. Lambda = 0.000000e+00
DEBUG: Ridder field DISABLED. Lambda = 0.000000e+00
DEBUG: Ridder field DISABLED. Lambda = 0.000000e+00
DEBUG: Ridder field DISABLED. Lambda = 0.000000e+00
DEBUG: Ridder field DISABLED. Lambda = 0.000000e+00
DEBUG: Ridder field DISABLED. Lambda = 0.000000e+00
DEBUG: Ridder field DISABLED. Lambda = 0.000000e+00
DEBUG: Ridder field DISABLED. Lambda = 0.000000e+00
DEBUG: R[mcmc] Progress @ 2025-11-30 06:51:01 : 3536 steps taken, and 517 accepted.
[mcmc] Progress @ 2025-11-30 06:52:02 : 3575 steps taken, and 525 accepted.
[mcmc] Progress @ 2025-11-30 06:53:02 : 3580 steps taken, and 525 accepted.
[mcmc] Progress @ 2025-11-30 06:54:29 : 3612 steps taken, and 534 accepted.
[mcmc] Progress @ 2025-11-30 06:55:29 : 3637 steps taken, and 538 accepted.
[mcmc] Progress @ 2025-11-30 06:56:49 : 3657 steps taken, and 541 accepted.
[mcmc] Progress @ 2025-11-30 06:58:03 : 3671 steps taken, and 541 accepted.
[mcmc] Progress @ 2025-11-30 06:59:21 : 3692 steps taken, and 544 accepted.
[mcmc] Progress @ 2025-11-30 07:00:34 : 3712 steps taken, and 546 accepted.
[mcmc] Progress @ 2025-11-30 07:01:43 : 3727 steps taken, and 549 accepted.
[mcmc] Progress @ 2025-11-30 07:02:50 : 3739 steps taken, and 551 accepted.
[mcmc] Progress @ 2025-11-30 07:03:50 : 3768 steps taken, and 556 accepted.
[mcmc] Progress @ 2025-11-30 07:04:51 : 3793 steps taken, and 558 accepted.
[mcmc] Progress @ 2025-11-30 07:06:11 : 3821 steps taken, and 563 accepted.
[mcmc] Progress @ 2025-11-30 07:07:16 : 3836 steps taken, and 565 accepted.
[mcmc] Progress @ 2025-11-30 07:08:18 : 3844 steps taken, and 566 accepted.
[mcmc] Progress @ 2025-11-30 07:09:30 : 3873 steps taken, and 569 accepted.
[mcmc] Progress @ 2025-11-30 07:10:31 : 3884 steps taken, and 571 accepted.
[mcmc] Progress @ 2025-11-30 07:11:34 : 3921 steps taken, and 576 accepted.
[mcmc] Progress @ 2025-11-30 07:12:40 : 3933 steps taken, and 578 accepted.
[mcmc] Progress @ 2025-11-30 07:13:41 : 3947 steps taken, and 579 accepted.
[mcmc] Progress @ 2025-11-30 07:14:42 : 3989 steps taken, and 584 accepted.
[mcmc] Progress @ 2025-11-30 07:15:51 : 4009 steps taken, and 585 accepted.
idder field DISABLED. Lambda = 0.000000e+00
DEBUG: Ridder field DISABLED. Lambda = 0.000000e+00
DEBUG: Ridder field DISABLED. Lambda = 0.000000e+00
DEBUG: Ridder field DISABLED. Lambda = 0.000000e+00
DEBUG: Ridder field DISABLED. Lambda = 0.000000e+00
DEBUG: Ridder field DISABLED. Lambda = 0.000000e+00
DEBUG: Ridder field DISABLED. Lambda = 0.000000e+00
DEBUG: Ridder field DISABLED. Lambda = 0.000000e+00
DEBUG: Ridder field DISABLED. Lambda = 0.000000e+00
DEBUG: Ridder field DISABLED. Lambda = 0.000000e+00
DEBUG: Ridder field DISABLED. Lambda = 0.000000e+00
DEBUG: Ridder field DISABLED. Lambda = 0.000000e+00
DEBUG: Ridder field DISABLED. Lambda = 0.000000e+00
DEBUG: Ridder field DISABLED. Lambda = 0.000000e+00
DEBUG: Ridder field DISABLED. Lambda = 0.000000e+00
DEBUG: Ridder field DISABLED. Lambda = 0.000000e+00
DEBUG: Ridder field DISABLED. Lambda = 0.000000e+00
DEBUG: Ridder field DISABLED. Lambda = 0.000000e+00
DEBUG: Ridder field DISABLED. Lambda = 0.000000e+00
DEBUG: Ridder field DISABLED. Lambda = 0.000000e+00
DEBUG: Ridder field DISABLED. Lambda = 0.000000e+00
DEBUG: Ridder field DISABLED. Lambda = 0.000000e+00
DEBUG: Ridder field DISABLED. Lambda = 0.000000e+00
DEBUG: Ridder field DISABLED. Lambda = 0.000000e+00
DEBUG: Ridder field DISABLED. Lambda = 0.000000e+00
DEBUG: Ridder field DISABLED. Lambda = 0.000000e+00
DEBUG: Ridder field DISABLED. Lambda = 0.000000e+00
DEBUG: Ridder field DISABLED. Lambda = 0.000000e+00
DEBUG: Ridder field DISABLED. Lambda = 0.000000e+00
DEBUG: Ridder field DISABLED. Lambda = 0.000000e+00
DEBUG: Ridder field DISABLED. Lambda = 0.000000e+00
DEBUG: Ridder field DISABLED. Lambda = 0.000000e+00
DEBUG: Ridder field DISABLED. Lambda = 0.000000e+00
DEBUG: Ridder field DISABLED. Lambda = 0.000000e+00
DEBUG: Ridder field DISABLED. Lambda = 0.000000e+00
DEBUG: Ridder field DISABLED. Lambda = 0.000000e+00
DEBUG: Ridder field DISABLED. Lambda = 0.000000e+00
DEBUG: Ridder field DISABLED. Lambda = 0.000000e+00
DEBUG: Ridder field DISABLED. Lambda = 0.000000e+00
DEBUG: Ridder field DISABLED. Lambda = 0.000000e+00
DEBUG: Ridder field DISABLED. Lambda = 0.000000e+00
DEBUG: Ridder field DISABLED. Lambda = 0.000000e+00
DEBUG: Ridder field DISABLED. Lambda = 0.000000e+00
DEBUG: Ridder field DISABLED. Lambda = 0.000000e+00
DEBUG: Ridder field DISABLED. Lambda = 0.000000e+00
DEBUG: Ridder field DISABLED. Lambda = 0.000000e+00
DEBUG: Ridder field DISABLED. Lambda = 0.000000e+00
DEBUG: Ridder field DISABLED. Lambda = 0.000000e+00
DEBUG: Ridder field DISABLED. Lambda = 0.000000e+00
DEBUG: Ridder field DISABLED. Lambda = 0.000000e+00
DEBUG: Ridder field DISABLED. Lambda = 0.000000e+00
DEBUG: Ridder field DISABLED. Lambda = 0.000000e+00
DEBUG: Ridder field DISABLED. Lambda = 0.000000e+00
DEBUG: Ridder field DISABLED. Lambda = 0.000000e+00
DEBUG: Ridder field DISABLED. Lambda = 0.000000e+00
DEBUG: Ridder field DISABLED. Lambda = 0.000000e+00
DEBUG: Ridder field DISABLED. Lambda = 0.000000e+00
DEBUG: Ridder field DISABLED. Lambda = 0.000000e+00
DEBUG: Ridder field DISABLED. Lambda = 0.000000e+00
DEBUG: Ridder field DISABLED. Lambda = 0.000000e+00
DEBUG: Ridder field DISABLED. Lambda = 0.000000e+00
DEBUG: Ridder field DISABLED. Lambda = 0.000000e+00
DEBUG: Ridder field DISABLED. Lambda = 0.000000e+00
DEBUG: Ridder field DISABLED. Lambda = 0.000000e+00
DEBUG: Ridder field DISABLED. Lambda = 0.000000e+00
DEBUG: Ridder field DISABLED. Lambda = 0.000000e+00
DEBUG: Ridder field DISABLED. Lambda = 0.000000e+00
DEBUG: Ridder field DISABLED. Lambda = 0.000000e+00
DEBUG: Ridder field DISABLED. Lambda = 0.000000e+00
DEBUG: Ridder field DISABLED. Lambda = 0.000000e+00
DEBUG: Ridder field DISABLED. Lambda = 0.000000e+00
DEBUG: Ridder field DISABLED. Lambda = 0.000000e+00
DEBUG: Ridder field DISABLED. Lambda = 0.000000e+00
DEBUG: Ridder field DISABLED. Lambda = 0.000000e+00
DEBUG: Ridder field DISABLED. Lambda = 0.000000e+00
DEBUG: Ridder field DISABLED. Lambda = 0.000000e+00
DEBUG: Ridder field DISABLED. Lambda = 0.000000e+00
DEBUG: Ridder field DISABLED. Lambda = 0.000000e+00
DEBUG: Ridder field DISABLED. Lambda = 0.000000e[mcmc] Progress @ 2025-11-30 07:17:11 : 4028 steps taken, and 588 accepted.
[mcmc] Progress @ 2025-11-30 07:18:34 : 4033 steps taken, and 589 accepted.
[mcmc] Progress @ 2025-11-30 07:19:34 : 4059 steps taken, and 593 accepted.
[mcmc] Progress @ 2025-11-30 07:20:55 : 4091 steps taken, and 596 accepted.
[mcmc] Progress @ 2025-11-30 07:22:18 : 4119 steps taken, and 599 accepted.
[mcmc] Progress @ 2025-11-30 07:23:18 : 4131 steps taken, and 602 accepted.
[mcmc] Progress @ 2025-11-30 07:24:44 : 4141 steps taken, and 603 accepted.
[mcmc] Progress @ 2025-11-30 07:25:44 : 4160 steps taken, and 607 accepted.
[mcmc] Progress @ 2025-11-30 07:26:53 : 4183 steps taken, and 612 accepted.
[mcmc] Progress @ 2025-11-30 07:27:56 : 4190 steps taken, and 612 accepted.
[mcmc] Progress @ 2025-11-30 07:28:57 : 4207 steps taken, and 613 accepted.
[mcmc] Progress @ 2025-11-30 07:30:09 : 4236 steps taken, and 618 accepted.
[mcmc] Progress @ 2025-11-30 07:31:26 : 4270 steps taken, and 623 accepted.
[mcmc] Progress @ 2025-11-30 07:32:26 : 4282 steps taken, and 625 accepted.
[mcmc] Progress @ 2025-11-30 07:33:37 : 4301 steps taken, and 627 accepted.
[mcmc] Progress @ 2025-11-30 07:34:38 : 4327 steps taken, and 633 accepted.
[mcmc] Progress @ 2025-11-30 07:35:39 : 4346 steps taken, and 635 accepted.
[mcmc] Progress @ 2025-11-30 07:36:54 : 4368 steps taken, and 637 accepted.
[mcmc] Progress @ 2025-11-30 07:37:54 : 4372 steps taken, and 638 accepted.
[mcmc] Progress @ 2025-11-30 07:39:06 : 4393 steps taken, and 641 accepted.
[mcmc] Progress @ 2025-11-30 07:40:07 : 4415 steps taken, and 642 accepted.
[mcmc] Progress @ 2025-11-30 07:41:08 : 4434 steps taken, and 643 accepted.
+00
DEBUG: Ridder field DISABLED. Lambda = 0.000000e+00
DEBUG: Ridder field DISABLED. Lambda = 0.000000e+00
DEBUG: Ridder field DISABLED. Lambda = 0.000000e+00
DEBUG: Ridder field DISABLED. Lambda = 0.000000e+00
DEBUG: Ridder field DISABLED. Lambda = 0.000000e+00
DEBUG: Ridder field DISABLED. Lambda = 0.000000e+00
DEBUG: Ridder field DISABLED. Lambda = 0.000000e+00
DEBUG: Ridder field DISABLED. Lambda = 0.000000e+00
DEBUG: Ridder field DISABLED. Lambda = 0.000000e+00
DEBUG: Ridder field DISABLED. Lambda = 0.000000e+00
DEBUG: Ridder field DISABLED. Lambda = 0.000000e+00
DEBUG: Ridder field DISABLED. Lambda = 0.000000e+00
DEBUG: Ridder field DISABLED. Lambda = 0.000000e+00
DEBUG: Ridder field DISABLED. Lambda = 0.000000e+00
DEBUG: Ridder field DISABLED. Lambda = 0.000000e+00
DEBUG: Ridder field DISABLED. Lambda = 0.000000e+00
DEBUG: Ridder field DISABLED. Lambda = 0.000000e+00
DEBUG: Ridder field DISABLED. Lambda = 0.000000e+00
DEBUG: Ridder field DISABLED. Lambda = 0.000000e+00
DEBUG: Ridder field DISABLED. Lambda = 0.000000e+00
DEBUG: Ridder field DISABLED. Lambda = 0.000000e+00
DEBUG: Ridder field DISABLED. Lambda = 0.000000e+00
DEBUG: Ridder field DISABLED. Lambda = 0.000000e+00
DEBUG: Ridder field DISABLED. Lambda = 0.000000e+00
DEBUG: Ridder field DISABLED. Lambda = 0.000000e+00
DEBUG: Ridder field DISABLED. Lambda = 0.000000e+00
DEBUG: Ridder field DISABLED. Lambda = 0.000000e+00
DEBUG: Ridder field DISABLED. Lambda = 0.000000e+00
DEBUG: Ridder field DISABLED. Lambda = 0.000000e+00
DEBUG: Ridder field DISABLED. Lambda = 0.000000e+00
DEBUG: Ridder field DISABLED. Lambda = 0.000000e+00
DEBUG: Ridder field DISABLED. Lambda = 0.000000e+00
DEBUG: Ridder field DISABLED. Lambda = 0.000000e+00
DEBUG: Ridder field DISABLED. Lambda = 0.000000e+00
DEBUG: Ridder field DISABLED. Lambda = 0.000000e+00
DEBUG: Ridder field DISABLED. Lambda = 0.000000e+00
DEBUG: Ridder field DISABLED. Lambda = 0.000000e+00
DEBUG: Ridder field DISABLED. Lambda = 0.000000e+00
DEBUG: Ridder field DISABLED. Lambda = 0.000000e+00
DEBUG: Ridder field DISABLED. Lambda = 0.000000e+00
DEBUG: Ridder field DISABLED. Lambda = 0.000000e+00
DEBUG: Ridder field DISABLED. Lambda = 0.000000e+00
DEBUG: Ridder field DISABLED. Lambda = 0.000000e+00
DEBUG: Ridder field DISABLED. Lambda = 0.000000e+00
DEBUG: Ridder field DISABLED. Lambda = 0.000000e+00
DEBUG: Ridder field DISABLED. Lambda = 0.000000e+00
DEBUG: Ridder field DISABLED. Lambda = 0.000000e+00
DEBUG: Ridder field DISABLED. Lambda = 0.000000e+00
DEBUG: Ridder field DISABLED. Lambda = 0.000000e+00
DEBUG: Ridder field DISABLED. Lambda = 0.000000e+00
DEBUG: Ridder field DISABLED. Lambda = 0.000000e+00
DEBUG: Ridder field DISABLED. Lambda = 0.000000e+00
DEBUG: Ridder field DISABLED. Lambda = 0.000000e+00
DEBUG: Ridder field DISABLED. Lambda = 0.000000e+00
DEBUG: Ridder field DISABLED. Lambda = 0.000000e+00
DEBUG: Ridder field DISABLED. Lambda = 0.000000e+00
DEBUG: Ridder field DISABLED. Lambda = 0.000000e+00
DEBUG: Ridder field DISABLED. Lambda = 0.000000e+00
DEBUG: Ridder field DISABLED. Lambda = 0.000000e+00
DEBUG: Ridder field DISABLED. Lambda = 0.000000e+00
DEBUG: Ridder field DISABLED. Lambda = 0.000000e+00
DEBUG: Ridder field DISABLED. Lambda = 0.000000e+00
DEBUG: Ridder field DISABLED. Lambda = 0.000000e+00
DEBUG: Ridder field DISABLED. Lambda = 0.000000e+00
DEBUG: Ridder field DISABLED. Lambda = 0.000000e+00
DEBUG: Ridder field DISABLED. Lambda = 0.000000e+00
DEBUG: Ridder field DISABLED. Lambda = 0.000000e+00
DEBUG: Ridder field DISABLED. Lambda = 0.000000e+00
DEBUG: Ridder field DISABLED. Lambda = 0.000000e+00
DEBUG: Ridder field DISABLED. Lambda = 0.000000e+00
DEBUG: Ridder field DISABLED. Lambda = 0.000000e+00
DEBUG: Ridder field DISABLED. Lambda = 0.000000e+00
DEBUG: Ridder field DISABLED. Lambda = 0.000000e+00
DEBUG: Ridder field DISABLED. Lambda = 0.000000e+00
DEBUG: Ridder field DISABLED. Lambda = 0.000000e+00
DEBUG: Ridder field DISABLED. Lambda = 0.000000e+00
DEBUG: Ridder field DISABLED. Lambda = 0.000000e+00
DEBUG: Ridder field DISABLED. Lambda = 0.000000e+00
DEBUG: Ridder field DISABLED. Lambda[mcmc] Progress @ 2025-11-30 07:42:22 : 4453 steps taken, and 646 accepted.
[mcmc] Progress @ 2025-11-30 07:43:26 : 4466 steps taken, and 646 accepted.
[mcmc] Progress @ 2025-11-30 07:44:45 : 4493 steps taken, and 649 accepted.
[mcmc] Progress @ 2025-11-30 07:45:55 : 4515 steps taken, and 652 accepted.
[mcmc] Progress @ 2025-11-30 07:47:03 : 4529 steps taken, and 653 accepted.
[mcmc] Progress @ 2025-11-30 07:48:06 : 4558 steps taken, and 655 accepted.
[mcmc] Progress @ 2025-11-30 07:49:10 : 4573 steps taken, and 656 accepted.
[mcmc] Progress @ 2025-11-30 07:50:21 : 4595 steps taken, and 658 accepted.
[mcmc] Progress @ 2025-11-30 07:51:21 : 4628 steps taken, and 663 accepted.
[mcmc] Progress @ 2025-11-30 07:52:28 : 4641 steps taken, and 664 accepted.
[mcmc] Progress @ 2025-11-30 07:53:43 : 4662 steps taken, and 667 accepted.
[mcmc] Progress @ 2025-11-30 07:55:04 : 4682 steps taken, and 670 accepted.
[mcmc] Progress @ 2025-11-30 07:56:23 : 4706 steps taken, and 677 accepted.
[mcmc] Progress @ 2025-11-30 07:57:44 : 4724 steps taken, and 679 accepted.
[mcmc] Progress @ 2025-11-30 07:58:44 : 4733 steps taken, and 679 accepted.
[mcmc] Progress @ 2025-11-30 08:00:06 : 4773 steps taken, and 687 accepted.
[mcmc] Progress @ 2025-11-30 08:01:24 : 4796 steps taken, and 690 accepted.
[mcmc] Progress @ 2025-11-30 08:02:25 : 4824 steps taken, and 693 accepted.
[mcmc] Progress @ 2025-11-30 08:03:28 : 4835 steps taken, and 696 accepted.
[mcmc] Progress @ 2025-11-30 08:04:30 : 4850 steps taken, and 699 accepted.
[mcmc] Progress @ 2025-11-30 08:05:42 : 4872 steps taken, and 703 accepted.
[mcmc] Progress @ 2025-11-30 08:07:00 : 4886 steps taken, and 706 accepted.
 = 0.000000e+00
DEBUG: Ridder field DISABLED. Lambda = 0.000000e+00
DEBUG: Ridder field DISABLED. Lambda = 0.000000e+00
DEBUG: Ridder field DISABLED. Lambda = 0.000000e+00
DEBUG: Ridder field DISABLED. Lambda = 0.000000e+00
DEBUG: Ridder field DISABLED. Lambda = 0.000000e+00
DEBUG: Ridder field DISABLED. Lambda = 0.000000e+00
DEBUG: Ridder field DISABLED. Lambda = 0.000000e+00
DEBUG: Ridder field DISABLED. Lambda = 0.000000e+00
DEBUG: Ridder field DISABLED. Lambda = 0.000000e+00
DEBUG: Ridder field DISABLED. Lambda = 0.000000e+00
DEBUG: Ridder field DISABLED. Lambda = 0.000000e+00
DEBUG: Ridder field DISABLED. Lambda = 0.000000e+00
DEBUG: Ridder field DISABLED. Lambda = 0.000000e+00
DEBUG: Ridder field DISABLED. Lambda = 0.000000e+00
DEBUG: Ridder field DISABLED. Lambda = 0.000000e+00
DEBUG: Ridder field DISABLED. Lambda = 0.000000e+00
DEBUG: Ridder field DISABLED. Lambda = 0.000000e+00
DEBUG: Ridder field DISABLED. Lambda = 0.000000e+00
DEBUG: Ridder field DISABLED. Lambda = 0.000000e+00
DEBUG: Ridder field DISABLED. Lambda = 0.000000e+00
DEBUG: Ridder field DISABLED. Lambda = 0.000000e+00
DEBUG: Ridder field DISABLED. Lambda = 0.000000e+00
DEBUG: Ridder field DISABLED. Lambda = 0.000000e+00
DEBUG: Ridder field DISABLED. Lambda = 0.000000e+00
DEBUG: Ridder field DISABLED. Lambda = 0.000000e+00
DEBUG: Ridder field DISABLED. Lambda = 0.000000e+00
DEBUG: Ridder field DISABLED. Lambda = 0.000000e+00
DEBUG: Ridder field DISABLED. Lambda = 0.000000e+00
DEBUG: Ridder field DISABLED. Lambda = 0.000000e+00
DEBUG: Ridder field DISABLED. Lambda = 0.000000e+00
DEBUG: Ridder field DISABLED. Lambda = 0.000000e+00
DEBUG: Ridder field DISABLED. Lambda = 0.000000e+00
DEBUG: Ridder field DISABLED. Lambda = 0.000000e+00
DEBUG: Ridder field DISABLED. Lambda = 0.000000e+00
DEBUG: Ridder field DISABLED. Lambda = 0.000000e+00
DEBUG: Ridder field DISABLED. Lambda = 0.000000e+00
DEBUG: Ridder field DISABLED. Lambda = 0.000000e+00
DEBUG: Ridder field DISABLED. Lambda = 0.000000e+00
DEBUG: Ridder field DISABLED. Lambda = 0.000000e+00
DEBUG: Ridder field DISABLED. Lambda = 0.000000e+00
DEBUG: Ridder field DISABLED. Lambda = 0.000000e+00
DEBUG: Ridder field DISABLED. Lambda = 0.000000e+00
DEBUG: Ridder field DISABLED. Lambda = 0.000000e+00
DEBUG: Ridder field DISABLED. Lambda = 0.000000e+00
DEBUG: Ridder field DISABLED. Lambda = 0.000000e+00
DEBUG: Ridder field DISABLED. Lambda = 0.000000e+00
DEBUG: Ridder field DISABLED. Lambda = 0.000000e+00
DEBUG: Ridder field DISABLED. Lambda = 0.000000e+00
DEBUG: Ridder field DISABLED. Lambda = 0.000000e+00
DEBUG: Ridder field DISABLED. Lambda = 0.000000e+00
DEBUG: Ridder field DISABLED. Lambda = 0.000000e+00
DEBUG: Ridder field DISABLED. Lambda = 0.000000e+00
DEBUG: Ridder field DISABLED. Lambda = 0.000000e+00
DEBUG: Ridder field DISABLED. Lambda = 0.000000e+00
DEBUG: Ridder field DISABLED. Lambda = 0.000000e+00
DEBUG: Ridder field DISABLED. Lambda = 0.000000e+00
DEBUG: Ridder field DISABLED. Lambda = 0.000000e+00
DEBUG: Ridder field DISABLED. Lambda = 0.000000e+00
DEBUG: Ridder field DISABLED. Lambda = 0.000000e+00
DEBUG: Ridder field DISABLED. Lambda = 0.000000e+00
DEBUG: Ridder field DISABLED. Lambda = 0.000000e+00
DEBUG: Ridder field DISABLED. Lambda = 0.000000e+00
DEBUG: Ridder field DISABLED. Lambda = 0.000000e+00
DEBUG: Ridder field DISABLED. Lambda = 0.000000e+00
DEBUG: Ridder field DISABLED. Lambda = 0.000000e+00
DEBUG: Ridder field DISABLED. Lambda = 0.000000e+00
DEBUG: Ridder field DISABLED. Lambda = 0.000000e+00
DEBUG: Ridder field DISABLED. Lambda = 0.000000e+00
DEBUG: Ridder field DISABLED. Lambda = 0.000000e+00
DEBUG: Ridder field DISABLED. Lambda = 0.000000e+00
DEBUG: Ridder field DISABLED. Lambda = 0.000000e+00
DEBUG: Ridder field DISABLED. Lambda = 0.000000e+00
DEBUG: Ridder field DISABLED. Lambda = 0.000000e+00
DEBUG: Ridder field DISABLED. Lambda = 0.000000e+00
DEBUG: Ridder field DISABLED. Lambda = 0.000000e+00
DEBUG: Ridder field DISABLED. Lambda = 0.000000e+00
DEBUG: Ridder field DISABLED. Lambda = 0.000000e+00
DEBUG: Ridder field DISABLED. Lambda = 0.000000e+00
DEBUG: Ridder field DISA[mcmc] Progress @ 2025-11-30 08:08:00 : 4894 steps taken, and 707 accepted.
[mcmc] Progress @ 2025-11-30 08:09:22 : 4923 steps taken, and 712 accepted.
[mcmc] Progress @ 2025-11-30 08:10:47 : 4954 steps taken, and 717 accepted.
[mcmc] Progress @ 2025-11-30 08:11:53 : 4963 steps taken, and 717 accepted.
[mcmc] Progress @ 2025-11-30 08:13:18 : 4986 steps taken, and 721 accepted.
[mcmc] Progress @ 2025-11-30 08:14:25 : 4994 steps taken, and 723 accepted.
[mcmc] Progress @ 2025-11-30 08:15:39 : 5020 steps taken, and 727 accepted.
[mcmc] Progress @ 2025-11-30 08:16:40 : 5049 steps taken, and 733 accepted.
[mcmc] Progress @ 2025-11-30 08:17:54 : 5063 steps taken, and 734 accepted.
[mcmc] Progress @ 2025-11-30 08:19:00 : 5074 steps taken, and 736 accepted.
[mcmc] Progress @ 2025-11-30 08:20:22 : 5098 steps taken, and 740 accepted.
[mcmc] Progress @ 2025-11-30 08:21:42 : 5111 steps taken, and 742 accepted.
[mcmc] Progress @ 2025-11-30 08:23:10 : 5149 steps taken, and 750 accepted.
[mcmc] Progress @ 2025-11-30 08:24:28 : 5163 steps taken, and 750 accepted.
[mcmc] Progress @ 2025-11-30 08:25:54 : 5196 steps taken, and 758 accepted.
[mcmc] Progress @ 2025-11-30 08:27:22 : 5202 steps taken, and 759 accepted.
[mcmc] Progress @ 2025-11-30 08:28:36 : 5241 steps taken, and 766 accepted.
[mcmc] Progress @ 2025-11-30 08:30:05 : 5269 steps taken, and 769 accepted.
[mcmc] Progress @ 2025-11-30 08:31:14 : 5291 steps taken, and 772 accepted.
[mcmc] Progress @ 2025-11-30 08:32:43 : 5310 steps taken, and 777 accepted.
[mcmc] Progress @ 2025-11-30 08:33:59 : 5322 steps taken, and 779 accepted.
BLED. Lambda = 0.000000e+00
DEBUG: Ridder field DISABLED. Lambda = 0.000000e+00
DEBUG: Ridder field DISABLED. Lambda = 0.000000e+00
DEBUG: Ridder field DISABLED. Lambda = 0.000000e+00
DEBUG: Ridder field DISABLED. Lambda = 0.000000e+00
DEBUG: Ridder field DISABLED. Lambda = 0.000000e+00
DEBUG: Ridder field DISABLED. Lambda = 0.000000e+00
DEBUG: Ridder field DISABLED. Lambda = 0.000000e+00
DEBUG: Ridder field DISABLED. Lambda = 0.000000e+00
DEBUG: Ridder field DISABLED. Lambda = 0.000000e+00
DEBUG: Ridder field DISABLED. Lambda = 0.000000e+00
DEBUG: Ridder field DISABLED. Lambda = 0.000000e+00
DEBUG: Ridder field DISABLED. Lambda = 0.000000e+00
DEBUG: Ridder field DISABLED. Lambda = 0.000000e+00
DEBUG: Ridder field DISABLED. Lambda = 0.000000e+00
DEBUG: Ridder field DISABLED. Lambda = 0.000000e+00
DEBUG: Ridder field DISABLED. Lambda = 0.000000e+00
DEBUG: Ridder field DISABLED. Lambda = 0.000000e+00
DEBUG: Ridder field DISABLED. Lambda = 0.000000e+00
DEBUG: Ridder field DISABLED. Lambda = 0.000000e+00
DEBUG: Ridder field DISABLED. Lambda = 0.000000e+00
DEBUG: Ridder field DISABLED. Lambda = 0.000000e+00
DEBUG: Ridder field DISABLED. Lambda = 0.000000e+00
DEBUG: Ridder field DISABLED. Lambda = 0.000000e+00
DEBUG: Ridder field DISABLED. Lambda = 0.000000e+00
DEBUG: Ridder field DISABLED. Lambda = 0.000000e+00
DEBUG: Ridder field DISABLED. Lambda = 0.000000e+00
DEBUG: Ridder field DISABLED. Lambda = 0.000000e+00
DEBUG: Ridder field DISABLED. Lambda = 0.000000e+00
DEBUG: Ridder field DISABLED. Lambda = 0.000000e+00
DEBUG: Ridder field DISABLED. Lambda = 0.000000e+00
DEBUG: Ridder field DISABLED. Lambda = 0.000000e+00
DEBUG: Ridder field DISABLED. Lambda = 0.000000e+00
DEBUG: Ridder field DISABLED. Lambda = 0.000000e+00
DEBUG: Ridder field DISABLED. Lambda = 0.000000e+00
DEBUG: Ridder field DISABLED. Lambda = 0.000000e+00
DEBUG: Ridder field DISABLED. Lambda = 0.000000e+00
DEBUG: Ridder field DISABLED. Lambda = 0.000000e+00
DEBUG: Ridder field DISABLED. Lambda = 0.000000e+00
DEBUG: Ridder field DISABLED. Lambda = 0.000000e+00
DEBUG: Ridder field DISABLED. Lambda = 0.000000e+00
DEBUG: Ridder field DISABLED. Lambda = 0.000000e+00
DEBUG: Ridder field DISABLED. Lambda = 0.000000e+00
DEBUG: Ridder field DISABLED. Lambda = 0.000000e+00
DEBUG: Ridder field DISABLED. Lambda = 0.000000e+00
DEBUG: Ridder field DISABLED. Lambda = 0.000000e+00
DEBUG: Ridder field DISABLED. Lambda = 0.000000e+00
DEBUG: Ridder field DISABLED. Lambda = 0.000000e+00
DEBUG: Ridder field DISABLED. Lambda = 0.000000e+00
DEBUG: Ridder field DISABLED. Lambda = 0.000000e+00
DEBUG: Ridder field DISABLED. Lambda = 0.000000e+00
DEBUG: Ridder field DISABLED. Lambda = 0.000000e+00
DEBUG: Ridder field DISABLED. Lambda = 0.000000e+00
DEBUG: Ridder field DISABLED. Lambda = 0.000000e+00
DEBUG: Ridder field DISABLED. Lambda = 0.000000e+00
DEBUG: Ridder field DISABLED. Lambda = 0.000000e+00
DEBUG: Ridder field DISABLED. Lambda = 0.000000e+00
DEBUG: Ridder field DISABLED. Lambda = 0.000000e+00
DEBUG: Ridder field DISABLED. Lambda = 0.000000e+00
DEBUG: Ridder field DISABLED. Lambda = 0.000000e+00
DEBUG: Ridder field DISABLED. Lambda = 0.000000e+00
DEBUG: Ridder field DISABLED. Lambda = 0.000000e+00
DEBUG: Ridder field DISABLED. Lambda = 0.000000e+00
DEBUG: Ridder field DISABLED. Lambda = 0.000000e+00
DEBUG: Ridder field DISABLED. Lambda = 0.000000e+00
DEBUG: Ridder field DISABLED. Lambda = 0.000000e+00
DEBUG: Ridder field DISABLED. Lambda = 0.000000e+00
DEBUG: Ridder field DISABLED. Lambda = 0.000000e+00
DEBUG: Ridder field DISABLED. Lambda = 0.000000e+00
DEBUG: Ridder field DISABLED. Lambda = 0.000000e+00
DEBUG: Ridder field DISABLED. Lambda = 0.000000e+00
DEBUG: Ridder field DISABLED. Lambda = 0.000000e+00
DEBUG: Ridder field DISABLED. Lambda = 0.000000e+00
DEBUG: Ridder field DISABLED. Lambda = 0.000000e+00
DEBUG: Ridder field DISABLED. Lambda = 0.000000e+00
DEBUG: Ridder field DISABLED. Lambda = 0.000000e+00
DEBUG: Ridder field DISABLED. Lambda = 0.000000e+00
DEBUG: Ridder field DISABLED. Lambda = 0.000000e+00
DEBUG: Ridder field DISABLED. Lambda = 0.000000e+00
DEBUG: Ridde[mcmc] Progress @ 2025-11-30 08:35:19 : 5341 steps taken, and 782 accepted.
[mcmc] Progress @ 2025-11-30 08:36:23 : 5354 steps taken, and 785 accepted.
[mcmc] Progress @ 2025-11-30 08:37:27 : 5364 steps taken, and 786 accepted.
[mcmc] Progress @ 2025-11-30 08:38:49 : 5371 steps taken, and 786 accepted.
[mcmc] Progress @ 2025-11-30 08:40:25 : 5392 steps taken, and 790 accepted.
[mcmc] Progress @ 2025-11-30 08:41:26 : 5403 steps taken, and 791 accepted.
[mcmc] Progress @ 2025-11-30 08:42:26 : 5437 steps taken, and 797 accepted.
[mcmc] Progress @ 2025-11-30 08:43:53 : 5452 steps taken, and 798 accepted.
[mcmc] Progress @ 2025-11-30 08:44:59 : 5470 steps taken, and 800 accepted.
[mcmc] Progress @ 2025-11-30 08:46:14 : 5474 steps taken, and 800 accepted.
[mcmc] Progress @ 2025-11-30 08:47:15 : 5489 steps taken, and 801 accepted.
[mcmc] Progress @ 2025-11-30 08:48:18 : 5506 steps taken, and 802 accepted.
[mcmc] Progress @ 2025-11-30 08:49:18 : 5528 steps taken, and 806 accepted.
[mcmc] Progress @ 2025-11-30 08:50:46 : 5538 steps taken, and 807 accepted.
[mcmc] Progress @ 2025-11-30 08:52:04 : 5570 steps taken, and 809 accepted.
[mcmc] Progress @ 2025-11-30 08:53:05 : 5586 steps taken, and 810 accepted.
[mcmc] Progress @ 2025-11-30 08:54:29 : 5597 steps taken, and 811 accepted.
[mcmc] Progress @ 2025-11-30 08:56:01 : 5611 steps taken, and 812 accepted.
[mcmc] Progress @ 2025-11-30 08:57:32 : 5623 steps taken, and 812 accepted.
[mcmc] Progress @ 2025-11-30 08:58:34 : 5646 steps taken, and 816 accepted.
[mcmc] Progress @ 2025-11-30 09:00:11 : 5663 steps taken, and 819 accepted.
[mcmc] Progress @ 2025-11-30 09:01:47 : 5683 steps taken, and 822 accepted.
[mcmc] Progress @ 2025-11-30 09:02:48 : 5705 steps taken, and 826 accepted.
[mcmc] Progress @ 2025-11-30 09:03:51 : 5718 steps taken, and 828 accepted.
[mcmc] Progress @ 2025-11-30 09:04:53 : 5762 steps taken, and 835 accepted.
[mcmc] Progress @ 2025-11-30 09:06:10 : 5767 steps taken, and 835 accepted.
[mcmc] Progress @ 2025-11-30 09:07:31 : 5775 steps taken, and 836 accepted.
[mcmc] Progress @ 2025-11-30 09:08:47 : 5783 steps taken, and 837 accepted.
[mcmc] Progress @ 2025-11-30 09:09:48 : 5802 steps taken, and 839 accepted.
r field DISABLED. Lambda = 0.000000e+00
DEBUG: Ridder field DISABLED. Lambda = 0.000000e+00
DEBUG: Ridder field DISABLED. Lambda = 0.000000e+00
DEBUG: Ridder field DISABLED. Lambda = 0.000000e+00
DEBUG: Ridder field DISABLED. Lambda = 0.000000e+00
DEBUG: Ridder field DISABLED. Lambda = 0.000000e+00
DEBUG: Ridder field DISABLED. Lambda = 0.000000e+00
DEBUG: Ridder field DISABLED. Lambda = 0.000000e+00
DEBUG: Ridder field DISABLED. Lambda = 0.000000e+00
DEBUG: Ridder field DISABLED. Lambda = 0.000000e+00
DEBUG: Ridder field DISABLED. Lambda = 0.000000e+00
DEBUG: Ridder field DISABLED. Lambda = 0.000000e+00
DEBUG: Ridder field DISABLED. Lambda = 0.000000e+00
DEBUG: Ridder field DISABLED. Lambda = 0.000000e+00
DEBUG: Ridder field DISABLED. Lambda = 0.000000e+00
DEBUG: Ridder field DISABLED. Lambda = 0.000000e+00
DEBUG: Ridder field DISABLED. Lambda = 0.000000e+00
DEBUG: Ridder field DISABLED. Lambda = 0.000000e+00
DEBUG: Ridder field DISABLED. Lambda = 0.000000e+00
DEBUG: Ridder field DISABLED. Lambda = 0.000000e+00
DEBUG: Ridder field DISABLED. Lambda = 0.000000e+00
DEBUG: Ridder field DISABLED. Lambda = 0.000000e+00
DEBUG: Ridder field DISABLED. Lambda = 0.000000e+00
DEBUG: Ridder field DISABLED. Lambda = 0.000000e+00
DEBUG: Ridder field DISABLED. Lambda = 0.000000e+00
DEBUG: Ridder field DISABLED. Lambda = 0.000000e+00
DEBUG: Ridder field DISABLED. Lambda = 0.000000e+00
DEBUG: Ridder field DISABLED. Lambda = 0.000000e+00
DEBUG: Ridder field DISABLED. Lambda = 0.000000e+00
DEBUG: Ridder field DISABLED. Lambda = 0.000000e+00
DEBUG: Ridder field DISABLED. Lambda = 0.000000e+00
DEBUG: Ridder field DISABLED. Lambda = 0.000000e+00
DEBUG: Ridder field DISABLED. Lambda = 0.000000e+00
DEBUG: Ridder field DISABLED. Lambda = 0.000000e+00
DEBUG: Ridder field DISABLED. Lambda = 0.000000e+00
DEBUG: Ridder field DISABLED. Lambda = 0.000000e+00
DEBUG: Ridder field DISABLED. Lambda = 0.000000e+00
DEBUG: Ridder field DISABLED. Lambda = 0.000000e+00
DEBUG: Ridder field DISABLED. Lambda = 0.000000e+00
DEBUG: Ridder field DISABLED. Lambda = 0.000000e+00
DEBUG: Ridder field DISABLED. Lambda = 0.000000e+00
DEBUG: Ridder field DISABLED. Lambda = 0.000000e+00
DEBUG: Ridder field DISABLED. Lambda = 0.000000e+00
DEBUG: Ridder field DISABLED. Lambda = 0.000000e+00
DEBUG: Ridder field DISABLED. Lambda = 0.000000e+00
DEBUG: Ridder field DISABLED. Lambda = 0.000000e+00
DEBUG: Ridder field DISABLED. Lambda = 0.000000e+00
DEBUG: Ridder field DISABLED. Lambda = 0.000000e+00
DEBUG: Ridder field DISABLED. Lambda = 0.000000e+00
DEBUG: Ridder field DISABLED. Lambda = 0.000000e+00
DEBUG: Ridder field DISABLED. Lambda = 0.000000e+00
DEBUG: Ridder field DISABLED. Lambda = 0.000000e+00
DEBUG: Ridder field DISABLED. Lambda = 0.000000e+00
DEBUG: Ridder field DISABLED. Lambda = 0.000000e+00
DEBUG: Ridder field DISABLED. Lambda = 0.000000e+00
DEBUG: Ridder field DISABLED. Lambda = 0.000000e+00
DEBUG: Ridder field DISABLED. Lambda = 0.000000e+00
DEBUG: Ridder field DISABLED. Lambda = 0.000000e+00
DEBUG: Ridder field DISABLED. Lambda = 0.000000e+00
DEBUG: Ridder field DISABLED. Lambda = 0.000000e+00
DEBUG: Ridder field DISABLED. Lambda = 0.000000e+00
DEBUG: Ridder field DISABLED. Lambda = 0.000000e+00
DEBUG: Ridder field DISABLED. Lambda = 0.000000e+00
DEBUG: Ridder field DISABLED. Lambda = 0.000000e+00
DEBUG: Ridder field DISABLED. Lambda = 0.000000e+00
DEBUG: Ridder field DISABLED. Lambda = 0.000000e+00
DEBUG: Ridder field DISABLED. Lambda = 0.000000e+00
DEBUG: Ridder field DISABLED. Lambda = 0.000000e+00
DEBUG: Ridder field DISABLED. Lambda = 0.000000e+00
DEBUG: Ridder field DISABLED. Lambda = 0.000000e+00
DEBUG: Ridder field DISABLED. Lambda = 0.000000e+00
DEBUG: Ridder field DISABLED. Lambda = 0.000000e+00
DEBUG: Ridder field DISABLED. Lambda = 0.000000e+00
DEBUG: Ridder field DISABLED. Lambda = 0.000000e+00
DEBUG: Ridder field DISABLED. Lambda = 0.000000e+00
DEBUG: Ridder field DISABLED. Lambda = 0.000000e+00
DEBUG: Ridder field DISABLED. Lambda = 0.000000e+00
DEBUG: Ridder field DISABLED. Lambda = 0.000000e+00
DEBUG: Ridder field DISABLED. Lambda = 0.000000e+00
[mcmc] Progress @ 2025-11-30 09:10:50 : 5819 steps taken, and 843 accepted.
[mcmc] Progress @ 2025-11-30 09:12:06 : 5828 steps taken, and 845 accepted.
