[output] Output to be read-from/written-into folder 'chains', with prefix 'tier5_v3_baseline_working'
[prior] *WARNING* External prior 'SZ' loaded. Mind that it might not be normalized!
[classy] `classy` module loaded successfully from /home/ridderadmin/Ridder-Field/phase2/class
[planck_2018_highl_plik.ttteee] `clipy` module loaded successfully from /home/ridderadmin/Ridder-Field/phase3/packages/code/planck/clipy/clipy
----
clipy_0.15
Checking likelihood '/home/ridderadmin/Ridder-Field/phase3/packages/data/planck_2018/baseline/plc_3.0/hi_l/plik/plik_rd12_HM_v22b_TTTEEE.clik' on test data. got -1172.47 expected -1172.47 (diff 4.00569e-06)
----
[planck_2018_lensing.clik] `clipy` module loaded successfully from /home/ridderadmin/Ridder-Field/phase3/packages/code/planck/clipy/clipy
----
clipy_0.15
Checking likelihood '/home/ridderadmin/Ridder-Field/phase3/packages/data/planck_2018/baseline/plc_3.0/lensing/smicadx12_Dec5_ftl_mv2_ndclpp_p_teb_consext8.clik_lensing' on test data. got -4.42102
----
[bao.sixdf_2011_bao] Initialized.
[bao.sdss_dr12_consensus_bao] Initialized.
[mcmc] Getting initial point... (this may take a few seconds)
[mcmc] Initial point: logA:3.044, n_s:0.9649, H0:67.5, omega_b:0.02237, omega_cdm:0.12, tau_reio:0.0544, ridder_Lambda_EDE_eV:0.5, ridder_a_c:0.0003, ridder_sigma_lna:0.6, A_planck:0.9978479, calib_100T:1.000129, calib_217T:0.9984957, A_cib_217:80.40128, xi_sz_cib:0.1283199, A_sz:2.530406, ksz_norm:0.06102443, gal545_A_100:7.736167, gal545_A_143:5.980513, gal545_A_143_217:21.08665, gal545_A_217:80.15148, ps_A_100_100:211.6803, ps_A_143_143:50.42634, ps_A_143_217:31.04284, ps_A_217_217:116.293, galf_TE_A_100:0.1153814, galf_TE_A_100_143:0.1296289, galf_TE_A_100_217:0.3814768, galf_TE_A_143:0.1125877, galf_TE_A_143_217:0.7156422, galf_TE_A_217:1.814204
[model] Measuring speeds... (this may take a few seconds)
DEBUG INPUT.C: Just set model_type to 2 (should be 2)

DEBUG: Reading v3 canonical parameters...
  f_eV = 2.000000e+26 eV
  Lambda_EDE = 5.000000e-01 eV, theta_E_center = 0.00, sigma_E = 0.40
  Lambda_tail = 2.300000e-03 eV, alpha_tail = 1.00
BACKGROUND_INIT ENTERED: Lambda=0.00e+00
DEBUG BG_INIT ENTRY: model_type=2
DEBUG AFTER CHECKS: model_type=2 has_ridder=1
RIDDER DEBUG (background_init): has_ridder=1, Lambda_EDE_ridder=0.000000e+00, f_axion_ridder=1.000000e+16, theta_i_ridder=2.800000e+00, beta_ridder=0.000000e+00
BG_INIT: entering background_checks
BG_INIT: background_checks OK
RIDDER FREEZE FLAG (from input): ridder_freeze_phi = 0, force_damping = 1.000e+00
DEBUG SHOOTING CHECK: has_ridder=1, model_type=2 (unified=1), use_shooting_EDE=0
BG_INIT: entering background_solve
BACKGROUND_SOLVE ENTERED: has_ridder=1 Lambda=0.00e+00
RIDDER IC DEBUG: model_type=2 f_for_ic=2.000000e+26 theta_i=2.800000e+00 phi_ini=5.600000e+26
V3_CANON BRANCH HIT! model_type=2
V3_POT: a=1.000e-14 theta=2.80 V_theta=4.579e-01 Lambda_EDE=5.000e-01
V3_POT: a=1.000e-14 theta=2.80 V_theta=4.579e-01 Lambda_EDE=5.000e-01
V3_POT: a=1.000e-14 theta=2.80 V_theta=4.579e-01 Lambda_EDE=5.000e-01
V3_POT: a=1.000e-14 theta=2.80 V_theta=4.579e-01 Lambda_EDE=5.000e-01
ABOUT TO INTEGRATE: bi_size=7 has_ridder=1 Lambda=0.00e+00
BG_DERIVS: FIRST CALL at a = 1.000e-14
  phi_ridder = 5.600e+26 eV, phi_prime_ridder = 0.000e+00 eV/Mpc
V3_CANON BRANCH HIT! model_type=2
V3_POT: a=1.000e-14 theta=2.80 V_theta=4.579e-01 Lambda_EDE=5.000e-01
RIDDER DERIVS: First call! has_ridder=1 Lambda=0.00e+00 fluid_mode=0
CHECKPOINT_A: call#=1
CHECKPOINT_B: call#=1
CHECKPOINT_C: call#=1
CHECKPOINT_E: After switching block
CHECKPOINT_F: After debug block
PRE_IF: call#=1 fluid_mode=0 _FALSE_=0 condition=1
V3_CANON BRANCH HIT! model_type=2
CHECKPOINT_A: call#=2
CHECKPOINT_B: call#=2
CHECKPOINT_C: call#=2
CHECKPOINT_E: After switching block
CHECKPOINT_F: After debug block
PRE_IF: call#=2 fluid_mode=0 _FALSE_=0 condition=1
CHECKPOINT_A: call#=3
CHECKPOINT_B: call#=3
CHECKPOINT_C: call#=3
CHECKPOINT_E: After switching block
CHECKPOINT_F: After debug block
PRE_IF: call#=3 fluid_mode=0 _FALSE_=0 condition=1
CHECKPOINT_A: call#=4
CHECKPOINT_B: call#=4
CHECKPOINT_C: call#=4
CHECKPOINT_E: After switching block
CHECKPOINT_F: After debug block
PRE_IF: call#=4 fluid_mode=0 _FALSE_=0 condition=1
PRE_IF: call#=5 fluid_mode=0 _FALSE_=0 condition=1
PRE_IF: call#=6 fluid_mode=0 _FALSE_=0 condition=1
PRE_IF: call#=7 fluid_mode=0 _FALSE_=0 condition=1
PRE_IF: call#=8 fluid_mode=0 _FALSE_=0 condition=1
PRE_IF: call#=9 fluid_mode=0 _FALSE_=0 condition=1
BG_INIT: background_solve OK

========================================
RIDDER FINAL STATE (a=1, z=0):
  rho_ridder = 2.857556e-15 Mpc^-2
  rho_tot    = 5.069512e-08 Mpc^-2
  f_ridder   = 5.636748e-08 (fraction of total)
  Omega_ridder = 0.000000 (if f ~ Omega_Lambda)
========================================

RIDDER IC: k=5.620e+00 coeff=2.274e-13 delta_g=-1.633e-03
RIDDER IC: k=4.464e+00 coeff=4.547e-13 delta_g=-1.633e-03
RIDDER IC: k=2.817e+00 coeff=3.524e-12 delta_g=-1.633e-03
DEBUG INPUT.C: Just set model_type to 2 (should be 2)

DEBUG: Reading v3 canonical parameters...
  f_eV = 2.000000e+26 eV
  Lambda_EDE = 4.537286e-01 eV, theta_E_center = 0.00, sigma_E = 0.40
  Lambda_tail = 2.300000e-03 eV, alpha_tail = 1.00
BACKGROUND_INIT ENTERED: Lambda=0.00e+00
DEBUG BG_INIT ENTRY: model_type=2
DEBUG AFTER CHECKS: model_type=2 has_ridder=1
RIDDER DEBUG (background_init): has_ridder=1, Lambda_EDE_ridder=0.000000e+00, f_axion_ridder=1.000000e+16, theta_i_ridder=2.800000e+00, beta_ridder=0.000000e+00
BG_INIT: entering background_checks
BG_INIT: background_checks OK
RIDDER FREEZE FLAG (from input): ridder_freeze_phi = 0, force_damping = 1.000e+00
DEBUG SHOOTING CHECK: has_ridder=1, model_type=2 (unified=1), use_shooting_EDE=0
BG_INIT: entering background_solve
BACKGROUND_SOLVE ENTERED: has_ridder=1 Lambda=0.00e+00
RIDDER IC DEBUG: model_type=2 f_for_ic=2.000000e+26 theta_i=2.800000e+00 phi_ini=5.600000e+26
ABOUT TO INTEGRATE: bi_size=7 has_ridder=1 Lambda=0.00e+0[model] Setting measured speeds (per sec): {planck_2018_lowl.TT: 270.0, planck_2018_lowl.EE: 3300.0, planck_2018_highl_plik.TTTEEE: 2.29, planck_2018_lensing.clik: 94.3, bao.sixdf_2011_bao: 1190.0, bao.sdss_dr7_mgs: 2170.0, bao.sdss_dr12_consensus_bao: 1080.0, classy: 0.0652}
[mcmc] Oversampling with factors:
[mcmc] * 1 : ['logA', 'n_s', 'H0', 'omega_b', 'omega_cdm', 'tau_reio', 'ridder_Lambda_EDE_eV', 'ridder_a_c', 'ridder_sigma_lna']
[mcmc] * 4 : ['A_planck']
[mcmc] * 4 : ['calib_100T', 'calib_217T', 'A_cib_217', 'xi_sz_cib', 'A_sz', 'ksz_norm', 'gal545_A_100', 'gal545_A_143', 'gal545_A_143_217', 'gal545_A_217', 'ps_A_100_100', 'ps_A_143_143', 'ps_A_143_217', 'ps_A_217_217', 'galf_TE_A_100', 'galf_TE_A_100_143', 'galf_TE_A_100_217', 'galf_TE_A_143', 'galf_TE_A_143_217', 'galf_TE_A_217']
[mcmc] Covariance matrix not present. We will start learning the covariance of the proposal earlier: R-1 = 30 (would be 2 if all params loaded).
[mcmc] Sampling! (NB: no accepted step will be saved until 50 burn-in samples have been obtained)
0
DERIVS_ENTRY: call#=5000 has_ridder=1 Lambda=0.00e+00 a=3.90e-04
BG_INIT: background_solve OK

========================================
RIDDER FINAL STATE (a=1, z=0):
  rho_ridder = 3.115510e-15 Mpc^-2
  rho_tot    = 5.012228e-08 Mpc^-2
  f_ridder   = 6.215819e-08 (fraction of total)
  Omega_ridder = 0.000000 (if f ~ Omega_Lambda)
========================================

DEBUG INPUT.C: Just set model_type to 2 (should be 2)

DEBUG: Reading v3 canonical parameters...
  f_eV = 2.000000e+26 eV
  Lambda_EDE = 5.218495e-01 eV, theta_E_center = 0.00, sigma_E = 0.40
  Lambda_tail = 2.300000e-03 eV, alpha_tail = 1.00
BACKGROUND_INIT ENTERED: Lambda=0.00e+00
DEBUG BG_INIT ENTRY: model_type=2
DEBUG AFTER CHECKS: model_type=2 has_ridder=1
RIDDER DEBUG (background_init): has_ridder=1, Lambda_EDE_ridder=0.000000e+00, f_axion_ridder=1.000000e+16, theta_i_ridder=2.800000e+00, beta_ridder=0.000000e+00
BG_INIT: entering background_checks
BG_INIT: background_checks OK
RIDDER FREEZE FLAG (from input): ridder_freeze_phi = 0, force_damping = 1.000e+00
DEBUG SHOOTING CHECK: has_ridder=1, model_type=2 (unified=1), use_shooting_EDE=0
BG_INIT: entering background_solve
BACKGROUND_SOLVE ENTERED: has_ridder=1 Lambda=0.00e+00
RIDDER IC DEBUG: model_type=2 f_for_ic=2.000000e+26 theta_i=2.800000e+00 phi_ini=5.600000e+26
ABOUT TO INTEGRATE: bi_size=7 has_ridder=1 Lambda=0.00e+00
DERIVS_ENTRY: call#=10000 has_ridder=1 Lambda=0.00e+00 a=6.68e-02
BG_INIT: background_solve OK

========================================
RIDDER FINAL STATE (a=1, z=0):
  rho_ridder = 2.571355e-15 Mpc^-2
  rho_tot    = 5.154855e-08 Mpc^-2
  f_ridder   = 4.988219e-08 (fraction of total)
  Omega_ridder = 0.000000 (if f ~ Omega_Lambda)
========================================

DEBUG INPUT.C: Just set model_type to 2 (should be 2)

DEBUG: Reading v3 canonical parameters...
  f_eV = 2.000000e+26 eV
  Lambda_EDE = 4.446181e-01 eV, theta_E_center = 0.00, sigma_E = 0.40
  Lambda_tail = 2.300000e-03 eV, alpha_tail = 1.00
BACKGROUND_INIT ENTERED: Lambda=0.00e+00
DEBUG BG_INIT ENTRY: model_type=2
DEBUG AFTER CHECKS: model_type=2 has_ridder=1
RIDDER DEBUG (background_init): has_ridder=1, Lambda_EDE_ridder=0.000000e+00, f_axion_ridder=1.000000e+16, theta_i_ridder=2.800000e+00, beta_ridder=0.000000e+00
BG_INIT: entering background_checks
BG_INIT: background_checks OK
RIDDER FREEZE FLAG (from input): ridder_freeze_phi = 0, force_damping = 1.000e+00
DEBUG SHOOTING CHECK: has_ridder=1, model_type=2 (unified=1), use_shooting_EDE=0
BG_INIT: entering background_solve
BACKGROUND_SOLVE ENTERED: has_ridder=1 Lambda=0.00e+00
RIDDER IC DEBUG: model_type=2 f_for_ic=2.000000e+26 theta_i=2.800000e+00 phi_ini=5.600000e+26
ABOUT TO INTEGRATE: bi_size=7 has_ridder=1 Lambda=0.00e+00
BG_INIT: background_solve OK

========================================
RIDDER FINAL STATE (a=1, z=0):
  rho_ridder = 3.744251e-15 Mpc^-2
  rho_tot    = 4.919957e-08 Mpc^-2
  f_ridder   = 7.610333e-08 (fraction of total)
  Omega_ridder = 0.000000 (if f ~ Omega_Lambda)
========================================

DEBUG INPUT.C: Just set model_type to 2 (should be 2)

DEBUG: Reading v3 canonical parameters...
  f_eV = 2.000000e+26 eV
  Lambda_EDE = 5.041406e-01 eV, theta_E_center = 0.00, sigma_E = 0.40
  Lambda_tail = 2.300000e-03 eV, alpha_tail = 1.00
BACKGROUND_INIT ENTERED: Lambda=0.00e+00
DEBUG BG_INIT ENTRY: model_type=2
DEBUG AFTER CHECKS: model_type=2 has_ridder=1
RIDDER DEBUG (background_init): has_ridder=1, Lambda_EDE_ridder=0.000000e+00, f_axion_ridder=1.000000e+16, theta_i_ridder=2.800000e+00, beta_ridder=0.000000e+00
BG_INIT: entering background_checks
BG_INIT: background_checks OK
RIDDER FREEZE FLAG (from input): ridder_freeze_phi = 0, force_damping = 1.000e+00
DEBUG SHOOTING CHECK: has_ridder=1, model_type=2 (unified=1), use_shooting_EDE=0
BG_INIT: entering background_solve
BACKGROUND_SOLVE ENTERED: has_ridder=1 Lambda=0.00e+00
RIDDER IC DEBUG: model_type=2 f_for_ic=2.000000e+26 theta_i=2.800000e+00 phi_ini=5.600000e+26
ABOUT TO INTEGRATE: bi_size=7 has_ridder=1 Lambda=0.00e+00
DERIVS_ENTRY: call#=15000 has_ridder=1 Lam[mcmc] Progress @ 2025-11-26 23:43:49 : 1 steps taken -- still burning in, 150 accepted steps left.
bda=0.00e+00 a=1.38e-08
BG_INIT: background_solve OK

========================================
RIDDER FINAL STATE (a=1, z=0):
  rho_ridder = 3.163944e-15 Mpc^-2
  rho_tot    = 5.071149e-08 Mpc^-2
  f_ridder   = 6.239106e-08 (fraction of total)
  Omega_ridder = 0.000000 (if f ~ Omega_Lambda)
========================================

DEBUG INPUT.C: Just set model_type to 2 (should be 2)

DEBUG: Reading v3 canonical parameters...
  f_eV = 2.000000e+26 eV
  Lambda_EDE = 4.522054e-01 eV, theta_E_center = 0.00, sigma_E = 0.40
  Lambda_tail = 2.300000e-03 eV, alpha_tail = 1.00
BACKGROUND_INIT ENTERED: Lambda=0.00e+00
DEBUG BG_INIT ENTRY: model_type=2
DEBUG AFTER CHECKS: model_type=2 has_ridder=1
RIDDER DEBUG (background_init): has_ridder=1, Lambda_EDE_ridder=0.000000e+00, f_axion_ridder=1.000000e+16, theta_i_ridder=2.800000e+00, beta_ridder=0.000000e+00
BG_INIT: entering background_checks
BG_INIT: background_checks OK
RIDDER FREEZE FLAG (from input): ridder_freeze_phi = 0, force_damping = 1.000e+00
DEBUG SHOOTING CHECK: has_ridder=1, model_type=2 (unified=1), use_shooting_EDE=0
BG_INIT: entering background_solve
BACKGROUND_SOLVE ENTERED: has_ridder=1 Lambda=0.00e+00
RIDDER IC DEBUG: model_type=2 f_for_ic=2.000000e+26 theta_i=2.800000e+00 phi_ini=5.600000e+26
ABOUT TO INTEGRATE: bi_size=7 has_ridder=1 Lambda=0.00e+00
DERIVS_ENTRY: call#=20000 has_ridder=1 Lambda=0.00e+00 a=9.36e-03
BG_INIT: background_solve OK

========================================
RIDDER FINAL STATE (a=1, z=0):
  rho_ridder = 3.602443e-15 Mpc^-2
  rho_tot    = 5.247243e-08 Mpc^-2
  f_ridder   = 6.865402e-08 (fraction of total)
  Omega_ridder = 0.000000 (if f ~ Omega_Lambda)
========================================

DEBUG INPUT.C: Just set model_type to 2 (should be 2)

DEBUG: Reading v3 canonical parameters...
  f_eV = 2.000000e+26 eV
  Lambda_EDE = 4.427936e-01 eV, theta_E_center = 0.00, sigma_E = 0.40
  Lambda_tail = 2.300000e-03 eV, alpha_tail = 1.00
BACKGROUND_INIT ENTERED: Lambda=0.00e+00
DEBUG BG_INIT ENTRY: model_type=2
DEBUG AFTER CHECKS: model_type=2 has_ridder=1
RIDDER DEBUG (background_init): has_ridder=1, Lambda_EDE_ridder=0.000000e+00, f_axion_ridder=1.000000e+16, theta_i_ridder=2.800000e+00, beta_ridder=0.000000e+00
BG_INIT: entering background_checks
BG_INIT: background_checks OK
RIDDER FREEZE FLAG (from input): ridder_freeze_phi = 0, force_damping = 1.000e+00
DEBUG SHOOTING CHECK: has_ridder=1, model_type=2 (unified=1), use_shooting_EDE=0
BG_INIT: entering background_solve
BACKGROUND_SOLVE ENTERED: has_ridder=1 Lambda=0.00e+00
RIDDER IC DEBUG: model_type=2 f_for_ic=2.000000e+26 theta_i=2.800000e+00 phi_ini=5.600000e+26
ABOUT TO INTEGRATE: bi_size=7 has_ridder=1 Lambda=0.00e+00
BG_INIT: background_solve OK

========================================
RIDDER FINAL STATE (a=1, z=0):
  rho_ridder = 3.662679e-15 Mpc^-2
  rho_tot    = 5.252037e-08 Mpc^-2
  f_ridder   = 6.973826e-08 (fraction of total)
  Omega_ridder = 0.000000 (if f ~ Omega_Lambda)
========================================

DEBUG INPUT.C: Just set model_type to 2 (should be 2)

DEBUG: Reading v3 canonical parameters...
  f_eV = 2.000000e+26 eV
  Lambda_EDE = 5.308861e-01 eV, theta_E_center = 0.00, sigma_E = 0.40
  Lambda_tail = 2.300000e-03 eV, alpha_tail = 1.00
BACKGROUND_INIT ENTERED: Lambda=0.00e+00
DEBUG BG_INIT ENTRY: model_type=2
DEBUG AFTER CHECKS: model_type=2 has_ridder=1
RIDDER DEBUG (background_init): has_ridder=1, Lambda_EDE_ridder=0.000000e+00, f_axion_ridder=1.000000e+16, theta_i_ridder=2.800000e+00, beta_ridder=0.000000e+00
BG_INIT: entering background_checks
BG_INIT: background_checks OK
RIDDER FREEZE FLAG (from input): ridder_freeze_phi = 0, force_damping = 1.000e+00
DEBUG SHOOTING CHECK: has_ridder=1, model_type=2 (unified=1), use_shooting_EDE=0
BG_INIT: entering background_solve
BACKGROUND_SOLVE ENTERED: has_ridder=1 Lambda=0.00e+00
RIDDER IC DEBUG: model_type=2 f_for_ic=2.000000e+26 theta_i=2.800000e+00 phi_ini=5.600000e+26
ABOUT TO INTEGRATE: bi_size=7 has_ridder=1 Lambda=0.00e+00
DERIVS_ENTRY: call#=25000 has_ridder=1 Lambda=0.00e+00 a=5.55e-14
BG_INIT: background[mcmc] Progress @ 2025-11-26 23:45:06 : 36 steps taken -- still burning in, 144 accepted steps left.
_solve OK

========================================
RIDDER FINAL STATE (a=1, z=0):
  rho_ridder = 2.507165e-15 Mpc^-2
  rho_tot    = 5.241711e-08 Mpc^-2
  f_ridder   = 4.783104e-08 (fraction of total)
  Omega_ridder = 0.000000 (if f ~ Omega_Lambda)
========================================

DEBUG INPUT.C: Just set model_type to 2 (should be 2)

DEBUG: Reading v3 canonical parameters...
  f_eV = 2.000000e+26 eV
  Lambda_EDE = 4.242833e-01 eV, theta_E_center = 0.00, sigma_E = 0.40
  Lambda_tail = 2.300000e-03 eV, alpha_tail = 1.00
BACKGROUND_INIT ENTERED: Lambda=0.00e+00
DEBUG BG_INIT ENTRY: model_type=2
DEBUG AFTER CHECKS: model_type=2 has_ridder=1
RIDDER DEBUG (background_init): has_ridder=1, Lambda_EDE_ridder=0.000000e+00, f_axion_ridder=1.000000e+16, theta_i_ridder=2.800000e+00, beta_ridder=0.000000e+00
BG_INIT: entering background_checks
BG_INIT: background_checks OK
RIDDER FREEZE FLAG (from input): ridder_freeze_phi = 0, force_damping = 1.000e+00
DEBUG SHOOTING CHECK: has_ridder=1, model_type=2 (unified=1), use_shooting_EDE=0
BG_INIT: entering background_solve
BACKGROUND_SOLVE ENTERED: has_ridder=1 Lambda=0.00e+00
RIDDER IC DEBUG: model_type=2 f_for_ic=2.000000e+26 theta_i=2.800000e+00 phi_ini=5.600000e+26
ABOUT TO INTEGRATE: bi_size=7 has_ridder=1 Lambda=0.00e+00
DERIVS_ENTRY: call#=30000 has_ridder=1 Lambda=0.00e+00 a=4.74e-04
BG_INIT: background_solve OK

========================================
RIDDER FINAL STATE (a=1, z=0):
  rho_ridder = 1.808111e-15 Mpc^-2
  rho_tot    = 5.103458e-08 Mpc^-2
  f_ridder   = 3.542912e-08 (fraction of total)
  Omega_ridder = 0.000000 (if f ~ Omega_Lambda)
========================================

DEBUG INPUT.C: Just set model_type to 2 (should be 2)

DEBUG: Reading v3 canonical parameters...
  f_eV = 2.000000e+26 eV
  Lambda_EDE = 4.613959e-01 eV, theta_E_center = 0.00, sigma_E = 0.40
  Lambda_tail = 2.300000e-03 eV, alpha_tail = 1.00
BACKGROUND_INIT ENTERED: Lambda=0.00e+00
DEBUG BG_INIT ENTRY: model_type=2
DEBUG AFTER CHECKS: model_type=2 has_ridder=1
RIDDER DEBUG (background_init): has_ridder=1, Lambda_EDE_ridder=0.000000e+00, f_axion_ridder=1.000000e+16, theta_i_ridder=2.800000e+00, beta_ridder=0.000000e+00
BG_INIT: entering background_checks
BG_INIT: background_checks OK
RIDDER FREEZE FLAG (from input): ridder_freeze_phi = 0, force_damping = 1.000e+00
DEBUG SHOOTING CHECK: has_ridder=1, model_type=2 (unified=1), use_shooting_EDE=0
BG_INIT: entering background_solve
BACKGROUND_SOLVE ENTERED: has_ridder=1 Lambda=0.00e+00
RIDDER IC DEBUG: model_type=2 f_for_ic=2.000000e+26 theta_i=2.800000e+00 phi_ini=5.600000e+26
ABOUT TO INTEGRATE: bi_size=7 has_ridder=1 Lambda=0.00e+00
DERIVS_ENTRY: call#=35000 has_ridder=1 Lambda=0.00e+00 a=1.28e-01
BG_INIT: background_solve OK

========================================
RIDDER FINAL STATE (a=1, z=0):
  rho_ridder = 3.155629e-15 Mpc^-2
  rho_tot    = 5.312651e-08 Mpc^-2
  f_ridder   = 5.939838e-08 (fraction of total)
  Omega_ridder = 0.000000 (if f ~ Omega_Lambda)
========================================

DEBUG INPUT.C: Just set model_type to 2 (should be 2)

DEBUG: Reading v3 canonical parameters...
  f_eV = 2.000000e+26 eV
  Lambda_EDE = 4.987318e-01 eV, theta_E_center = 0.00, sigma_E = 0.40
  Lambda_tail = 2.300000e-03 eV, alpha_tail = 1.00
BACKGROUND_INIT ENTERED: Lambda=0.00e+00
DEBUG BG_INIT ENTRY: model_type=2
DEBUG AFTER CHECKS: model_type=2 has_ridder=1
RIDDER DEBUG (background_init): has_ridder=1, Lambda_EDE_ridder=0.000000e+00, f_axion_ridder=1.000000e+16, theta_i_ridder=2.800000e+00, beta_ridder=0.000000e+00
BG_INIT: entering background_checks
BG_INIT: background_checks OK
RIDDER FREEZE FLAG (from input): ridder_freeze_phi = 0, force_damping = 1.000e+00
DEBUG SHOOTING CHECK: has_ridder=1, model_type=2 (unified=1), use_shooting_EDE=0
BG_INIT: entering background_solve
BACKGROUND_SOLVE ENTERED: has_ridder=1 Lambda=0.00e+00
RIDDER IC DEBUG: model_type=2 f_for_ic=2.000000e+26 theta_i=2.800000e+00 phi_ini=5.600000e+26
ABOUT TO INTEGRATE: bi_size=7 has_ridder=1 Lambda=0.00e+00
BG_INIT: background_solve OK

================================[mcmc] Progress @ 2025-11-26 23:46:19 : 62 steps taken -- still burning in, 137 accepted steps left.
========
RIDDER FINAL STATE (a=1, z=0):
  rho_ridder = 1.629637e-15 Mpc^-2
  rho_tot    = 5.310533e-08 Mpc^-2
  f_ridder   = 3.068688e-08 (fraction of total)
  Omega_ridder = 0.000000 (if f ~ Omega_Lambda)
========================================

DEBUG INPUT.C: Just set model_type to 2 (should be 2)

DEBUG: Reading v3 canonical parameters...
  f_eV = 2.000000e+26 eV
  Lambda_EDE = 5.015149e-01 eV, theta_E_center = 0.00, sigma_E = 0.40
  Lambda_tail = 2.300000e-03 eV, alpha_tail = 1.00
BACKGROUND_INIT ENTERED: Lambda=0.00e+00
DEBUG BG_INIT ENTRY: model_type=2
DEBUG AFTER CHECKS: model_type=2 has_ridder=1
RIDDER DEBUG (background_init): has_ridder=1, Lambda_EDE_ridder=0.000000e+00, f_axion_ridder=1.000000e+16, theta_i_ridder=2.800000e+00, beta_ridder=0.000000e+00
BG_INIT: entering background_checks
BG_INIT: background_checks OK
RIDDER FREEZE FLAG (from input): ridder_freeze_phi = 0, force_damping = 1.000e+00
DEBUG SHOOTING CHECK: has_ridder=1, model_type=2 (unified=1), use_shooting_EDE=0
BG_INIT: entering background_solve
BACKGROUND_SOLVE ENTERED: has_ridder=1 Lambda=0.00e+00
RIDDER IC DEBUG: model_type=2 f_for_ic=2.000000e+26 theta_i=2.800000e+00 phi_ini=5.600000e+26
ABOUT TO INTEGRATE: bi_size=7 has_ridder=1 Lambda=0.00e+00
DERIVS_ENTRY: call#=40000 has_ridder=1 Lambda=0.00e+00 a=1.97e-06
BG_INIT: background_solve OK

========================================
RIDDER FINAL STATE (a=1, z=0):
  rho_ridder = 3.227940e-15 Mpc^-2
  rho_tot    = 5.323563e-08 Mpc^-2
  f_ridder   = 6.063495e-08 (fraction of total)
  Omega_ridder = 0.000000 (if f ~ Omega_Lambda)
========================================

DEBUG INPUT.C: Just set model_type to 2 (should be 2)

DEBUG: Reading v3 canonical parameters...
  f_eV = 2.000000e+26 eV
  Lambda_EDE = 4.446528e-01 eV, theta_E_center = 0.00, sigma_E = 0.40
  Lambda_tail = 2.300000e-03 eV, alpha_tail = 1.00
BACKGROUND_INIT ENTERED: Lambda=0.00e+00
DEBUG BG_INIT ENTRY: model_type=2
DEBUG AFTER CHECKS: model_type=2 has_ridder=1
RIDDER DEBUG (background_init): has_ridder=1, Lambda_EDE_ridder=0.000000e+00, f_axion_ridder=1.000000e+16, theta_i_ridder=2.800000e+00, beta_ridder=0.000000e+00
BG_INIT: entering background_checks
BG_INIT: background_checks OK
RIDDER FREEZE FLAG (from input): ridder_freeze_phi = 0, force_damping = 1.000e+00
DEBUG SHOOTING CHECK: has_ridder=1, model_type=2 (unified=1), use_shooting_EDE=0
BG_INIT: entering background_solve
BACKGROUND_SOLVE ENTERED: has_ridder=1 Lambda=0.00e+00
RIDDER IC DEBUG: model_type=2 f_for_ic=2.000000e+26 theta_i=2.800000e+00 phi_ini=5.600000e+26
ABOUT TO INTEGRATE: bi_size=7 has_ridder=1 Lambda=0.00e+00
DERIVS_ENTRY: call#=45000 has_ridder=1 Lambda=0.00e+00 a=1.41e-02
BG_INIT: background_solve OK

========================================
RIDDER FINAL STATE (a=1, z=0):
  rho_ridder = 3.872882e-15 Mpc^-2
  rho_tot    = 5.256742e-08 Mpc^-2
  f_ridder   = 7.367457e-08 (fraction of total)
  Omega_ridder = 0.000000 (if f ~ Omega_Lambda)
========================================

DEBUG INPUT.C: Just set model_type to 2 (should be 2)

DEBUG: Reading v3 canonical parameters...
  f_eV = 2.000000e+26 eV
  Lambda_EDE = 4.670796e-01 eV, theta_E_center = 0.00, sigma_E = 0.40
  Lambda_tail = 2.300000e-03 eV, alpha_tail = 1.00
BACKGROUND_INIT ENTERED: Lambda=0.00e+00
DEBUG BG_INIT ENTRY: model_type=2
DEBUG AFTER CHECKS: model_type=2 has_ridder=1
RIDDER DEBUG (background_init): has_ridder=1, Lambda_EDE_ridder=0.000000e+00, f_axion_ridder=1.000000e+16, theta_i_ridder=2.800000e+00, beta_ridder=0.000000e+00
BG_INIT: entering background_checks
BG_INIT: background_checks OK
RIDDER FREEZE FLAG (from input): ridder_freeze_phi = 0, force_damping = 1.000e+00
DEBUG SHOOTING CHECK: has_ridder=1, model_type=2 (unified=1), use_shooting_EDE=0
BG_INIT: entering background_solve
BACKGROUND_SOLVE ENTERED: has_ridder=1 Lambda=0.00e+00
RIDDER IC DEBUG: model_type=2 f_for_ic=2.000000e+26 theta_i=2.800000e+00 phi_ini=5.600000e+26
ABOUT TO INTEGRATE: bi_size=7 has_ridder=1 Lambda=0.00e+00
BG_INIT: background_solve OK

========================================
RIDDER FINAL STATE (a=1, z=0):
  rho_ridder = 2.558081e-15 Mpc^-2
  rho_tot    = 5.255272e-08 Mpc^-2
  f_ridder   = 4.867647e-08 (fraction of total)
  Omega_ridder = 0.000000 (if f ~ Omega_Lambda)
========================================

DEBUG INPUT.C: Just set model_type to 2 (should be 2)

DEBUG: Reading v3 canonical parameters...
  f_eV = 2.000000e+26 eV
  Lambda_EDE = 3.978649e-01 eV, theta_E_center = 0.00, sigma_E = 0.40
  Lambda_tail = 2.300000e-03 eV, alpha_tail = 1.00
BACKGROUND_INIT ENTERED: Lambda=0.00e+00
DEBUG BG_INIT ENTRY: model_type=2
DEBUG AFTER CHECKS: model_type=2 has_ridder=1
RIDDER DEBUG (background_init): has_ridder=1, Lambda_EDE_ridder=0.000000e+00, f_axion_ridder=1.000000e+16, theta_i_ridder=2.800000e+00, beta_ridder=0.000000e+00
BG_INIT: entering background_checks
BG_INIT: background_checks OK
RIDDER FREEZE FLAG (from input): ridder_freeze_phi = 0, force_damping = 1.000e+00
DEBUG SHOOTING CHECK: has_ridder=1, model_type=2 (unified=1), use_shooting_EDE=0
BG_INIT: entering background_solve
BACKGROUND_SOLVE ENTERED: has_ridder=1 Lambda=0.00e+00
RIDDER IC DEBUG: model_type=2 f_for_ic=2.000000e+26 theta_i=2.800000e+00 phi_ini=5.600000e+26
ABOUT TO INTEGRATE: bi_size=7 has_ridder=1 Lambda=0.00e+00
DERIVS_ENTRY: call#=50000 has_ridder=1 Lambda=0.00e+00 a=1.74e-12
BG_INIT: background_solve OK

========================================
RIDDER FINAL STATE (a=1, z=0):
  rho_ridder = 3.401379e-15 Mpc^-2
  rho_tot    = 5.215483e-08 Mpc^-2
  f_ridder   = 6.521694e-08 (fraction of total)
  Omega_ridder = 0.000000 (if f ~ Omega_Lambda)
========================================

DEBUG INPUT.C: Just set model_type to 2 (should be 2)

DEBUG: Reading v3 canonical parameters...
  f_eV = 2.000000e+26 eV
  Lambda_EDE = 3.698467e-01 eV, theta_E_center = 0.00, sigma_E = 0.40
  Lambda_tail = 2.300000e-03 eV, alpha_tail = 1.00
BACKGROUND_INIT ENTERED: Lambda=0.00e+00
DEBUG BG_INIT ENTRY: model_type=2
DEBUG AFTER CHECKS: model_type=2 has_ridder=1
RIDDER DEBUG (background_init): has_ridder=1, Lambda_EDE_ridder=0.000000e+00, f_axion_ridder=1.000000e+16, theta_i_ridder=2.800000e+00, beta_ridder=0.000000e+00
BG_INIT: entering background_checks
BG_INIT: background_checks OK
RIDDER FREEZE FLAG (from input): ridder_freeze_phi = 0, force_damping = 1.000e+00
DEBUG SHOOTING CHECK: has_ridder=1, model_type=2 (unified=1), use_shooting_EDE=0
BG_INIT: entering background_solve
BACKGROUND_SOLVE ENTERED: has_ridder=1 Lambda=0.00e+00
RIDDER IC DEBUG: model_type=2 f_for_ic=2.000000e+26 theta_i=2.800000e+00 phi_ini=5.600000e+26
ABOUT TO INTEGRATE: bi_size=7 has_ridder=1 Lambda=0.00e+00
DERIVS_ENTRY: call#=55000 has_ridder=1 Lambda=0.00e+00 a=3.59e-03
BG_INIT: background_solve OK

========================================
RIDDER FINAL STATE (a=1, z=0):
  rho_ridder = 2.443740e-15 Mpc^-2
  rho_tot    = 5.336526e-08 Mpc^-2
  f_ridder   = 4.579271e-08 (fraction of total)
  Omega_ridder = 0.000000 (if f ~ Omega_Lambda)
========================================

DEBUG INPUT.C: Just set model_type to 2 (should be 2)

DEBUG: Reading v3 canonical parameters...
  f_eV = 2.000000e+26 eV
  Lambda_EDE = 4.170212e-01 eV, theta_E_center = 0.00, sigma_E = 0.40
  Lambda_tail = 2.300000e-03 eV, alpha_tail = 1.00
BACKGROUND_INIT ENTERED: Lambda=0.00e+00
DEBUG BG_INIT ENTRY: model_type=2
DEBUG AFTER CHECKS: model_type=2 has_ridder=1
RIDDER DEBUG (background_init): has_ridder=1, Lambda_EDE_ridder=0.000000e+00, f_axion_ridder=1.000000e+16, theta_i_ridder=2.800000e+00, beta_ridder=0.000000e+00
BG_INIT: entering background_checks
BG_INIT: background_checks OK
RIDDER FREEZE FLAG (from input): ridder_freeze_phi = 0, force_damping = 1.000e+00
DEBUG SHOOTING CHECK: has_ridder=1, model_type=2 (unified=1), use_shooting_EDE=0
BG_INIT: entering background_solve
BACKGROUND_SOLVE ENTERED: has_ridder=1 Lambda=0.00e+00
RIDDER IC DEBUG: model_type=2 f_for_ic=2.000000e+26 theta_i=2.800000e+00 phi_ini=5.600000e+26
ABOUT TO INTEGRATE: bi_size=7 has_ridder=1 Lambda=0.00e+00
BG_INIT: background_solve OK

========================================
RIDDER FINAL STATE (a=1, z=0):
  rho_ridder = 2.205038e-15 Mpc^-2
  rho_tot  [mcmc] Progress @ 2025-11-26 23:47:37 : 127 steps taken -- still burning in, 117 accepted steps left.
  = 5.276515e-08 Mpc^-2
  f_ridder   = 4.178966e-08 (fraction of total)
  Omega_ridder = 0.000000 (if f ~ Omega_Lambda)
========================================

DEBUG INPUT.C: Just set model_type to 2 (should be 2)

DEBUG: Reading v3 canonical parameters...
  f_eV = 2.000000e+26 eV
  Lambda_EDE = 4.076806e-01 eV, theta_E_center = 0.00, sigma_E = 0.40
  Lambda_tail = 2.300000e-03 eV, alpha_tail = 1.00
BACKGROUND_INIT ENTERED: Lambda=0.00e+00
DEBUG BG_INIT ENTRY: model_type=2
DEBUG AFTER CHECKS: model_type=2 has_ridder=1
RIDDER DEBUG (background_init): has_ridder=1, Lambda_EDE_ridder=0.000000e+00, f_axion_ridder=1.000000e+16, theta_i_ridder=2.800000e+00, beta_ridder=0.000000e+00
BG_INIT: entering background_checks
BG_INIT: background_checks OK
RIDDER FREEZE FLAG (from input): ridder_freeze_phi = 0, force_damping = 1.000e+00
DEBUG SHOOTING CHECK: has_ridder=1, model_type=2 (unified=1), use_shooting_EDE=0
BG_INIT: entering background_solve
BACKGROUND_SOLVE ENTERED: has_ridder=1 Lambda=0.00e+00
RIDDER IC DEBUG: model_type=2 f_for_ic=2.000000e+26 theta_i=2.800000e+00 phi_ini=5.600000e+26
ABOUT TO INTEGRATE: bi_size=7 has_ridder=1 Lambda=0.00e+00
DERIVS_ENTRY: call#=60000 has_ridder=1 Lambda=0.00e+00 a=1.11e-13
BG_INIT: background_solve OK

========================================
RIDDER FINAL STATE (a=1, z=0):
  rho_ridder = 2.636793e-15 Mpc^-2
  rho_tot    = 5.214697e-08 Mpc^-2
  f_ridder   = 5.056463e-08 (fraction of total)
  Omega_ridder = 0.000000 (if f ~ Omega_Lambda)
========================================

DEBUG INPUT.C: Just set model_type to 2 (should be 2)

DEBUG: Reading v3 canonical parameters...
  f_eV = 2.000000e+26 eV
  Lambda_EDE = 3.954744e-01 eV, theta_E_center = 0.00, sigma_E = 0.40
  Lambda_tail = 2.300000e-03 eV, alpha_tail = 1.00
BACKGROUND_INIT ENTERED: Lambda=0.00e+00
DEBUG BG_INIT ENTRY: model_type=2
DEBUG AFTER CHECKS: model_type=2 has_ridder=1
RIDDER DEBUG (background_init): has_ridder=1, Lambda_EDE_ridder=0.000000e+00, f_axion_ridder=1.000000e+16, theta_i_ridder=2.800000e+00, beta_ridder=0.000000e+00
BG_INIT: entering background_checks
BG_INIT: background_checks OK
RIDDER FREEZE FLAG (from input): ridder_freeze_phi = 0, force_damping = 1.000e+00
DEBUG SHOOTING CHECK: has_ridder=1, model_type=2 (unified=1), use_shooting_EDE=0
BG_INIT: entering background_solve
BACKGROUND_SOLVE ENTERED: has_ridder=1 Lambda=0.00e+00
RIDDER IC DEBUG: model_type=2 f_for_ic=2.000000e+26 theta_i=2.800000e+00 phi_ini=5.600000e+26
ABOUT TO INTEGRATE: bi_size=7 has_ridder=1 Lambda=0.00e+00
DERIVS_ENTRY: call#=65000 has_ridder=1 Lambda=0.00e+00 a=2.42e-03
BG_INIT: background_solve OK

========================================
RIDDER FINAL STATE (a=1, z=0):
  rho_ridder = 3.861391e-15 Mpc^-2
  rho_tot    = 5.211821e-08 Mpc^-2
  f_ridder   = 7.408909e-08 (fraction of total)
  Omega_ridder = 0.000000 (if f ~ Omega_Lambda)
========================================

DEBUG INPUT.C: Just set model_type to 2 (should be 2)

DEBUG: Reading v3 canonical parameters...
  f_eV = 2.000000e+26 eV
  Lambda_EDE = 3.369524e-01 eV, theta_E_center = 0.00, sigma_E = 0.40
  Lambda_tail = 2.300000e-03 eV, alpha_tail = 1.00
BACKGROUND_INIT ENTERED: Lambda=0.00e+00
DEBUG BG_INIT ENTRY: model_type=2
DEBUG AFTER CHECKS: model_type=2 has_ridder=1
RIDDER DEBUG (background_init): has_ridder=1, Lambda_EDE_ridder=0.000000e+00, f_axion_ridder=1.000000e+16, theta_i_ridder=2.800000e+00, beta_ridder=0.000000e+00
BG_INIT: entering background_checks
BG_INIT: background_checks OK
RIDDER FREEZE FLAG (from input): ridder_freeze_phi = 0, force_damping = 1.000e+00
DEBUG SHOOTING CHECK: has_ridder=1, model_type=2 (unified=1), use_shooting_EDE=0
BG_INIT: entering background_solve
BACKGROUND_SOLVE ENTERED: has_ridder=1 Lambda=0.00e+00
RIDDER IC DEBUG: model_type=2 f_for_ic=2.000000e+26 theta_i=2.800000e+00 phi_ini=5.600000e+26
ABOUT TO INTEGRATE: bi_size=7 has_ridder=1 Lambda=0.00e+00
BG_INIT: background_solve OK

========================================
RIDDER FINAL STATE (a=1, z=0):
  rho_ridder = 3.769059e-15 Mpc^-2
  rho_tot    = 5.374133e-08 Mpc^-2
  f_ridder   = 7.01[mcmc] Progress @ 2025-11-26 23:48:39 : 175 steps taken -- still burning in, 106 accepted steps left.
3334e-08 (fraction of total)
  Omega_ridder = 0.000000 (if f ~ Omega_Lambda)
========================================

DEBUG INPUT.C: Just set model_type to 2 (should be 2)

DEBUG: Reading v3 canonical parameters...
  f_eV = 2.000000e+26 eV
  Lambda_EDE = 3.232628e-01 eV, theta_E_center = 0.00, sigma_E = 0.40
  Lambda_tail = 2.300000e-03 eV, alpha_tail = 1.00
BACKGROUND_INIT ENTERED: Lambda=0.00e+00
DEBUG BG_INIT ENTRY: model_type=2
DEBUG AFTER CHECKS: model_type=2 has_ridder=1
RIDDER DEBUG (background_init): has_ridder=1, Lambda_EDE_ridder=0.000000e+00, f_axion_ridder=1.000000e+16, theta_i_ridder=2.800000e+00, beta_ridder=0.000000e+00
BG_INIT: entering background_checks
BG_INIT: background_checks OK
RIDDER FREEZE FLAG (from input): ridder_freeze_phi = 0, force_damping = 1.000e+00
DEBUG SHOOTING CHECK: has_ridder=1, model_type=2 (unified=1), use_shooting_EDE=0
BG_INIT: entering background_solve
BACKGROUND_SOLVE ENTERED: has_ridder=1 Lambda=0.00e+00
RIDDER IC DEBUG: model_type=2 f_for_ic=2.000000e+26 theta_i=2.800000e+00 phi_ini=5.600000e+26
ABOUT TO INTEGRATE: bi_size=7 has_ridder=1 Lambda=0.00e+00
DERIVS_ENTRY: call#=70000 has_ridder=1 Lambda=0.00e+00 a=2.67e-13
BG_INIT: background_solve OK

========================================
RIDDER FINAL STATE (a=1, z=0):
  rho_ridder = 4.126123e-15 Mpc^-2
  rho_tot    = 5.253999e-08 Mpc^-2
  f_ridder   = 7.853300e-08 (fraction of total)
  Omega_ridder = 0.000000 (if f ~ Omega_Lambda)
========================================

DEBUG INPUT.C: Just set model_type to 2 (should be 2)

DEBUG: Reading v3 canonical parameters...
  f_eV = 2.000000e+26 eV
  Lambda_EDE = 4.673760e-01 eV, theta_E_center = 0.00, sigma_E = 0.40
  Lambda_tail = 2.300000e-03 eV, alpha_tail = 1.00
BACKGROUND_INIT ENTERED: Lambda=0.00e+00
DEBUG BG_INIT ENTRY: model_type=2
DEBUG AFTER CHECKS: model_type=2 has_ridder=1
RIDDER DEBUG (background_init): has_ridder=1, Lambda_EDE_ridder=0.000000e+00, f_axion_ridder=1.000000e+16, theta_i_ridder=2.800000e+00, beta_ridder=0.000000e+00
BG_INIT: entering background_checks
BG_INIT: background_checks OK
RIDDER FREEZE FLAG (from input): ridder_freeze_phi = 0, force_damping = 1.000e+00
DEBUG SHOOTING CHECK: has_ridder=1, model_type=2 (unified=1), use_shooting_EDE=0
BG_INIT: entering background_solve
BACKGROUND_SOLVE ENTERED: has_ridder=1 Lambda=0.00e+00
RIDDER IC DEBUG: model_type=2 f_for_ic=2.000000e+26 theta_i=2.800000e+00 phi_ini=5.600000e+26
ABOUT TO INTEGRATE: bi_size=7 has_ridder=1 Lambda=0.00e+00
DERIVS_ENTRY: call#=75000 has_ridder=1 Lambda=0.00e+00 a=8.76e-03
BG_INIT: background_solve OK

========================================
RIDDER FINAL STATE (a=1, z=0):
  rho_ridder = 2.610278e-15 Mpc^-2
  rho_tot    = 5.245176e-08 Mpc^-2
  f_ridder   = 4.976530e-08 (fraction of total)
  Omega_ridder = 0.000000 (if f ~ Omega_Lambda)
========================================

DEBUG INPUT.C: Just set model_type to 2 (should be 2)

DEBUG: Reading v3 canonical parameters...
  f_eV = 2.000000e+26 eV
  Lambda_EDE = 3.991865e-01 eV, theta_E_center = 0.00, sigma_E = 0.40
  Lambda_tail = 2.300000e-03 eV, alpha_tail = 1.00
BACKGROUND_INIT ENTERED: Lambda=0.00e+00
DEBUG BG_INIT ENTRY: model_type=2
DEBUG AFTER CHECKS: model_type=2 has_ridder=1
RIDDER DEBUG (background_init): has_ridder=1, Lambda_EDE_ridder=0.000000e+00, f_axion_ridder=1.000000e+16, theta_i_ridder=2.800000e+00, beta_ridder=0.000000e+00
BG_INIT: entering background_checks
BG_INIT: background_checks OK
RIDDER FREEZE FLAG (from input): ridder_freeze_phi = 0, force_damping = 1.000e+00
DEBUG SHOOTING CHECK: has_ridder=1, model_type=2 (unified=1), use_shooting_EDE=0
BG_INIT: entering background_solve
BACKGROUND_SOLVE ENTERED: has_ridder=1 Lambda=0.00e+00
RIDDER IC DEBUG: model_type=2 f_for_ic=2.000000e+26 theta_i=2.800000e+00 phi_ini=5.600000e+26
ABOUT TO INTEGRATE: bi_size=7 has_ridder=1 Lambda=0.00e+00
BG_INIT: background_solve OK

========================================
RIDDER FINAL STATE (a=1, z=0):
  rho_ridder = 3.288784e-15 Mpc^-2
  rho_tot    = 5.222479e-08 Mpc^-2
  f_ridder   = 6.297362e-08 (fraction of total)
  Omega_ridder[mcmc] Progress @ 2025-11-26 23:49:49 : 225 steps taken -- still burning in, 94 accepted steps left.
 = 0.000000 (if f ~ Omega_Lambda)
========================================

DEBUG INPUT.C: Just set model_type to 2 (should be 2)

DEBUG: Reading v3 canonical parameters...
  f_eV = 2.000000e+26 eV
  Lambda_EDE = 4.116052e-01 eV, theta_E_center = 0.00, sigma_E = 0.40
  Lambda_tail = 2.300000e-03 eV, alpha_tail = 1.00
BACKGROUND_INIT ENTERED: Lambda=0.00e+00
DEBUG BG_INIT ENTRY: model_type=2
DEBUG AFTER CHECKS: model_type=2 has_ridder=1
RIDDER DEBUG (background_init): has_ridder=1, Lambda_EDE_ridder=0.000000e+00, f_axion_ridder=1.000000e+16, theta_i_ridder=2.800000e+00, beta_ridder=0.000000e+00
BG_INIT: entering background_checks
BG_INIT: background_checks OK
RIDDER FREEZE FLAG (from input): ridder_freeze_phi = 0, force_damping = 1.000e+00
DEBUG SHOOTING CHECK: has_ridder=1, model_type=2 (unified=1), use_shooting_EDE=0
BG_INIT: entering background_solve
BACKGROUND_SOLVE ENTERED: has_ridder=1 Lambda=0.00e+00
RIDDER IC DEBUG: model_type=2 f_for_ic=2.000000e+26 theta_i=2.800000e+00 phi_ini=5.600000e+26
ABOUT TO INTEGRATE: bi_size=7 has_ridder=1 Lambda=0.00e+00
DERIVS_ENTRY: call#=80000 has_ridder=1 Lambda=0.00e+00 a=1.47e-12
BG_INIT: background_solve OK

========================================
RIDDER FINAL STATE (a=1, z=0):
  rho_ridder = 2.452468e-15 Mpc^-2
  rho_tot    = 5.272927e-08 Mpc^-2
  f_ridder   = 4.651056e-08 (fraction of total)
  Omega_ridder = 0.000000 (if f ~ Omega_Lambda)
========================================

DEBUG INPUT.C: Just set model_type to 2 (should be 2)

DEBUG: Reading v3 canonical parameters...
  f_eV = 2.000000e+26 eV
  Lambda_EDE = 4.903880e-01 eV, theta_E_center = 0.00, sigma_E = 0.40
  Lambda_tail = 2.300000e-03 eV, alpha_tail = 1.00
BACKGROUND_INIT ENTERED: Lambda=0.00e+00
DEBUG BG_INIT ENTRY: model_type=2
DEBUG AFTER CHECKS: model_type=2 has_ridder=1
RIDDER DEBUG (background_init): has_ridder=1, Lambda_EDE_ridder=0.000000e+00, f_axion_ridder=1.000000e+16, theta_i_ridder=2.800000e+00, beta_ridder=0.000000e+00
BG_INIT: entering background_checks
BG_INIT: background_checks OK
RIDDER FREEZE FLAG (from input): ridder_freeze_phi = 0, force_damping = 1.000e+00
DEBUG SHOOTING CHECK: has_ridder=1, model_type=2 (unified=1), use_shooting_EDE=0
BG_INIT: entering background_solve
BACKGROUND_SOLVE ENTERED: has_ridder=1 Lambda=0.00e+00
RIDDER IC DEBUG: model_type=2 f_for_ic=2.000000e+26 theta_i=2.800000e+00 phi_ini=5.600000e+26
ABOUT TO INTEGRATE: bi_size=7 has_ridder=1 Lambda=0.00e+00
DERIVS_ENTRY: call#=85000 has_ridder=1 Lambda=0.00e+00 a=2.54e-03
BG_INIT: background_solve OK

========================================
RIDDER FINAL STATE (a=1, z=0):
  rho_ridder = 1.644580e-15 Mpc^-2
  rho_tot    = 5.041984e-08 Mpc^-2
  f_ridder   = 3.261771e-08 (fraction of total)
  Omega_ridder = 0.000000 (if f ~ Omega_Lambda)
========================================

DEBUG INPUT.C: Just set model_type to 2 (should be 2)

DEBUG: Reading v3 canonical parameters...
  f_eV = 2.000000e+26 eV
  Lambda_EDE = 3.464358e-01 eV, theta_E_center = 0.00, sigma_E = 0.40
  Lambda_tail = 2.300000e-03 eV, alpha_tail = 1.00
BACKGROUND_INIT ENTERED: Lambda=0.00e+00
DEBUG BG_INIT ENTRY: model_type=2
DEBUG AFTER CHECKS: model_type=2 has_ridder=1
RIDDER DEBUG (background_init): has_ridder=1, Lambda_EDE_ridder=0.000000e+00, f_axion_ridder=1.000000e+16, theta_i_ridder=2.800000e+00, beta_ridder=0.000000e+00
BG_INIT: entering background_checks
BG_INIT: background_checks OK
RIDDER FREEZE FLAG (from input): ridder_freeze_phi = 0, force_damping = 1.000e+00
DEBUG SHOOTING CHECK: has_ridder=1, model_type=2 (unified=1), use_shooting_EDE=0
BG_INIT: entering background_solve
BACKGROUND_SOLVE ENTERED: has_ridder=1 Lambda=0.00e+00
RIDDER IC DEBUG: model_type=2 f_for_ic=2.000000e+26 theta_i=2.800000e+00 phi_ini=5.600000e+26
ABOUT TO INTEGRATE: bi_size=7 has_ridder=1 Lambda=0.00e+00
BG_INIT: background_solve OK

========================================
RIDDER FINAL STATE (a=1, z=0):
  rho_ridder = 3.106645e-15 Mpc^-2
  rho_tot    = 5.187534e-08 Mpc^-2
  f_ridder   = 5.988674e-08 (fraction of total)
  Omega_ridder = 0.000000 (if f ~ Omega_Lambda)
=========[mcmc] Progress @ 2025-11-26 23:50:54 : 252 steps taken -- still burning in, 88 accepted steps left.
===============================

DEBUG INPUT.C: Just set model_type to 2 (should be 2)

DEBUG: Reading v3 canonical parameters...
  f_eV = 2.000000e+26 eV
  Lambda_EDE = 3.981521e-01 eV, theta_E_center = 0.00, sigma_E = 0.40
  Lambda_tail = 2.300000e-03 eV, alpha_tail = 1.00
BACKGROUND_INIT ENTERED: Lambda=0.00e+00
DEBUG BG_INIT ENTRY: model_type=2
DEBUG AFTER CHECKS: model_type=2 has_ridder=1
RIDDER DEBUG (background_init): has_ridder=1, Lambda_EDE_ridder=0.000000e+00, f_axion_ridder=1.000000e+16, theta_i_ridder=2.800000e+00, beta_ridder=0.000000e+00
BG_INIT: entering background_checks
BG_INIT: background_checks OK
RIDDER FREEZE FLAG (from input): ridder_freeze_phi = 0, force_damping = 1.000e+00
DEBUG SHOOTING CHECK: has_ridder=1, model_type=2 (unified=1), use_shooting_EDE=0
BG_INIT: entering background_solve
BACKGROUND_SOLVE ENTERED: has_ridder=1 Lambda=0.00e+00
RIDDER IC DEBUG: model_type=2 f_for_ic=2.000000e+26 theta_i=2.800000e+00 phi_ini=5.600000e+26
ABOUT TO INTEGRATE: bi_size=7 has_ridder=1 Lambda=0.00e+00
DERIVS_ENTRY: call#=90000 has_ridder=1 Lambda=0.00e+00 a=1.00e-14
BG_INIT: background_solve OK

========================================
RIDDER FINAL STATE (a=1, z=0):
  rho_ridder = 3.376246e-15 Mpc^-2
  rho_tot    = 5.214891e-08 Mpc^-2
  f_ridder   = 6.474241e-08 (fraction of total)
  Omega_ridder = 0.000000 (if f ~ Omega_Lambda)
========================================

DEBUG INPUT.C: Just set model_type to 2 (should be 2)

DEBUG: Reading v3 canonical parameters...
  f_eV = 2.000000e+26 eV
  Lambda_EDE = 3.901155e-01 eV, theta_E_center = 0.00, sigma_E = 0.40
  Lambda_tail = 2.300000e-03 eV, alpha_tail = 1.00
BACKGROUND_INIT ENTERED: Lambda=0.00e+00
DEBUG BG_INIT ENTRY: model_type=2
DEBUG AFTER CHECKS: model_type=2 has_ridder=1
RIDDER DEBUG (background_init): has_ridder=1, Lambda_EDE_ridder=0.000000e+00, f_axion_ridder=1.000000e+16, theta_i_ridder=2.800000e+00, beta_ridder=0.000000e+00
BG_INIT: entering background_checks
BG_INIT: background_checks OK
RIDDER FREEZE FLAG (from input): ridder_freeze_phi = 0, force_damping = 1.000e+00
DEBUG SHOOTING CHECK: has_ridder=1, model_type=2 (unified=1), use_shooting_EDE=0
BG_INIT: entering background_solve
BACKGROUND_SOLVE ENTERED: has_ridder=1 Lambda=0.00e+00
RIDDER IC DEBUG: model_type=2 f_for_ic=2.000000e+26 theta_i=2.800000e+00 phi_ini=5.600000e+26
ABOUT TO INTEGRATE: bi_size=7 has_ridder=1 Lambda=0.00e+00
DERIVS_ENTRY: call#=95000 has_ridder=1 Lambda=0.00e+00 a=1.73e-03
BG_INIT: background_solve OK

========================================
RIDDER FINAL STATE (a=1, z=0):
  rho_ridder = 3.921130e-15 Mpc^-2
  rho_tot    = 5.224384e-08 Mpc^-2
  f_ridder   = 7.505439e-08 (fraction of total)
  Omega_ridder = 0.000000 (if f ~ Omega_Lambda)
========================================

DEBUG INPUT.C: Just set model_type to 2 (should be 2)

DEBUG: Reading v3 canonical parameters...
  f_eV = 2.000000e+26 eV
  Lambda_EDE = 4.064227e-01 eV, theta_E_center = 0.00, sigma_E = 0.40
  Lambda_tail = 2.300000e-03 eV, alpha_tail = 1.00
BACKGROUND_INIT ENTERED: Lambda=0.00e+00
DEBUG BG_INIT ENTRY: model_type=2
DEBUG AFTER CHECKS: model_type=2 has_ridder=1
RIDDER DEBUG (background_init): has_ridder=1, Lambda_EDE_ridder=0.000000e+00, f_axion_ridder=1.000000e+16, theta_i_ridder=2.800000e+00, beta_ridder=0.000000e+00
BG_INIT: entering background_checks
BG_INIT: background_checks OK
RIDDER FREEZE FLAG (from input): ridder_freeze_phi = 0, force_damping = 1.000e+00
DEBUG SHOOTING CHECK: has_ridder=1, model_type=2 (unified=1), use_shooting_EDE=0
BG_INIT: entering background_solve
BACKGROUND_SOLVE ENTERED: has_ridder=1 Lambda=0.00e+00
RIDDER IC DEBUG: model_type=2 f_for_ic=2.000000e+26 theta_i=2.800000e+00 phi_ini=5.600000e+26
ABOUT TO INTEGRATE: bi_size=7 has_ridder=1 Lambda=0.00e+00
DERIVS_ENTRY: call#=100000 has_ridder=1 Lambda=0.00e+00 a=5.91e-01
BG_INIT: background_solve OK

========================================
RIDDER FINAL STATE (a=1, z=0):
  rho_ridder = 2.675254e-15 Mpc^-2
  rho_tot    = 5.194143e-08 Mpc^-2
  f_ridder   = 5.150521e-08 (fraction of total)
  Omega_ridder = 0.000000 (if f ~[mcmc] Progress @ 2025-11-26 23:51:54 : 323 steps taken -- still burning in, 74 accepted steps left.
 Omega_Lambda)
========================================

DEBUG INPUT.C: Just set model_type to 2 (should be 2)

DEBUG: Reading v3 canonical parameters...
  f_eV = 2.000000e+26 eV
  Lambda_EDE = 3.453201e-01 eV, theta_E_center = 0.00, sigma_E = 0.40
  Lambda_tail = 2.300000e-03 eV, alpha_tail = 1.00
BACKGROUND_INIT ENTERED: Lambda=0.00e+00
DEBUG BG_INIT ENTRY: model_type=2
DEBUG AFTER CHECKS: model_type=2 has_ridder=1
RIDDER DEBUG (background_init): has_ridder=1, Lambda_EDE_ridder=0.000000e+00, f_axion_ridder=1.000000e+16, theta_i_ridder=2.800000e+00, beta_ridder=0.000000e+00
BG_INIT: entering background_checks
BG_INIT: background_checks OK
RIDDER FREEZE FLAG (from input): ridder_freeze_phi = 0, force_damping = 1.000e+00
DEBUG SHOOTING CHECK: has_ridder=1, model_type=2 (unified=1), use_shooting_EDE=0
BG_INIT: entering background_solve
BACKGROUND_SOLVE ENTERED: has_ridder=1 Lambda=0.00e+00
RIDDER IC DEBUG: model_type=2 f_for_ic=2.000000e+26 theta_i=2.800000e+00 phi_ini=5.600000e+26
ABOUT TO INTEGRATE: bi_size=7 has_ridder=1 Lambda=0.00e+00
BG_INIT: background_solve OK

========================================
RIDDER FINAL STATE (a=1, z=0):
  rho_ridder = 3.013627e-15 Mpc^-2
  rho_tot    = 5.282606e-08 Mpc^-2
  f_ridder   = 5.704811e-08 (fraction of total)
  Omega_ridder = 0.000000 (if f ~ Omega_Lambda)
========================================

DEBUG INPUT.C: Just set model_type to 2 (should be 2)

DEBUG: Reading v3 canonical parameters...
  f_eV = 2.000000e+26 eV
  Lambda_EDE = 4.241735e-01 eV, theta_E_center = 0.00, sigma_E = 0.40
  Lambda_tail = 2.300000e-03 eV, alpha_tail = 1.00
BACKGROUND_INIT ENTERED: Lambda=0.00e+00
DEBUG BG_INIT ENTRY: model_type=2
DEBUG AFTER CHECKS: model_type=2 has_ridder=1
RIDDER DEBUG (background_init): has_ridder=1, Lambda_EDE_ridder=0.000000e+00, f_axion_ridder=1.000000e+16, theta_i_ridder=2.800000e+00, beta_ridder=0.000000e+00
BG_INIT: entering background_checks
BG_INIT: background_checks OK
RIDDER FREEZE FLAG (from input): ridder_freeze_phi = 0, force_damping = 1.000e+00
DEBUG SHOOTING CHECK: has_ridder=1, model_type=2 (unified=1), use_shooting_EDE=0
BG_INIT: entering background_solve
BACKGROUND_SOLVE ENTERED: has_ridder=1 Lambda=0.00e+00
RIDDER IC DEBUG: model_type=2 f_for_ic=2.000000e+26 theta_i=2.800000e+00 phi_ini=5.600000e+26
ABOUT TO INTEGRATE: bi_size=7 has_ridder=1 Lambda=0.00e+00
DERIVS_ENTRY: call#=105000 has_ridder=1 Lambda=0.00e+00 a=1.52e-03
BG_INIT: background_solve OK

========================================
RIDDER FINAL STATE (a=1, z=0):
  rho_ridder = 1.803102e-15 Mpc^-2
  rho_tot    = 5.225258e-08 Mpc^-2
  f_ridder   = 3.450743e-08 (fraction of total)
  Omega_ridder = 0.000000 (if f ~ Omega_Lambda)
========================================

DEBUG INPUT.C: Just set model_type to 2 (should be 2)

DEBUG: Reading v3 canonical parameters...
  f_eV = 2.000000e+26 eV
  Lambda_EDE = 3.647122e-01 eV, theta_E_center = 0.00, sigma_E = 0.40
  Lambda_tail = 2.300000e-03 eV, alpha_tail = 1.00
BACKGROUND_INIT ENTERED: Lambda=0.00e+00
DEBUG BG_INIT ENTRY: model_type=2
DEBUG AFTER CHECKS: model_type=2 has_ridder=1
RIDDER DEBUG (background_init): has_ridder=1, Lambda_EDE_ridder=0.000000e+00, f_axion_ridder=1.000000e+16, theta_i_ridder=2.800000e+00, beta_ridder=0.000000e+00
BG_INIT: entering background_checks
BG_INIT: background_checks OK
RIDDER FREEZE FLAG (from input): ridder_freeze_phi = 0, force_damping = 1.000e+00
DEBUG SHOOTING CHECK: has_ridder=1, model_type=2 (unified=1), use_shooting_EDE=0
BG_INIT: entering background_solve
BACKGROUND_SOLVE ENTERED: has_ridder=1 Lambda=0.00e+00
RIDDER IC DEBUG: model_type=2 f_for_ic=2.000000e+26 theta_i=2.800000e+00 phi_ini=5.600000e+26
ABOUT TO INTEGRATE: bi_size=7 has_ridder=1 Lambda=0.00e+00
DERIVS_ENTRY: call#=110000 has_ridder=1 Lambda=0.00e+00 a=5.53e-01
BG_INIT: background_solve OK

========================================
RIDDER FINAL STATE (a=1, z=0):
  rho_ridder = 2.012549e-15 Mpc^-2
  rho_tot    = 5.188127e-08 Mpc^-2
  f_ridder   = 3.879143e-08 (fraction of total)
  Omega_ridder = 0.000000 (if f ~ Omega_Lambda)
==========================