[output] Output to be read-from/written-into folder '/home/ridderadmin/Ridder-Field/phase3/chains', with prefix 'tier6_ede_shoes_act_c4'
[prior] *WARNING* External prior 'SZ' loaded. Mind that it might not be normalized!
[classy] `classy` module loaded successfully from /home/ridderadmin/.local/lib/python3.10/site-packages
[planck_2018_highl_plik.ttteee] `clipy` module loaded successfully from /home/ridderadmin/.local/share/cobaya/data/code/planck/clipy/clipy
----
clipy_0.15
Checking likelihood '/home/ridderadmin/.local/share/cobaya/data/data/planck_2018/baseline/plc_3.0/hi_l/plik/plik_rd12_HM_v22b_TTTEEE.clik' on test data. got -1172.47 expected -1172.47 (diff 4.00569e-06)
----
Warning: The FITS format without the 'sacc_ordering' column is deprecated
Assuming data rows are in the correct order as it was before version 1.0.
[act_dr6_mflike.actdr6mflike] Number of bins used: 1651
[act_dr6_mflike.actdr6mflike] Initialized!
[bao.sixdf_2011_bao] Initialized.
[bao.sdss_dr12_consensus_bao] Initialized.
[shoes_h0] Initialized external likelihood.
[mcmc] Getting initial point... (this may take a few seconds)
[prior] Reference values or pdfs for some parameters were not provided. Sampling from the prior instead for those parameters.
[mcmc] Initial point: logA:3.075901, n_s:0.9670842, H0:72.513, omega_b:0.02270548, omega_cdm:0.1178989, tau_reio:0.05504038, Lambda_EDE_ridder:0.9686324, A_planck:1, calib_100T:1.0002, calib_217T:0.99805, A_cib_217:47, xi_sz_cib:0.5, A_sz:5, ksz_norm:3, gal545_A_100:8, gal545_A_143:10, gal545_A_143_217:20, gal545_A_217:100, ps_A_100_100:250, ps_A_143_143:50, ps_A_143_217:50, ps_A_217_217:120, galf_TE_A_100:0.1, galf_TE_A_100_143:0.1, galf_TE_A_100_217:0.4, galf_TE_A_143:0.2, galf_TE_A_143_217:0.6, galf_TE_A_217:2, calG_all:1.028301, cal_dr6_pa4_f220:1.005623, cal_dr6_pa5_f090:1.00026, cal_dr6_pa5_f150:1.026302, cal_dr6_pa6_f090:1.066791, cal_dr6_pa6_f150:0.9956858, calE_dr6_pa5_f090:0.9817107, calE_dr6_pa5_f150:1.023868, calE_dr6_pa6_f090:0.9990725, calE_dr6_pa6_f150:1.003903, bandint_shift_dr6_pa4_f220:0, bandint_shift_dr6_pa5_f090:0, bandint_shift_dr6_pa5_f150:0, bandint_shift_dr6_pa6_f090:0, bandint_shift_dr6_pa6_f150:0, beta_s:-3.008156, a_tSZ:3.390481, a_kSZ:6.009258, a_p:8.218066, beta_p:1.805799, a_c:9.342495, beta_c:1.500467, a_s:2.561828, a_gtt:6.689314, xi:0.1306352, alpha_tSZ:-0.8513557, a_gte:4.260645, a_pste:0.6948334, a_gee:2.298329, a_psee:0.6037686
[model] Measuring speeds... (this may take a few seconds)
[model] Setting measured speeds (per sec): {planck_2018_lowl.TT: 716.0, planck_2018_lowl.EE: 496.0, planck_2018_highl_plik.TTTEEE: 5.05, act_dr6_mflike.ACTDR6MFLike: 28.3, bao.sixdf_2011_bao: 1600.0, bao.sdss_dr7_mgs: 2880.0, bao.sdss_dr12_consensus_bao: 1270.0, sn.pantheonplus: 14.9, shoes_h0: 51900.0, classy: 0.00892, mflike.BandpowerForeground: 1.09}
[mcmc] Dragging with number of interpolating steps:
[mcmc] *  1 : [['H0'], ['logA', 'n_s', 'omega_b', 'omega_cdm', 'tau_reio', 'Lambda_EDE_ridder'], ['bandint_shift_dr6_pa4_f220', 'bandint_shift_dr6_pa5_f090', 'bandint_shift_dr6_pa5_f150', 'bandint_shift_dr6_pa6_f090', 'bandint_shift_dr6_pa6_f150', 'beta_s', 'a_tSZ', 'a_kSZ', 'a_p', 'beta_p', 'a_c', 'beta_c', 'a_s', 'a_gtt', 'xi', 'alpha_tSZ', 'a_gte', 'a_pste', 'a_gee', 'a_psee']]
[mcmc] * 13 : [['A_planck'], ['calib_100T', 'calib_217T', 'A_cib_217', 'xi_sz_cib', 'A_sz', 'ksz_norm', 'gal545_A_100', 'gal545_A_143', 'gal545_A_143_217', 'gal545_A_217', 'ps_A_100_100', 'ps_A_143_143', 'ps_A_143_217', 'ps_A_217_217', 'galf_TE_A_100', 'galf_TE_A_100_143', 'galf_TE_A_100_217', 'galf_TE_A_143', 'galf_TE_A_143_217', 'galf_TE_A_217'], ['calG_all', 'cal_dr6_pa4_f220', 'cal_dr6_pa5_f090', 'cal_dr6_pa5_f150', 'cal_dr6_pa6_f090', 'cal_dr6_pa6_f150', 'calE_dr6_pa5_f090', 'calE_dr6_pa5_f150', 'calE_dr6_pa6_f090', 'calE_dr6_pa6_f150']]
[autoselect_covmat] No cached covmat database present, not usable or not up-to-date. Will be re-created and cached.
[mcmc] Covariance matrix selected automatically: /home/ridderadmin/.local/share/cobaya/data/data/planck_supp_data_and_covmats/covmats/base_nrun_nrunrun_plikHM_TTTEEE_lowl_lowE_post_BAO.covmat
[mcmc] *ERROR* The parameters xi_sz_cib, xi have duplicated aliases. Can't assign them an element of the covariance matrix unambiguously.
[exception handler] ---------------------------------------

Traceback (most recent call last):
  File "/usr/local/bin/cobaya-run", line 7, in <module>
    sys.exit(run_script())
  File "/usr/local/lib/python3.10/dist-packages/cobaya/run.py", line 265, in run_script
    run(info, **arguments.__dict__)
  File "/usr/local/lib/python3.10/dist-packages/cobaya/run.py", line 160, in run
    sampler = sampler_class(
  File "/usr/local/lib/python3.10/dist-packages/cobaya/sampler.py", line 320, in __init__
    self.initialize()
  File "/usr/local/lib/python3.10/dist-packages/cobaya/samplers/mcmc/mcmc.py", line 243, in initialize
    self.set_proposer_initial_covmat(load=True)
  File "/usr/local/lib/python3.10/dist-packages/cobaya/samplers/mcmc/mcmc.py", line 416, in set_proposer_initial_covmat
    self._initial_covmat, where_nan = self._load_covmat(
  File "/usr/local/lib/python3.10/dist-packages/cobaya/mpi.py", line 254, in wrapper
    result = func(*args, **kwargs)
  File "/usr/local/lib/python3.10/dist-packages/cobaya/sampler.py", line 486, in _load_covmat
    return self.initial_proposal_covmat(auto_params=auto_params)
  File "/usr/local/lib/python3.10/dist-packages/cobaya/sampler.py", line 641, in initial_proposal_covmat
    raise LoggedError(
cobaya.log.LoggedError: The parameters xi_sz_cib, xi have duplicated aliases. Can't assign them an element of the covariance matrix unambiguously.
-------------------------------------------------------------

DEBUG: Ridder field ENABLED. Lambda = 9.686324e-01
DEBUG: Ridder field ENABLED. Lambda = 9.686324e-01
BG_FUNC: a=4.61e-13 V=8.55e-02 factor_V=2.45e+58 factor_rho=5.62e-56 rho_eV2=2.09e+57 rho_final=1.18e+02
BG_FUNC: a=2.22e-11 V=8.55e-02 factor_V=2.45e+58 factor_rho=5.62e-56 rho_eV2=2.09e+57 rho_final=1.18e+02
BG_FUNC: a=1.07e-09 V=8.55e-02 factor_V=2.45e+58 factor_rho=5.62e-56 rho_eV2=2.09e+57 rho_final=1.18e+02
BG_FUNC: a=5.12e-08 V=8.55e-02 factor_V=2.45e+58 factor_rho=5.62e-56 rho_eV2=2.09e+57 rho_final=1.18e+02
BG_FUNC: a=2.46e-06 V=8.55e-02 factor_V=2.45e+58 factor_rho=5.62e-56 rho_eV2=2.09e+57 rho_final=1.18e+02
BG_FUNC: a=1.19e-04 V=7.71e-02 factor_V=2.45e+58 factor_rho=5.62e-56 rho_eV2=1.96e+57 rho_final=1.10e+02
RIDDER SWITCHING: z_osc = 4246.97, a_osc = 2.354066e-04
RIDDER IC: k=8.480e+00 coeff=0.000e+00 delta_g=-1.633e-03
RIDDER IC: k=1.068e+01 coeff=0.000e+00 delta_g=-1.633e-03
RIDDER IC: k=5.350e+00 coeff=4.263e-14 delta_g=-1.633e-03
DEBUG: Ridder field ENABLED. Lambda = 9.496584e-01
DEBUG: Ridder field ENABLED. Lambda = 9.496584e-01
BG_FUNC: a=2.48e-13 V=7.90e-02 factor_V=2.45e+58 factor_rho=5.62e-56 rho_eV2=1.93e+57 rho_final=1.09e+02
BG_FUNC: a=1.14e-11 V=7.90e-02 factor_V=2.45e+58 factor_rho=5.62e-56 rho_eV2=1.93e+57 rho_final=1.09e+02
BG_FUNC: a=5.51e-10 V=7.90e-02 factor_V=2.45e+58 factor_rho=5.62e-56 rho_eV2=1.93e+57 rho_final=1.09e+02
BG_FUNC: a=2.64e-08 V=7.90e-02 factor_V=2.45e+58 factor_rho=5.62e-56 rho_eV2=1.93e+57 rho_final=1.09e+02
BG_FUNC: a=1.27e-06 V=7.90e-02 factor_V=2.45e+58 factor_rho=5.62e-56 rho_eV2=1.93e+57 rho_final=1.09e+02
BG_FUNC: a=6.39e-05 V=7.83e-02 factor_V=2.45e+58 factor_rho=5.62e-56 rho_eV2=1.92e+57 rho_final=1.08e+02
RIDDER SWITCHING: z_osc = 4111.75, a_osc = 2.431466e-04
DEBUG: Ridder field ENABLED. Lambda = 1.173664e+00
DEBUG: Ridder field ENABLED. Lambda = 1.173664e+00
BG_FUNC: a=1.21e-13 V=1.84e-01 factor_V=2.45e+58 factor_rho=5.62e-56 rho_eV2=4.51e+57 rho_final=2.53e+02
BG_FUNC: a=5.94e-12 V=1.84e-01 factor_V=2.45e+58 factor_rho=5.62e-56 rho_eV2=4.51e+57 rho_final=2.53e+02
BG_FUNC: a=2.90e-10 V=1.84e-01 factor_V=2.45e+58 factor_rho=5.62e-56 rho_eV2=4.51e+57 rho_final=2.53e+02
BG_FUNC: a=1.42e-08 V=1.84e-01 factor_V=2.45e+58 factor_rho=5.62e-56 rho_eV2=4.51e+57 rho_final=2.53e+02
BG_FUNC: a=6.92e-07 V=1.84e-01 factor_V=2.45e+58 factor_rho=5.62e-56 rho_eV2=4.51e+57 rho_final=2.53e+02
BG_FUNC: a=3.38e-05 V=1.84e-01 factor_V=2.45e+58 factor_rho=5.62e-56 rho_eV2=4.50e+57 rho_final=2.53e+02
RIDDER SWITCHING: z_osc = 5396.17, a_osc = 1.852822e-04
DEBUG: Ridder field ENABLED. Lambda = 9.625711e-01
DEBUG: Ridder field ENABLED. Lambda = 9.625711e-01
BG_FUNC: a=8.66e-14 V=8.34e-02 factor_V=2.45e+58 factor_rho=5.62e-56 rho_eV2=2.04e+57 rho_final=1.15e+02
BG_FUNC: a=4.33e-12 V=8.34e-02 factor_V=2.45e+58 factor_rho=5.62e-56 rho_eV2=2.04e+57 rho_final=1.15e+02
BG_FUNC: a=2.00e-10 V=8.34e-02 factor_V=2.45e+58 factor_rho=5.62e-56 rho_eV2=2.04e+57 rho_final=1.15e+02
BG_FUNC: a=9.62e-09 V=8.34e-02 factor_V=2.45e+58 factor_rho=5.62e-56 rho_eV2=2.04e+57 rho_final=1.15e+02
BG_FUNC: a=4.62e-07 V=8.34e-02 factor_V=2.45e+58 factor_rho=5.62e-56 rho_eV2=2.04e+57 rho_final=1.15e+02
BG_FUNC: a=2.22e-05 V=8.34e-02 factor_V=2.45e+58 factor_rho=5.62e-56 rho_eV2=2.04e+57 rho_final=1.15e+02
RIDDER SWITCHING: z_osc = 4188.08, a_osc = 2.387158e-04
