[output] Output to be read-from/written-into folder 'chains', with prefix 'tier5_cpl_desi_pantheon'
[output] Found existing info files with the requested output prefix: 'chains/tier5_cpl_desi_pantheon'
[output] Will delete previous products ('force' was requested).
[prior] *WARNING* External prior 'SZ' loaded. Mind that it might not be normalized!
[classy] `classy` module loaded successfully from /home/ridderadmin/.local/lib/python3.10/site-packages/classy-3.3.3-py3.10-linux-x86_64.egg
[planck_2018_lowl.TT] *ERROR* The given installation path does not exist: '/home/ridderadmin/.local/share/cobaya/data/data/planck_2018_lowT_native'
[planck_2018_lowl.TT] *ERROR* The data for this likelihood has not been correctly installed. To install it, run `cobaya-install planck_2018_lowl.TT`
[exception handler] ---------------------------------------

Traceback (most recent call last):
  File "/usr/local/bin/cobaya-run", line 7, in <module>
    sys.exit(run_script())
  File "/usr/local/lib/python3.10/dist-packages/cobaya/run.py", line 265, in run_script
    run(info, **arguments.__dict__)
  File "/usr/local/lib/python3.10/dist-packages/cobaya/run.py", line 147, in run
    with Model(
  File "/usr/local/lib/python3.10/dist-packages/cobaya/model.py", line 292, in __init__
    self.likelihood = LikelihoodCollection(
  File "/usr/local/lib/python3.10/dist-packages/cobaya/likelihood.py", line 318, in __init__
    like_class(
  File "/usr/local/lib/python3.10/dist-packages/cobaya/likelihoods/base_classes/InstallableLikelihood.py", line 51, in __init__
    raise ComponentNotInstalledError(
cobaya.component.ComponentNotInstalledError: The data for this likelihood has not been correctly installed. To install it, run `cobaya-install planck_2018_lowl.TT`
-------------------------------------------------------------

