[output] Output to be read-from/written-into folder 'chains', with prefix 'tier4L_lcdm_shoes'
[prior] *WARNING* External prior 'SZ' loaded. Mind that it might not be normalized!
[classy] `classy` module loaded successfully from /home/ridderadmin/Ridder-Field/phase2/class
[planck_2018_highl_plik.ttteee] `clipy` module loaded successfully from /home/ridderadmin/Ridder-Field/phase3/packages/code/planck/clipy/clipy
----
clipy_0.15
Checking likelihood '/home/ridderadmin/Ridder-Field/phase3/packages/data/planck_2018/baseline/plc_3.0/hi_l/plik/plik_rd12_HM_v22b_TTTEEE.clik' on test data. got -1172.47 expected -1172.47 (diff 4.00569e-06)
----
[planck_2018_lensing.clik] `clipy` module loaded successfully from /home/ridderadmin/Ridder-Field/phase3/packages/code/planck/clipy/clipy
----
clipy_0.15
Checking likelihood '/home/ridderadmin/Ridder-Field/phase3/packages/data/planck_2018/baseline/plc_3.0/lensing/smicadx12_Dec5_ftl_mv2_ndclpp_p_teb_consext8.clik_lensing' on test data. got -4.42102
----
[bao.sixdf_2011_bao] Initialized.
[bao.sdss_dr12_consensus_bao] Initialized.
[sh0es_h0] Initialized external likelihood.
[mcmc] Getting initial point... (this may take a few seconds)
[model] *ERROR* Could not find random point giving finite posterior after 10000 tries
[exception handler] ---------------------------------------

Traceback (most recent call last):
  File "/usr/local/bin/cobaya-run", line 7, in <module>
    sys.exit(run_script())
  File "/usr/local/lib/python3.10/dist-packages/cobaya/run.py", line 265, in run_script
    run(info, **arguments.__dict__)
  File "/usr/local/lib/python3.10/dist-packages/cobaya/run.py", line 160, in run
    sampler = sampler_class(
  File "/usr/local/lib/python3.10/dist-packages/cobaya/sampler.py", line 320, in __init__
    self.initialize()
  File "/usr/local/lib/python3.10/dist-packages/cobaya/samplers/mcmc/mcmc.py", line 219, in initialize
    initial_point, results = self.model.get_valid_point(
  File "/usr/local/lib/python3.10/dist-packages/cobaya/model.py", line 748, in get_valid_point
    raise LoggedError(
cobaya.log.LoggedError: Could not find random point giving finite posterior after 10000 tries
-------------------------------------------------------------

BACKGROUND_INIT ENTERED: Lambda=0.00e+00
DEBUG BG_INIT ENTRY: model_type=0
DEBUG AFTER CHECKS: model_type=0 has_ridder=0
RIDDER DEBUG (background_init): has_ridder=0, Lambda_EDE_ridder=0.000000e+00, f_axion_ridder=1.000000e+16, theta_i_ridder=2.500000e+00, beta_ridder=0.000000e+00
BG_INIT: entering background_checks
BG_INIT: background_checks OK
DEBUG SHOOTING CHECK: has_ridder=0, model_type=0 (unified=1), use_shooting_EDE=0
BG_INIT: entering background_solve
BACKGROUND_SOLVE ENTERED: has_ridder=0 Lambda=0.00e+00
ABOUT TO INTEGRATE: bi_size=5 has_ridder=0 Lambda=0.00e+00
BG_DERIVS: FIRST CALL at a = 1.000e-14
BG_INIT: background_solve OK
