[output] Output to be read-from/written-into folder 'chains', with prefix 'lcdm_plumbing_check'
[classy] `classy` module loaded successfully from /home/ridderadmin/Ridder-Field/phase2/class
[bao.sixdf_2011_bao] Initialized.
[bao.sdss_dr12_consensus_bao] Initialized.
[mcmc] Getting initial point... (this may take a few seconds)
[mcmc] Initial point: logA:3.044, n_s:0.9649, H0:67.4, omega_b:0.02237, omega_cdm:0.12, tau_reio:0.0544
[model] Measuring speeds... (this may take a few seconds)
[model] Setting measured speeds (per sec): {planck_2018_lowl.TT: 1210.0, planck_2018_lowl.EE: 4810.0, bao.sixdf_2011_bao: 2020.0, bao.sdss_dr7_mgs: 3460.0, bao.sdss_dr12_consensus_bao: 1780.0, classy: 0.159}
[mcmc] Covariance matrix not present. We will start learning the covariance of the proposal earlier: R-1 = 30 (would be 2 if all params loaded).
[mcmc] Sampling! (NB: no accepted step will be saved until 100 burn-in samples have been obtained)
[mcmc] Progress @ 2025-11-26 18:23:25 : 1 steps taken -- still burning in, 100 accepted steps left.
BACKGROUND_INIT ENTERED: Lambda=0.00e+00
DEBUG BG_INIT ENTRY: model_type=0
DEBUG AFTER CHECKS: model_type=0 has_ridder=0
RIDDER DEBUG (background_init): has_ridder=0, Lambda_EDE_ridder=0.000000e+00, f_axion_ridder=1.000000e+16, theta_i_ridder=2.500000e+00, beta_ridder=0.000000e+00
BG_INIT: entering background_checks
BG_INIT: background_checks OK
DEBUG SHOOTING CHECK: has_ridder=0, model_type=0 (unified=1), use_shooting_EDE=0
BG_INIT: entering background_solve
BACKGROUND_SOLVE ENTERED: has_ridder=0 Lambda=0.00e+00
ABOUT TO INTEGRATE: bi_size=5 has_ridder=0 Lambda=0.00e+00
BG_DERIVS: FIRST CALL at a = 1.000e-14
BG_INIT: background_solve OK
BACKGROUND_INIT ENTERED: Lambda=0.00e+00
DEBUG BG_INIT ENTRY: model_type=0
DEBUG AFTER CHECKS: model_type=0 has_ridder=0
RIDDER DEBUG (background_init): has_ridder=0, Lambda_EDE_ridder=0.000000e+00, f_axion_ridder=1.000000e+16, theta_i_ridder=2.500000e+00, beta_ridder=0.000000e+00
BG_INIT: entering background_checks
BG_INIT: background_checks OK
DEBUG SHOOTING CHECK: has_ridder=0, model_type=0 (unified=1), use_shooting_EDE=0
BG_INIT: entering background_solve
BACKGROUND_SOLVE ENTERED: has_ridder=0 Lambda=0.00e+00
ABOUT TO INTEGRATE: bi_size=5 has_ridder=0 Lambda=0.00e+00
BG_INIT: background_solve OK
BACKGROUND_INIT ENTERED: Lambda=0.00e+00
DEBUG BG_INIT ENTRY: model_type=0
DEBUG AFTER CHECKS: model_type=0 has_ridder=0
RIDDER DEBUG (background_init): has_ridder=0, Lambda_EDE_ridder=0.000000e+00, f_axion_ridder=1.000000e+16, theta_i_ridder=2.500000e+00, beta_ridder=0.000000e+00
BG_INIT: entering background_checks
BG_INIT: background_checks OK
DEBUG SHOOTING CHECK: has_ridder=0, model_type=0 (unified=1), use_shooting_EDE=0
BG_INIT: entering background_solve
BACKGROUND_SOLVE ENTERED: has_ridder=0 Lambda=0.00e+00
ABOUT TO INTEGRATE: bi_size=5 has_ridder=0 Lambda=0.00e+00
BG_INIT: background_solve OK
BACKGROUND_INIT ENTERED: Lambda=0.00e+00
DEBUG BG_INIT ENTRY: model_type=0
DEBUG AFTER CHECKS: model_type=0 has_ridder=0
RIDDER DEBUG (background_init): has_ridder=0, Lambda_EDE_ridder=0.000000e+00, f_axion_ridder=1.000000e+16, theta_i_ridder=2.500000e+00, beta_ridder=0.000000e+00
BG_INIT: entering background_checks
BG_INIT: background_checks OK
DEBUG SHOOTING CHECK: has_ridder=0, model_type=0 (unified=1), use_shooting_EDE=0
BG_INIT: entering background_solve
BACKGROUND_SOLVE ENTERED: has_ridder=0 Lambda=0.00e+00
ABOUT TO INTEGRATE: bi_size=5 has_ridder=0 Lambda=0.00e+00
BG_INIT: background_solve OK
BACKGROUND_INIT ENTERED: Lambda=0.00e+00
DEBUG BG_INIT ENTRY: model_type=0
DEBUG AFTER CHECKS: model_type=0 has_ridder=0
RIDDER DEBUG (background_init): has_ridder=0, Lambda_EDE_ridder=0.000000e+00, f_axion_ridder=1.000000e+16, theta_i_ridder=2.500000e+00, beta_ridder=0.000000e+00
BG_INIT: entering background_checks
BG_INIT: background_checks OK
DEBUG SHOOTING CHECK: has_ridder=0, model_type=0 (unified=1), use_shooting_EDE=0
BG_INIT: entering background_solve
BACKGROUND_SOLVE ENTERED: has_ridder=0 Lambda=0.00e+00
ABOUT TO INTEGRATE: bi_size=5 has_ridder=0 Lambda=0.00e+00
BG_INIT: background_solve OK
BACKGROUND_INIT ENTERED: Lambda=0.00e+00
DEBUG BG_INIT ENTRY: model_type=0
DEBUG AFTER CHECKS: model_type=0 has_ridder=0
RIDDER DEBUG (background_init): has_ridder=0, Lambda_EDE_ridder=0.000000e+00, f_axion_ridder=1.000000e+16, theta_i_ridder=2.500000e+00, beta_ridder=0.000000e+00
BG_INIT: entering background_checks
BG_INIT: background_checks OK
DEBUG SHOOTING CHECK: has_ridder=0, model_type=0 (unified=1), use_shooting_EDE=0
BG_INIT: entering background_solve
BACKGROUND_SOLVE ENTERED: has_ridder=0 Lambda=0.00e+00
ABOUT TO INTEGRATE: bi_size=5 has_ridder=0 Lambda=0.00e+00
BG_INIT: background_solve OK
BACKGROUND_INIT ENTERED: Lambda=0.00e+00
DEBUG BG_INIT ENTRY: model_type=0
DEBUG AFTER CHECKS: model_type=0 has_ridder=0
RIDDER DEBUG (background_init): has_ridder=0, Lambda_EDE_ridder=0.000000e+00, f_axion_ridder=1.000000e+16, theta_i_ridder=2.500000e+00, beta_ridder=0.000000e+00
BG_INIT: entering background_checks
BG_INIT: background_checks OK
DEBUG SHOOTING CHECK: has_ridder=0, model_type=0 (unified=1), use_shooting_EDE=0
BG_INIT: entering background_solve
BACKGROUND_SOLVE ENTERED: has_ridder=0 Lambda=0.00e+00
ABOUT TO INTEGRATE: bi_size=5 has_ridder=0 Lambda=0.00e+00
BG_INIT: background_solve OK
BACKGROUND_INIT ENTERED: Lambda=0.00e+00
DEBUG BG_INIT ENTRY: model_type=0
DEBUG AFTER CHECKS: model_type=0 has_ridder=0
RIDDER DEBUG (background_init): has_ridder=0, Lambda_EDE_ridder=0.000000e+00, f_axion_ridder=1.000000e+16, theta_i_ridder=2.500000e+00, beta_ridder=0.000000e+00
BG_INIT: entering background_checks
BG_INIT: background_checks OK
DEBUG SHOOTING CHECK: has_ridder=0, model_type=0 (unified=1), use_shooting_EDE=0
BG_INIT: entering background_solve
BACKGROUND_SOLVE ENTERED: has_ridder=0 Lambda=0.00e+00
ABOUT TO INTEGRATE: bi_size=5 has_ridder=0 Lambda=0.00e+00
BG_INIT: background_solve OK
BACKGROUND_INIT ENTERED: Lambda=0.00e+00
DEBUG BG_INIT ENTRY: model_type=0
DEBUG AFTER CHECKS: model_type=0 has_ridder=0
RIDDER DEBUG (background_init): has_ridder=0, Lambda_EDE_ridder=0.000000e+00, f_axion_ridder=1.000000e+16, theta_i_ridder=2.500000e+00, beta_ridder=0.000000e+00
BG_INIT: entering background_checks
BG_INIT: background_checks OK
DEBUG SHOOTING CHECK: has_ridder=0, model_type=0 (unified=1), use_shooting_EDE=0
BG_INIT: entering background_solve
BACKGROUND_SOLVE ENTERED: has_ridder=0 Lambda=0.00e+00
ABOUT TO INTEGRATE: bi_size=5 has_ridder=0 Lambda=0.00e+00
DERIVS_ENTRY: call#=5000 has_ridder=0 Lambda=0.00e+00 a=1.70e-01
BG_INIT: background_solve OK
BACKGROUND_INIT ENTERED: Lambda=0.00e+00
DEBUG BG_INIT ENTRY: model_type=0
DEBUG AFTER CHECKS: model_type=0 has_ridder=0
RIDDER DEBUG (background_init): has_ridder=0, Lambda_EDE_ridder=0.000000e+00, f_axion_ridder=1.000000e+16, theta_i_ridder=2.500000e+00, beta_ridder=0.000000e+00
BG_INIT: entering background_checks
BG_INIT: background_checks OK
DEBUG SHOOTING CHECK: has_ridder=0, model_type=0 (unified=1), use_shooting_EDE=0
BG_INIT: entering background_solve
BACKGROUND_SOLVE ENTERED: has_ridder=0 Lambda=0.00e+00
ABOUT TO INTEGRATE: bi_size=5 has_ridder=0 Lambda=0.00e+00
BG_INIT: background_solve OK
BACKGROUND_INIT ENTERED: Lambda=0.00e+00
DEBUG BG_INIT ENTRY: model_type=0
DEBUG AFTER CHECKS: model_type=0 has_ridder=0
RIDDER DEBUG (background_init): has_ridder=0, Lambda_EDE_ridder=0.000000e+00, f_axion_ridder=1.000000e+16, theta_i_ridder=2.500000e+00, beta_ridder=0.000000e+00
BG_INIT: entering background_checks
BG_INIT: background_checks OK
DEBUG SHOOTING CHECK: has_ridder=0, model_type=0 (unified=1), use_shooting_EDE=0
BG_INIT: entering background_solve
BACKGROUND_SOLVE ENTERED: has_ridder=0 Lambda=0.00e+00
ABOUT TO INTEGRATE: bi_size=5 has_ridder=0 Lambda=0.00e+00
BG_INIT: background_solve OK
BACKGROUND_INIT ENTERED: Lambda=0.00e+00
DEBUG BG_INIT ENTRY: model_type=0
DEBUG AFTER CHECKS: model_type=0 has_ridder=0
RIDDER DEBUG (background_init): has_ridder=0, Lambda_EDE_ridder=0.000000e+00, f_axion_ridder=1.000000e+16, theta_i_ridder=2.500000e+00, beta_ridder=0.000000e+00
BG_INIT: entering background_checks
BG_INIT: background_checks OK
DEBUG SHOOTING CHECK: has_ridder=0, model_type=0 (unified=1), use_shooting_EDE=0
BG_INIT: entering background_solve
BACKGROUND_SOLVE ENTERED: has_ridder=0 Lambda=0.00e+00
ABOUT TO INTEGRATE: bi_size=5 has_ridder=0 Lambda=0.00e+00
BG_INIT: background_solve OK
BACKGROUND_INIT ENTERED: Lambda=0.00e+00
DEBUG BG_INIT ENTRY: model_type=0
DEBUG AFTER CHECKS: model_type=0 has_ridder=0
RIDDER DEBUG (background_init): has_ridder=0, Lambda_EDE_ridder=0.000000e+00, f_axion_ridder=1.000000e+16, theta_i_ridder=2.500000e+00, beta_ridder=0.000000e+00
BG_INIT: entering background_checks
BG_INIT: background_checks OK
DEBUG SHOOTING CHECK: has_ridder=0, model_type=0 (unified=1), use_shooting_EDE=0
BG_INIT: entering background_solve
BACKGROUND_SOLVE ENTERED: has_ridder=0 Lambda=0.00e+00
ABOUT TO INTEGRATE: bi_size=5 has_ridder=0 Lambda=0.00e+00
BG_INIT: background_solve OK
BACKGROUND_INIT ENTERED: Lambda=0.00e+00
DEBUG BG_INIT ENTRY: model_type=0
DEBUG AFTER CHECKS: model_type=0 has_ridder=0
RIDDER DEBUG (background_init): has_ridder=0, Lambda_EDE_ridder=0.000000e+00[mcmc] Progress @ 2025-11-26 18:24:28 : 11 steps taken -- still burning in, 94 accepted steps left.
, f_axion_ridder=1.000000e+16, theta_i_ridder=2.500000e+00, beta_ridder=0.000000e+00
BG_INIT: entering background_checks
BG_INIT: background_checks OK
DEBUG SHOOTING CHECK: has_ridder=0, model_type=0 (unified=1), use_shooting_EDE=0
BG_INIT: entering background_solve
BACKGROUND_SOLVE ENTERED: has_ridder=0 Lambda=0.00e+00
ABOUT TO INTEGRATE: bi_size=5 has_ridder=0 Lambda=0.00e+00
BG_INIT: background_solve OK
BACKGROUND_INIT ENTERED: Lambda=0.00e+00
DEBUG BG_INIT ENTRY: model_type=0
DEBUG AFTER CHECKS: model_type=0 has_ridder=0
RIDDER DEBUG (background_init): has_ridder=0, Lambda_EDE_ridder=0.000000e+00, f_axion_ridder=1.000000e+16, theta_i_ridder=2.500000e+00, beta_ridder=0.000000e+00
BG_INIT: entering background_checks
BG_INIT: background_checks OK
DEBUG SHOOTING CHECK: has_ridder=0, model_type=0 (unified=1), use_shooting_EDE=0
BG_INIT: entering background_solve
BACKGROUND_SOLVE ENTERED: has_ridder=0 Lambda=0.00e+00
ABOUT TO INTEGRATE: bi_size=5 has_ridder=0 Lambda=0.00e+00
BG_INIT: background_solve OK
BACKGROUND_INIT ENTERED: Lambda=0.00e+00
DEBUG BG_INIT ENTRY: model_type=0
DEBUG AFTER CHECKS: model_type=0 has_ridder=0
RIDDER DEBUG (background_init): has_ridder=0, Lambda_EDE_ridder=0.000000e+00, f_axion_ridder=1.000000e+16, theta_i_ridder=2.500000e+00, beta_ridder=0.000000e+00
BG_INIT: entering background_checks
BG_INIT: background_checks OK
DEBUG SHOOTING CHECK: has_ridder=0, model_type=0 (unified=1), use_shooting_EDE=0
BG_INIT: entering background_solve
BACKGROUND_SOLVE ENTERED: has_ridder=0 Lambda=0.00e+00
ABOUT TO INTEGRATE: bi_size=5 has_ridder=0 Lambda=0.00e+00
BG_INIT: background_solve OK
BACKGROUND_INIT ENTERED: Lambda=0.00e+00
DEBUG BG_INIT ENTRY: model_type=0
DEBUG AFTER CHECKS: model_type=0 has_ridder=0
RIDDER DEBUG (background_init): has_ridder=0, Lambda_EDE_ridder=0.000000e+00, f_axion_ridder=1.000000e+16, theta_i_ridder=2.500000e+00, beta_ridder=0.000000e+00
BG_INIT: entering background_checks
BG_INIT: background_checks OK
DEBUG SHOOTING CHECK: has_ridder=0, model_type=0 (unified=1), use_shooting_EDE=0
BG_INIT: entering background_solve
BACKGROUND_SOLVE ENTERED: has_ridder=0 Lambda=0.00e+00
ABOUT TO INTEGRATE: bi_size=5 has_ridder=0 Lambda=0.00e+00
BG_INIT: background_solve OK
BACKGROUND_INIT ENTERED: Lambda=0.00e+00
DEBUG BG_INIT ENTRY: model_type=0
DEBUG AFTER CHECKS: model_type=0 has_ridder=0
RIDDER DEBUG (background_init): has_ridder=0, Lambda_EDE_ridder=0.000000e+00, f_axion_ridder=1.000000e+16, theta_i_ridder=2.500000e+00, beta_ridder=0.000000e+00
BG_INIT: entering background_checks
BG_INIT: background_checks OK
DEBUG SHOOTING CHECK: has_ridder=0, model_type=0 (unified=1), use_shooting_EDE=0
BG_INIT: entering background_solve
BACKGROUND_SOLVE ENTERED: has_ridder=0 Lambda=0.00e+00
ABOUT TO INTEGRATE: bi_size=5 has_ridder=0 Lambda=0.00e+00
DERIVS_ENTRY: call#=10000 has_ridder=0 Lambda=0.00e+00 a=2.52e-02
BG_INIT: background_solve OK
BACKGROUND_INIT ENTERED: Lambda=0.00e+00
DEBUG BG_INIT ENTRY: model_type=0
DEBUG AFTER CHECKS: model_type=0 has_ridder=0
RIDDER DEBUG (background_init): has_ridder=0, Lambda_EDE_ridder=0.000000e+00, f_axion_ridder=1.000000e+16, theta_i_ridder=2.500000e+00, beta_ridder=0.000000e+00
BG_INIT: entering background_checks
BG_INIT: background_checks OK
DEBUG SHOOTING CHECK: has_ridder=0, model_type=0 (unified=1), use_shooting_EDE=0
BG_INIT: entering background_solve
BACKGROUND_SOLVE ENTERED: has_ridder=0 Lambda=0.00e+00
ABOUT TO INTEGRATE: bi_size=5 has_ridder=0 Lambda=0.00e+00
BG_INIT: background_solve OK
BACKGROUND_INIT ENTERED: Lambda=0.00e+00
DEBUG BG_INIT ENTRY: model_type=0
DEBUG AFTER CHECKS: model_type=0 has_ridder=0
RIDDER DEBUG (background_init): has_ridder=0, Lambda_EDE_ridder=0.000000e+00, f_axion_ridder=1.000000e+16, theta_i_ridder=2.500000e+00, beta_ridder=0.000000e+00
BG_INIT: entering background_checks
BG_INIT: background_checks OK
DEBUG SHOOTING CHECK: has_ridder=0, model_type=0 (unified=1), use_shooting_EDE=0
BG_INIT: entering background_solve
BACKGROUND_SOLVE ENTERED: has_ridder=0 Lambda=0.00e+00
ABOUT TO INTEGRATE: bi_size=5 has_ridder=0 Lambda=0.00e+00
BG_INIT[mcmc] Progress @ 2025-11-26 18:25:29 : 21 steps taken -- still burning in, 89 accepted steps left.
: background_solve OK
BACKGROUND_INIT ENTERED: Lambda=0.00e+00
DEBUG BG_INIT ENTRY: model_type=0
DEBUG AFTER CHECKS: model_type=0 has_ridder=0
RIDDER DEBUG (background_init): has_ridder=0, Lambda_EDE_ridder=0.000000e+00, f_axion_ridder=1.000000e+16, theta_i_ridder=2.500000e+00, beta_ridder=0.000000e+00
BG_INIT: entering background_checks
BG_INIT: background_checks OK
DEBUG SHOOTING CHECK: has_ridder=0, model_type=0 (unified=1), use_shooting_EDE=0
BG_INIT: entering background_solve
BACKGROUND_SOLVE ENTERED: has_ridder=0 Lambda=0.00e+00
ABOUT TO INTEGRATE: bi_size=5 has_ridder=0 Lambda=0.00e+00
BG_INIT: background_solve OK
BACKGROUND_INIT ENTERED: Lambda=0.00e+00
DEBUG BG_INIT ENTRY: model_type=0
DEBUG AFTER CHECKS: model_type=0 has_ridder=0
RIDDER DEBUG (background_init): has_ridder=0, Lambda_EDE_ridder=0.000000e+00, f_axion_ridder=1.000000e+16, theta_i_ridder=2.500000e+00, beta_ridder=0.000000e+00
BG_INIT: entering background_checks
BG_INIT: background_checks OK
DEBUG SHOOTING CHECK: has_ridder=0, model_type=0 (unified=1), use_shooting_EDE=0
BG_INIT: entering background_solve
BACKGROUND_SOLVE ENTERED: has_ridder=0 Lambda=0.00e+00
ABOUT TO INTEGRATE: bi_size=5 has_ridder=0 Lambda=0.00e+00
BG_INIT: background_solve OK
BACKGROUND_INIT ENTERED: Lambda=0.00e+00
DEBUG BG_INIT ENTRY: model_type=0
DEBUG AFTER CHECKS: model_type=0 has_ridder=0
RIDDER DEBUG (background_init): has_ridder=0, Lambda_EDE_ridder=0.000000e+00, f_axion_ridder=1.000000e+16, theta_i_ridder=2.500000e+00, beta_ridder=0.000000e+00
BG_INIT: entering background_checks
BG_INIT: background_checks OK
DEBUG SHOOTING CHECK: has_ridder=0, model_type=0 (unified=1), use_shooting_EDE=0
BG_INIT: entering background_solve
BACKGROUND_SOLVE ENTERED: has_ridder=0 Lambda=0.00e+00
ABOUT TO INTEGRATE: bi_size=5 has_ridder=0 Lambda=0.00e+00
BG_INIT: background_solve OK
BACKGROUND_INIT ENTERED: Lambda=0.00e+00
DEBUG BG_INIT ENTRY: model_type=0
DEBUG AFTER CHECKS: model_type=0 has_ridder=0
RIDDER DEBUG (background_init): has_ridder=0, Lambda_EDE_ridder=0.000000e+00, f_axion_ridder=1.000000e+16, theta_i_ridder=2.500000e+00, beta_ridder=0.000000e+00
BG_INIT: entering background_checks
BG_INIT: background_checks OK
DEBUG SHOOTING CHECK: has_ridder=0, model_type=0 (unified=1), use_shooting_EDE=0
BG_INIT: entering background_solve
BACKGROUND_SOLVE ENTERED: has_ridder=0 Lambda=0.00e+00
ABOUT TO INTEGRATE: bi_size=5 has_ridder=0 Lambda=0.00e+00
BG_INIT: background_solve OK
BACKGROUND_INIT ENTERED: Lambda=0.00e+00
DEBUG BG_INIT ENTRY: model_type=0
DEBUG AFTER CHECKS: model_type=0 has_ridder=0
RIDDER DEBUG (background_init): has_ridder=0, Lambda_EDE_ridder=0.000000e+00, f_axion_ridder=1.000000e+16, theta_i_ridder=2.500000e+00, beta_ridder=0.000000e+00
BG_INIT: entering background_checks
BG_INIT: background_checks OK
DEBUG SHOOTING CHECK: has_ridder=0, model_type=0 (unified=1), use_shooting_EDE=0
BG_INIT: entering background_solve
BACKGROUND_SOLVE ENTERED: has_ridder=0 Lambda=0.00e+00
ABOUT TO INTEGRATE: bi_size=5 has_ridder=0 Lambda=0.00e+00
BG_INIT: background_solve OK
BACKGROUND_INIT ENTERED: Lambda=0.00e+00
DEBUG BG_INIT ENTRY: model_type=0
DEBUG AFTER CHECKS: model_type=0 has_ridder=0
RIDDER DEBUG (background_init): has_ridder=0, Lambda_EDE_ridder=0.000000e+00, f_axion_ridder=1.000000e+16, theta_i_ridder=2.500000e+00, beta_ridder=0.000000e+00
BG_INIT: entering background_checks
BG_INIT: background_checks OK
DEBUG SHOOTING CHECK: has_ridder=0, model_type=0 (unified=1), use_shooting_EDE=0
BG_INIT: entering background_solve
BACKGROUND_SOLVE ENTERED: has_ridder=0 Lambda=0.00e+00
ABOUT TO INTEGRATE: bi_size=5 has_ridder=0 Lambda=0.00e+00
BG_INIT: background_solve OK
BACKGROUND_INIT ENTERED: Lambda=0.00e+00
DEBUG BG_INIT ENTRY: model_type=0
DEBUG AFTER CHECKS: model_type=0 has_ridder=0
RIDDER DEBUG (background_init): has_ridder=0, Lambda_EDE_ridder=0.000000e+00, f_axion_ridder=1.000000e+16, theta_i_ridder=2.500000e+00, beta_ridder=0.000000e+00
BG_INIT: entering background_checks
BG_INIT: background_checks OK
DEBUG SHOOTING CHECK: has_ridder=0, model_type=0 (unified=1), use_shooting_EDE=0
BG_INIT: entering background_solve
BACKGROUND_SOLVE ENTERED: has_ridder=0 Lambda=0.00e+00
ABOUT TO INTEGRATE: bi_size=5 has_ridder=0 Lambda=0.00e+00
DERIVS_ENTRY: call#=15000 has_ridder=0 Lambda=0.00e+00 a=9.07e-03
BG_INIT: background_solve OK
BACKGROUND_INIT ENTERED: Lambda=0.00e+00
DEBUG BG_INIT ENTRY: model_type=0
DEBUG AFTER CHECKS: model_type=0 has_ridder=0
RIDDER DEBUG (background_init): has_ridder=0, Lambda_EDE_ridder=0.000000e+00, f_axion_ridder=1.000000e+16, theta_i_ridder=2.500000e+00, beta_ridder=0.000000e+00
BG_INIT: entering background_checks
BG_INIT: background_checks OK
DEBUG SHOOTING CHECK: has_ridder=0, model_type=0 (unified=1), use_shooting_EDE=0
BG_INIT: entering background_solve
BACKGROUND_SOLVE ENTERED: has_ridder=0 Lambda=0.00e+00
ABOUT TO INTEGRATE: bi_size=5 has_ridder=0 Lambda=0.00e+00
BG_INIT: background_solve OK
BACKGROUND_INIT ENTERED: Lambda=0.00e+00
DEBUG BG_INIT ENTRY: model_type=0
DEBUG AFTER CHECKS: model_type=0 has_ridder=0
RIDDER DEBUG (background_init): has_ridder=0, Lambda_EDE_ridder=0.000000e+00, f_axion_ridder=1.000000e+16, theta_i_ridder=2.500000e+00, beta_ridder=0.000000e+00
BG_INIT: entering background_checks
BG_INIT: background_checks OK
DEBUG SHOOTING CHECK: has_ridder=0, model_type=0 (unified=1), use_shooting_EDE=0
BG_INIT: entering background_solve
BACKGROUND_SOLVE ENTERED: has_ridder=0 Lambda=0.00e+00
ABOUT TO INTEGRATE: bi_size=5 has_ridder=0 Lambda=0.00e+00
BG_INIT: background_solve OK
BACKGROUND_INIT ENTERED: Lambda=0.00e+00
DEBUG BG_INIT ENTRY: model_type=0
DEBUG AFTER CHECKS: model_type=0 has_ridder=0
RIDDER DEBUG (background_init): has_ridder=0, Lambda_EDE_ridder=0.000000e+00, f_axion_ridder=1.000000e+16, theta_i_ridder=2.500000e+00, beta_ridder=0.000000e+00
BG_INIT: entering background_checks
BG_INIT: background_checks OK
DEBUG SHOOTING CHECK: has_ridder=0, model_type=0 (unified=1), use_shooting_EDE=0
BG_INIT: entering background_solve
BACKGROUND_SOLVE ENTERED: has_ridder=0 Lambda=0.00e+00
ABOUT TO INTEGRATE: bi_size=5 has_ridder=0 Lambda=0.00e+00
BG_INIT: background_solve OK
BACKGROUND_INIT ENTERED: Lambda=0.00e+00
DEBUG BG_INIT ENTRY: model_type=0
DEBUG AFTER CHECKS: model_type=0 has_ridder=0
RIDDER DEBUG (background_init): has_ridder=0, Lambda_EDE_ridder=0.000000e+00, f_axion_ridder=1.000000e+16, theta_i_ridder=2.500000e+00, beta_ridder=0.000000e+00
BG_INIT: entering background_checks
BG_INIT: background_checks OK
DEBUG SHOOTING CHECK: has_ridder=0, model_type=0 (unified=1), use_shooting_EDE=0
BG_INIT: entering background_solve
BACKGROUND_SOLVE ENTERED: has_ridder=0 Lambda=0.00e+00
ABOUT TO INTEGRATE: bi_size=5 has_ridder=0 Lambda=0.00e+00
BG_INIT: background_solve OK
BACKGROUND_INIT ENTERED: Lambda=0.00e+00
DEBUG BG_INIT ENTRY: model_type=0
DEBUG AFTER CHECKS: model_type=0 has_ridder=0
RIDDER DEBUG (background_init): has_ridder=0, Lambda_EDE_ridder=0.000000e+00, f_axion_ridder=1.000000e+16, theta_i_ridder=2.500000e+00, beta_ridder=0.000000e+00
BG_INIT: entering background_checks
BG_INIT: background_checks OK
DEBUG SHOOTING CHECK: has_ridder=0, model_type=0 (unified=1), use_shooting_EDE=0
BG_INIT: entering background_solve
BACKGROUND_SOLVE ENTERED: has_ridder=0 Lambda=0.00e+00
ABOUT TO INTEGRATE: bi_size=5 has_ridder=0 Lambda=0.00e+00
BG_INIT: background_solve OK
BACKGROUND_INIT ENTERED: Lambda=0.00e+00
DEBUG BG_INIT ENTRY: model_type=0
DEBUG AFTER CHECKS: model_type=0 has_ridder=0
RIDDER DEBUG (background_init): has_ridder=0, Lambda_EDE_ridder=0.000000e+00, f_axion_ridder=1.000000e+16, theta_i_ridder=2.500000e+00, beta_ridder=0.000000e+00
BG_INIT: entering background_checks
BG_INIT: background_checks OK
DEBUG SHOOTING CHECK: has_ridder=0, model_type=0 (unified=1), use_shooting_EDE=0
BG_INIT: entering background_solve
BACKGROUND_SOLVE ENTERED: has_ridder=0 Lambda=0.00e+00
ABOUT TO INTEGRATE: bi_size=5 has_ridder=0 Lambda=0.00e+00
BG_INIT: background_solve OK
BACKGROUND_INIT ENTERED: Lambda=0.00e+00
DEBUG BG_INIT ENTRY: model_type=0
DEBUG AFTER CHECKS: model_type=0 has_ridder=0
RIDDER DEBUG (background_init): has_ridder=0, Lambda_EDE_ridder=0.000000e+00, f_axion_ridder[mcmc] Progress @ 2025-11-26 18:26:31 : 32 steps taken -- still burning in, 83 accepted steps left.
=1.000000e+16, theta_i_ridder=2.500000e+00, beta_ridder=0.000000e+00
BG_INIT: entering background_checks
BG_INIT: background_checks OK
DEBUG SHOOTING CHECK: has_ridder=0, model_type=0 (unified=1), use_shooting_EDE=0
BG_INIT: entering background_solve
BACKGROUND_SOLVE ENTERED: has_ridder=0 Lambda=0.00e+00
ABOUT TO INTEGRATE: bi_size=5 has_ridder=0 Lambda=0.00e+00
BG_INIT: background_solve OK
BACKGROUND_INIT ENTERED: Lambda=0.00e+00
DEBUG BG_INIT ENTRY: model_type=0
DEBUG AFTER CHECKS: model_type=0 has_ridder=0
RIDDER DEBUG (background_init): has_ridder=0, Lambda_EDE_ridder=0.000000e+00, f_axion_ridder=1.000000e+16, theta_i_ridder=2.500000e+00, beta_ridder=0.000000e+00
BG_INIT: entering background_checks
BG_INIT: background_checks OK
DEBUG SHOOTING CHECK: has_ridder=0, model_type=0 (unified=1), use_shooting_EDE=0
BG_INIT: entering background_solve
BACKGROUND_SOLVE ENTERED: has_ridder=0 Lambda=0.00e+00
ABOUT TO INTEGRATE: bi_size=5 has_ridder=0 Lambda=0.00e+00
BG_INIT: background_solve OK
BACKGROUND_INIT ENTERED: Lambda=0.00e+00
DEBUG BG_INIT ENTRY: model_type=0
DEBUG AFTER CHECKS: model_type=0 has_ridder=0
RIDDER DEBUG (background_init): has_ridder=0, Lambda_EDE_ridder=0.000000e+00, f_axion_ridder=1.000000e+16, theta_i_ridder=2.500000e+00, beta_ridder=0.000000e+00
BG_INIT: entering background_checks
BG_INIT: background_checks OK
DEBUG SHOOTING CHECK: has_ridder=0, model_type=0 (unified=1), use_shooting_EDE=0
BG_INIT: entering background_solve
BACKGROUND_SOLVE ENTERED: has_ridder=0 Lambda=0.00e+00
ABOUT TO INTEGRATE: bi_size=5 has_ridder=0 Lambda=0.00e+00
DERIVS_ENTRY: call#=20000 has_ridder=0 Lambda=0.00e+00 a=8.38e-02
BG_INIT: background_solve OK
BACKGROUND_INIT ENTERED: Lambda=0.00e+00
DEBUG BG_INIT ENTRY: model_type=0
DEBUG AFTER CHECKS: model_type=0 has_ridder=0
RIDDER DEBUG (background_init): has_ridder=0, Lambda_EDE_ridder=0.000000e+00, f_axion_ridder=1.000000e+16, theta_i_ridder=2.500000e+00, beta_ridder=0.000000e+00
BG_INIT: entering background_checks
BG_INIT: background_checks OK
DEBUG SHOOTING CHECK: has_ridder=0, model_type=0 (unified=1), use_shooting_EDE=0
BG_INIT: entering background_solve
BACKGROUND_SOLVE ENTERED: has_ridder=0 Lambda=0.00e+00
ABOUT TO INTEGRATE: bi_size=5 has_ridder=0 Lambda=0.00e+00
BG_INIT: background_solve OK
BACKGROUND_INIT ENTERED: Lambda=0.00e+00
DEBUG BG_INIT ENTRY: model_type=0
DEBUG AFTER CHECKS: model_type=0 has_ridder=0
RIDDER DEBUG (background_init): has_ridder=0, Lambda_EDE_ridder=0.000000e+00, f_axion_ridder=1.000000e+16, theta_i_ridder=2.500000e+00, beta_ridder=0.000000e+00
BG_INIT: entering background_checks
BG_INIT: background_checks OK
DEBUG SHOOTING CHECK: has_ridder=0, model_type=0 (unified=1), use_shooting_EDE=0
BG_INIT: entering background_solve
BACKGROUND_SOLVE ENTERED: has_ridder=0 Lambda=0.00e+00
ABOUT TO INTEGRATE: bi_size=5 has_ridder=0 Lambda=0.00e+00
BG_INIT: background_solve OK
BACKGROUND_INIT ENTERED: Lambda=0.00e+00
DEBUG BG_INIT ENTRY: model_type=0
DEBUG AFTER CHECKS: model_type=0 has_ridder=0
RIDDER DEBUG (background_init): has_ridder=0, Lambda_EDE_ridder=0.000000e+00, f_axion_ridder=1.000000e+16, theta_i_ridder=2.500000e+00, beta_ridder=0.000000e+00
BG_INIT: entering background_checks
BG_INIT: background_checks OK
DEBUG SHOOTING CHECK: has_ridder=0, model_type=0 (unified=1), use_shooting_EDE=0
BG_INIT: entering background_solve
BACKGROUND_SOLVE ENTERED: has_ridder=0 Lambda=0.00e+00
ABOUT TO INTEGRATE: bi_size=5 has_ridder=0 Lambda=0.00e+00
BG_INIT: background_solve OK
BACKGROUND_INIT ENTERED: Lambda=0.00e+00
DEBUG BG_INIT ENTRY: model_type=0
DEBUG AFTER CHECKS: model_type=0 has_ridder=0
RIDDER DEBUG (background_init): has_ridder=0, Lambda_EDE_ridder=0.000000e+00, f_axion_ridder=1.000000e+16, theta_i_ridder=2.500000e+00, beta_ridder=0.000000e+00
BG_INIT: entering background_checks
BG_INIT: background_checks OK
DEBUG SHOOTING CHECK: has_ridder=0, model_type=0 (unified=1), use_shooting_EDE=0
BG_INIT: entering background_solve
BACKGROUND_SOLVE ENTERED: has_ridder=0 Lambda=0.00e+00
ABOUT TO INTEGRATE: bi_size=5 has_ridder=0 Lambda=0.00e+00
BG_INIT: background_sol[mcmc] Progress @ 2025-11-26 18:27:32 : 44 steps taken -- still burning in, 79 accepted steps left.
ve OK
BACKGROUND_INIT ENTERED: Lambda=0.00e+00
DEBUG BG_INIT ENTRY: model_type=0
DEBUG AFTER CHECKS: model_type=0 has_ridder=0
RIDDER DEBUG (background_init): has_ridder=0, Lambda_EDE_ridder=0.000000e+00, f_axion_ridder=1.000000e+16, theta_i_ridder=2.500000e+00, beta_ridder=0.000000e+00
BG_INIT: entering background_checks
BG_INIT: background_checks OK
DEBUG SHOOTING CHECK: has_ridder=0, model_type=0 (unified=1), use_shooting_EDE=0
BG_INIT: entering background_solve
BACKGROUND_SOLVE ENTERED: has_ridder=0 Lambda=0.00e+00
ABOUT TO INTEGRATE: bi_size=5 has_ridder=0 Lambda=0.00e+00
BG_INIT: background_solve OK
BACKGROUND_INIT ENTERED: Lambda=0.00e+00
DEBUG BG_INIT ENTRY: model_type=0
DEBUG AFTER CHECKS: model_type=0 has_ridder=0
RIDDER DEBUG (background_init): has_ridder=0, Lambda_EDE_ridder=0.000000e+00, f_axion_ridder=1.000000e+16, theta_i_ridder=2.500000e+00, beta_ridder=0.000000e+00
BG_INIT: entering background_checks
BG_INIT: background_checks OK
DEBUG SHOOTING CHECK: has_ridder=0, model_type=0 (unified=1), use_shooting_EDE=0
BG_INIT: entering background_solve
BACKGROUND_SOLVE ENTERED: has_ridder=0 Lambda=0.00e+00
ABOUT TO INTEGRATE: bi_size=5 has_ridder=0 Lambda=0.00e+00
BG_INIT: background_solve OK
BACKGROUND_INIT ENTERED: Lambda=0.00e+00
DEBUG BG_INIT ENTRY: model_type=0
DEBUG AFTER CHECKS: model_type=0 has_ridder=0
RIDDER DEBUG (background_init): has_ridder=0, Lambda_EDE_ridder=0.000000e+00, f_axion_ridder=1.000000e+16, theta_i_ridder=2.500000e+00, beta_ridder=0.000000e+00
BG_INIT: entering background_checks
BG_INIT: background_checks OK
DEBUG SHOOTING CHECK: has_ridder=0, model_type=0 (unified=1), use_shooting_EDE=0
BG_INIT: entering background_solve
BACKGROUND_SOLVE ENTERED: has_ridder=0 Lambda=0.00e+00
ABOUT TO INTEGRATE: bi_size=5 has_ridder=0 Lambda=0.00e+00
BG_INIT: background_solve OK
BACKGROUND_INIT ENTERED: Lambda=0.00e+00
DEBUG BG_INIT ENTRY: model_type=0
DEBUG AFTER CHECKS: model_type=0 has_ridder=0
RIDDER DEBUG (background_init): has_ridder=0, Lambda_EDE_ridder=0.000000e+00, f_axion_ridder=1.000000e+16, theta_i_ridder=2.500000e+00, beta_ridder=0.000000e+00
BG_INIT: entering background_checks
BG_INIT: background_checks OK
DEBUG SHOOTING CHECK: has_ridder=0, model_type=0 (unified=1), use_shooting_EDE=0
BG_INIT: entering background_solve
BACKGROUND_SOLVE ENTERED: has_ridder=0 Lambda=0.00e+00
ABOUT TO INTEGRATE: bi_size=5 has_ridder=0 Lambda=0.00e+00
BG_INIT: background_solve OK
BACKGROUND_INIT ENTERED: Lambda=0.00e+00
DEBUG BG_INIT ENTRY: model_type=0
DEBUG AFTER CHECKS: model_type=0 has_ridder=0
RIDDER DEBUG (background_init): has_ridder=0, Lambda_EDE_ridder=0.000000e+00, f_axion_ridder=1.000000e+16, theta_i_ridder=2.500000e+00, beta_ridder=0.000000e+00
BG_INIT: entering background_checks
BG_INIT: background_checks OK
DEBUG SHOOTING CHECK: has_ridder=0, model_type=0 (unified=1), use_shooting_EDE=0
BG_INIT: entering background_solve
BACKGROUND_SOLVE ENTERED: has_ridder=0 Lambda=0.00e+00
ABOUT TO INTEGRATE: bi_size=5 has_ridder=0 Lambda=0.00e+00
DERIVS_ENTRY: call#=25000 has_ridder=0 Lambda=0.00e+00 a=1.74e-01
BG_INIT: background_solve OK
BACKGROUND_INIT ENTERED: Lambda=0.00e+00
DEBUG BG_INIT ENTRY: model_type=0
DEBUG AFTER CHECKS: model_type=0 has_ridder=0
RIDDER DEBUG (background_init): has_ridder=0, Lambda_EDE_ridder=0.000000e+00, f_axion_ridder=1.000000e+16, theta_i_ridder=2.500000e+00, beta_ridder=0.000000e+00
BG_INIT: entering background_checks
BG_INIT: background_checks OK
DEBUG SHOOTING CHECK: has_ridder=0, model_type=0 (unified=1), use_shooting_EDE=0
BG_INIT: entering background_solve
BACKGROUND_SOLVE ENTERED: has_ridder=0 Lambda=0.00e+00
ABOUT TO INTEGRATE: bi_size=5 has_ridder=0 Lambda=0.00e+00
BG_INIT: background_solve OK
BACKGROUND_INIT ENTERED: Lambda=0.00e+00
DEBUG BG_INIT ENTRY: model_type=0
DEBUG AFTER CHECKS: model_type=0 has_ridder=0
RIDDER DEBUG (background_init): has_ridder=0, Lambda_EDE_ridder=0.000000e+00, f_axion_ridder=1.000000e+16, theta_i_ridder=2.500000e+00, beta_ridder=0.000000e+00
BG_INIT: entering background_checks
BG_INIT: background_checks OK
DEBUG SHOOTING CHECK: has_ridder=0, model_type=0 (unified=1), use_shooting_EDE=0
BG_INIT: entering background_solve
BACKGROUND_SOLVE ENTERED: has_ridder=0 Lambda=0.00e+00
ABOUT TO INTEGRATE: bi_size=5 has_ridder=0 Lambda=0.00e+00
BG_INIT: background_solve OK
BACKGROUND_INIT ENTERED: Lambda=0.00e+00
DEBUG BG_INIT ENTRY: model_type=0
DEBUG AFTER CHECKS: model_type=0 has_ridder=0
RIDDER DEBUG (background_init): has_ridder=0, Lambda_EDE_ridder=0.000000e+00, f_axion_ridder=1.000000e+16, theta_i_ridder=2.500000e+00, beta_ridder=0.000000e+00
BG_INIT: entering background_checks
BG_INIT: background_checks OK
DEBUG SHOOTING CHECK: has_ridder=0, model_type=0 (unified=1), use_shooting_EDE=0
BG_INIT: entering background_solve
BACKGROUND_SOLVE ENTERED: has_ridder=0 Lambda=0.00e+00
ABOUT TO INTEGRATE: bi_size=5 has_ridder=0 Lambda=0.00e+00
BG_INIT: background_solve OK
BACKGROUND_INIT ENTERED: Lambda=0.00e+00
DEBUG BG_INIT ENTRY: model_type=0
DEBUG AFTER CHECKS: model_type=0 has_ridder=0
RIDDER DEBUG (background_init): has_ridder=0, Lambda_EDE_ridder=0.000000e+00, f_axion_ridder=1.000000e+16, theta_i_ridder=2.500000e+00, beta_ridder=0.000000e+00
BG_INIT: entering background_checks
BG_INIT: background_checks OK
DEBUG SHOOTING CHECK: has_ridder=0, model_type=0 (unified=1), use_shooting_EDE=0
BG_INIT: entering background_solve
BACKGROUND_SOLVE ENTERED: has_ridder=0 Lambda=0.00e+00
ABOUT TO INTEGRATE: bi_size=5 has_ridder=0 Lambda=0.00e+00
BG_INIT: background_solve OK
BACKGROUND_INIT ENTERED: Lambda=0.00e+00
DEBUG BG_INIT ENTRY: model_type=0
DEBUG AFTER CHECKS: model_type=0 has_ridder=0
RIDDER DEBUG (background_init): has_ridder=0, Lambda_EDE_ridder=0.000000e+00, f_axion_ridder=1.000000e+16, theta_i_ridder=2.500000e+00, beta_ridder=0.000000e+00
BG_INIT: entering background_checks
BG_INIT: background_checks OK
DEBUG SHOOTING CHECK: has_ridder=0, model_type=0 (unified=1), use_shooting_EDE=0
BG_INIT: entering background_solve
BACKGROUND_SOLVE ENTERED: has_ridder=0 Lambda=0.00e+00
ABOUT TO INTEGRATE: bi_size=5 has_ridder=0 Lambda=0.00e+00
BG_INIT: background_solve OK
BACKGROUND_INIT ENTERED: Lambda=0.00e+00
DEBUG BG_INIT ENTRY: model_type=0
DEBUG AFTER CHECKS: model_type=0 has_ridder=0
RIDDER DEBUG (background_init): has_ridder=0, Lambda_EDE_ridder=0.000000e+00, f_axion_ridder=1.000000e+16, theta_i_ridder=2.500000e+00, beta_ridder=0.000000e+00
BG_INIT: entering background_checks
BG_INIT: background_checks OK
DEBUG SHOOTING CHECK: has_ridder=0, model_type=0 (unified=1), use_shooting_EDE=0
BG_INIT: entering background_solve
BACKGROUND_SOLVE ENTERED: has_ridder=0 Lambda=0.00e+00
ABOUT TO INTEGRATE: bi_size=5 has_ridder=0 Lambda=0.00e+00
BG_INIT: background_solve OK
BACKGROUND_INIT ENTERED: Lambda=0.00e+00
DEBUG BG_INIT ENTRY: model_type=0
DEBUG AFTER CHECKS: model_type=0 has_ridder=0
RIDDER DEBUG (background_init): has_ridder=0, Lambda_EDE_ridder=0.000000e+00, f_axion_ridder=1.000000e+16, theta_i_ridder=2.500000e+00, beta_ridder=0.000000e+00
BG_INIT: entering background_checks
BG_INIT: background_checks OK
DEBUG SHOOTING CHECK: has_ridder=0, model_type=0 (unified=1), use_shooting_EDE=0
BG_INIT: entering background_solve
BACKGROUND_SOLVE ENTERED: has_ridder=0 Lambda=0.00e+00
ABOUT TO INTEGRATE: bi_size=5 has_ridder=0 Lambda=0.00e+00
BG_INIT: background_solve OK
BACKGROUND_INIT ENTERED: Lambda=0.00e+00
DEBUG BG_INIT ENTRY: model_type=0
DEBUG AFTER CHECKS: model_type=0 has_ridder=0
RIDDER DEBUG (background_init): has_ridder=0, Lambda_EDE_ridder=0.000000e+00, f_axion_ridder=1.000000e+16, theta_i_ridder=2.500000e+00, beta_ridder=0.000000e+00
BG_INIT: entering background_checks
BG_INIT: background_checks OK
DEBUG SHOOTING CHECK: has_ridder=0, model_type=0 (unified=1), use_shooting_EDE=0
BG_INIT: entering background_solve
BACKGROUND_SOLVE ENTERED: has_ridder=0 Lambda=0.00e+00
ABOUT TO INTEGRATE: bi_size=5 has_ridder=0 Lambda=0.00e+00
BG_INIT: background_solve OK
BACKGROUND_INIT ENTERED: Lambda=0.00e+00
DEBUG BG_INIT ENTRY: model_type=0
DEBUG AFTER CHECKS: model_type=0 has_ridder=0
RIDDER DEBUG (background_init): has_ridder=0, Lambda_EDE_ridder=0.000000e+00, f_axion_ridder=1.000000e+16, t[mcmc] Progress @ 2025-11-26 18:28:34 : 56 steps taken -- still burning in, 78 accepted steps left.
heta_i_ridder=2.500000e+00, beta_ridder=0.000000e+00
BG_INIT: entering background_checks
BG_INIT: background_checks OK
DEBUG SHOOTING CHECK: has_ridder=0, model_type=0 (unified=1), use_shooting_EDE=0
BG_INIT: entering background_solve
BACKGROUND_SOLVE ENTERED: has_ridder=0 Lambda=0.00e+00
ABOUT TO INTEGRATE: bi_size=5 has_ridder=0 Lambda=0.00e+00
DERIVS_ENTRY: call#=30000 has_ridder=0 Lambda=0.00e+00 a=3.01e-01
BG_INIT: background_solve OK
BACKGROUND_INIT ENTERED: Lambda=0.00e+00
DEBUG BG_INIT ENTRY: model_type=0
DEBUG AFTER CHECKS: model_type=0 has_ridder=0
RIDDER DEBUG (background_init): has_ridder=0, Lambda_EDE_ridder=0.000000e+00, f_axion_ridder=1.000000e+16, theta_i_ridder=2.500000e+00, beta_ridder=0.000000e+00
BG_INIT: entering background_checks
BG_INIT: background_checks OK
DEBUG SHOOTING CHECK: has_ridder=0, model_type=0 (unified=1), use_shooting_EDE=0
BG_INIT: entering background_solve
BACKGROUND_SOLVE ENTERED: has_ridder=0 Lambda=0.00e+00
ABOUT TO INTEGRATE: bi_size=5 has_ridder=0 Lambda=0.00e+00
BG_INIT: background_solve OK
BACKGROUND_INIT ENTERED: Lambda=0.00e+00
DEBUG BG_INIT ENTRY: model_type=0
DEBUG AFTER CHECKS: model_type=0 has_ridder=0
RIDDER DEBUG (background_init): has_ridder=0, Lambda_EDE_ridder=0.000000e+00, f_axion_ridder=1.000000e+16, theta_i_ridder=2.500000e+00, beta_ridder=0.000000e+00
BG_INIT: entering background_checks
BG_INIT: background_checks OK
DEBUG SHOOTING CHECK: has_ridder=0, model_type=0 (unified=1), use_shooting_EDE=0
BG_INIT: entering background_solve
BACKGROUND_SOLVE ENTERED: has_ridder=0 Lambda=0.00e+00
ABOUT TO INTEGRATE: bi_size=5 has_ridder=0 Lambda=0.00e+00
BG_INIT: background_solve OK
BACKGROUND_INIT ENTERED: Lambda=0.00e+00
DEBUG BG_INIT ENTRY: model_type=0
DEBUG AFTER CHECKS: model_type=0 has_ridder=0
RIDDER DEBUG (background_init): has_ridder=0, Lambda_EDE_ridder=0.000000e+00, f_axion_ridder=1.000000e+16, theta_i_ridder=2.500000e+00, beta_ridder=0.000000e+00
BG_INIT: entering background_checks
BG_INIT: background_checks OK
DEBUG SHOOTING CHECK: has_ridder=0, model_type=0 (unified=1), use_shooting_EDE=0
BG_INIT: entering background_solve
BACKGROUND_SOLVE ENTERED: has_ridder=0 Lambda=0.00e+00
ABOUT TO INTEGRATE: bi_size=5 has_ridder=0 Lambda=0.00e+00
BG_INIT: background_solve OK
BACKGROUND_INIT ENTERED: Lambda=0.00e+00
DEBUG BG_INIT ENTRY: model_type=0
DEBUG AFTER CHECKS: model_type=0 has_ridder=0
RIDDER DEBUG (background_init): has_ridder=0, Lambda_EDE_ridder=0.000000e+00, f_axion_ridder=1.000000e+16, theta_i_ridder=2.500000e+00, beta_ridder=0.000000e+00
BG_INIT: entering background_checks
BG_INIT: background_checks OK
DEBUG SHOOTING CHECK: has_ridder=0, model_type=0 (unified=1), use_shooting_EDE=0
BG_INIT: entering background_solve
BACKGROUND_SOLVE ENTERED: has_ridder=0 Lambda=0.00e+00
ABOUT TO INTEGRATE: bi_size=5 has_ridder=0 Lambda=0.00e+00
BG_INIT: background_solve OK
BACKGROUND_INIT ENTERED: Lambda=0.00e+00
DEBUG BG_INIT ENTRY: model_type=0
DEBUG AFTER CHECKS: model_type=0 has_ridder=0
RIDDER DEBUG (background_init): has_ridder=0, Lambda_EDE_ridder=0.000000e+00, f_axion_ridder=1.000000e+16, theta_i_ridder=2.500000e+00, beta_ridder=0.000000e+00
BG_INIT: entering background_checks
BG_INIT: background_checks OK
DEBUG SHOOTING CHECK: has_ridder=0, model_type=0 (unified=1), use_shooting_EDE=0
BG_INIT: entering background_solve
BACKGROUND_SOLVE ENTERED: has_ridder=0 Lambda=0.00e+00
ABOUT TO INTEGRATE: bi_size=5 has_ridder=0 Lambda=0.00e+00
BG_INIT: background_solve OK
BACKGROUND_INIT ENTERED: Lambda=0.00e+00
DEBUG BG_INIT ENTRY: model_type=0
DEBUG AFTER CHECKS: model_type=0 has_ridder=0
RIDDER DEBUG (background_init): has_ridder=0, Lambda_EDE_ridder=0.000000e+00, f_axion_ridder=1.000000e+16, theta_i_ridder=2.500000e+00, beta_ridder=0.000000e+00
BG_INIT: entering background_checks
BG_INIT: background_checks OK
DEBUG SHOOTING CHECK: has_ridder=0, model_type=0 (unified=1), use_shooting_EDE=0
BG_INIT: entering background_solve
BACKGROUND_SOLVE ENTERED: has_ridder=0 Lambda=0.00e+00
ABOUT TO INTEGRATE: bi_size=5 has_ridder=0 Lambda=0.00e+00
BG_INIT: background_solve OK
BACKGROUND[mcmc] Progress @ 2025-11-26 18:29:36 : 70 steps taken -- still burning in, 73 accepted steps left.
_INIT ENTERED: Lambda=0.00e+00
DEBUG BG_INIT ENTRY: model_type=0
DEBUG AFTER CHECKS: model_type=0 has_ridder=0
RIDDER DEBUG (background_init): has_ridder=0, Lambda_EDE_ridder=0.000000e+00, f_axion_ridder=1.000000e+16, theta_i_ridder=2.500000e+00, beta_ridder=0.000000e+00
BG_INIT: entering background_checks
BG_INIT: background_checks OK
DEBUG SHOOTING CHECK: has_ridder=0, model_type=0 (unified=1), use_shooting_EDE=0
BG_INIT: entering background_solve
BACKGROUND_SOLVE ENTERED: has_ridder=0 Lambda=0.00e+00
ABOUT TO INTEGRATE: bi_size=5 has_ridder=0 Lambda=0.00e+00
BG_INIT: background_solve OK
BACKGROUND_INIT ENTERED: Lambda=0.00e+00
DEBUG BG_INIT ENTRY: model_type=0
DEBUG AFTER CHECKS: model_type=0 has_ridder=0
RIDDER DEBUG (background_init): has_ridder=0, Lambda_EDE_ridder=0.000000e+00, f_axion_ridder=1.000000e+16, theta_i_ridder=2.500000e+00, beta_ridder=0.000000e+00
BG_INIT: entering background_checks
BG_INIT: background_checks OK
DEBUG SHOOTING CHECK: has_ridder=0, model_type=0 (unified=1), use_shooting_EDE=0
BG_INIT: entering background_solve
BACKGROUND_SOLVE ENTERED: has_ridder=0 Lambda=0.00e+00
ABOUT TO INTEGRATE: bi_size=5 has_ridder=0 Lambda=0.00e+00
BG_INIT: background_solve OK
BACKGROUND_INIT ENTERED: Lambda=0.00e+00
DEBUG BG_INIT ENTRY: model_type=0
DEBUG AFTER CHECKS: model_type=0 has_ridder=0
RIDDER DEBUG (background_init): has_ridder=0, Lambda_EDE_ridder=0.000000e+00, f_axion_ridder=1.000000e+16, theta_i_ridder=2.500000e+00, beta_ridder=0.000000e+00
BG_INIT: entering background_checks
BG_INIT: background_checks OK
DEBUG SHOOTING CHECK: has_ridder=0, model_type=0 (unified=1), use_shooting_EDE=0
BG_INIT: entering background_solve
BACKGROUND_SOLVE ENTERED: has_ridder=0 Lambda=0.00e+00
ABOUT TO INTEGRATE: bi_size=5 has_ridder=0 Lambda=0.00e+00
BG_INIT: background_solve OK
BACKGROUND_INIT ENTERED: Lambda=0.00e+00
DEBUG BG_INIT ENTRY: model_type=0
DEBUG AFTER CHECKS: model_type=0 has_ridder=0
RIDDER DEBUG (background_init): has_ridder=0, Lambda_EDE_ridder=0.000000e+00, f_axion_ridder=1.000000e+16, theta_i_ridder=2.500000e+00, beta_ridder=0.000000e+00
BG_INIT: entering background_checks
BG_INIT: background_checks OK
DEBUG SHOOTING CHECK: has_ridder=0, model_type=0 (unified=1), use_shooting_EDE=0
BG_INIT: entering background_solve
BACKGROUND_SOLVE ENTERED: has_ridder=0 Lambda=0.00e+00
ABOUT TO INTEGRATE: bi_size=5 has_ridder=0 Lambda=0.00e+00
DERIVS_ENTRY: call#=35000 has_ridder=0 Lambda=0.00e+00 a=1.00e-14
BG_INIT: background_solve OK
BACKGROUND_INIT ENTERED: Lambda=0.00e+00
DEBUG BG_INIT ENTRY: model_type=0
DEBUG AFTER CHECKS: model_type=0 has_ridder=0
RIDDER DEBUG (background_init): has_ridder=0, Lambda_EDE_ridder=0.000000e+00, f_axion_ridder=1.000000e+16, theta_i_ridder=2.500000e+00, beta_ridder=0.000000e+00
BG_INIT: entering background_checks
BG_INIT: background_checks OK
DEBUG SHOOTING CHECK: has_ridder=0, model_type=0 (unified=1), use_shooting_EDE=0
BG_INIT: entering background_solve
BACKGROUND_SOLVE ENTERED: has_ridder=0 Lambda=0.00e+00
ABOUT TO INTEGRATE: bi_size=5 has_ridder=0 Lambda=0.00e+00
BG_INIT: background_solve OK
BACKGROUND_INIT ENTERED: Lambda=0.00e+00
DEBUG BG_INIT ENTRY: model_type=0
DEBUG AFTER CHECKS: model_type=0 has_ridder=0
RIDDER DEBUG (background_init): has_ridder=0, Lambda_EDE_ridder=0.000000e+00, f_axion_ridder=1.000000e+16, theta_i_ridder=2.500000e+00, beta_ridder=0.000000e+00
BG_INIT: entering background_checks
BG_INIT: background_checks OK
DEBUG SHOOTING CHECK: has_ridder=0, model_type=0 (unified=1), use_shooting_EDE=0
BG_INIT: entering background_solve
BACKGROUND_SOLVE ENTERED: has_ridder=0 Lambda=0.00e+00
ABOUT TO INTEGRATE: bi_size=5 has_ridder=0 Lambda=0.00e+00
BG_INIT: background_solve OK
BACKGROUND_INIT ENTERED: Lambda=0.00e+00
DEBUG BG_INIT ENTRY: model_type=0
DEBUG AFTER CHECKS: model_type=0 has_ridder=0
RIDDER DEBUG (background_init): has_ridder=0, Lambda_EDE_ridder=0.000000e+00, f_axion_ridder=1.000000e+16, theta_i_ridder=2.500000e+00, beta_ridder=0.000000e+00
BG_INIT: entering background_checks
BG_INIT: background_checks OK
DEBUG SHOOTING CHECK: has_ridder=0, model_type=0 (unified=1), use_shooting_EDE=0
BG_INIT: entering background_solve
BACKGROUND_SOLVE ENTERED: has_ridder=0 Lambda=0.00e+00
ABOUT TO INTEGRATE: bi_size=5 has_ridder=0 Lambda=0.00e+00
BG_INIT: background_solve OK
BACKGROUND_INIT ENTERED: Lambda=0.00e+00
DEBUG BG_INIT ENTRY: model_type=0
DEBUG AFTER CHECKS: model_type=0 has_ridder=0
RIDDER DEBUG (background_init): has_ridder=0, Lambda_EDE_ridder=0.000000e+00, f_axion_ridder=1.000000e+16, theta_i_ridder=2.500000e+00, beta_ridder=0.000000e+00
BG_INIT: entering background_checks
BG_INIT: background_checks OK
DEBUG SHOOTING CHECK: has_ridder=0, model_type=0 (unified=1), use_shooting_EDE=0
BG_INIT: entering background_solve
BACKGROUND_SOLVE ENTERED: has_ridder=0 Lambda=0.00e+00
ABOUT TO INTEGRATE: bi_size=5 has_ridder=0 Lambda=0.00e+00
BG_INIT: background_solve OK
BACKGROUND_INIT ENTERED: Lambda=0.00e+00
DEBUG BG_INIT ENTRY: model_type=0
DEBUG AFTER CHECKS: model_type=0 has_ridder=0
RIDDER DEBUG (background_init): has_ridder=0, Lambda_EDE_ridder=0.000000e+00, f_axion_ridder=1.000000e+16, theta_i_ridder=2.500000e+00, beta_ridder=0.000000e+00
BG_INIT: entering background_checks
BG_INIT: background_checks OK
DEBUG SHOOTING CHECK: has_ridder=0, model_type=0 (unified=1), use_shooting_EDE=0
BG_INIT: entering background_solve
BACKGROUND_SOLVE ENTERED: has_ridder=0 Lambda=0.00e+00
ABOUT TO INTEGRATE: bi_size=5 has_ridder=0 Lambda=0.00e+00
BG_INIT: background_solve OK
BACKGROUND_INIT ENTERED: Lambda=0.00e+00
DEBUG BG_INIT ENTRY: model_type=0
DEBUG AFTER CHECKS: model_type=0 has_ridder=0
RIDDER DEBUG (background_init): has_ridder=0, Lambda_EDE_ridder=0.000000e+00, f_axion_ridder=1.000000e+16, theta_i_ridder=2.500000e+00, beta_ridder=0.000000e+00
BG_INIT: entering background_checks
BG_INIT: background_checks OK
DEBUG SHOOTING CHECK: has_ridder=0, model_type=0 (unified=1), use_shooting_EDE=0
BG_INIT: entering background_solve
BACKGROUND_SOLVE ENTERED: has_ridder=0 Lambda=0.00e+00
ABOUT TO INTEGRATE: bi_size=5 has_ridder=0 Lambda=0.00e+00
BG_INIT: background_solve OK
BACKGROUND_INIT ENTERED: Lambda=0.00e+00
DEBUG BG_INIT ENTRY: model_type=0
DEBUG AFTER CHECKS: model_type=0 has_ridder=0
RIDDER DEBUG (background_init): has_ridder=0, Lambda_EDE_ridder=0.000000e+00, f_axion_ridder=1.000000e+16, theta_i_ridder=2.500000e+00, beta_ridder=0.000000e+00
BG_INIT: entering background_checks
BG_INIT: background_checks OK
DEBUG SHOOTING CHECK: has_ridder=0, model_type=0 (unified=1), use_shooting_EDE=0
BG_INIT: entering background_solve
BACKGROUND_SOLVE ENTERED: has_ridder=0 Lambda=0.00e+00
ABOUT TO INTEGRATE: bi_size=5 has_ridder=0 Lambda=0.00e+00
BG_INIT: background_solve OK
BACKGROUND_INIT ENTERED: Lambda=0.00e+00
DEBUG BG_INIT ENTRY: model_type=0
DEBUG AFTER CHECKS: model_type=0 has_ridder=0
RIDDER DEBUG (background_init): has_ridder=0, Lambda_EDE_ridder=0.000000e+00, f_axion_ridder=1.000000e+16, theta_i_ridder=2.500000e+00, beta_ridder=0.000000e+00
BG_INIT: entering background_checks
BG_INIT: background_checks OK
DEBUG SHOOTING CHECK: has_ridder=0, model_type=0 (unified=1), use_shooting_EDE=0
BG_INIT: entering background_solve
BACKGROUND_SOLVE ENTERED: has_ridder=0 Lambda=0.00e+00
ABOUT TO INTEGRATE: bi_size=5 has_ridder=0 Lambda=0.00e+00
BG_INIT: background_solve OK
BACKGROUND_INIT ENTERED: Lambda=0.00e+00
DEBUG BG_INIT ENTRY: model_type=0
DEBUG AFTER CHECKS: model_type=0 has_ridder=0
RIDDER DEBUG (background_init): has_ridder=0, Lambda_EDE_ridder=0.000000e+00, f_axion_ridder=1.000000e+16, theta_i_ridder=2.500000e+00, beta_ridder=0.000000e+00
BG_INIT: entering background_checks
BG_INIT: background_checks OK
DEBUG SHOOTING CHECK: has_ridder=0, model_type=0 (unified=1), use_shooting_EDE=0
BG_INIT: entering background_solve
BACKGROUND_SOLVE ENTERED: has_ridder=0 Lambda=0.00e+00
ABOUT TO INTEGRATE: bi_size=5 has_ridder=0 Lambda=0.00e+00
DERIVS_ENTRY: call#=40000 has_ridder=0 Lambda=0.00e+00 a=1.04e-14
BG_INIT: background_solve OK
BACKGROUND_INIT ENTERED: Lambda=0.00e+00
DEBUG BG_INIT ENTRY: model_type=0
DEBUG AFTER CHECKS: model_type=0 has_ridder=0
RIDDER DEBUG (background_init): has_ridder=0, Lambda_EDE_r[mcmc] Progress @ 2025-11-26 18:30:38 : 82 steps taken -- still burning in, 66 accepted steps left.
idder=0.000000e+00, f_axion_ridder=1.000000e+16, theta_i_ridder=2.500000e+00, beta_ridder=0.000000e+00
BG_INIT: entering background_checks
BG_INIT: background_checks OK
DEBUG SHOOTING CHECK: has_ridder=0, model_type=0 (unified=1), use_shooting_EDE=0
BG_INIT: entering background_solve
BACKGROUND_SOLVE ENTERED: has_ridder=0 Lambda=0.00e+00
ABOUT TO INTEGRATE: bi_size=5 has_ridder=0 Lambda=0.00e+00
BG_INIT: background_solve OK
BACKGROUND_INIT ENTERED: Lambda=0.00e+00
DEBUG BG_INIT ENTRY: model_type=0
DEBUG AFTER CHECKS: model_type=0 has_ridder=0
RIDDER DEBUG (background_init): has_ridder=0, Lambda_EDE_ridder=0.000000e+00, f_axion_ridder=1.000000e+16, theta_i_ridder=2.500000e+00, beta_ridder=0.000000e+00
BG_INIT: entering background_checks
BG_INIT: background_checks OK
DEBUG SHOOTING CHECK: has_ridder=0, model_type=0 (unified=1), use_shooting_EDE=0
BG_INIT: entering background_solve
BACKGROUND_SOLVE ENTERED: has_ridder=0 Lambda=0.00e+00
ABOUT TO INTEGRATE: bi_size=5 has_ridder=0 Lambda=0.00e+00
BG_INIT: background_solve OK
BACKGROUND_INIT ENTERED: Lambda=0.00e+00
DEBUG BG_INIT ENTRY: model_type=0
DEBUG AFTER CHECKS: model_type=0 has_ridder=0
RIDDER DEBUG (background_init): has_ridder=0, Lambda_EDE_ridder=0.000000e+00, f_axion_ridder=1.000000e+16, theta_i_ridder=2.500000e+00, beta_ridder=0.000000e+00
BG_INIT: entering background_checks
BG_INIT: background_checks OK
DEBUG SHOOTING CHECK: has_ridder=0, model_type=0 (unified=1), use_shooting_EDE=0
BG_INIT: entering background_solve
BACKGROUND_SOLVE ENTERED: has_ridder=0 Lambda=0.00e+00
ABOUT TO INTEGRATE: bi_size=5 has_ridder=0 Lambda=0.00e+00
BG_INIT: background_solve OK
BACKGROUND_INIT ENTERED: Lambda=0.00e+00
DEBUG BG_INIT ENTRY: model_type=0
DEBUG AFTER CHECKS: model_type=0 has_ridder=0
RIDDER DEBUG (background_init): has_ridder=0, Lambda_EDE_ridder=0.000000e+00, f_axion_ridder=1.000000e+16, theta_i_ridder=2.500000e+00, beta_ridder=0.000000e+00
BG_INIT: entering background_checks
BG_INIT: background_checks OK
DEBUG SHOOTING CHECK: has_ridder=0, model_type=0 (unified=1), use_shooting_EDE=0
BG_INIT: entering background_solve
BACKGROUND_SOLVE ENTERED: has_ridder=0 Lambda=0.00e+00
ABOUT TO INTEGRATE: bi_size=5 has_ridder=0 Lambda=0.00e+00
BG_INIT: background_solve OK
BACKGROUND_INIT ENTERED: Lambda=0.00e+00
DEBUG BG_INIT ENTRY: model_type=0
DEBUG AFTER CHECKS: model_type=0 has_ridder=0
RIDDER DEBUG (background_init): has_ridder=0, Lambda_EDE_ridder=0.000000e+00, f_axion_ridder=1.000000e+16, theta_i_ridder=2.500000e+00, beta_ridder=0.000000e+00
BG_INIT: entering background_checks
BG_INIT: background_checks OK
DEBUG SHOOTING CHECK: has_ridder=0, model_type=0 (unified=1), use_shooting_EDE=0
BG_INIT: entering background_solve
BACKGROUND_SOLVE ENTERED: has_ridder=0 Lambda=0.00e+00
ABOUT TO INTEGRATE: bi_size=5 has_ridder=0 Lambda=0.00e+00
BG_INIT: background_solve OK
BACKGROUND_INIT ENTERED: Lambda=0.00e+00
DEBUG BG_INIT ENTRY: model_type=0
DEBUG AFTER CHECKS: model_type=0 has_ridder=0
RIDDER DEBUG (background_init): has_ridder=0, Lambda_EDE_ridder=0.000000e+00, f_axion_ridder=1.000000e+16, theta_i_ridder=2.500000e+00, beta_ridder=0.000000e+00
BG_INIT: entering background_checks
BG_INIT: background_checks OK
DEBUG SHOOTING CHECK: has_ridder=0, model_type=0 (unified=1), use_shooting_EDE=0
BG_INIT: entering background_solve
BACKGROUND_SOLVE ENTERED: has_ridder=0 Lambda=0.00e+00
ABOUT TO INTEGRATE: bi_size=5 has_ridder=0 Lambda=0.00e+00
BG_INIT: background_solve OK
BACKGROUND_INIT ENTERED: Lambda=0.00e+00
DEBUG BG_INIT ENTRY: model_type=0
DEBUG AFTER CHECKS: model_type=0 has_ridder=0
RIDDER DEBUG (background_init): has_ridder=0, Lambda_EDE_ridder=0.000000e+00, f_axion_ridder=1.000000e+16, theta_i_ridder=2.500000e+00, beta_ridder=0.000000e+00
BG_INIT: entering background_checks
BG_INIT: background_checks OK
DEBUG SHOOTING CHECK: has_ridder=0, model_type=0 (unified=1), use_shooting_EDE=0
BG_INIT: entering background_solve
BACKGROUND_SOLVE ENTERED: has_ridder=0 Lambda=0.00e+00
ABOUT TO INTEGRATE: bi_size=5 has_ridder=0 Lambda=0.00e+00
BG_INIT: background_solve OK
BACKGROUND_INIT ENTERED: L[mcmc] Progress @ 2025-11-26 18:31:41 : 92 steps taken -- still burning in, 60 accepted steps left.
ambda=0.00e+00
DEBUG BG_INIT ENTRY: model_type=0
DEBUG AFTER CHECKS: model_type=0 has_ridder=0
RIDDER DEBUG (background_init): has_ridder=0, Lambda_EDE_ridder=0.000000e+00, f_axion_ridder=1.000000e+16, theta_i_ridder=2.500000e+00, beta_ridder=0.000000e+00
BG_INIT: entering background_checks
BG_INIT: background_checks OK
DEBUG SHOOTING CHECK: has_ridder=0, model_type=0 (unified=1), use_shooting_EDE=0
BG_INIT: entering background_solve
BACKGROUND_SOLVE ENTERED: has_ridder=0 Lambda=0.00e+00
ABOUT TO INTEGRATE: bi_size=5 has_ridder=0 Lambda=0.00e+00
BG_INIT: background_solve OK
BACKGROUND_INIT ENTERED: Lambda=0.00e+00
DEBUG BG_INIT ENTRY: model_type=0
DEBUG AFTER CHECKS: model_type=0 has_ridder=0
RIDDER DEBUG (background_init): has_ridder=0, Lambda_EDE_ridder=0.000000e+00, f_axion_ridder=1.000000e+16, theta_i_ridder=2.500000e+00, beta_ridder=0.000000e+00
BG_INIT: entering background_checks
BG_INIT: background_checks OK
DEBUG SHOOTING CHECK: has_ridder=0, model_type=0 (unified=1), use_shooting_EDE=0
BG_INIT: entering background_solve
BACKGROUND_SOLVE ENTERED: has_ridder=0 Lambda=0.00e+00
ABOUT TO INTEGRATE: bi_size=5 has_ridder=0 Lambda=0.00e+00
DERIVS_ENTRY: call#=45000 has_ridder=0 Lambda=0.00e+00 a=1.00e-14
BG_INIT: background_solve OK
BACKGROUND_INIT ENTERED: Lambda=0.00e+00
DEBUG BG_INIT ENTRY: model_type=0
DEBUG AFTER CHECKS: model_type=0 has_ridder=0
RIDDER DEBUG (background_init): has_ridder=0, Lambda_EDE_ridder=0.000000e+00, f_axion_ridder=1.000000e+16, theta_i_ridder=2.500000e+00, beta_ridder=0.000000e+00
BG_INIT: entering background_checks
BG_INIT: background_checks OK
DEBUG SHOOTING CHECK: has_ridder=0, model_type=0 (unified=1), use_shooting_EDE=0
BG_INIT: entering background_solve
BACKGROUND_SOLVE ENTERED: has_ridder=0 Lambda=0.00e+00
ABOUT TO INTEGRATE: bi_size=5 has_ridder=0 Lambda=0.00e+00
BG_INIT: background_solve OK
BACKGROUND_INIT ENTERED: Lambda=0.00e+00
DEBUG BG_INIT ENTRY: model_type=0
DEBUG AFTER CHECKS: model_type=0 has_ridder=0
RIDDER DEBUG (background_init): has_ridder=0, Lambda_EDE_ridder=0.000000e+00, f_axion_ridder=1.000000e+16, theta_i_ridder=2.500000e+00, beta_ridder=0.000000e+00
BG_INIT: entering background_checks
BG_INIT: background_checks OK
DEBUG SHOOTING CHECK: has_ridder=0, model_type=0 (unified=1), use_shooting_EDE=0
BG_INIT: entering background_solve
BACKGROUND_SOLVE ENTERED: has_ridder=0 Lambda=0.00e+00
ABOUT TO INTEGRATE: bi_size=5 has_ridder=0 Lambda=0.00e+00
BG_INIT: background_solve OK
BACKGROUND_INIT ENTERED: Lambda=0.00e+00
DEBUG BG_INIT ENTRY: model_type=0
DEBUG AFTER CHECKS: model_type=0 has_ridder=0
RIDDER DEBUG (background_init): has_ridder=0, Lambda_EDE_ridder=0.000000e+00, f_axion_ridder=1.000000e+16, theta_i_ridder=2.500000e+00, beta_ridder=0.000000e+00
BG_INIT: entering background_checks
BG_INIT: background_checks OK
DEBUG SHOOTING CHECK: has_ridder=0, model_type=0 (unified=1), use_shooting_EDE=0
BG_INIT: entering background_solve
BACKGROUND_SOLVE ENTERED: has_ridder=0 Lambda=0.00e+00
ABOUT TO INTEGRATE: bi_size=5 has_ridder=0 Lambda=0.00e+00
BG_INIT: background_solve OK
BACKGROUND_INIT ENTERED: Lambda=0.00e+00
DEBUG BG_INIT ENTRY: model_type=0
DEBUG AFTER CHECKS: model_type=0 has_ridder=0
RIDDER DEBUG (background_init): has_ridder=0, Lambda_EDE_ridder=0.000000e+00, f_axion_ridder=1.000000e+16, theta_i_ridder=2.500000e+00, beta_ridder=0.000000e+00
BG_INIT: entering background_checks
BG_INIT: background_checks OK
DEBUG SHOOTING CHECK: has_ridder=0, model_type=0 (unified=1), use_shooting_EDE=0
BG_INIT: entering background_solve
BACKGROUND_SOLVE ENTERED: has_ridder=0 Lambda=0.00e+00
ABOUT TO INTEGRATE: bi_size=5 has_ridder=0 Lambda=0.00e+00
BG_INIT: background_solve OK
BACKGROUND_INIT ENTERED: Lambda=0.00e+00
DEBUG BG_INIT ENTRY: model_type=0
DEBUG AFTER CHECKS: model_type=0 has_ridder=0
RIDDER DEBUG (background_init): has_ridder=0, Lambda_EDE_ridder=0.000000e+00, f_axion_ridder=1.000000e+16, theta_i_ridder=2.500000e+00, beta_ridder=0.000000e+00
BG_INIT: entering background_checks
BG_INIT: background_checks OK
DEBUG SHOOTING CHECK: has_ridder=0, model_type=0 (unified=1), use_[mcmc] Progress @ 2025-11-26 18:32:46 : 102 steps taken -- still burning in, 56 accepted steps left.
shooting_EDE=0
BG_INIT: entering background_solve
BACKGROUND_SOLVE ENTERED: has_ridder=0 Lambda=0.00e+00
ABOUT TO INTEGRATE: bi_size=5 has_ridder=0 Lambda=0.00e+00
BG_INIT: background_solve OK
BACKGROUND_INIT ENTERED: Lambda=0.00e+00
DEBUG BG_INIT ENTRY: model_type=0
DEBUG AFTER CHECKS: model_type=0 has_ridder=0
RIDDER DEBUG (background_init): has_ridder=0, Lambda_EDE_ridder=0.000000e+00, f_axion_ridder=1.000000e+16, theta_i_ridder=2.500000e+00, beta_ridder=0.000000e+00
BG_INIT: entering background_checks
BG_INIT: background_checks OK
DEBUG SHOOTING CHECK: has_ridder=0, model_type=0 (unified=1), use_shooting_EDE=0
BG_INIT: entering background_solve
BACKGROUND_SOLVE ENTERED: has_ridder=0 Lambda=0.00e+00
ABOUT TO INTEGRATE: bi_size=5 has_ridder=0 Lambda=0.00e+00
BG_INIT: background_solve OK
BACKGROUND_INIT ENTERED: Lambda=0.00e+00
DEBUG BG_INIT ENTRY: model_type=0
DEBUG AFTER CHECKS: model_type=0 has_ridder=0
RIDDER DEBUG (background_init): has_ridder=0, Lambda_EDE_ridder=0.000000e+00, f_axion_ridder=1.000000e+16, theta_i_ridder=2.500000e+00, beta_ridder=0.000000e+00
BG_INIT: entering background_checks
BG_INIT: background_checks OK
DEBUG SHOOTING CHECK: has_ridder=0, model_type=0 (unified=1), use_shooting_EDE=0
BG_INIT: entering background_solve
BACKGROUND_SOLVE ENTERED: has_ridder=0 Lambda=0.00e+00
ABOUT TO INTEGRATE: bi_size=5 has_ridder=0 Lambda=0.00e+00
BG_INIT: background_solve OK
BACKGROUND_INIT ENTERED: Lambda=0.00e+00
DEBUG BG_INIT ENTRY: model_type=0
DEBUG AFTER CHECKS: model_type=0 has_ridder=0
RIDDER DEBUG (background_init): has_ridder=0, Lambda_EDE_ridder=0.000000e+00, f_axion_ridder=1.000000e+16, theta_i_ridder=2.500000e+00, beta_ridder=0.000000e+00
BG_INIT: entering background_checks
BG_INIT: background_checks OK
DEBUG SHOOTING CHECK: has_ridder=0, model_type=0 (unified=1), use_shooting_EDE=0
BG_INIT: entering background_solve
BACKGROUND_SOLVE ENTERED: has_ridder=0 Lambda=0.00e+00
ABOUT TO INTEGRATE: bi_size=5 has_ridder=0 Lambda=0.00e+00
BG_INIT: background_solve OK
BACKGROUND_INIT ENTERED: Lambda=0.00e+00
DEBUG BG_INIT ENTRY: model_type=0
DEBUG AFTER CHECKS: model_type=0 has_ridder=0
RIDDER DEBUG (background_init): has_ridder=0, Lambda_EDE_ridder=0.000000e+00, f_axion_ridder=1.000000e+16, theta_i_ridder=2.500000e+00, beta_ridder=0.000000e+00
BG_INIT: entering background_checks
BG_INIT: background_checks OK
DEBUG SHOOTING CHECK: has_ridder=0, model_type=0 (unified=1), use_shooting_EDE=0
BG_INIT: entering background_solve
BACKGROUND_SOLVE ENTERED: has_ridder=0 Lambda=0.00e+00
ABOUT TO INTEGRATE: bi_size=5 has_ridder=0 Lambda=0.00e+00
DERIVS_ENTRY: call#=50000 has_ridder=0 Lambda=0.00e+00 a=2.50e-14
BG_INIT: background_solve OK
BACKGROUND_INIT ENTERED: Lambda=0.00e+00
DEBUG BG_INIT ENTRY: model_type=0
DEBUG AFTER CHECKS: model_type=0 has_ridder=0
RIDDER DEBUG (background_init): has_ridder=0, Lambda_EDE_ridder=0.000000e+00, f_axion_ridder=1.000000e+16, theta_i_ridder=2.500000e+00, beta_ridder=0.000000e+00
BG_INIT: entering background_checks
BG_INIT: background_checks OK
DEBUG SHOOTING CHECK: has_ridder=0, model_type=0 (unified=1), use_shooting_EDE=0
BG_INIT: entering background_solve
BACKGROUND_SOLVE ENTERED: has_ridder=0 Lambda=0.00e+00
ABOUT TO INTEGRATE: bi_size=5 has_ridder=0 Lambda=0.00e+00
BG_INIT: background_solve OK
BACKGROUND_INIT ENTERED: Lambda=0.00e+00
DEBUG BG_INIT ENTRY: model_type=0
DEBUG AFTER CHECKS: model_type=0 has_ridder=0
RIDDER DEBUG (background_init): has_ridder=0, Lambda_EDE_ridder=0.000000e+00, f_axion_ridder=1.000000e+16, theta_i_ridder=2.500000e+00, beta_ridder=0.000000e+00
BG_INIT: entering background_checks
BG_INIT: background_checks OK
DEBUG SHOOTING CHECK: has_ridder=0, model_type=0 (unified=1), use_shooting_EDE=0
BG_INIT: entering background_solve
BACKGROUND_SOLVE ENTERED: has_ridder=0 Lambda=0.00e+00
ABOUT TO INTEGRATE: bi_size=5 has_ridder=0 Lambda=0.00e+00
BG_INIT: background_solve OK
BACKGROUND_INIT ENTERED: Lambda=0.00e+00
DEBUG BG_INIT ENTRY: model_type=0
DEBUG AFTER CHECKS: model_type=0 has_ridder=0
RIDDER DEBUG (background_init): has_ridder=0, Lambda_EDE_ridder=0.000000e+[mcmc] Progress @ 2025-11-26 18:33:49 : 112 steps taken -- still burning in, 51 accepted steps left.
00, f_axion_ridder=1.000000e+16, theta_i_ridder=2.500000e+00, beta_ridder=0.000000e+00
BG_INIT: entering background_checks
BG_INIT: background_checks OK
DEBUG SHOOTING CHECK: has_ridder=0, model_type=0 (unified=1), use_shooting_EDE=0
BG_INIT: entering background_solve
BACKGROUND_SOLVE ENTERED: has_ridder=0 Lambda=0.00e+00
ABOUT TO INTEGRATE: bi_size=5 has_ridder=0 Lambda=0.00e+00
BG_INIT: background_solve OK
BACKGROUND_INIT ENTERED: Lambda=0.00e+00
DEBUG BG_INIT ENTRY: model_type=0
DEBUG AFTER CHECKS: model_type=0 has_ridder=0
RIDDER DEBUG (background_init): has_ridder=0, Lambda_EDE_ridder=0.000000e+00, f_axion_ridder=1.000000e+16, theta_i_ridder=2.500000e+00, beta_ridder=0.000000e+00
BG_INIT: entering background_checks
BG_INIT: background_checks OK
DEBUG SHOOTING CHECK: has_ridder=0, model_type=0 (unified=1), use_shooting_EDE=0
BG_INIT: entering background_solve
BACKGROUND_SOLVE ENTERED: has_ridder=0 Lambda=0.00e+00
ABOUT TO INTEGRATE: bi_size=5 has_ridder=0 Lambda=0.00e+00
BG_INIT: background_solve OK
BACKGROUND_INIT ENTERED: Lambda=0.00e+00
DEBUG BG_INIT ENTRY: model_type=0
DEBUG AFTER CHECKS: model_type=0 has_ridder=0
RIDDER DEBUG (background_init): has_ridder=0, Lambda_EDE_ridder=0.000000e+00, f_axion_ridder=1.000000e+16, theta_i_ridder=2.500000e+00, beta_ridder=0.000000e+00
BG_INIT: entering background_checks
BG_INIT: background_checks OK
DEBUG SHOOTING CHECK: has_ridder=0, model_type=0 (unified=1), use_shooting_EDE=0
BG_INIT: entering background_solve
BACKGROUND_SOLVE ENTERED: has_ridder=0 Lambda=0.00e+00
ABOUT TO INTEGRATE: bi_size=5 has_ridder=0 Lambda=0.00e+00
BG_INIT: background_solve OK
BACKGROUND_INIT ENTERED: Lambda=0.00e+00
DEBUG BG_INIT ENTRY: model_type=0
DEBUG AFTER CHECKS: model_type=0 has_ridder=0
RIDDER DEBUG (background_init): has_ridder=0, Lambda_EDE_ridder=0.000000e+00, f_axion_ridder=1.000000e+16, theta_i_ridder=2.500000e+00, beta_ridder=0.000000e+00
BG_INIT: entering background_checks
BG_INIT: background_checks OK
DEBUG SHOOTING CHECK: has_ridder=0, model_type=0 (unified=1), use_shooting_EDE=0
BG_INIT: entering background_solve
BACKGROUND_SOLVE ENTERED: has_ridder=0 Lambda=0.00e+00
ABOUT TO INTEGRATE: bi_size=5 has_ridder=0 Lambda=0.00e+00
BG_INIT: background_solve OK
BACKGROUND_INIT ENTERED: Lambda=0.00e+00
DEBUG BG_INIT ENTRY: model_type=0
DEBUG AFTER CHECKS: model_type=0 has_ridder=0
RIDDER DEBUG (background_init): has_ridder=0, Lambda_EDE_ridder=0.000000e+00, f_axion_ridder=1.000000e+16, theta_i_ridder=2.500000e+00, beta_ridder=0.000000e+00
BG_INIT: entering background_checks
BG_INIT: background_checks OK
DEBUG SHOOTING CHECK: has_ridder=0, model_type=0 (unified=1), use_shooting_EDE=0
BG_INIT: entering background_solve
BACKGROUND_SOLVE ENTERED: has_ridder=0 Lambda=0.00e+00
ABOUT TO INTEGRATE: bi_size=5 has_ridder=0 Lambda=0.00e+00
BG_INIT: background_solve OK
BACKGROUND_INIT ENTERED: Lambda=0.00e+00
DEBUG BG_INIT ENTRY: model_type=0
DEBUG AFTER CHECKS: model_type=0 has_ridder=0
RIDDER DEBUG (background_init): has_ridder=0, Lambda_EDE_ridder=0.000000e+00, f_axion_ridder=1.000000e+16, theta_i_ridder=2.500000e+00, beta_ridder=0.000000e+00
BG_INIT: entering background_checks
BG_INIT: background_checks OK
DEBUG SHOOTING CHECK: has_ridder=0, model_type=0 (unified=1), use_shooting_EDE=0
BG_INIT: entering background_solve
BACKGROUND_SOLVE ENTERED: has_ridder=0 Lambda=0.00e+00
ABOUT TO INTEGRATE: bi_size=5 has_ridder=0 Lambda=0.00e+00
BG_INIT: background_solve OK
BACKGROUND_INIT ENTERED: Lambda=0.00e+00
DEBUG BG_INIT ENTRY: model_type=0
DEBUG AFTER CHECKS: model_type=0 has_ridder=0
RIDDER DEBUG (background_init): has_ridder=0, Lambda_EDE_ridder=0.000000e+00, f_axion_ridder=1.000000e+16, theta_i_ridder=2.500000e+00, beta_ridder=0.000000e+00
BG_INIT: entering background_checks
BG_INIT: background_checks OK
DEBUG SHOOTING CHECK: has_ridder=0, model_type=0 (unified=1), use_shooting_EDE=0
BG_INIT: entering background_solve
BACKGROUND_SOLVE ENTERED: has_ridder=0 Lambda=0.00e+00
ABOUT TO INTEGRATE: bi_size=5 has_ridder=0 Lambda=0.00e+00
DERIVS_ENTRY: call#=55000 has_ridder=0 Lambda=0.00e+00 a=5.75e-14
BG_INIT: background_solve OK
BACKGROUND_INIT ENTERED: Lambda=0.00e+00
DEBUG BG_INIT ENTRY: model_type=0
DEBUG AFTER CHECKS: model_type=0 has_ridder=0
RIDDER DEBUG (background_init): has_ridder=0, Lambda_EDE_ridder=0.000000e+00, f_axion_ridder=1.000000e+16, theta_i_ridder=2.500000e+00, beta_ridder=0.000000e+00
BG_INIT: entering background_checks
BG_INIT: background_checks OK
DEBUG SHOOTING CHECK: has_ridder=0, model_type=0 (unified=1), use_shooting_EDE=0
BG_INIT: entering background_solve
BACKGROUND_SOLVE ENTERED: has_ridder=0 Lambda=0.00e+00
ABOUT TO INTEGRATE: bi_size=5 has_ridder=0 Lambda=0.00e+00
BG_INIT: background_solve OK
BACKGROUND_INIT ENTERED: Lambda=0.00e+00
DEBUG BG_INIT ENTRY: model_type=0
DEBUG AFTER CHECKS: model_type=0 has_ridder=0
RIDDER DEBUG (background_init): has_ridder=0, Lambda_EDE_ridder=0.000000e+00, f_axion_ridder=1.000000e+16, theta_i_ridder=2.500000e+00, beta_ridder=0.000000e+00
BG_INIT: entering background_checks
BG_INIT: background_checks OK
DEBUG SHOOTING CHECK: has_ridder=0, model_type=0 (unified=1), use_shooting_EDE=0
BG_INIT: entering background_solve
BACKGROUND_SOLVE ENTERED: has_ridder=0 Lambda=0.00e+00
ABOUT TO INTEGRATE: bi_size=5 has_ridder=0 Lambda=0.00e+00
BG_INIT: background_solve OK
BACKGROUND_INIT ENTERED: Lambda=0.00e+00
DEBUG BG_INIT ENTRY: model_type=0
DEBUG AFTER CHECKS: model_type=0 has_ridder=0
RIDDER DEBUG (background_init): has_ridder=0, Lambda_EDE_ridder=0.000000e+00, f_axion_ridder=1.000000e+16, theta_i_ridder=2.500000e+00, beta_ridder=0.000000e+00
BG_INIT: entering background_checks
BG_INIT: background_checks OK
DEBUG SHOOTING CHECK: has_ridder=0, model_type=0 (unified=1), use_shooting_EDE=0
BG_INIT: entering background_solve
BACKGROUND_SOLVE ENTERED: has_ridder=0 Lambda=0.00e+00
ABOUT TO INTEGRATE: bi_size=5 has_ridder=0 Lambda=0.00e+00
BG_INIT: background_solve OK
BACKGROUND_INIT ENTERED: Lambda=0.00e+00
DEBUG BG_INIT ENTRY: model_type=0
DEBUG AFTER CHECKS: model_type=0 has_ridder=0
RIDDER DEBUG (background_init): has_ridder=0, Lambda_EDE_ridder=0.000000e+00, f_axion_ridder=1.000000e+16, theta_i_ridder=2.500000e+00, beta_ridder=0.000000e+00
BG_INIT: entering background_checks
BG_INIT: background_checks OK
DEBUG SHOOTING CHECK: has_ridder=0, model_type=0 (unified=1), use_shooting_EDE=0
BG_INIT: entering background_solve
BACKGROUND_SOLVE ENTERED: has_ridder=0 Lambda=0.00e+00
ABOUT TO INTEGRATE: bi_size=5 has_ridder=0 Lambda=0.00e+00
BG_INIT: background_solve OK
BACKGROUND_INIT ENTERED: Lambda=0.00e+00
DEBUG BG_INIT ENTRY: model_type=0
DEBUG AFTER CHECKS: model_type=0 has_ridder=0
RIDDER DEBUG (background_init): has_ridder=0, Lambda_EDE_ridder=0.000000e+00, f_axion_ridder=1.000000e+16, theta_i_ridder=2.500000e+00, beta_ridder=0.000000e+00
BG_INIT: entering background_checks
BG_INIT: background_checks OK
DEBUG SHOOTING CHECK: has_ridder=0, model_type=0 (unified=1), use_shooting_EDE=0
BG_INIT: entering background_solve
BACKGROUND_SOLVE ENTERED: has_ridder=0 Lambda=0.00e+00
ABOUT TO INTEGRATE: bi_size=5 has_ridder=0 Lambda=0.00e+00
BG_INIT: background_solve OK
BACKGROUND_INIT ENTERED: Lambda=0.00e+00
DEBUG BG_INIT ENTRY: model_type=0
DEBUG AFTER CHECKS: model_type=0 has_ridder=0
RIDDER DEBUG (background_init): has_ridder=0, Lambda_EDE_ridder=0.000000e+00, f_axion_ridder=1.000000e+16, theta_i_ridder=2.500000e+00, beta_ridder=0.000000e+00
BG_INIT: entering background_checks
BG_INIT: background_checks OK
DEBUG SHOOTING CHECK: has_ridder=0, model_type=0 (unified=1), use_shooting_EDE=0
BG_INIT: entering background_solve
BACKGROUND_SOLVE ENTERED: has_ridder=0 Lambda=0.00e+00
ABOUT TO INTEGRATE: bi_size=5 has_ridder=0 Lambda=0.00e+00
BG_INIT: background_solve OK
BACKGROUND_INIT ENTERED: Lambda=0.00e+00
DEBUG BG_INIT ENTRY: model_type=0
DEBUG AFTER CHECKS: model_type=0 has_ridder=0
RIDDER DEBUG (background_init): has_ridder=0, Lambda_EDE_ridder=0.000000e+00, f_axion_ridder=1.000000e+16, theta_i_ridder=2.500000e+00, beta_ridder=0.000000e+00
BG_INIT: entering background_checks
BG_INIT: background_checks OK
DEBUG SHOOTING CHECK: has_ridder=0, model_type=0 (unified=1), use_shooting_EDE=0
B[mcmc] Progress @ 2025-11-26 18:34:55 : 120 steps taken -- still burning in, 46 accepted steps left.
G_INIT: entering background_solve
BACKGROUND_SOLVE ENTERED: has_ridder=0 Lambda=0.00e+00
ABOUT TO INTEGRATE: bi_size=5 has_ridder=0 Lambda=0.00e+00
BG_INIT: background_solve OK
BACKGROUND_INIT ENTERED: Lambda=0.00e+00
DEBUG BG_INIT ENTRY: model_type=0
DEBUG AFTER CHECKS: model_type=0 has_ridder=0
RIDDER DEBUG (background_init): has_ridder=0, Lambda_EDE_ridder=0.000000e+00, f_axion_ridder=1.000000e+16, theta_i_ridder=2.500000e+00, beta_ridder=0.000000e+00
BG_INIT: entering background_checks
BG_INIT: background_checks OK
DEBUG SHOOTING CHECK: has_ridder=0, model_type=0 (unified=1), use_shooting_EDE=0
BG_INIT: entering background_solve
BACKGROUND_SOLVE ENTERED: has_ridder=0 Lambda=0.00e+00
ABOUT TO INTEGRATE: bi_size=5 has_ridder=0 Lambda=0.00e+00
BG_INIT: background_solve OK
BACKGROUND_INIT ENTERED: Lambda=0.00e+00
DEBUG BG_INIT ENTRY: model_type=0
DEBUG AFTER CHECKS: model_type=0 has_ridder=0
RIDDER DEBUG (background_init): has_ridder=0, Lambda_EDE_ridder=0.000000e+00, f_axion_ridder=1.000000e+16, theta_i_ridder=2.500000e+00, beta_ridder=0.000000e+00
BG_INIT: entering background_checks
BG_INIT: background_checks OK
DEBUG SHOOTING CHECK: has_ridder=0, model_type=0 (unified=1), use_shooting_EDE=0
BG_INIT: entering background_solve
BACKGROUND_SOLVE ENTERED: has_ridder=0 Lambda=0.00e+00
ABOUT TO INTEGRATE: bi_size=5 has_ridder=0 Lambda=0.00e+00
DERIVS_ENTRY: call#=60000 has_ridder=0 Lambda=0.00e+00 a=4.53e-13
BG_INIT: background_solve OK
BACKGROUND_INIT ENTERED: Lambda=0.00e+00
DEBUG BG_INIT ENTRY: model_type=0
DEBUG AFTER CHECKS: model_type=0 has_ridder=0
RIDDER DEBUG (background_init): has_ridder=0, Lambda_EDE_ridder=0.000000e+00, f_axion_ridder=1.000000e+16, theta_i_ridder=2.500000e+00, beta_ridder=0.000000e+00
BG_INIT: entering background_checks
BG_INIT: background_checks OK
DEBUG SHOOTING CHECK: has_ridder=0, model_type=0 (unified=1), use_shooting_EDE=0
BG_INIT: entering background_solve
BACKGROUND_SOLVE ENTERED: has_ridder=0 Lambda=0.00e+00
ABOUT TO INTEGRATE: bi_size=5 has_ridder=0 Lambda=0.00e+00
BG_INIT: background_solve OK
BACKGROUND_INIT ENTERED: Lambda=0.00e+00
DEBUG BG_INIT ENTRY: model_type=0
DEBUG AFTER CHECKS: model_type=0 has_ridder=0
RIDDER DEBUG (background_init): has_ridder=0, Lambda_EDE_ridder=0.000000e+00, f_axion_ridder=1.000000e+16, theta_i_ridder=2.500000e+00, beta_ridder=0.000000e+00
BG_INIT: entering background_checks
BG_INIT: background_checks OK
DEBUG SHOOTING CHECK: has_ridder=0, model_type=0 (unified=1), use_shooting_EDE=0
BG_INIT: entering background_solve
BACKGROUND_SOLVE ENTERED: has_ridder=0 Lambda=0.00e+00
ABOUT TO INTEGRATE: bi_size=5 has_ridder=0 Lambda=0.00e+00
BG_INIT: background_solve OK
BACKGROUND_INIT ENTERED: Lambda=0.00e+00
DEBUG BG_INIT ENTRY: model_type=0
DEBUG AFTER CHECKS: model_type=0 has_ridder=0
RIDDER DEBUG (background_init): has_ridder=0, Lambda_EDE_ridder=0.000000e+00, f_axion_ridder=1.000000e+16, theta_i_ridder=2.500000e+00, beta_ridder=0.000000e+00
BG_INIT: entering background_checks
BG_INIT: background_checks OK
DEBUG SHOOTING CHECK: has_ridder=0, model_type=0 (unified=1), use_shooting_EDE=0
BG_INIT: entering background_solve
BACKGROUND_SOLVE ENTERED: has_ridder=0 Lambda=0.00e+00
ABOUT TO INTEGRATE: bi_size=5 has_ridder=0 Lambda=0.00e+00
BG_INIT: background_solve OK
BACKGROUND_INIT ENTERED: Lambda=0.00e+00
DEBUG BG_INIT ENTRY: model_type=0
DEBUG AFTER CHECKS: model_type=0 has_ridder=0
RIDDER DEBUG (background_init): has_ridder=0, Lambda_EDE_ridder=0.000000e+00, f_axion_ridder=1.000000e+16, theta_i_ridder=2.500000e+00, beta_ridder=0.000000e+00
BG_INIT: entering background_checks
BG_INIT: background_checks OK
DEBUG SHOOTING CHECK: has_ridder=0, model_type=0 (unified=1), use_shooting_EDE=0
BG_INIT: entering background_solve
BACKGROUND_SOLVE ENTERED: has_ridder=0 Lambda=0.00e+00
ABOUT TO INTEGRATE: bi_size=5 has_ridder=0 Lambda=0.00e+00
BG_INIT: background_solve OK
BACKGROUND_INIT ENTERED: Lambda=0.00e+00
DEBUG BG_INIT ENTRY: model_type=0
DEBUG AFTER CHECKS: model_type=0 has_ridder=0
RIDDER DEBUG (background_init): has_ridder=0, Lambda_EDE_ridder=0.000000e+00, f_axion_ridd[mcmc] Progress @ 2025-11-26 18:36:02 : 129 steps taken -- still burning in, 42 accepted steps left.
er=1.000000e+16, theta_i_ridder=2.500000e+00, beta_ridder=0.000000e+00
BG_INIT: entering background_checks
BG_INIT: background_checks OK
DEBUG SHOOTING CHECK: has_ridder=0, model_type=0 (unified=1), use_shooting_EDE=0
BG_INIT: entering background_solve
BACKGROUND_SOLVE ENTERED: has_ridder=0 Lambda=0.00e+00
ABOUT TO INTEGRATE: bi_size=5 has_ridder=0 Lambda=0.00e+00
BG_INIT: background_solve OK
BACKGROUND_INIT ENTERED: Lambda=0.00e+00
DEBUG BG_INIT ENTRY: model_type=0
DEBUG AFTER CHECKS: model_type=0 has_ridder=0
RIDDER DEBUG (background_init): has_ridder=0, Lambda_EDE_ridder=0.000000e+00, f_axion_ridder=1.000000e+16, theta_i_ridder=2.500000e+00, beta_ridder=0.000000e+00
BG_INIT: entering background_checks
BG_INIT: background_checks OK
DEBUG SHOOTING CHECK: has_ridder=0, model_type=0 (unified=1), use_shooting_EDE=0
BG_INIT: entering background_solve
BACKGROUND_SOLVE ENTERED: has_ridder=0 Lambda=0.00e+00
ABOUT TO INTEGRATE: bi_size=5 has_ridder=0 Lambda=0.00e+00
BG_INIT: background_solve OK
BACKGROUND_INIT ENTERED: Lambda=0.00e+00
DEBUG BG_INIT ENTRY: model_type=0
DEBUG AFTER CHECKS: model_type=0 has_ridder=0
RIDDER DEBUG (background_init): has_ridder=0, Lambda_EDE_ridder=0.000000e+00, f_axion_ridder=1.000000e+16, theta_i_ridder=2.500000e+00, beta_ridder=0.000000e+00
BG_INIT: entering background_checks
BG_INIT: background_checks OK
DEBUG SHOOTING CHECK: has_ridder=0, model_type=0 (unified=1), use_shooting_EDE=0
BG_INIT: entering background_solve
BACKGROUND_SOLVE ENTERED: has_ridder=0 Lambda=0.00e+00
ABOUT TO INTEGRATE: bi_size=5 has_ridder=0 Lambda=0.00e+00
BG_INIT: background_solve OK
BACKGROUND_INIT ENTERED: Lambda=0.00e+00
DEBUG BG_INIT ENTRY: model_type=0
DEBUG AFTER CHECKS: model_type=0 has_ridder=0
RIDDER DEBUG (background_init): has_ridder=0, Lambda_EDE_ridder=0.000000e+00, f_axion_ridder=1.000000e+16, theta_i_ridder=2.500000e+00, beta_ridder=0.000000e+00
BG_INIT: entering background_checks
BG_INIT: background_checks OK
DEBUG SHOOTING CHECK: has_ridder=0, model_type=0 (unified=1), use_shooting_EDE=0
BG_INIT: entering background_solve
BACKGROUND_SOLVE ENTERED: has_ridder=0 Lambda=0.00e+00
ABOUT TO INTEGRATE: bi_size=5 has_ridder=0 Lambda=0.00e+00
BG_INIT: background_solve OK
BACKGROUND_INIT ENTERED: Lambda=0.00e+00
DEBUG BG_INIT ENTRY: model_type=0
DEBUG AFTER CHECKS: model_type=0 has_ridder=0
RIDDER DEBUG (background_init): has_ridder=0, Lambda_EDE_ridder=0.000000e+00, f_axion_ridder=1.000000e+16, theta_i_ridder=2.500000e+00, beta_ridder=0.000000e+00
BG_INIT: entering background_checks
BG_INIT: background_checks OK
DEBUG SHOOTING CHECK: has_ridder=0, model_type=0 (unified=1), use_shooting_EDE=0
BG_INIT: entering background_solve
BACKGROUND_SOLVE ENTERED: has_ridder=0 Lambda=0.00e+00
ABOUT TO INTEGRATE: bi_size=5 has_ridder=0 Lambda=0.00e+00
DERIVS_ENTRY: call#=65000 has_ridder=0 Lambda=0.00e+00 a=1.41e-11
BG_INIT: background_solve OK
BACKGROUND_INIT ENTERED: Lambda=0.00e+00
DEBUG BG_INIT ENTRY: model_type=0
DEBUG AFTER CHECKS: model_type=0 has_ridder=0
RIDDER DEBUG (background_init): has_ridder=0, Lambda_EDE_ridder=0.000000e+00, f_axion_ridder=1.000000e+16, theta_i_ridder=2.500000e+00, beta_ridder=0.000000e+00
BG_INIT: entering background_checks
BG_INIT: background_checks OK
DEBUG SHOOTING CHECK: has_ridder=0, model_type=0 (unified=1), use_shooting_EDE=0
BG_INIT: entering background_solve
BACKGROUND_SOLVE ENTERED: has_ridder=0 Lambda=0.00e+00
ABOUT TO INTEGRATE: bi_size=5 has_ridder=0 Lambda=0.00e+00
BG_INIT: background_solve OK
BACKGROUND_INIT ENTERED: Lambda=0.00e+00
DEBUG BG_INIT ENTRY: model_type=0
DEBUG AFTER CHECKS: model_type=0 has_ridder=0
RIDDER DEBUG (background_init): has_ridder=0, Lambda_EDE_ridder=0.000000e+00, f_axion_ridder=1.000000e+16, theta_i_ridder=2.500000e+00, beta_ridder=0.000000e+00
BG_INIT: entering background_checks
BG_INIT: background_checks OK
DEBUG SHOOTING CHECK: has_ridder=0, model_type=0 (unified=1), use_shooting_EDE=0
BG_INIT: entering background_solve
BACKGROUND_SOLVE ENTERED: has_ridder=0 Lambda=0.00e+00
ABOUT TO INTEGRATE: bi_size=5 has_ridder=0 Lambda=0.00e+00
BG_INIT: background_s[mcmc] Progress @ 2025-11-26 18:37:08 : 142 steps taken -- still burning in, 38 accepted steps left.
olve OK
BACKGROUND_INIT ENTERED: Lambda=0.00e+00
DEBUG BG_INIT ENTRY: model_type=0
DEBUG AFTER CHECKS: model_type=0 has_ridder=0
RIDDER DEBUG (background_init): has_ridder=0, Lambda_EDE_ridder=0.000000e+00, f_axion_ridder=1.000000e+16, theta_i_ridder=2.500000e+00, beta_ridder=0.000000e+00
BG_INIT: entering background_checks
BG_INIT: background_checks OK
DEBUG SHOOTING CHECK: has_ridder=0, model_type=0 (unified=1), use_shooting_EDE=0
BG_INIT: entering background_solve
BACKGROUND_SOLVE ENTERED: has_ridder=0 Lambda=0.00e+00
ABOUT TO INTEGRATE: bi_size=5 has_ridder=0 Lambda=0.00e+00
BG_INIT: background_solve OK
BACKGROUND_INIT ENTERED: Lambda=0.00e+00
DEBUG BG_INIT ENTRY: model_type=0
DEBUG AFTER CHECKS: model_type=0 has_ridder=0
RIDDER DEBUG (background_init): has_ridder=0, Lambda_EDE_ridder=0.000000e+00, f_axion_ridder=1.000000e+16, theta_i_ridder=2.500000e+00, beta_ridder=0.000000e+00
BG_INIT: entering background_checks
BG_INIT: background_checks OK
DEBUG SHOOTING CHECK: has_ridder=0, model_type=0 (unified=1), use_shooting_EDE=0
BG_INIT: entering background_solve
BACKGROUND_SOLVE ENTERED: has_ridder=0 Lambda=0.00e+00
ABOUT TO INTEGRATE: bi_size=5 has_ridder=0 Lambda=0.00e+00
BG_INIT: background_solve OK
BACKGROUND_INIT ENTERED: Lambda=0.00e+00
DEBUG BG_INIT ENTRY: model_type=0
DEBUG AFTER CHECKS: model_type=0 has_ridder=0
RIDDER DEBUG (background_init): has_ridder=0, Lambda_EDE_ridder=0.000000e+00, f_axion_ridder=1.000000e+16, theta_i_ridder=2.500000e+00, beta_ridder=0.000000e+00
BG_INIT: entering background_checks
BG_INIT: background_checks OK
DEBUG SHOOTING CHECK: has_ridder=0, model_type=0 (unified=1), use_shooting_EDE=0
BG_INIT: entering background_solve
BACKGROUND_SOLVE ENTERED: has_ridder=0 Lambda=0.00e+00
ABOUT TO INTEGRATE: bi_size=5 has_ridder=0 Lambda=0.00e+00
BG_INIT: background_solve OK
BACKGROUND_INIT ENTERED: Lambda=0.00e+00
DEBUG BG_INIT ENTRY: model_type=0
DEBUG AFTER CHECKS: model_type=0 has_ridder=0
RIDDER DEBUG (background_init): has_ridder=0, Lambda_EDE_ridder=0.000000e+00, f_axion_ridder=1.000000e+16, theta_i_ridder=2.500000e+00, beta_ridder=0.000000e+00
BG_INIT: entering background_checks
BG_INIT: background_checks OK
DEBUG SHOOTING CHECK: has_ridder=0, model_type=0 (unified=1), use_shooting_EDE=0
BG_INIT: entering background_solve
BACKGROUND_SOLVE ENTERED: has_ridder=0 Lambda=0.00e+00
ABOUT TO INTEGRATE: bi_size=5 has_ridder=0 Lambda=0.00e+00
BG_INIT: background_solve OK
BACKGROUND_INIT ENTERED: Lambda=0.00e+00
DEBUG BG_INIT ENTRY: model_type=0
DEBUG AFTER CHECKS: model_type=0 has_ridder=0
RIDDER DEBUG (background_init): has_ridder=0, Lambda_EDE_ridder=0.000000e+00, f_axion_ridder=1.000000e+16, theta_i_ridder=2.500000e+00, beta_ridder=0.000000e+00
BG_INIT: entering background_checks
BG_INIT: background_checks OK
DEBUG SHOOTING CHECK: has_ridder=0, model_type=0 (unified=1), use_shooting_EDE=0
BG_INIT: entering background_solve
BACKGROUND_SOLVE ENTERED: has_ridder=0 Lambda=0.00e+00
ABOUT TO INTEGRATE: bi_size=5 has_ridder=0 Lambda=0.00e+00
BG_INIT: background_solve OK
BACKGROUND_INIT ENTERED: Lambda=0.00e+00
DEBUG BG_INIT ENTRY: model_type=0
DEBUG AFTER CHECKS: model_type=0 has_ridder=0
RIDDER DEBUG (background_init): has_ridder=0, Lambda_EDE_ridder=0.000000e+00, f_axion_ridder=1.000000e+16, theta_i_ridder=2.500000e+00, beta_ridder=0.000000e+00
BG_INIT: entering background_checks
BG_INIT: background_checks OK
DEBUG SHOOTING CHECK: has_ridder=0, model_type=0 (unified=1), use_shooting_EDE=0
BG_INIT: entering background_solve
BACKGROUND_SOLVE ENTERED: has_ridder=0 Lambda=0.00e+00
ABOUT TO INTEGRATE: bi_size=5 has_ridder=0 Lambda=0.00e+00
BG_INIT: background_solve OK
BACKGROUND_INIT ENTERED: Lambda=0.00e+00
DEBUG BG_INIT ENTRY: model_type=0
DEBUG AFTER CHECKS: model_type=0 has_ridder=0
RIDDER DEBUG (background_init): has_ridder=0, Lambda_EDE_ridder=0.000000e+00, f_axion_ridder=1.000000e+16, theta_i_ridder=2.500000e+00, beta_ridder=0.000000e+00
BG_INIT: entering background_checks
BG_INIT: background_checks OK
DEBUG SHOOTING CHECK: has_ridder=0, model_type=0 (unified=1), use_shooting_EDE=0
BG_INIT: entering[mcmc] Progress @ 2025-11-26 18:38:13 : 152 steps taken -- still burning in, 35 accepted steps left.
