DEBUG: Ridder field ENABLED. Lambda = 1.000000e+13
DEBUG: Ridder field ENABLED. Lambda = 1.000000e+13
BACKGROUND_INIT ENTERED: Lambda=1.00e+13
RIDDER DEBUG (background_init): has_ridder=1, Lambda_EDE_ridder=1.000000e+13, f_axion_ridder=2.435000e+27, theta_i_ridder=1.200000e+00, beta_ridder=0.000000e+00
BACKGROUND_SOLVE ENTERED: has_ridder=1 Lambda=1.00e+10
DDV_CHECK: call#=1 a=1.00e-14 phi=2.92e+27 ddV_eV2=6.35e-15 (positive=1)
ABOUT TO INTEGRATE: bi_size=7 has_ridder=1 Lambda=1.00e+10
DDV_CHECK: call#=2 a=1.00e-14 phi=2.92e+27 ddV_eV2=6.35e-15 (positive=1)
RIDDER DERIVS: First call! has_ridder=1 Lambda=1.00e+10 fluid_mode=0
RIDDER DERIVS CALLED: call#=1 a=1.00e-14 phi=2.92e+27 fluid_mode=0
CHECKPOINT_A: call#=1
CHECKPOINT_B: call#=1
CHECKPOINT_C: call#=1
CHECKPOINT_E: After switching block
CHECKPOINT_F: After debug block
PRE_IF: call#=1 fluid_mode=0 _FALSE_=0 condition=1
FIELD_MODE: call#=1 a=1.00e-14 fluid_mode=0
DERIVS: call#=1 a=1.00e-14 phi=2.92e+27 phi'=-7.21e-25 dphi/dlna=-3.34e-33 dphi'/dlna=1.44e-24 dV=6.39e-16 H=2.16e+22
DDV_CHECK: call#=3 a=1.00e-14 phi=2.92e+27 ddV_eV2=6.35e-15 (positive=1)
RIDDER DERIVS CALLED: call#=2 a=1.00e-14 phi=2.92e+27 fluid_mode=0
CHECKPOINT_A: call#=2
CHECKPOINT_B: call#=2
CHECKPOINT_C: call#=2
CHECKPOINT_E: After switching block
CHECKPOINT_F: After debug block
PRE_IF: call#=2 fluid_mode=0 _FALSE_=0 condition=1
FIELD_MODE: call#=2 a=1.00e-14 fluid_mode=0
DERIVS: call#=2 a=1.00e-14 phi=2.92e+27 phi'=-7.21e-25 dphi/dlna=-3.34e-33 dphi'/dlna=1.44e-24 dV=6.39e-16 H=2.16e+22
DDV_CHECK: call#=4 a=1.00e-14 phi=2.92e+27 ddV_eV2=6.35e-15 (positive=1)
RIDDER DERIVS CALLED: call#=3 a=1.00e-14 phi=2.92e+27 fluid_mode=0
CHECKPOINT_A: call#=3
CHECKPOINT_B: call#=3
CHECKPOINT_C: call#=3
CHECKPOINT_E: After switching block
CHECKPOINT_F: After debug block
PRE_IF: call#=3 fluid_mode=0 _FALSE_=0 condition=1
FIELD_MODE: call#=3 a=1.00e-14 fluid_mode=0
DERIVS: call#=3 a=1.00e-14 phi=2.92e+27 phi'=-7.21e-25 dphi/dlna=-3.34e-33 dphi'/dlna=1.44e-24 dV=6.39e-16 H=2.16e+22
DDV_CHECK: call#=5 a=1.00e-14 phi=2.92e+27 ddV_eV2=6.35e-15 (positive=1)
RIDDER DERIVS CALLED: call#=4 a=1.00e-14 phi=2.92e+27 fluid_mode=0
CHECKPOINT_A: call#=4
CHECKPOINT_B: call#=4
CHECKPOINT_C: call#=4
CHECKPOINT_E: After switching block
CHECKPOINT_F: After debug block
PRE_IF: call#=4 fluid_mode=0 _FALSE_=0 condition=1
FIELD_MODE: call#=4 a=1.00e-14 fluid_mode=0
DERIVS: call#=4 a=1.00e-14 phi=2.92e+27 phi'=1.42e-23 dphi/dlna=6.57e-32 dphi'/dlna=-2.84e-23 dV=6.39e-16 H=2.16e+22
DDV_CHECK: call#=6 a=1.00e-14 phi=2.92e+27 ddV_eV2=6.35e-15 (positive=1)
PRE_IF: call#=5 fluid_mode=0 _FALSE_=0 condition=1
FIELD_MODE: call#=5 a=1.00e-14 fluid_mode=0
DERIVS: call#=5 a=1.00e-14 phi=2.92e+27 phi'=-7.21e-25 dphi/dlna=-3.34e-33 dphi'/dlna=1.44e-24 dV=6.39e-16 H=2.16e+22
DDV_CHECK: call#=7 a=1.00e-14 phi=2.92e+27 ddV_eV2=6.35e-15 (positive=1)
PRE_IF: call#=6 fluid_mode=0 _FALSE_=0 condition=1
FIELD_MODE: call#=6 a=1.00e-14 fluid_mode=0
DERIVS: call#=6 a=1.00e-14 phi=2.92e+27 phi'=-7.21e-25 dphi/dlna=-3.34e-33 dphi'/dlna=1.44e-24 dV=6.39e-16 H=2.16e+22
DDV_CHECK: call#=8 a=1.00e-14 phi=2.92e+27 ddV_eV2=6.35e-15 (positive=1)
PRE_IF: call#=7 fluid_mode=0 _FALSE_=0 condition=1
FIELD_MODE: call#=7 a=1.00e-14 fluid_mode=0
DERIVS: call#=7 a=1.00e-14 phi=2.92e+27 phi'=-7.21e-25 dphi/dlna=-3.34e-33 dphi'/dlna=1.44e-24 dV=6.39e-16 H=2.16e+22
DDV_CHECK: call#=9 a=1.00e-14 phi=2.92e+27 ddV_eV2=6.35e-15 (positive=1)
PRE_IF: call#=8 fluid_mode=0 _FALSE_=0 condition=1
FIELD_MODE: call#=8 a=1.00e-14 fluid_mode=0
DERIVS: call#=8 a=1.00e-14 phi=2.92e+27 phi'=-7.21e-25 dphi/dlna=-3.34e-33 dphi'/dlna=1.44e-24 dV=6.39e-16 H=2.16e+22
PRE_IF: call#=9 fluid_mode=0 _FALSE_=0 condition=1
FIELD_MODE: call#=9 a=1.00e-14 fluid_mode=0
DERIVS: call#=9 a=1.00e-14 phi=2.92e+27 phi'=-7.21e-25 dphi/dlna=-3.34e-33 dphi'/dlna=1.44e-24 dV=6.39e-16 H=2.16e+22
V_RIDDER_RAW: a=4.65e-13 phi=2.92e+27 V_eV4=2.59e+39 Lambda=1.00e+10 f=2.43e+27 n=3
BG_FUNC: a=4.65e-13 V_eV4=2.59e+39 kinetic_eV2=2.59e-31 V_Mpc2=1.46e-16 KE_Mpc2=1.45e-86 rho_final=1.46e-16
RIDDER DEBUG (adding to rho_tot): a=4.646133e-13, rho_ridder=1.457512e-16, rho_tot_before=5.904898e+37, rho_tot_after=5.904898e+37
V_RIDDER_RAW: a=2.28e-11 phi=2.92e+27 V_eV4=2.59e+39 Lambda=1.00e+10 f=2.43e+27 n=3
DDV_CHECK: call#=10000 a=2.28e-11 phi=2.92e+27 ddV_eV2=6.35e-15 (positive=1)
BG_FUNC: a=2.28e-11 V_eV4=2.59e+39 kinetic_eV2=1.83e-41 V_Mpc2=1.46e-16 KE_Mpc2=1.03e-96 rho_final=1.46e-16
RIDDER DEBUG (adding to rho_tot): a=2.283936e-11, rho_ridder=1.457512e-16, rho_tot_before=1.011214e+31, rho_tot_after=1.011214e+31
V_RIDDER_RAW: a=8.77e-10 phi=2.92e+27 V_eV4=2.59e+39 Lambda=1.00e+10 f=2.43e+27 n=3
BG_FUNC: a=8.77e-10 V_eV4=2.59e+39 kinetic_eV2=5.74e-51 V_Mpc2=1.46e-16 KE_Mpc2=3.23e-106 rho_final=1.46e-16
RIDDER DEBUG (adding to rho_tot): a=8.766446e-10, rho_ridder=1.457512e-16, rho_tot_before=4.658939e+24, rho_tot_after=4.658939e+24
V_RIDDER_RAW: a=3.23e-08 phi=2.92e+27 V_eV4=2.59e+39 Lambda=1.00e+10 f=2.43e+27 n=3
DDV_CHECK: call#=20000 a=3.23e-08 phi=2.92e+27 ddV_eV2=6.35e-15 (positive=1)
BG_FUNC: a=3.23e-08 V_eV4=2.59e+39 kinetic_eV2=1.92e-51 V_Mpc2=1.46e-16 KE_Mpc2=1.08e-106 rho_final=1.46e-16
RIDDER DEBUG (adding to rho_tot): a=3.231936e-08, rho_ridder=1.457512e-16, rho_tot_before=2.522371e+18, rho_tot_after=2.522371e+18
V_RIDDER_RAW: a=1.21e-06 phi=2.92e+27 V_eV4=2.59e+39 Lambda=1.00e+10 f=2.43e+27 n=3
BG_FUNC: a=1.21e-06 V_eV4=2.59e+39 kinetic_eV2=3.72e-45 V_Mpc2=1.46e-16 KE_Mpc2=2.09e-100 rho_final=1.46e-16
RIDDER DEBUG (adding to rho_tot): a=1.207531e-06, rho_ridder=1.457512e-16, rho_tot_before=1.303152e+12, rho_tot_after=1.303152e+12
V_RIDDER_RAW: a=4.39e-05 phi=2.92e+27 V_eV4=2.59e+39 Lambda=1.00e+10 f=2.43e+27 n=3
DDV_CHECK: call#=30000 a=4.39e-05 phi=2.92e+27 ddV_eV2=6.35e-15 (positive=1)
BG_FUNC: a=4.39e-05 V_eV4=2.59e+39 kinetic_eV2=5.78e-39 V_Mpc2=1.46e-16 KE_Mpc2=3.25e-94 rho_final=1.46e-16
RIDDER DEBUG (adding to rho_tot): a=4.385722e-05, rho_ridder=1.457512e-16, rho_tot_before=9.315508e+05, rho_tot_after=9.315508e+05
RIDDER DEBUG (adding to rho_tot): a=9.944477e-04, rho_ridder=1.457512e-16, rho_tot_before=1.892453e+01, rho_tot_after=1.892453e+01
RIDDER DEBUG (adding to rho_tot): a=9.905466e-04, rho_ridder=1.457512e-16, rho_tot_before=1.916023e+01, rho_tot_after=1.916023e+01
RIDDER DEBUG (adding to rho_tot): a=9.913452e-04, rho_ridder=1.457512e-16, rho_tot_before=1.911166e+01, rho_tot_after=1.911166e+01
RIDDER DEBUG (adding to rho_tot): a=9.921445e-04, rho_ridder=1.457512e-16, rho_tot_before=1.906322e+01, rho_tot_after=1.906322e+01
RIDDER DEBUG (adding to rho_tot): a=9.929444e-04, rho_ridder=1.457512e-16, rho_tot_before=1.901490e+01, rho_tot_after=1.901490e+01
RIDDER DEBUG (adding to rho_tot): a=9.937449e-04, rho_ridder=1.457512e-16, rho_tot_before=1.896671e+01, rho_tot_after=1.896671e+01
RIDDER DEBUG (adding to rho_tot): a=9.945462e-04, rho_ridder=1.457512e-16, rho_tot_before=1.891864e+01, rho_tot_after=1.891864e+01
RIDDER DEBUG (adding to rho_tot): a=9.953480e-04, rho_ridder=1.457512e-16, rho_tot_before=1.887069e+01, rho_tot_after=1.887069e+01
RIDDER DEBUG (adding to rho_tot): a=9.961505e-04, rho_ridder=1.457512e-16, rho_tot_before=1.882287e+01, rho_tot_after=1.882287e+01
RIDDER DEBUG (adding to rho_tot): a=9.969536e-04, rho_ridder=1.457512e-16, rho_tot_before=1.877517e+01, rho_tot_after=1.877517e+01
RIDDER DEBUG (adding to rho_tot): a=9.977574e-04, rho_ridder=1.457512e-16, rho_tot_before=1.872759e+01, rho_tot_after=1.872759e+01
RIDDER DEBUG (adding to rho_tot): a=9.985619e-04, rho_ridder=1.457512e-16, rho_tot_before=1.868014e+01, rho_tot_after=1.868014e+01
RIDDER DEBUG (adding to rho_tot): a=9.993670e-04, rho_ridder=1.457512e-16, rho_tot_before=1.863280e+01, rho_tot_after=1.863280e+01
RIDDER DEBUG (adding to rho_tot): a=1.000173e-03, rho_ridder=1.457512e-16, rho_tot_before=1.858559e+01, rho_tot_after=1.858559e+01
RIDDER DEBUG (adding to rho_tot): a=1.000979e-03, rho_ridder=1.457512e-16, rho_tot_before=1.853850e+01, rho_tot_after=1.853850e+01
RIDDER DEBUG (adding to rho_tot): a=1.001786e-03, rho_ridder=1.457512e-16, rho_tot_before=1.849153e+01, rho_tot_after=1.849153e+01
RIDDER DEBUG (adding to rho_tot): a=1.002594e-03, rho_ridder=1.457512e-16, rho_tot_before=1.844468e+01, rho_tot_after=1.844468e+01
RIDDER DEBUG (adding to rho_tot): a=1.003402e-03, rho_ridder=1.457512e-16, rho_tot_before=1.839795e+01, rho_tot_after=1.839795e+01
RIDDER DEBUG (adding to rho_tot): a=1.004211e-03, rho_ridder=1.457512e-16, rho_tot_before=1.835134e+01, rho_tot_after=1.835134e+01
RIDDER DEBUG (adding to rho_tot): a=1.005021e-03, rho_ridder=1.457512e-16, rho_tot_before=1.830485e+01, rho_tot_after=1.830485e+01
RIDDER DEBUG (adding to rho_tot): a=1.005831e-03, rho_ridder=1.457512e-16, rho_tot_before=1.825848e+01, rho_tot_after=1.825848e+01
RIDDER DEBUG (adding to rho_tot): a=1.006642e-03, rho_ridder=1.457512e-16, rho_tot_before=1.821223e+01, rho_tot_after=1.821223e+01
RIDDER DEBUG (adding to rho_tot): a=1.007454e-03, rho_ridder=1.457512e-16, rho_tot_before=1.816609e+01, rho_tot_after=1.816609e+01
RIDDER DEBUG (adding to rho_tot): a=1.008266e-03, rho_ridder=1.457512e-16, rho_tot_before=1.812008e+01, rho_tot_after=1.812008e+01
RIDDER DEBUG (adding to rho_tot): a=1.009079e-03, rho_ridder=1.457512e-16, rho_tot_before=1.807418e+01, rho_tot_after=1.807418e+01
RIDDER DEBUG (adding to rho_tot): a=1.009892e-03, rho_ridder=1.457512e-16, rho_tot_before=1.802840e+01, rho_tot_after=1.802840e+01
V_RIDDER_RAW: a=1.82e-03 phi=2.92e+27 V_eV4=2.59e+39 Lambda=1.00e+10 f=2.43e+27 n=3
BG_FUNC: a=1.82e-03 V_eV4=2.59e+39 kinetic_eV2=3.16e-33 V_Mpc2=1.46e-16 KE_Mpc2=1.78e-88 rho_final=1.46e-16
RIDDER DEBUG (adding to rho_tot): a=1.815856e-03, rho_ridder=1.457512e-16, rho_tot_before=2.899286e+00, rho_tot_after=2.899286e+00
V_RIDDER_RAW: a=8.14e-02 phi=2.92e+27 V_eV4=2.59e+39 Lambda=1.00e+10 f=2.43e+27 n=3
DDV_CHECK: call#=40000 a=8.14e-02 phi=2.92e+27 ddV_eV2=6.35e-15 (positive=1)
BG_FUNC: a=8.14e-02 V_eV4=2.59e+39 kinetic_eV2=3.41e-28 V_Mpc2=1.46e-16 KE_Mpc2=1.92e-83 rho_final=1.46e-16
RIDDER DEBUG (adding to rho_tot): a=8.136221e-02, rho_ridder=1.457512e-16, rho_tot_before=2.947992e-05, rho_tot_after=2.947992e-05
BACKGROUND_SOLVE ENTERED: has_ridder=1 Lambda=1.00e+16
ABOUT TO INTEGRATE: bi_size=7 has_ridder=1 Lambda=1.00e+16
V_RIDDER_RAW: a=2.97e-14 phi=2.92e+27 V_eV4=2.59e+63 Lambda=1.00e+16 f=2.43e+27 n=3
BG_FUNC: a=2.97e-14 V_eV4=2.59e+63 kinetic_eV2=3.77e+24 V_Mpc2=1.46e+08 KE_Mpc2=2.12e-31 rho_final=1.46e+08
RIDDER DEBUG (adding to rho_tot): a=2.973116e-14, rho_ridder=1.457512e+08, rho_tot_before=3.521533e+42, rho_tot_after=3.521533e+42
V_RIDDER_RAW: a=1.31e-12 phi=2.92e+27 V_eV4=2.59e+63 Lambda=1.00e+16 f=2.43e+27 n=3
DDV_CHECK: call#=50000 a=1.31e-12 phi=2.92e+27 ddV_eV2=6.35e+09 (positive=1)
BG_FUNC: a=1.31e-12 V_eV4=2.59e+63 kinetic_eV2=5.06e+14 V_Mpc2=1.46e+08 KE_Mpc2=2.84e-41 rho_final=1.46e+08
RIDDER DEBUG (adding to rho_tot): a=1.314023e-12, rho_ridder=1.457512e+08, rho_tot_before=9.229267e+35, rho_tot_after=9.229267e+35
V_RIDDER_RAW: a=5.81e-11 phi=2.92e+27 V_eV4=2.59e+63 Lambda=1.00e+16 f=2.43e+27 n=3
BG_FUNC: a=5.81e-11 V_eV4=2.59e+63 kinetic_eV2=6.78e+04 V_Mpc2=1.46e+08 KE_Mpc2=3.81e-51 rho_final=1.46e+08
RIDDER DEBUG (adding to rho_tot): a=5.807565e-11, rho_ridder=1.457512e+08, rho_tot_before=2.418816e+29, rho_tot_after=2.418816e+29
V_RIDDER_RAW: a=2.57e-09 phi=2.92e+27 V_eV4=2.59e+63 Lambda=1.00e+16 f=2.43e+27 n=3
DDV_CHECK: call#=60000 a=2.57e-09 phi=2.92e+27 ddV_eV2=6.35e+09 (positive=1)
BG_FUNC: a=2.57e-09 V_eV4=2.59e+63 kinetic_eV2=1.08e-05 V_Mpc2=1.46e+08 KE_Mpc2=6.09e-61 rho_final=1.46e+08
RIDDER DEBUG (adding to rho_tot): a=2.566760e-09, rho_ridder=1.457512e+08, rho_tot_before=6.339347e+22, rho_tot_after=6.339347e+22
DERIVS_ENTRY: call#=5000 has_ridder=1 Lambda=1.00e+16 a=2.19e-08
RIDDER DERIVS CALLED: call#=5000 a=2.19e-08 phi=2.92e+27 fluid_mode=0
FIELD_MODE: call#=5000 a=2.19e-08 fluid_mode=0
DERIVS: call#=5000 a=2.19e-08 phi=2.92e+27 phi'=-6.20e-10 dphi/dlna=-6.29e-12 dphi'/dlna=-1.86e-09 dV=6.39e+08 H=4.51e+09
V_RIDDER_RAW: a=7.87e-08 phi=2.92e+27 V_eV4=2.59e+63 Lambda=1.00e+16 f=2.43e+27 n=3
BG_FUNC: a=7.87e-08 V_eV4=2.59e+63 kinetic_eV2=6.75e-02 V_Mpc2=1.46e+08 KE_Mpc2=3.79e-57 rho_final=1.46e+08
RIDDER DEBUG (adding to rho_tot): a=7.874489e-08, rho_ridder=1.457512e+08, rho_tot_before=7.159560e+16, rho_tot_after=7.159560e+16
V_RIDDER_RAW: a=2.37e-06 phi=2.92e+27 V_eV4=2.59e+63 Lambda=1.00e+16 f=2.43e+27 n=3
DDV_CHECK: call#=70000 a=2.37e-06 phi=2.92e+27 ddV_eV2=6.35e+09 (positive=1)
BG_FUNC: a=2.37e-06 V_eV4=2.59e+63 kinetic_eV2=5.49e+04 V_Mpc2=1.46e+08 KE_Mpc2=3.09e-51 rho_final=1.46e+08
RIDDER DEBUG (adding to rho_tot): a=2.369514e-06, rho_ridder=1.457512e+08, rho_tot_before=8.847634e+10, rho_tot_after=8.862209e+10
V_RIDDER_RAW: a=8.72e-05 phi=2.92e+27 V_eV4=2.59e+63 Lambda=1.00e+16 f=2.43e+27 n=3
BG_FUNC: a=8.72e-05 V_eV4=2.59e+63 kinetic_eV2=1.54e+08 V_Mpc2=1.46e+08 KE_Mpc2=8.64e-48 rho_final=1.46e+08
RIDDER DEBUG (adding to rho_tot): a=8.721647e-05, rho_ridder=1.457512e+08, rho_tot_before=7.143591e+04, rho_tot_after=1.458226e+08
RIDDER DEBUG (adding to rho_tot): a=1.003553e-03, rho_ridder=1.457512e+08, rho_tot_before=1.838924e+01, rho_tot_after=1.457512e+08
RIDDER DEBUG (adding to rho_tot): a=9.905466e-04, rho_ridder=1.457512e+08, rho_tot_before=1.916023e+01, rho_tot_after=1.457512e+08
RIDDER DEBUG (adding to rho_tot): a=9.913452e-04, rho_ridder=1.457512e+08, rho_tot_before=1.911166e+01, rho_tot_after=1.457512e+08
RIDDER DEBUG (adding to rho_tot): a=9.921445e-04, rho_ridder=1.457512e+08, rho_tot_before=1.906322e+01, rho_tot_after=1.457512e+08
RIDDER DEBUG (adding to rho_tot): a=9.929444e-04, rho_ridder=1.457512e+08, rho_tot_before=1.901490e+01, rho_tot_after=1.457512e+08
RIDDER DEBUG (adding to rho_tot): a=9.937449e-04, rho_ridder=1.457512e+08, rho_tot_before=1.896671e+01, rho_tot_after=1.457512e+08
RIDDER DEBUG (adding to rho_tot): a=9.945462e-04, rho_ridder=1.457512e+08, rho_tot_before=1.891864e+01, rho_tot_after=1.457512e+08
RIDDER DEBUG (adding to rho_tot): a=9.953480e-04, rho_ridder=1.457512e+08, rho_tot_before=1.887069e+01, rho_tot_after=1.457512e+08
RIDDER DEBUG (adding to rho_tot): a=9.961505e-04, rho_ridder=1.457512e+08, rho_tot_before=1.882287e+01, rho_tot_after=1.457512e+08
RIDDER DEBUG (adding to rho_tot): a=9.969536e-04, rho_ridder=1.457512e+08, rho_tot_before=1.877517e+01, rho_tot_after=1.457512e+08
RIDDER DEBUG (adding to rho_tot): a=9.977574e-04, rho_ridder=1.457512e+08, rho_tot_before=1.872759e+01, rho_tot_after=1.457512e+08
RIDDER DEBUG (adding to rho_tot): a=9.985619e-04, rho_ridder=1.457512e+08, rho_tot_before=1.868014e+01, rho_tot_after=1.457512e+08
RIDDER DEBUG (adding to rho_tot): a=9.993670e-04, rho_ridder=1.457512e+08, rho_tot_before=1.863280e+01, rho_tot_after=1.457512e+08
RIDDER DEBUG (adding to rho_tot): a=1.000173e-03, rho_ridder=1.457512e+08, rho_tot_before=1.858559e+01, rho_tot_after=1.457512e+08
RIDDER DEBUG (adding to rho_tot): a=1.000979e-03, rho_ridder=1.457512e+08, rho_tot_before=1.853850e+01, rho_tot_after=1.457512e+08
RIDDER DEBUG (adding to rho_tot): a=1.001786e-03, rho_ridder=1.457512e+08, rho_tot_before=1.849153e+01, rho_tot_after=1.457512e+08
RIDDER DEBUG (adding to rho_tot): a=1.002594e-03, rho_ridder=1.457512e+08, rho_tot_before=1.844468e+01, rho_tot_after=1.457512e+08
RIDDER DEBUG (adding to rho_tot): a=1.003402e-03, rho_ridder=1.457512e+08, rho_tot_before=1.839795e+01, rho_tot_after=1.457512e+08
RIDDER DEBUG (adding to rho_tot): a=1.004211e-03, rho_ridder=1.457512e+08, rho_tot_before=1.835134e+01, rho_tot_after=1.457512e+08
RIDDER DEBUG (adding to rho_tot): a=1.005021e-03, rho_ridder=1.457512e+08, rho_tot_before=1.830485e+01, rho_tot_after=1.457512e+08
RIDDER DEBUG (adding to rho_tot): a=1.005831e-03, rho_ridder=1.457512e+08, rho_tot_before=1.825848e+01, rho_tot_after=1.457512e+08
RIDDER DEBUG (adding to rho_tot): a=1.006642e-03, rho_ridder=1.457512e+08, rho_tot_before=1.821223e+01, rho_tot_after=1.457512e+08
RIDDER DEBUG (adding to rho_tot): a=1.007454e-03, rho_ridder=1.457512e+08, rho_tot_before=1.816609e+01, rho_tot_after=1.457512e+08
RIDDER DEBUG (adding to rho_tot): a=1.008266e-03, rho_ridder=1.457512e+08, rho_tot_before=1.812008e+01, rho_tot_after=1.457512e+08
RIDDER DEBUG (adding to rho_tot): a=1.009079e-03, rho_ridder=1.457512e+08, rho_tot_before=1.807418e+01, rho_tot_after=1.457512e+08
RIDDER DEBUG (adding to rho_tot): a=1.009892e-03, rho_ridder=1.457512e+08, rho_tot_before=1.802840e+01, rho_tot_after=1.457512e+08
V_RIDDER_RAW: a=4.27e-03 phi=2.92e+27 V_eV4=2.59e+63 Lambda=1.00e+16 f=2.43e+27 n=3
DDV_CHECK: call#=80000 a=4.27e-03 phi=2.92e+27 ddV_eV2=6.35e+09 (positive=1)
BG_FUNC: a=4.27e-03 V_eV4=2.59e+63 kinetic_eV2=1.56e+08 V_Mpc2=1.46e+08 KE_Mpc2=8.75e-48 rho_final=1.46e+08
RIDDER DEBUG (adding to rho_tot): a=4.266687e-03, rho_ridder=1.457512e+08, rho_tot_before=2.122867e-01, rho_tot_after=1.457512e+08
V_RIDDER_RAW: a=2.11e-01 phi=2.92e+27 V_eV4=2.59e+63 Lambda=1.00e+16 f=2.43e+27 n=3
BG_FUNC: a=2.11e-01 V_eV4=2.59e+63 kinetic_eV2=1.56e+08 V_Mpc2=1.46e+08 KE_Mpc2=8.75e-48 rho_final=1.46e+08
RIDDER DEBUG (adding to rho_tot): a=2.110975e-01, rho_ridder=1.457512e+08, rho_tot_before=1.685685e-06, rho_tot_after=1.457512e+08
BACKGROUND_SOLVE ENTERED: has_ridder=1 Lambda=1.00e+13
ABOUT TO INTEGRATE: bi_size=7 has_ridder=1 Lambda=1.00e+13
V_RIDDER_RAW: a=8.78e-14 phi=2.92e+27 V_eV4=2.59e+51 Lambda=1.00e+13 f=2.43e+27 n=3
DDV_CHECK: call#=90000 a=8.78e-14 phi=2.92e+27 ddV_eV2=6.35e-03 (positive=1)
BG_FUNC: a=8.78e-14 V_eV4=2.59e+51 kinetic_eV2=5.67e-03 V_Mpc2=1.46e-04 KE_Mpc2=3.19e-58 rho_final=1.46e-04
RIDDER DEBUG (adding to rho_tot): a=8.782610e-14, rho_ridder=1.457512e-04, rho_tot_before=4.624712e+40, rho_tot_after=4.624712e+40
V_RIDDER_RAW: a=3.94e-12 phi=2.92e+27 V_eV4=2.59e+51 Lambda=1.00e+13 f=2.43e+27 n=3
BG_FUNC: a=3.94e-12 V_eV4=2.59e+51 kinetic_eV2=6.94e-13 V_Mpc2=1.46e-04 KE_Mpc2=3.90e-68 rho_final=1.46e-04
RIDDER DEBUG (adding to rho_tot): a=3.941531e-12, rho_ridder=1.457512e-04, rho_tot_before=1.140038e+34, rho_tot_after=1.140038e+34
V_RIDDER_RAW: a=1.70e-10 phi=2.92e+27 V_eV4=2.59e+51 Lambda=1.00e+13 f=2.43e+27 n=3
DDV_CHECK: call#=100000 a=1.70e-10 phi=2.92e+27 ddV_eV2=6.35e-03 (positive=1)
BG_FUNC: a=1.70e-10 V_eV4=2.59e+51 kinetic_eV2=1.08e-22 V_Mpc2=1.46e-04 KE_Mpc2=6.08e-78 rho_final=1.46e-04
RIDDER DEBUG (adding to rho_tot): a=1.699053e-10, rho_ridder=1.457512e-04, rho_tot_before=3.301804e+27, rho_tot_after=3.301804e+27
V_RIDDER_RAW: a=6.17e-09 phi=2.92e+27 V_eV4=2.59e+51 Lambda=1.00e+13 f=2.43e+27 n=3
BG_FUNC: a=6.17e-09 V_eV4=2.59e+51 kinetic_eV2=3.28e-30 V_Mpc2=1.46e-04 KE_Mpc2=1.85e-85 rho_final=1.46e-04
RIDDER DEBUG (adding to rho_tot): a=6.168716e-09, rho_ridder=1.457512e-04, rho_tot_before=1.900271e+21, rho_tot_after=1.900271e+21
V_RIDDER_RAW: a=2.27e-07 phi=2.92e+27 V_eV4=2.59e+51 Lambda=1.00e+13 f=2.43e+27 n=3
DDV_CHECK: call#=110000 a=2.27e-07 phi=2.92e+27 ddV_eV2=6.35e-03 (positive=1)
BG_FUNC: a=2.27e-07 V_eV4=2.59e+51 kinetic_eV2=4.63e-24 V_Mpc2=1.46e-04 KE_Mpc2=2.60e-79 rho_final=1.46e-04
RIDDER DEBUG (adding to rho_tot): a=2.266908e-07, rho_ridder=1.457512e-04, rho_tot_before=1.043302e+15, rho_tot_after=1.043302e+15
V_RIDDER_RAW: a=7.72e-06 phi=2.92e+27 V_eV4=2.59e+51 Lambda=1.00e+13 f=2.43e+27 n=3
BG_FUNC: a=7.72e-06 V_eV4=2.59e+51 kinetic_eV2=6.11e-18 V_Mpc2=1.46e-04 KE_Mpc2=3.44e-73 rho_final=1.46e-04
RIDDER DEBUG (adding to rho_tot): a=7.722754e-06, rho_ridder=1.457512e-04, rho_tot_before=8.079529e+08, rho_tot_after=8.079529e+08
DERIVS_ENTRY: call#=10000 has_ridder=1 Lambda=1.00e+13 a=5.10e-05
RIDDER DERIVS CALLED: call#=10000 a=5.10e-05 phi=2.92e+27 fluid_mode=0
FIELD_MODE: call#=10000 a=5.10e-05 fluid_mode=0
DERIVS: call#=10000 a=5.10e-05 phi=2.92e+27 phi'=-7.34e-12 dphi/dlna=-1.60e-10 dphi'/dlna=-2.16e-11 dV=6.39e-04 H=8.99e+02
V_RIDDER_RAW: a=2.42e-04 phi=2.92e+27 V_eV4=2.59e+51 Lambda=1.00e+13 f=2.43e+27 n=3
DDV_CHECK: call#=120000 a=2.42e-04 phi=2.92e+27 ddV_eV2=6.35e-03 (positive=1)
BG_FUNC: a=2.42e-04 V_eV4=2.59e+51 kinetic_eV2=3.56e-12 V_Mpc2=1.46e-04 KE_Mpc2=2.00e-67 rho_final=1.46e-04
RIDDER DEBUG (adding to rho_tot): a=2.415514e-04, rho_ridder=1.457512e-04, rho_tot_before=1.932431e+03, rho_tot_after=1.932431e+03
RIDDER DEBUG (adding to rho_tot): a=9.936935e-04, rho_ridder=1.457512e-04, rho_tot_before=1.896980e+01, rho_tot_after=1.896994e+01
RIDDER DEBUG (adding to rho_tot): a=9.936935e-04, rho_ridder=1.457512e-04, rho_tot_before=1.896980e+01, rho_tot_after=1.896994e+01
RIDDER DEBUG (adding to rho_tot): a=9.905466e-04, rho_ridder=1.457512e-04, rho_tot_before=1.916023e+01, rho_tot_after=1.916037e+01
RIDDER DEBUG (adding to rho_tot): a=9.913452e-04, rho_ridder=1.457512e-04, rho_tot_before=1.911166e+01, rho_tot_after=1.911181e+01
RIDDER DEBUG (adding to rho_tot): a=9.921445e-04, rho_ridder=1.457512e-04, rho_tot_before=1.906322e+01, rho_tot_after=1.906336e+01
RIDDER DEBUG (adding to rho_tot): a=9.929444e-04, rho_ridder=1.457512e-04, rho_tot_before=1.901490e+01, rho_tot_after=1.901505e+01
RIDDER DEBUG (adding to rho_tot): a=1.003226e-03, rho_ridder=1.457512e-04, rho_tot_before=1.840812e+01, rho_tot_after=1.840827e+01
RIDDER DEBUG (adding to rho_tot): a=1.003226e-03, rho_ridder=1.457512e-04, rho_tot_before=1.840812e+01, rho_tot_after=1.840827e+01
RIDDER DEBUG (adding to rho_tot): a=9.937449e-04, rho_ridder=1.457512e-04, rho_tot_before=1.896671e+01, rho_tot_after=1.896685e+01
RIDDER DEBUG (adding to rho_tot): a=9.945462e-04, rho_ridder=1.457512e-04, rho_tot_before=1.891864e+01, rho_tot_after=1.891879e+01
RIDDER DEBUG (adding to rho_tot): a=9.953480e-04, rho_ridder=1.457512e-04, rho_tot_before=1.887069e+01, rho_tot_after=1.887084e+01
RIDDER DEBUG (adding to rho_tot): a=9.961505e-04, rho_ridder=1.457512e-04, rho_tot_before=1.882287e+01, rho_tot_after=1.882302e+01
RIDDER DEBUG (adding to rho_tot): a=9.969536e-04, rho_ridder=1.457512e-04, rho_tot_before=1.877517e+01, rho_tot_after=1.877532e+01
RIDDER DEBUG (adding to rho_tot): a=9.977574e-04, rho_ridder=1.457512e-04, rho_tot_before=1.872759e+01, rho_tot_after=1.872774e+01
RIDDER DEBUG (adding to rho_tot): a=9.985619e-04, rho_ridder=1.457512e-04, rho_tot_before=1.868014e+01, rho_tot_after=1.868028e+01
RIDDER DEBUG (adding to rho_tot): a=9.993670e-04, rho_ridder=1.457512e-04, rho_tot_before=1.863280e+01, rho_tot_after=1.863295e+01
RIDDER DEBUG (adding to rho_tot): a=1.000173e-03, rho_ridder=1.457512e-04, rho_tot_before=1.858559e+01, rho_tot_after=1.858574e+01
RIDDER DEBUG (adding to rho_tot): a=1.000979e-03, rho_ridder=1.457512e-04, rho_tot_before=1.853850e+01, rho_tot_after=1.853865e+01
RIDDER DEBUG (adding to rho_tot): a=1.001786e-03, rho_ridder=1.457512e-04, rho_tot_before=1.849153e+01, rho_tot_after=1.849167e+01
RIDDER DEBUG (adding to rho_tot): a=1.002594e-03, rho_ridder=1.457512e-04, rho_tot_before=1.844468e+01, rho_tot_after=1.844482e+01
RIDDER DEBUG (adding to rho_tot): a=1.003402e-03, rho_ridder=1.457512e-04, rho_tot_before=1.839795e+01, rho_tot_after=1.839809e+01
RIDDER DEBUG (adding to rho_tot): a=1.004211e-03, rho_ridder=1.457512e-04, rho_tot_before=1.835134e+01, rho_tot_after=1.835149e+01
RIDDER DEBUG (adding to rho_tot): a=1.005021e-03, rho_ridder=1.457512e-04, rho_tot_before=1.830485e+01, rho_tot_after=1.830499e+01
RIDDER DEBUG (adding to rho_tot): a=1.005831e-03, rho_ridder=1.457512e-04, rho_tot_before=1.825848e+01, rho_tot_after=1.825862e+01
RIDDER DEBUG (adding to rho_tot): a=1.006642e-03, rho_ridder=1.457512e-04, rho_tot_before=1.821223e+01, rho_tot_after=1.821237e+01
RIDDER DEBUG (adding to rho_tot): a=1.007454e-03, rho_ridder=1.457512e-04, rho_tot_before=1.816609e+01, rho_tot_after=1.816624e+01
RIDDER DEBUG (adding to rho_tot): a=1.008266e-03, rho_ridder=1.457512e-04, rho_tot_before=1.812008e+01, rho_tot_after=1.812022e+01
RIDDER DEBUG (adding to rho_tot): a=1.009079e-03, rho_ridder=1.457512e-04, rho_tot_before=1.807418e+01, rho_tot_after=1.807433e+01
RIDDER DEBUG (adding to rho_tot): a=1.009892e-03, rho_ridder=1.457512e-04, rho_tot_before=1.802840e+01, rho_tot_after=1.802855e+01
V_RIDDER_RAW: a=7.71e-03 phi=2.92e+27 V_eV4=2.59e+51 Lambda=1.00e+13 f=2.43e+27 n=3
BG_FUNC: a=7.71e-03 V_eV4=2.59e+51 kinetic_eV2=2.77e-07 V_Mpc2=1.46e-04 KE_Mpc2=1.56e-62 rho_final=1.46e-04
RIDDER DEBUG (adding to rho_tot): a=7.708985e-03, rho_ridder=1.457512e-04, rho_tot_before=3.536324e-02, rho_tot_after=3.550899e-02
V_RIDDER_RAW: a=3.05e-01 phi=2.92e+27 V_eV4=2.59e+51 Lambda=1.00e+13 f=2.43e+27 n=3
DDV_CHECK: call#=130000 a=3.05e-01 phi=2.92e+27 ddV_eV2=6.35e-03 (positive=1)
BG_FUNC: a=3.05e-01 V_eV4=2.59e+51 kinetic_eV2=1.52e-04 V_Mpc2=1.46e-04 KE_Mpc2=8.55e-60 rho_final=1.46e-04
RIDDER DEBUG (adding to rho_tot): a=3.050964e-01, rho_ridder=1.457512e-04, rho_tot_before=5.582187e-07, rho_tot_after=1.463094e-04
RIDDER_SHOOT iter= 1  log10_Lambda=13.000  f_peak=0.00006  z_peak= 500.1  target=0.10000
BACKGROUND_SOLVE ENTERED: has_ridder=1 Lambda=3.16e+14
ABOUT TO INTEGRATE: bi_size=7 has_ridder=1 Lambda=3.16e+14
V_RIDDER_RAW: a=1.20e-13 phi=2.92e+27 V_eV4=2.59e+57 Lambda=3.16e+14 f=2.43e+27 n=3
BG_FUNC: a=1.20e-13 V_eV4=2.59e+57 kinetic_eV2=8.64e+08 V_Mpc2=1.46e+02 KE_Mpc2=4.86e-47 rho_final=1.46e+02
RIDDER DEBUG (adding to rho_tot): a=1.201647e-13, rho_ridder=1.457512e+02, rho_tot_before=1.319687e+40, rho_tot_after=1.319687e+40
V_RIDDER_RAW: a=5.31e-12 phi=2.92e+27 V_eV4=2.59e+57 Lambda=3.16e+14 f=2.43e+27 n=3
DDV_CHECK: call#=140000 a=5.31e-12 phi=2.92e+27 ddV_eV2=6.35e+03 (positive=1)
BG_FUNC: a=5.31e-12 V_eV4=2.59e+57 kinetic_eV2=1.16e-01 V_Mpc2=1.46e+02 KE_Mpc2=6.52e-57 rho_final=1.46e+02
RIDDER DEBUG (adding to rho_tot): a=5.310900e-12, rho_ridder=1.457512e+02, rho_tot_before=3.458650e+33, rho_tot_after=3.458650e+33
V_RIDDER_RAW: a=2.35e-10 phi=2.92e+27 V_eV4=2.59e+57 Lambda=3.16e+14 f=2.43e+27 n=3
BG_FUNC: a=2.35e-10 V_eV4=2.59e+57 kinetic_eV2=1.56e-11 V_Mpc2=1.46e+02 KE_Mpc2=8.75e-67 rho_final=1.46e+02
RIDDER DEBUG (adding to rho_tot): a=2.347250e-10, rho_ridder=1.457512e+02, rho_tot_before=9.064474e+26, rho_tot_after=9.064474e+26
V_RIDDER_RAW: a=1.04e-08 phi=2.92e+27 V_eV4=2.59e+57 Lambda=3.16e+14 f=2.43e+27 n=3
DDV_CHECK: call#=150000 a=1.04e-08 phi=2.92e+27 ddV_eV2=6.35e+03 (positive=1)
BG_FUNC: a=1.04e-08 V_eV4=2.59e+57 kinetic_eV2=2.07e-17 V_Mpc2=1.46e+02 KE_Mpc2=1.17e-72 rho_final=1.46e+02
RIDDER DEBUG (adding to rho_tot): a=1.037410e-08, rho_ridder=1.457512e+02, rho_tot_before=2.375765e+20, rho_tot_after=2.375765e+20
V_RIDDER_RAW: a=3.27e-07 phi=2.92e+27 V_eV4=2.59e+57 Lambda=3.16e+14 f=2.43e+27 n=3
BG_FUNC: a=3.27e-07 V_eV4=2.59e+57 kinetic_eV2=2.00e-11 V_Mpc2=1.46e+02 KE_Mpc2=1.12e-66 rho_final=1.46e+02
RIDDER DEBUG (adding to rho_tot): a=3.265787e-07, rho_ridder=1.457512e+02, rho_tot_before=2.423503e+14, rho_tot_after=2.423503e+14
V_RIDDER_RAW: a=9.80e-06 phi=2.92e+27 V_eV4=2.59e+57 Lambda=3.16e+14 f=2.43e+27 n=3
DDV_CHECK: call#=160000 a=9.80e-06 phi=2.92e+27 ddV_eV2=6.35e+03 (positive=1)
BG_FUNC: a=9.80e-06 V_eV4=2.59e+57 kinetic_eV2=1.57e-05 V_Mpc2=1.46e+02 KE_Mpc2=8.84e-61 rho_final=1.46e+02
RIDDER DEBUG (adding to rho_tot): a=9.795459e-06, rho_ridder=1.457512e+02, rho_tot_before=3.157259e+08, rho_tot_after=3.157261e+08
DERIVS_ENTRY: call#=15000 has_ridder=1 Lambda=3.16e+14 a=2.81e-04
RIDDER DERIVS CALLED: call#=15000 a=2.81e-04 phi=2.92e+27 fluid_mode=0
FIELD_MODE: call#=15000 a=2.81e-04 fluid_mode=0
DERIVS: call#=15000 a=2.81e-04 phi=2.92e+27 phi'=-9.52e-04 dphi/dlna=-8.45e-02 dphi'/dlna=-2.56e-03 dV=6.39e+02 H=4.02e+01
V_RIDDER_RAW: a=3.12e-04 phi=2.92e+27 V_eV4=2.59e+57 Lambda=3.16e+14 f=2.43e+27 n=3
BG_FUNC: a=3.12e-04 V_eV4=2.59e+57 kinetic_eV2=8.23e+00 V_Mpc2=1.46e+02 KE_Mpc2=4.63e-55 rho_final=1.46e+02
RIDDER DEBUG (adding to rho_tot): a=3.123650e-04, rho_ridder=1.457512e+02, rho_tot_before=8.088752e+02, rho_tot_after=9.546264e+02
RIDDER DEBUG (adding to rho_tot): a=9.947584e-04, rho_ridder=1.457512e+02, rho_tot_before=1.890593e+01, rho_tot_after=1.646571e+02
RIDDER DEBUG (adding to rho_tot): a=9.947584e-04, rho_ridder=1.457512e+02, rho_tot_before=1.890593e+01, rho_tot_after=1.646571e+02
RIDDER DEBUG (adding to rho_tot): a=9.905466e-04, rho_ridder=1.457512e+02, rho_tot_before=1.916023e+01, rho_tot_after=1.649114e+02
RIDDER DEBUG (adding to rho_tot): a=9.913452e-04, rho_ridder=1.457512e+02, rho_tot_before=1.911166e+01, rho_tot_after=1.648628e+02
RIDDER DEBUG (adding to rho_tot): a=9.921445e-04, rho_ridder=1.457512e+02, rho_tot_before=1.906322e+01, rho_tot_after=1.648144e+02
RIDDER DEBUG (adding to rho_tot): a=9.929444e-04, rho_ridder=1.457512e+02, rho_tot_before=1.901490e+01, rho_tot_after=1.647661e+02
RIDDER DEBUG (adding to rho_tot): a=9.937449e-04, rho_ridder=1.457512e+02, rho_tot_before=1.896671e+01, rho_tot_after=1.647179e+02
RIDDER DEBUG (adding to rho_tot): a=9.945462e-04, rho_ridder=1.457512e+02, rho_tot_before=1.891864e+01, rho_tot_after=1.646698e+02
RIDDER DEBUG (adding to rho_tot): a=1.008024e-03, rho_ridder=1.457512e+02, rho_tot_before=1.813375e+01, rho_tot_after=1.638849e+02
RIDDER DEBUG (adding to rho_tot): a=9.953480e-04, rho_ridder=1.457512e+02, rho_tot_before=1.887069e+01, rho_tot_after=1.646219e+02
RIDDER DEBUG (adding to rho_tot): a=9.961505e-04, rho_ridder=1.457512e+02, rho_tot_before=1.882287e+01, rho_tot_after=1.645740e+02
RIDDER DEBUG (adding to rho_tot): a=9.969536e-04, rho_ridder=1.457512e+02, rho_tot_before=1.877517e+01, rho_tot_after=1.645263e+02
RIDDER DEBUG (adding to rho_tot): a=9.977574e-04, rho_ridder=1.457512e+02, rho_tot_before=1.872759e+01, rho_tot_after=1.644788e+02
RIDDER DEBUG (adding to rho_tot): a=9.985619e-04, rho_ridder=1.457512e+02, rho_tot_before=1.868014e+01, rho_tot_after=1.644313e+02
RIDDER DEBUG (adding to rho_tot): a=9.993670e-04, rho_ridder=1.457512e+02, rho_tot_before=1.863280e+01, rho_tot_after=1.643840e+02
RIDDER DEBUG (adding to rho_tot): a=1.000173e-03, rho_ridder=1.457512e+02, rho_tot_before=1.858559e+01, rho_tot_after=1.643368e+02
RIDDER DEBUG (adding to rho_tot): a=1.000979e-03, rho_ridder=1.457512e+02, rho_tot_before=1.853850e+01, rho_tot_after=1.642897e+02
RIDDER DEBUG (adding to rho_tot): a=1.001786e-03, rho_ridder=1.457512e+02, rho_tot_before=1.849153e+01, rho_tot_after=1.642427e+02
RIDDER DEBUG (adding to rho_tot): a=1.002594e-03, rho_ridder=1.457512e+02, rho_tot_before=1.844468e+01, rho_tot_after=1.641959e+02
RIDDER DEBUG (adding to rho_tot): a=1.003402e-03, rho_ridder=1.457512e+02, rho_tot_before=1.839795e+01, rho_tot_after=1.641491e+02
RIDDER DEBUG (adding to rho_tot): a=1.004211e-03, rho_ridder=1.457512e+02, rho_tot_before=1.835134e+01, rho_tot_after=1.641025e+02
RIDDER DEBUG (adding to rho_tot): a=1.005021e-03, rho_ridder=1.457512e+02, rho_tot_before=1.830485e+01, rho_tot_after=1.640560e+02
RIDDER DEBUG (adding to rho_tot): a=1.005831e-03, rho_ridder=1.457512e+02, rho_tot_before=1.825848e+01, rho_tot_after=1.640097e+02
RIDDER DEBUG (adding to rho_tot): a=1.006642e-03, rho_ridder=1.457512e+02, rho_tot_before=1.821223e+01, rho_tot_after=1.639634e+02
RIDDER DEBUG (adding to rho_tot): a=1.007454e-03, rho_ridder=1.457512e+02, rho_tot_before=1.816609e+01, rho_tot_after=1.639173e+02
RIDDER DEBUG (adding to rho_tot): a=1.008266e-03, rho_ridder=1.457512e+02, rho_tot_before=1.812008e+01, rho_tot_after=1.638713e+02
RIDDER DEBUG (adding to rho_tot): a=1.009079e-03, rho_ridder=1.457512e+02, rho_tot_before=1.807418e+01, rho_tot_after=1.638254e+02
RIDDER DEBUG (adding to rho_tot): a=1.009892e-03, rho_ridder=1.457512e+02, rho_tot_before=1.802840e+01, rho_tot_after=1.637796e+02
V_RIDDER_RAW: a=1.40e-02 phi=2.92e+27 V_eV4=2.59e+57 Lambda=3.16e+14 f=2.43e+27 n=3
DDV_CHECK: call#=170000 a=1.40e-02 phi=2.92e+27 ddV_eV2=6.35e+03 (positive=1)
BG_FUNC: a=1.40e-02 V_eV4=2.59e+57 kinetic_eV2=1.56e+02 V_Mpc2=1.46e+02 KE_Mpc2=8.75e-54 rho_final=1.46e+02
RIDDER DEBUG (adding to rho_tot): a=1.397345e-02, rho_ridder=1.457512e+02, rho_tot_before=5.879250e-03, rho_tot_after=1.457571e+02
V_RIDDER_RAW: a=6.89e-01 phi=2.92e+27 V_eV4=2.59e+57 Lambda=3.16e+14 f=2.43e+27 n=3
BG_FUNC: a=6.89e-01 V_eV4=2.59e+57 kinetic_eV2=1.56e+02 V_Mpc2=1.46e+02 KE_Mpc2=8.75e-54 rho_final=1.46e+02
RIDDER DEBUG (adding to rho_tot): a=6.891218e-01, rho_ridder=1.457512e+02, rho_tot_before=4.842729e-08, rho_tot_after=1.457512e+02
RIDDER_SHOOT iter= 2  log10_Lambda=14.500  f_peak=0.98455  z_peak= 500.1  target=0.10000
BACKGROUND_SOLVE ENTERED: has_ridder=1 Lambda=5.62e+13
ABOUT TO INTEGRATE: bi_size=7 has_ridder=1 Lambda=5.62e+13
V_RIDDER_RAW: a=2.77e-13 phi=2.92e+27 V_eV4=2.59e+54 Lambda=5.62e+13 f=2.43e+27 n=3
DDV_CHECK: call#=180000 a=2.77e-13 phi=2.92e+27 ddV_eV2=6.35e+00 (positive=1)
BG_FUNC: a=2.77e-13 V_eV4=2.59e+54 kinetic_eV2=5.74e+00 V_Mpc2=1.46e-01 KE_Mpc2=3.23e-55 rho_final=1.46e-01
RIDDER DEBUG (adding to rho_tot): a=2.771635e-13, rho_ridder=1.457512e-01, rho_tot_before=4.662671e+38, rho_tot_after=4.662671e+38
V_RIDDER_RAW: a=1.21e-11 phi=2.92e+27 V_eV4=2.59e+54 Lambda=5.62e+13 f=2.43e+27 n=3
BG_FUNC: a=1.21e-11 V_eV4=2.59e+54 kinetic_eV2=8.20e-10 V_Mpc2=1.46e-01 KE_Mpc2=4.61e-65 rho_final=1.46e-01
RIDDER DEBUG (adding to rho_tot): a=1.212208e-11, rho_ridder=1.457512e-01, rho_tot_before=1.274297e+32, rho_tot_after=1.274297e+32
V_RIDDER_RAW: a=4.79e-10 phi=2.92e+27 V_eV4=2.59e+54 Lambda=5.62e+13 f=2.43e+27 n=3
DDV_CHECK: call#=190000 a=4.79e-10 phi=2.92e+27 ddV_eV2=6.35e+00 (positive=1)
BG_FUNC: a=4.79e-10 V_eV4=2.59e+54 kinetic_eV2=2.15e-19 V_Mpc2=1.46e-01 KE_Mpc2=1.21e-74 rho_final=1.46e-01
RIDDER DEBUG (adding to rho_tot): a=4.792306e-10, rho_ridder=1.457512e-01, rho_tot_before=5.216776e+25, rho_tot_after=5.216776e+25
V_RIDDER_RAW: a=1.75e-08 phi=2.92e+27 V_eV4=2.59e+54 Lambda=5.62e+13 f=2.43e+27 n=3
BG_FUNC: a=1.75e-08 V_eV4=2.59e+54 kinetic_eV2=1.67e-22 V_Mpc2=1.46e-01 KE_Mpc2=9.37e-78 rho_final=1.46e-01
RIDDER DEBUG (adding to rho_tot): a=1.754511e-08, rho_ridder=1.457512e-01, rho_tot_before=2.904013e+19, rho_tot_after=2.904013e+19
V_RIDDER_RAW: a=6.16e-07 phi=2.92e+27 V_eV4=2.59e+54 Lambda=5.62e+13 f=2.43e+27 n=3
DDV_CHECK: call#=200000 a=6.16e-07 phi=2.92e+27 ddV_eV2=6.35e+00 (positive=1)
BG_FUNC: a=6.16e-07 V_eV4=2.59e+54 kinetic_eV2=2.52e-16 V_Mpc2=1.46e-01 KE_Mpc2=1.42e-71 rho_final=1.46e-01
RIDDER DEBUG (adding to rho_tot): a=6.159450e-07, rho_ridder=1.457512e-01, rho_tot_before=1.918443e+13, rho_tot_after=1.918443e+13
V_RIDDER_RAW: a=1.95e-05 phi=2.92e+27 V_eV4=2.59e+54 Lambda=5.62e+13 f=2.43e+27 n=3
BG_FUNC: a=1.95e-05 V_eV4=2.59e+54 kinetic_eV2=2.41e-10 V_Mpc2=1.46e-01 KE_Mpc2=1.35e-65 rho_final=1.46e-01
RIDDER DEBUG (adding to rho_tot): a=1.950130e-05, rho_ridder=1.457512e-01, rho_tot_before=2.116139e+07, rho_tot_after=2.116139e+07
V_RIDDER_RAW: a=6.12e-04 phi=2.92e+27 V_eV4=2.59e+54 Lambda=5.62e+13 f=2.43e+27 n=3
DDV_CHECK: call#=210000 a=6.12e-04 phi=2.92e+27 ddV_eV2=6.35e+00 (positive=1)
BG_FUNC: a=6.12e-04 V_eV4=2.59e+54 kinetic_eV2=9.07e-05 V_Mpc2=1.46e-01 KE_Mpc2=5.10e-60 rho_final=1.46e-01
RIDDER DEBUG (adding to rho_tot): a=6.117439e-04, rho_ridder=1.457512e-01, rho_tot_before=8.885571e+01, rho_tot_after=8.900146e+01
RIDDER DEBUG (adding to rho_tot): a=9.953963e-04, rho_ridder=1.457512e-01, rho_tot_before=1.886781e+01, rho_tot_after=1.901356e+01
RIDDER DEBUG (adding to rho_tot): a=9.905466e-04, rho_ridder=1.457512e-01, rho_tot_before=1.916023e+01, rho_tot_after=1.930598e+01
RIDDER DEBUG (adding to rho_tot): a=9.913452e-04, rho_ridder=1.457512e-01, rho_tot_before=1.911166e+01, rho_tot_after=1.925741e+01
RIDDER DEBUG (adding to rho_tot): a=9.921445e-04, rho_ridder=1.457512e-01, rho_tot_before=1.906322e+01, rho_tot_after=1.920897e+01
RIDDER DEBUG (adding to rho_tot): a=9.929444e-04, rho_ridder=1.457512e-01, rho_tot_before=1.901490e+01, rho_tot_after=1.916065e+01
RIDDER DEBUG (adding to rho_tot): a=9.937449e-04, rho_ridder=1.457512e-01, rho_tot_before=1.896671e+01, rho_tot_after=1.911246e+01
RIDDER DEBUG (adding to rho_tot): a=9.945462e-04, rho_ridder=1.457512e-01, rho_tot_before=1.891864e+01, rho_tot_after=1.906439e+01
RIDDER DEBUG (adding to rho_tot): a=9.953480e-04, rho_ridder=1.457512e-01, rho_tot_before=1.887069e+01, rho_tot_after=1.901644e+01
RIDDER DEBUG (adding to rho_tot): a=1.005353e-03, rho_ridder=1.457512e-01, rho_tot_before=1.828580e+01, rho_tot_after=1.843156e+01
RIDDER DEBUG (adding to rho_tot): a=9.961505e-04, rho_ridder=1.457512e-01, rho_tot_before=1.882287e+01, rho_tot_after=1.896862e+01
RIDDER DEBUG (adding to rho_tot): a=9.969536e-04, rho_ridder=1.457512e-01, rho_tot_before=1.877517e+01, rho_tot_after=1.892092e+01
RIDDER DEBUG (adding to rho_tot): a=9.977574e-04, rho_ridder=1.457512e-01, rho_tot_before=1.872759e+01, rho_tot_after=1.887334e+01
RIDDER DEBUG (adding to rho_tot): a=9.985619e-04, rho_ridder=1.457512e-01, rho_tot_before=1.868014e+01, rho_tot_after=1.882589e+01
RIDDER DEBUG (adding to rho_tot): a=9.993670e-04, rho_ridder=1.457512e-01, rho_tot_before=1.863280e+01, rho_tot_after=1.877855e+01
RIDDER DEBUG (adding to rho_tot): a=1.000173e-03, rho_ridder=1.457512e-01, rho_tot_before=1.858559e+01, rho_tot_after=1.873134e+01
RIDDER DEBUG (adding to rho_tot): a=1.000979e-03, rho_ridder=1.457512e-01, rho_tot_before=1.853850e+01, rho_tot_after=1.868425e+01
RIDDER DEBUG (adding to rho_tot): a=1.001786e-03, rho_ridder=1.457512e-01, rho_tot_before=1.849153e+01, rho_tot_after=1.863728e+01
RIDDER DEBUG (adding to rho_tot): a=1.002594e-03, rho_ridder=1.457512e-01, rho_tot_before=1.844468e+01, rho_tot_after=1.859043e+01
RIDDER DEBUG (adding to rho_tot): a=1.003402e-03, rho_ridder=1.457512e-01, rho_tot_before=1.839795e+01, rho_tot_after=1.854370e+01
RIDDER DEBUG (adding to rho_tot): a=1.004211e-03, rho_ridder=1.457512e-01, rho_tot_before=1.835134e+01, rho_tot_after=1.849709e+01
RIDDER DEBUG (adding to rho_tot): a=1.005021e-03, rho_ridder=1.457512e-01, rho_tot_before=1.830485e+01, rho_tot_after=1.845060e+01
RIDDER DEBUG (adding to rho_tot): a=1.005831e-03, rho_ridder=1.457512e-01, rho_tot_before=1.825848e+01, rho_tot_after=1.840423e+01
RIDDER DEBUG (adding to rho_tot): a=1.006642e-03, rho_ridder=1.457512e-01, rho_tot_before=1.821223e+01, rho_tot_after=1.835798e+01
RIDDER DEBUG (adding to rho_tot): a=1.007454e-03, rho_ridder=1.457512e-01, rho_tot_before=1.816609e+01, rho_tot_after=1.831184e+01
RIDDER DEBUG (adding to rho_tot): a=1.008266e-03, rho_ridder=1.457512e-01, rho_tot_before=1.812008e+01, rho_tot_after=1.826583e+01
RIDDER DEBUG (adding to rho_tot): a=1.009079e-03, rho_ridder=1.457512e-01, rho_tot_before=1.807418e+01, rho_tot_after=1.821993e+01
RIDDER DEBUG (adding to rho_tot): a=1.009892e-03, rho_ridder=1.457512e-01, rho_tot_before=1.802840e+01, rho_tot_after=1.817415e+01
V_RIDDER_RAW: a=2.49e-02 phi=2.92e+27 V_eV4=2.59e+54 Lambda=5.62e+13 f=2.43e+27 n=3
BG_FUNC: a=2.49e-02 V_eV4=2.59e+54 kinetic_eV2=1.50e-01 V_Mpc2=1.46e-01 KE_Mpc2=8.42e-57 rho_final=1.46e-01
RIDDER DEBUG (adding to rho_tot): a=2.492355e-02, rho_ridder=1.457512e-01, rho_tot_before=1.030515e-03, rho_tot_after=1.467817e-01
RIDDER_SHOOT iter= 3  log10_Lambda=13.750  f_peak=0.05989  z_peak= 500.1  target=0.10000
BACKGROUND_SOLVE ENTERED: has_ridder=1 Lambda=1.33e+14
ABOUT TO INTEGRATE: bi_size=7 has_ridder=1 Lambda=1.33e+14
V_RIDDER_RAW: a=1.07e-14 phi=2.92e+27 V_eV4=8.20e+55 Lambda=1.33e+14 f=2.43e+27 n=3
DDV_CHECK: call#=220000 a=1.07e-14 phi=2.92e+27 ddV_eV2=2.01e+02 (positive=1)
BG_FUNC: a=1.07e-14 V_eV4=8.20e+55 kinetic_eV2=1.74e+12 V_Mpc2=4.61e+00 KE_Mpc2=9.79e-44 rho_final=4.61e+00
RIDDER DEBUG (adding to rho_tot): a=1.069180e-14, rho_ridder=4.609057e+00, rho_tot_before=2.105601e+44, rho_tot_after=2.105601e+44
DERIVS_ENTRY: call#=20000 has_ridder=1 Lambda=1.33e+14 a=1.84e-14
RIDDER DERIVS CALLED: call#=20000 a=1.84e-14 phi=2.92e+27 fluid_mode=0
FIELD_MODE: call#=20000 a=1.84e-14 fluid_mode=0
DERIVS: call#=20000 a=1.84e-14 phi=2.92e+27 phi'=-6.73e-09 dphi/dlna=-5.75e-17 dphi'/dlna=1.35e-08 dV=2.02e+01 H=6.37e+21
V_RIDDER_RAW: a=4.54e-13 phi=2.92e+27 V_eV4=8.20e+55 Lambda=1.33e+14 f=2.43e+27 n=3
BG_FUNC: a=4.54e-13 V_eV4=8.20e+55 kinetic_eV2=2.96e+02 V_Mpc2=4.61e+00 KE_Mpc2=1.67e-53 rho_final=4.61e+00
RIDDER DEBUG (adding to rho_tot): a=4.542463e-13, rho_ridder=4.609057e+00, rho_tot_before=6.462690e+37, rho_tot_after=6.462690e+37
V_RIDDER_RAW: a=2.01e-11 phi=2.92e+27 V_eV4=8.20e+55 Lambda=1.33e+14 f=2.43e+27 n=3
DDV_CHECK: call#=230000 a=2.01e-11 phi=2.92e+27 ddV_eV2=2.01e+02 (positive=1)
BG_FUNC: a=2.01e-11 V_eV4=8.20e+55 kinetic_eV2=3.97e-08 V_Mpc2=4.61e+00 KE_Mpc2=2.23e-63 rho_final=4.61e+00
RIDDER DEBUG (adding to rho_tot): a=2.007625e-11, rho_ridder=4.609057e+00, rho_tot_before=1.693748e+31, rho_tot_after=1.693748e+31
V_RIDDER_RAW: a=7.61e-10 phi=2.92e+27 V_eV4=8.20e+55 Lambda=1.33e+14 f=2.43e+27 n=3
BG_FUNC: a=7.61e-10 V_eV4=8.20e+55 kinetic_eV2=1.34e-17 V_Mpc2=4.61e+00 KE_Mpc2=7.52e-73 rho_final=4.61e+00
RIDDER DEBUG (adding to rho_tot): a=7.613284e-10, rho_ridder=4.609057e+00, rho_tot_before=8.190168e+24, rho_tot_after=8.190168e+24
V_RIDDER_RAW: a=2.72e-08 phi=2.92e+27 V_eV4=8.20e+55 Lambda=1.33e+14 f=2.43e+27 n=3
DDV_CHECK: call#=240000 a=2.72e-08 phi=2.92e+27 ddV_eV2=2.01e+02 (positive=1)
BG_FUNC: a=2.72e-08 V_eV4=8.20e+55 kinetic_eV2=9.64e-19 V_Mpc2=4.61e+00 KE_Mpc2=5.42e-74 rho_final=4.61e+00
RIDDER DEBUG (adding to rho_tot): a=2.722143e-08, rho_ridder=4.609057e+00, rho_tot_before=5.011914e+18, rho_tot_after=5.011914e+18
V_RIDDER_RAW: a=8.49e-07 phi=2.92e+27 V_eV4=8.20e+55 Lambda=1.33e+14 f=2.43e+27 n=3
BG_FUNC: a=8.49e-07 V_eV4=8.20e+55 kinetic_eV2=9.09e-13 V_Mpc2=4.61e+00 KE_Mpc2=5.11e-68 rho_final=4.61e+00
RIDDER DEBUG (adding to rho_tot): a=8.486883e-07, rho_ridder=4.609057e+00, rho_tot_before=5.329708e+12, rho_tot_after=5.329708e+12
V_RIDDER_RAW: a=2.56e-05 phi=2.92e+27 V_eV4=8.20e+55 Lambda=1.33e+14 f=2.43e+27 n=3
DDV_CHECK: call#=250000 a=2.56e-05 phi=2.92e+27 ddV_eV2=2.01e+02 (positive=1)
BG_FUNC: a=2.56e-05 V_eV4=8.20e+55 kinetic_eV2=7.01e-07 V_Mpc2=4.61e+00 KE_Mpc2=3.94e-62 rho_final=4.61e+00
RIDDER DEBUG (adding to rho_tot): a=2.557910e-05, rho_ridder=4.609057e+00, rho_tot_before=7.374145e+06, rho_tot_after=7.374150e+06
V_RIDDER_RAW: a=8.32e-04 phi=2.92e+27 V_eV4=8.20e+55 Lambda=1.33e+14 f=2.43e+27 n=3
BG_FUNC: a=8.32e-04 V_eV4=8.20e+55 kinetic_eV2=2.37e-01 V_Mpc2=4.61e+00 KE_Mpc2=1.33e-56 rho_final=4.61e+00
RIDDER DEBUG (adding to rho_tot): a=8.322868e-04, rho_ridder=4.609057e+00, rho_tot_before=3.321647e+01, rho_tot_after=3.782552e+01
RIDDER DEBUG (adding to rho_tot): a=9.971318e-04, rho_ridder=4.609057e+00, rho_tot_before=1.876461e+01, rho_tot_after=2.337367e+01
RIDDER DEBUG (adding to rho_tot): a=9.905466e-04, rho_ridder=4.609057e+00, rho_tot_before=1.916023e+01, rho_tot_after=2.376928e+01
RIDDER DEBUG (adding to rho_tot): a=9.913452e-04, rho_ridder=4.609057e+00, rho_tot_before=1.911166e+01, rho_tot_after=2.372072e+01
RIDDER DEBUG (adding to rho_tot): a=9.921445e-04, rho_ridder=4.609057e+00, rho_tot_before=1.906322e+01, rho_tot_after=2.367228e+01
RIDDER DEBUG (adding to rho_tot): a=9.929444e-04, rho_ridder=4.609057e+00, rho_tot_before=1.901490e+01, rho_tot_after=2.362396e+01
RIDDER DEBUG (adding to rho_tot): a=9.937449e-04, rho_ridder=4.609057e+00, rho_tot_before=1.896671e+01, rho_tot_after=2.357577e+01
RIDDER DEBUG (adding to rho_tot): a=9.945462e-04, rho_ridder=4.609057e+00, rho_tot_before=1.891864e+01, rho_tot_after=2.352770e+01
RIDDER DEBUG (adding to rho_tot): a=9.953480e-04, rho_ridder=4.609057e+00, rho_tot_before=1.887069e+01, rho_tot_after=2.347975e+01
RIDDER DEBUG (adding to rho_tot): a=9.961505e-04, rho_ridder=4.609057e+00, rho_tot_before=1.882287e+01, rho_tot_after=2.343193e+01
RIDDER DEBUG (adding to rho_tot): a=9.969536e-04, rho_ridder=4.609057e+00, rho_tot_before=1.877517e+01, rho_tot_after=2.338423e+01
RIDDER DEBUG (adding to rho_tot): a=1.008255e-03, rho_ridder=4.609057e+00, rho_tot_before=1.812070e+01, rho_tot_after=2.272976e+01
RIDDER DEBUG (adding to rho_tot): a=9.977574e-04, rho_ridder=4.609057e+00, rho_tot_before=1.872759e+01, rho_tot_after=2.333665e+01
RIDDER DEBUG (adding to rho_tot): a=9.985619e-04, rho_ridder=4.609057e+00, rho_tot_before=1.868014e+01, rho_tot_after=2.328919e+01
RIDDER DEBUG (adding to rho_tot): a=9.993670e-04, rho_ridder=4.609057e+00, rho_tot_before=1.863280e+01, rho_tot_after=2.324186e+01
RIDDER DEBUG (adding to rho_tot): a=1.000173e-03, rho_ridder=4.609057e+00, rho_tot_before=1.858559e+01, rho_tot_after=2.319465e+01
RIDDER DEBUG (adding to rho_tot): a=1.000979e-03, rho_ridder=4.609057e+00, rho_tot_before=1.853850e+01, rho_tot_after=2.314756e+01
RIDDER DEBUG (adding to rho_tot): a=1.001786e-03, rho_ridder=4.609057e+00, rho_tot_before=1.849153e+01, rho_tot_after=2.310059e+01
RIDDER DEBUG (adding to rho_tot): a=1.002594e-03, rho_ridder=4.609057e+00, rho_tot_before=1.844468e+01, rho_tot_after=2.305374e+01
RIDDER DEBUG (adding to rho_tot): a=1.003402e-03, rho_ridder=4.609057e+00, rho_tot_before=1.839795e+01, rho_tot_after=2.300701e+01
RIDDER DEBUG (adding to rho_tot): a=1.004211e-03, rho_ridder=4.609057e+00, rho_tot_before=1.835134e+01, rho_tot_after=2.296040e+01
RIDDER DEBUG (adding to rho_tot): a=1.005021e-03, rho_ridder=4.609057e+00, rho_tot_before=1.830485e+01, rho_tot_after=2.291391e+01
RIDDER DEBUG (adding to rho_tot): a=1.005831e-03, rho_ridder=4.609057e+00, rho_tot_before=1.825848e+01, rho_tot_after=2.286753e+01
RIDDER DEBUG (adding to rho_tot): a=1.006642e-03, rho_ridder=4.609057e+00, rho_tot_before=1.821223e+01, rho_tot_after=2.282128e+01
RIDDER DEBUG (adding to rho_tot): a=1.007454e-03, rho_ridder=4.609057e+00, rho_tot_before=1.816609e+01, rho_tot_after=2.277515e+01
RIDDER DEBUG (adding to rho_tot): a=1.008266e-03, rho_ridder=4.609057e+00, rho_tot_before=1.812008e+01, rho_tot_after=2.272913e+01
RIDDER DEBUG (adding to rho_tot): a=1.009079e-03, rho_ridder=4.609057e+00, rho_tot_before=1.807418e+01, rho_tot_after=2.268324e+01
RIDDER DEBUG (adding to rho_tot): a=1.009892e-03, rho_ridder=4.609057e+00, rho_tot_before=1.802840e+01, rho_tot_after=2.263746e+01
V_RIDDER_RAW: a=3.69e-02 phi=2.92e+27 V_eV4=8.20e+55 Lambda=1.33e+14 f=2.43e+27 n=3
DDV_CHECK: call#=260000 a=3.69e-02 phi=2.92e+27 ddV_eV2=2.01e+02 (positive=1)
BG_FUNC: a=3.69e-02 V_eV4=8.20e+55 kinetic_eV2=4.92e+00 V_Mpc2=4.61e+00 KE_Mpc2=2.77e-55 rho_final=4.61e+00
RIDDER DEBUG (adding to rho_tot): a=3.687348e-02, rho_ridder=4.609057e+00, rho_tot_before=3.175168e-04, rho_tot_after=4.609374e+00
RIDDER_SHOOT iter= 4  log10_Lambda=14.125  f_peak=0.66829  z_peak= 500.1  target=0.10000
BACKGROUND_SOLVE ENTERED: has_ridder=1 Lambda=8.66e+13
ABOUT TO INTEGRATE: bi_size=7 has_ridder=1 Lambda=8.66e+13
V_RIDDER_RAW: a=1.60e-14 phi=2.92e+27 V_eV4=1.46e+55 Lambda=8.66e+13 f=2.43e+27 n=3
BG_FUNC: a=1.60e-14 V_eV4=1.46e+55 kinetic_eV2=4.96e+09 V_Mpc2=8.20e-01 KE_Mpc2=2.79e-46 rho_final=8.20e-01
RIDDER DEBUG (adding to rho_tot): a=1.597184e-14, rho_ridder=8.196191e-01, rho_tot_before=4.228231e+43, rho_tot_after=4.228231e+43
V_RIDDER_RAW: a=6.97e-13 phi=2.92e+27 V_eV4=1.46e+55 Lambda=8.66e+13 f=2.43e+27 n=3
DDV_CHECK: call#=270000 a=6.97e-13 phi=2.92e+27 ddV_eV2=3.57e+01 (positive=1)
BG_FUNC: a=6.97e-13 V_eV4=1.46e+55 kinetic_eV2=7.15e-01 V_Mpc2=8.20e-01 KE_Mpc2=4.02e-56 rho_final=8.20e-01
RIDDER DEBUG (adding to rho_tot): a=6.974227e-13, rho_ridder=8.196191e-01, rho_tot_before=1.163040e+37, rho_tot_after=1.163040e+37
DERIVS_ENTRY: call#=25000 has_ridder=1 Lambda=8.66e+13 a=2.29e-11
RIDDER DERIVS CALLED: call#=25000 a=2.29e-11 phi=2.92e+27 fluid_mode=0
FIELD_MODE: call#=25000 a=2.29e-11 fluid_mode=0
DERIVS: call#=25000 a=2.29e-11 phi=2.92e+27 phi'=-7.73e-16 dphi/dlna=-8.21e-21 dphi'/dlna=1.55e-15 dV=3.59e+00 H=4.11e+15
V_RIDDER_RAW: a=3.04e-11 phi=2.92e+27 V_eV4=1.46e+55 Lambda=8.66e+13 f=2.43e+27 n=3
BG_FUNC: a=3.04e-11 V_eV4=1.46e+55 kinetic_eV2=1.04e-10 V_Mpc2=8.20e-01 KE_Mpc2=5.83e-66 rho_final=8.20e-01
RIDDER DEBUG (adding to rho_tot): a=3.042896e-11, rho_ridder=8.196191e-01, rho_tot_before=3.209452e+30, rho_tot_after=3.209452e+30
V_RIDDER_RAW: a=1.15e-09 phi=2.92e+27 V_eV4=1.46e+55 Lambda=8.66e+13 f=2.43e+27 n=3
DDV_CHECK: call#=280000 a=1.15e-09 phi=2.92e+27 ddV_eV2=3.57e+01 (positive=1)
BG_FUNC: a=1.15e-09 V_eV4=1.46e+55 kinetic_eV2=3.65e-20 V_Mpc2=8.20e-01 KE_Mpc2=2.05e-75 rho_final=8.20e-01
RIDDER DEBUG (adding to rho_tot): a=1.145583e-09, rho_ridder=8.196191e-01, rho_tot_before=1.597629e+24, rho_tot_after=1.597629e+24
V_RIDDER_RAW: a=4.32e-08 phi=2.92e+27 V_eV4=1.46e+55 Lambda=8.66e+13 f=2.43e+27 n=3
BG_FUNC: a=4.32e-08 V_eV4=1.46e+55 kinetic_eV2=1.93e-19 V_Mpc2=8.20e-01 KE_Mpc2=1.09e-74 rho_final=8.20e-01
RIDDER DEBUG (adding to rho_tot): a=4.319822e-08, rho_ridder=8.196191e-01, rho_tot_before=7.903574e+17, rho_tot_after=7.903574e+17
V_RIDDER_RAW: a=1.34e-06 phi=2.92e+27 V_eV4=1.46e+55 Lambda=8.66e+13 f=2.43e+27 n=3
DDV_CHECK: call#=290000 a=1.34e-06 phi=2.92e+27 ddV_eV2=3.57e+01 (positive=1)
BG_FUNC: a=1.34e-06 V_eV4=1.46e+55 kinetic_eV2=1.77e-13 V_Mpc2=8.20e-01 KE_Mpc2=9.97e-69 rho_final=8.20e-01
RIDDER DEBUG (adding to rho_tot): a=1.338145e-06, rho_ridder=8.196191e-01, rho_tot_before=8.647688e+11, rho_tot_after=8.647688e+11
V_RIDDER_RAW: a=3.93e-05 phi=2.92e+27 V_eV4=1.46e+55 Lambda=8.66e+13 f=2.43e+27 n=3
BG_FUNC: a=3.93e-05 V_eV4=1.46e+55 kinetic_eV2=1.19e-07 V_Mpc2=8.20e-01 KE_Mpc2=6.70e-63 rho_final=8.20e-01
RIDDER DEBUG (adding to rho_tot): a=3.930428e-05, rho_ridder=8.196191e-01, rho_tot_before=1.413919e+06, rho_tot_after=1.413920e+06
RIDDER DEBUG (adding to rho_tot): a=9.952746e-04, rho_ridder=8.196191e-01, rho_tot_before=1.887508e+01, rho_tot_after=1.969469e+01
RIDDER DEBUG (adding to rho_tot): a=9.952746e-04, rho_ridder=8.196191e-01, rho_tot_before=1.887508e+01, rho_tot_after=1.969469e+01
RIDDER DEBUG (adding to rho_tot): a=9.905466e-04, rho_ridder=8.196191e-01, rho_tot_before=1.916023e+01, rho_tot_after=1.997985e+01
RIDDER DEBUG (adding to rho_tot): a=9.913452e-04, rho_ridder=8.196191e-01, rho_tot_before=1.911166e+01, rho_tot_after=1.993128e+01
RIDDER DEBUG (adding to rho_tot): a=9.921445e-04, rho_ridder=8.196191e-01, rho_tot_before=1.906322e+01, rho_tot_after=1.988284e+01
RIDDER DEBUG (adding to rho_tot): a=9.929444e-04, rho_ridder=8.196191e-01, rho_tot_before=1.901490e+01, rho_tot_after=1.983452e+01
RIDDER DEBUG (adding to rho_tot): a=9.937449e-04, rho_ridder=8.196191e-01, rho_tot_before=1.896671e+01, rho_tot_after=1.978633e+01
RIDDER DEBUG (adding to rho_tot): a=9.945462e-04, rho_ridder=8.196191e-01, rho_tot_before=1.891864e+01, rho_tot_after=1.973826e+01
RIDDER DEBUG (adding to rho_tot): a=1.008885e-03, rho_ridder=8.196191e-01, rho_tot_before=1.808514e+01, rho_tot_after=1.890476e+01
RIDDER DEBUG (adding to rho_tot): a=9.953480e-04, rho_ridder=8.196191e-01, rho_tot_before=1.887069e+01, rho_tot_after=1.969031e+01
RIDDER DEBUG (adding to rho_tot): a=9.961505e-04, rho_ridder=8.196191e-01, rho_tot_before=1.882287e+01, rho_tot_after=1.964249e+01
RIDDER DEBUG (adding to rho_tot): a=9.969536e-04, rho_ridder=8.196191e-01, rho_tot_before=1.877517e+01, rho_tot_after=1.959479e+01
RIDDER DEBUG (adding to rho_tot): a=9.977574e-04, rho_ridder=8.196191e-01, rho_tot_before=1.872759e+01, rho_tot_after=1.954721e+01
RIDDER DEBUG (adding to rho_tot): a=9.985619e-04, rho_ridder=8.196191e-01, rho_tot_before=1.868014e+01, rho_tot_after=1.949976e+01
RIDDER DEBUG (adding to rho_tot): a=9.993670e-04, rho_ridder=8.196191e-01, rho_tot_before=1.863280e+01, rho_tot_after=1.945242e+01
RIDDER DEBUG (adding to rho_tot): a=1.000173e-03, rho_ridder=8.196191e-01, rho_tot_before=1.858559e+01, rho_tot_after=1.940521e+01
RIDDER DEBUG (adding to rho_tot): a=1.000979e-03, rho_ridder=8.196191e-01, rho_tot_before=1.853850e+01, rho_tot_after=1.935812e+01
RIDDER DEBUG (adding to rho_tot): a=1.001786e-03, rho_ridder=8.196191e-01, rho_tot_before=1.849153e+01, rho_tot_after=1.931115e+01
RIDDER DEBUG (adding to rho_tot): a=1.002594e-03, rho_ridder=8.196191e-01, rho_tot_before=1.844468e+01, rho_tot_after=1.926430e+01
RIDDER DEBUG (adding to rho_tot): a=1.003402e-03, rho_ridder=8.196191e-01, rho_tot_before=1.839795e+01, rho_tot_after=1.921757e+01
RIDDER DEBUG (adding to rho_tot): a=1.004211e-03, rho_ridder=8.196191e-01, rho_tot_before=1.835134e+01, rho_tot_after=1.917096e+01
RIDDER DEBUG (adding to rho_tot): a=1.005021e-03, rho_ridder=8.196191e-01, rho_tot_before=1.830485e+01, rho_tot_after=1.912447e+01
RIDDER DEBUG (adding to rho_tot): a=1.005831e-03, rho_ridder=8.196191e-01, rho_tot_before=1.825848e+01, rho_tot_after=1.907810e+01
RIDDER DEBUG (adding to rho_tot): a=1.006642e-03, rho_ridder=8.196191e-01, rho_tot_before=1.821223e+01, rho_tot_after=1.903185e+01
RIDDER DEBUG (adding to rho_tot): a=1.007454e-03, rho_ridder=8.196191e-01, rho_tot_before=1.816609e+01, rho_tot_after=1.898571e+01
RIDDER DEBUG (adding to rho_tot): a=1.008266e-03, rho_ridder=8.196191e-01, rho_tot_before=1.812008e+01, rho_tot_after=1.893970e+01
RIDDER DEBUG (adding to rho_tot): a=1.009079e-03, rho_ridder=8.196191e-01, rho_tot_before=1.807418e+01, rho_tot_after=1.889380e+01
RIDDER DEBUG (adding to rho_tot): a=1.009892e-03, rho_ridder=8.196191e-01, rho_tot_before=1.802840e+01, rho_tot_after=1.884802e+01
V_RIDDER_RAW: a=1.28e-03 phi=2.92e+27 V_eV4=1.46e+55 Lambda=8.66e+13 f=2.43e+27 n=3
DDV_CHECK: call#=300000 a=1.28e-03 phi=2.92e+27 ddV_eV2=3.57e+01 (positive=1)
BG_FUNC: a=1.28e-03 V_eV4=1.46e+55 kinetic_eV2=3.11e-02 V_Mpc2=8.20e-01 KE_Mpc2=1.75e-57 rho_final=8.20e-01
RIDDER DEBUG (adding to rho_tot): a=1.279905e-03, rho_ridder=8.196191e-01, rho_tot_before=8.582100e+00, rho_tot_after=9.401719e+00
V_RIDDER_RAW: a=5.63e-02 phi=2.92e+27 V_eV4=1.46e+55 Lambda=8.66e+13 f=2.43e+27 n=3
BG_FUNC: a=5.63e-02 V_eV4=1.46e+55 kinetic_eV2=8.75e-01 V_Mpc2=8.20e-01 KE_Mpc2=4.92e-56 rho_final=8.20e-01
RIDDER DEBUG (adding to rho_tot): a=5.629486e-02, rho_ridder=8.196191e-01, rho_tot_before=8.908406e-05, rho_tot_after=8.197082e-01
RIDDER_SHOOT iter= 5  log10_Lambda=13.938  f_peak=0.26377  z_peak= 500.1  target=0.10000
BACKGROUND_SOLVE ENTERED: has_ridder=1 Lambda=6.98e+13
ABOUT TO INTEGRATE: bi_size=7 has_ridder=1 Lambda=6.98e+13
V_RIDDER_RAW: a=2.34e-14 phi=2.92e+27 V_eV4=6.15e+54 Lambda=6.98e+13 f=2.43e+27 n=3
DDV_CHECK: call#=310000 a=2.34e-14 phi=2.92e+27 ddV_eV2=1.51e+01 (positive=1)
BG_FUNC: a=2.34e-14 V_eV4=6.15e+54 kinetic_eV2=8.82e+07 V_Mpc2=3.46e-01 KE_Mpc2=4.96e-48 rho_final=3.46e-01
RIDDER DEBUG (adding to rho_tot): a=2.344009e-14, rho_ridder=3.456305e-01, rho_tot_before=9.114694e+42, rho_tot_after=9.114694e+42
V_RIDDER_RAW: a=1.04e-12 phi=2.92e+27 V_eV4=6.15e+54 Lambda=6.98e+13 f=2.43e+27 n=3
BG_FUNC: a=1.04e-12 V_eV4=6.15e+54 kinetic_eV2=1.18e-02 V_Mpc2=3.46e-01 KE_Mpc2=6.62e-58 rho_final=3.46e-01
RIDDER DEBUG (adding to rho_tot): a=1.036813e-12, rho_ridder=3.456305e-01, rho_tot_before=2.381099e+36, rho_tot_after=2.381099e+36
V_RIDDER_RAW: a=4.46e-11 phi=2.92e+27 V_eV4=6.15e+54 Lambda=6.98e+13 f=2.43e+27 n=3
DDV_CHECK: call#=320000 a=4.46e-11 phi=2.92e+27 ddV_eV2=1.51e+01 (positive=1)
BG_FUNC: a=4.46e-11 V_eV4=6.15e+54 kinetic_eV2=1.85e-12 V_Mpc2=3.46e-01 KE_Mpc2=1.04e-67 rho_final=3.46e-01
RIDDER DEBUG (adding to rho_tot): a=4.462120e-11, rho_ridder=3.456305e-01, rho_tot_before=6.940875e+29, rho_tot_after=6.940875e+29
DERIVS_ENTRY: call#=30000 has_ridder=1 Lambda=6.98e+13 a=8.69e-10
RIDDER DERIVS CALLED: call#=30000 a=8.69e-10 phi=2.92e+27 fluid_mode=0
FIELD_MODE: call#=30000 a=8.69e-10 fluid_mode=0
DERIVS: call#=30000 a=8.69e-10 phi=2.92e+27 phi'=-2.27e-19 dphi/dlna=-9.13e-23 dphi'/dlna=4.53e-19 dV=1.52e+00 H=2.86e+12
V_RIDDER_RAW: a=1.65e-09 phi=2.92e+27 V_eV4=6.15e+54 Lambda=6.98e+13 f=2.43e+27 n=3
BG_FUNC: a=1.65e-09 V_eV4=6.15e+54 kinetic_eV2=7.33e-22 V_Mpc2=3.46e-01 KE_Mpc2=4.12e-77 rho_final=3.46e-01
RIDDER DEBUG (adding to rho_tot): a=1.652711e-09, rho_ridder=3.456305e-01, rho_tot_before=3.688041e+23, rho_tot_after=3.688041e+23
V_RIDDER_RAW: a=5.91e-08 phi=2.92e+27 V_eV4=6.15e+54 Lambda=6.98e+13 f=2.43e+27 n=3
DDV_CHECK: call#=330000 a=5.91e-08 phi=2.92e+27 ddV_eV2=1.51e+01 (positive=1)
BG_FUNC: a=5.91e-08 V_eV4=6.15e+54 kinetic_eV2=1.20e-19 V_Mpc2=3.46e-01 KE_Mpc2=6.75e-75 rho_final=3.46e-01
RIDDER DEBUG (adding to rho_tot): a=5.905671e-08, rho_ridder=3.456305e-01, rho_tot_before=2.262818e+17, rho_tot_after=2.262818e+17
V_RIDDER_RAW: a=1.87e-06 phi=2.92e+27 V_eV4=6.15e+54 Lambda=6.98e+13 f=2.43e+27 n=3
BG_FUNC: a=1.87e-06 V_eV4=6.15e+54 kinetic_eV2=1.20e-13 V_Mpc2=3.46e-01 KE_Mpc2=6.77e-69 rho_final=3.46e-01
RIDDER DEBUG (adding to rho_tot): a=1.871142e-06, rho_ridder=3.456305e-01, rho_tot_before=2.268852e+11, rho_tot_after=2.268852e+11
V_RIDDER_RAW: a=5.78e-05 phi=2.92e+27 V_eV4=6.15e+54 Lambda=6.98e+13 f=2.43e+27 n=3
DDV_CHECK: call#=340000 a=5.78e-05 phi=2.92e+27 ddV_eV2=1.51e+01 (positive=1)
BG_FUNC: a=5.78e-05 V_eV4=6.15e+54 kinetic_eV2=9.47e-08 V_Mpc2=3.46e-01 KE_Mpc2=5.32e-63 rho_final=3.46e-01
RIDDER DEBUG (adding to rho_tot): a=5.779902e-05, rho_ridder=3.456305e-01, rho_tot_before=3.286010e+05, rho_tot_after=3.286013e+05
RIDDER DEBUG (adding to rho_tot): a=9.931995e-04, rho_ridder=3.456305e-01, rho_tot_before=1.899953e+01, rho_tot_after=1.934516e+01
RIDDER DEBUG (adding to rho_tot): a=9.905466e-04, rho_ridder=3.456305e-01, rho_tot_before=1.916023e+01, rho_tot_after=1.950586e+01
RIDDER DEBUG (adding to rho_tot): a=9.913452e-04, rho_ridder=3.456305e-01, rho_tot_before=1.911166e+01, rho_tot_after=1.945729e+01
RIDDER DEBUG (adding to rho_tot): a=9.921445e-04, rho_ridder=3.456305e-01, rho_tot_before=1.906322e+01, rho_tot_after=1.940885e+01
RIDDER DEBUG (adding to rho_tot): a=9.929444e-04, rho_ridder=3.456305e-01, rho_tot_before=1.901490e+01, rho_tot_after=1.936053e+01
RIDDER DEBUG (adding to rho_tot): a=1.003700e-03, rho_ridder=3.456305e-01, rho_tot_before=1.838078e+01, rho_tot_after=1.872641e+01
RIDDER DEBUG (adding to rho_tot): a=9.937449e-04, rho_ridder=3.456305e-01, rho_tot_before=1.896671e+01, rho_tot_after=1.931234e+01
RIDDER DEBUG (adding to rho_tot): a=9.945462e-04, rho_ridder=3.456305e-01, rho_tot_before=1.891864e+01, rho_tot_after=1.926427e+01
RIDDER DEBUG (adding to rho_tot): a=9.953480e-04, rho_ridder=3.456305e-01, rho_tot_before=1.887069e+01, rho_tot_after=1.921632e+01
RIDDER DEBUG (adding to rho_tot): a=9.961505e-04, rho_ridder=3.456305e-01, rho_tot_before=1.882287e+01, rho_tot_after=1.916850e+01
RIDDER DEBUG (adding to rho_tot): a=9.969536e-04, rho_ridder=3.456305e-01, rho_tot_before=1.877517e+01, rho_tot_after=1.912080e+01
RIDDER DEBUG (adding to rho_tot): a=9.977574e-04, rho_ridder=3.456305e-01, rho_tot_before=1.872759e+01, rho_tot_after=1.907322e+01
RIDDER DEBUG (adding to rho_tot): a=9.985619e-04, rho_ridder=3.456305e-01, rho_tot_before=1.868014e+01, rho_tot_after=1.902577e+01
RIDDER DEBUG (adding to rho_tot): a=9.993670e-04, rho_ridder=3.456305e-01, rho_tot_before=1.863280e+01, rho_tot_after=1.897843e+01
RIDDER DEBUG (adding to rho_tot): a=1.000173e-03, rho_ridder=3.456305e-01, rho_tot_before=1.858559e+01, rho_tot_after=1.893122e+01
RIDDER DEBUG (adding to rho_tot): a=1.000979e-03, rho_ridder=3.456305e-01, rho_tot_before=1.853850e+01, rho_tot_after=1.888413e+01
RIDDER DEBUG (adding to rho_tot): a=1.001786e-03, rho_ridder=3.456305e-01, rho_tot_before=1.849153e+01, rho_tot_after=1.883716e+01
RIDDER DEBUG (adding to rho_tot): a=1.002594e-03, rho_ridder=3.456305e-01, rho_tot_before=1.844468e+01, rho_tot_after=1.879031e+01
RIDDER DEBUG (adding to rho_tot): a=1.003402e-03, rho_ridder=3.456305e-01, rho_tot_before=1.839795e+01, rho_tot_after=1.874358e+01
RIDDER DEBUG (adding to rho_tot): a=1.004211e-03, rho_ridder=3.456305e-01, rho_tot_before=1.835134e+01, rho_tot_after=1.869697e+01
RIDDER DEBUG (adding to rho_tot): a=1.005021e-03, rho_ridder=3.456305e-01, rho_tot_before=1.830485e+01, rho_tot_after=1.865048e+01
RIDDER DEBUG (adding to rho_tot): a=1.005831e-03, rho_ridder=3.456305e-01, rho_tot_before=1.825848e+01, rho_tot_after=1.860411e+01
RIDDER DEBUG (adding to rho_tot): a=1.006642e-03, rho_ridder=3.456305e-01, rho_tot_before=1.821223e+01, rho_tot_after=1.855786e+01
RIDDER DEBUG (adding to rho_tot): a=1.007454e-03, rho_ridder=3.456305e-01, rho_tot_before=1.816609e+01, rho_tot_after=1.851172e+01
RIDDER DEBUG (adding to rho_tot): a=1.008266e-03, rho_ridder=3.456305e-01, rho_tot_before=1.812008e+01, rho_tot_after=1.846571e+01
RIDDER DEBUG (adding to rho_tot): a=1.009079e-03, rho_ridder=3.456305e-01, rho_tot_before=1.807418e+01, rho_tot_after=1.841981e+01
RIDDER DEBUG (adding to rho_tot): a=1.009892e-03, rho_ridder=3.456305e-01, rho_tot_before=1.802840e+01, rho_tot_after=1.837403e+01
V_RIDDER_RAW: a=1.92e-03 phi=2.92e+27 V_eV4=6.15e+54 Lambda=6.98e+13 f=2.43e+27 n=3
BG_FUNC: a=1.92e-03 V_eV4=6.15e+54 kinetic_eV2=1.95e-02 V_Mpc2=3.46e-01 KE_Mpc2=1.10e-57 rho_final=3.46e-01
RIDDER DEBUG (adding to rho_tot): a=1.915059e-03, rho_ridder=3.456305e-01, rho_tot_before=2.460488e+00, rho_tot_after=2.806118e+00
V_RIDDER_RAW: a=8.40e-02 phi=2.92e+27 V_eV4=6.15e+54 Lambda=6.98e+13 f=2.43e+27 n=3
DDV_CHECK: call#=350000 a=8.40e-02 phi=2.92e+27 ddV_eV2=1.51e+01 (positive=1)
BG_FUNC: a=8.40e-02 V_eV4=6.15e+54 kinetic_eV2=3.69e-01 V_Mpc2=3.46e-01 KE_Mpc2=2.07e-56 rho_final=3.46e-01
RIDDER DEBUG (adding to rho_tot): a=8.396013e-02, rho_ridder=3.456305e-01, rho_tot_before=2.682543e-05, rho_tot_after=3.456573e-01
RIDDER_SHOOT iter= 6  log10_Lambda=13.844  f_peak=0.13125  z_peak= 500.1  target=0.10000
BACKGROUND_SOLVE ENTERED: has_ridder=1 Lambda=6.26e+13
ABOUT TO INTEGRATE: bi_size=7 has_ridder=1 Lambda=6.26e+13
V_RIDDER_RAW: a=3.44e-14 phi=2.92e+27 V_eV4=3.99e+54 Lambda=6.26e+13 f=2.43e+27 n=3
BG_FUNC: a=3.44e-14 V_eV4=3.99e+54 kinetic_eV2=3.71e+06 V_Mpc2=2.24e-01 KE_Mpc2=2.08e-49 rho_final=2.24e-01
RIDDER DEBUG (adding to rho_tot): a=3.442813e-14, rho_ridder=2.244461e-01, rho_tot_before=1.958508e+42, rho_tot_after=1.958508e+42
V_RIDDER_RAW: a=1.52e-12 phi=2.92e+27 V_eV4=3.99e+54 Lambda=6.26e+13 f=2.43e+27 n=3
DDV_CHECK: call#=360000 a=1.52e-12 phi=2.92e+27 ddV_eV2=9.78e+00 (positive=1)
BG_FUNC: a=1.52e-12 V_eV4=3.99e+54 kinetic_eV2=4.97e-04 V_Mpc2=2.24e-01 KE_Mpc2=2.80e-59 rho_final=2.24e-01
RIDDER DEBUG (adding to rho_tot): a=1.521614e-12, rho_ridder=2.244461e-01, rho_tot_before=5.132877e+35, rho_tot_after=5.132877e+35
V_RIDDER_RAW: a=6.47e-11 phi=2.92e+27 V_eV4=3.99e+54 Lambda=6.26e+13 f=2.43e+27 n=3
BG_FUNC: a=6.47e-11 V_eV4=3.99e+54 kinetic_eV2=8.41e-14 V_Mpc2=2.24e-01 KE_Mpc2=4.73e-69 rho_final=2.24e-01
RIDDER DEBUG (adding to rho_tot): a=6.469866e-11, rho_ridder=2.244461e-01, rho_tot_before=1.570356e+29, rho_tot_after=1.570356e+29
V_RIDDER_RAW: a=2.37e-09 phi=2.92e+27 V_eV4=3.99e+54 Lambda=6.26e+13 f=2.43e+27 n=3
DDV_CHECK: call#=370000 a=2.37e-09 phi=2.92e+27 ddV_eV2=9.78e+00 (positive=1)
BG_FUNC: a=2.37e-09 V_eV4=3.99e+54 kinetic_eV2=3.89e-23 V_Mpc2=2.24e-01 KE_Mpc2=2.19e-78 rho_final=2.24e-01
RIDDER DEBUG (adding to rho_tot): a=2.373747e-09, rho_ridder=2.244461e-01, rho_tot_before=8.666574e+22, rho_tot_after=8.666574e+22
DERIVS_ENTRY: call#=35000 has_ridder=1 Lambda=6.26e+13 a=2.92e-08
RIDDER DERIVS CALLED: call#=35000 a=2.92e-08 phi=2.92e+27 fluid_mode=0
FIELD_MODE: call#=35000 a=2.92e-08 fluid_mode=0
DERIVS: call#=35000 a=2.92e-08 phi=2.92e+27 phi'=-2.26e-18 dphi/dlna=-3.06e-20 dphi'/dlna=-6.79e-18 dV=9.84e-01 H=2.54e+09
V_RIDDER_RAW: a=8.71e-08 phi=2.92e+27 V_eV4=3.99e+54 Lambda=6.26e+13 f=2.43e+27 n=3
BG_FUNC: a=8.71e-08 V_eV4=3.99e+54 kinetic_eV2=2.39e-19 V_Mpc2=2.24e-01 KE_Mpc2=1.35e-74 rho_final=2.24e-01
RIDDER DEBUG (adding to rho_tot): a=8.709104e-08, rho_ridder=2.244461e-01, rho_tot_before=4.785230e+16, rho_tot_after=4.785230e+16
V_RIDDER_RAW: a=2.77e-06 phi=2.92e+27 V_eV4=3.99e+54 Lambda=6.26e+13 f=2.43e+27 n=3
DDV_CHECK: call#=380000 a=2.77e-06 phi=2.92e+27 ddV_eV2=9.78e+00 (positive=1)
BG_FUNC: a=2.77e-06 V_eV4=3.99e+54 kinetic_eV2=2.43e-13 V_Mpc2=2.24e-01 KE_Mpc2=1.36e-68 rho_final=2.24e-01
RIDDER DEBUG (adding to rho_tot): a=2.768287e-06, rho_ridder=2.244461e-01, rho_tot_before=4.759958e+10, rho_tot_after=4.759958e+10
V_RIDDER_RAW: a=8.63e-05 phi=2.92e+27 V_eV4=3.99e+54 Lambda=6.26e+13 f=2.43e+27 n=3
BG_FUNC: a=8.63e-05 V_eV4=3.99e+54 kinetic_eV2=1.86e-07 V_Mpc2=2.24e-01 KE_Mpc2=1.04e-62 rho_final=2.24e-01
RIDDER DEBUG (adding to rho_tot): a=8.630747e-05, rho_ridder=2.244461e-01, rho_tot_before=7.423370e+04, rho_tot_after=7.423393e+04
RIDDER DEBUG (adding to rho_tot): a=9.912433e-04, rho_ridder=2.244461e-01, rho_tot_before=1.911785e+01, rho_tot_after=1.934230e+01
RIDDER DEBUG (adding to rho_tot): a=9.905466e-04, rho_ridder=2.244461e-01, rho_tot_before=1.916023e+01, rho_tot_after=1.938467e+01
RIDDER DEBUG (adding to rho_tot): a=1.001375e-03, rho_ridder=2.244461e-01, rho_tot_before=1.851541e+01, rho_tot_after=1.873986e+01
RIDDER DEBUG (adding to rho_tot): a=9.913452e-04, rho_ridder=2.244461e-01, rho_tot_before=1.911166e+01, rho_tot_after=1.933611e+01
RIDDER DEBUG (adding to rho_tot): a=9.921445e-04, rho_ridder=2.244461e-01, rho_tot_before=1.906322e+01, rho_tot_after=1.928766e+01
RIDDER DEBUG (adding to rho_tot): a=9.929444e-04, rho_ridder=2.244461e-01, rho_tot_before=1.901490e+01, rho_tot_after=1.923935e+01
RIDDER DEBUG (adding to rho_tot): a=9.937449e-04, rho_ridder=2.244461e-01, rho_tot_before=1.896671e+01, rho_tot_after=1.919115e+01
RIDDER DEBUG (adding to rho_tot): a=9.945462e-04, rho_ridder=2.244461e-01, rho_tot_before=1.891864e+01, rho_tot_after=1.914309e+01
RIDDER DEBUG (adding to rho_tot): a=9.953480e-04, rho_ridder=2.244461e-01, rho_tot_before=1.887069e+01, rho_tot_after=1.909514e+01
RIDDER DEBUG (adding to rho_tot): a=9.961505e-04, rho_ridder=2.244461e-01, rho_tot_before=1.882287e+01, rho_tot_after=1.904732e+01
RIDDER DEBUG (adding to rho_tot): a=9.969536e-04, rho_ridder=2.244461e-01, rho_tot_before=1.877517e+01, rho_tot_after=1.899962e+01
RIDDER DEBUG (adding to rho_tot): a=9.977574e-04, rho_ridder=2.244461e-01, rho_tot_before=1.872759e+01, rho_tot_after=1.895204e+01
RIDDER DEBUG (adding to rho_tot): a=9.985619e-04, rho_ridder=2.244461e-01, rho_tot_before=1.868014e+01, rho_tot_after=1.890458e+01
RIDDER DEBUG (adding to rho_tot): a=9.993670e-04, rho_ridder=2.244461e-01, rho_tot_before=1.863280e+01, rho_tot_after=1.885725e+01
RIDDER DEBUG (adding to rho_tot): a=1.000173e-03, rho_ridder=2.244461e-01, rho_tot_before=1.858559e+01, rho_tot_after=1.881004e+01
RIDDER DEBUG (adding to rho_tot): a=1.000979e-03, rho_ridder=2.244461e-01, rho_tot_before=1.853850e+01, rho_tot_after=1.876295e+01
RIDDER DEBUG (adding to rho_tot): a=1.001786e-03, rho_ridder=2.244461e-01, rho_tot_before=1.849153e+01, rho_tot_after=1.871597e+01
RIDDER DEBUG (adding to rho_tot): a=1.002594e-03, rho_ridder=2.244461e-01, rho_tot_before=1.844468e+01, rho_tot_after=1.866913e+01
RIDDER DEBUG (adding to rho_tot): a=1.003402e-03, rho_ridder=2.244461e-01, rho_tot_before=1.839795e+01, rho_tot_after=1.862240e+01
RIDDER DEBUG (adding to rho_tot): a=1.004211e-03, rho_ridder=2.244461e-01, rho_tot_before=1.835134e+01, rho_tot_after=1.857579e+01
RIDDER DEBUG (adding to rho_tot): a=1.005021e-03, rho_ridder=2.244461e-01, rho_tot_before=1.830485e+01, rho_tot_after=1.852930e+01
RIDDER DEBUG (adding to rho_tot): a=1.005831e-03, rho_ridder=2.244461e-01, rho_tot_before=1.825848e+01, rho_tot_after=1.848292e+01
RIDDER DEBUG (adding to rho_tot): a=1.006642e-03, rho_ridder=2.244461e-01, rho_tot_before=1.821223e+01, rho_tot_after=1.843667e+01
RIDDER DEBUG (adding to rho_tot): a=1.007454e-03, rho_ridder=2.244461e-01, rho_tot_before=1.816609e+01, rho_tot_after=1.839054e+01
RIDDER DEBUG (adding to rho_tot): a=1.008266e-03, rho_ridder=2.244461e-01, rho_tot_before=1.812008e+01, rho_tot_after=1.834452e+01
RIDDER DEBUG (adding to rho_tot): a=1.009079e-03, rho_ridder=2.244461e-01, rho_tot_before=1.807418e+01, rho_tot_after=1.829863e+01
RIDDER DEBUG (adding to rho_tot): a=1.009892e-03, rho_ridder=2.244461e-01, rho_tot_before=1.802840e+01, rho_tot_after=1.825285e+01
V_RIDDER_RAW: a=3.03e-03 phi=2.92e+27 V_eV4=3.99e+54 Lambda=6.26e+13 f=2.43e+27 n=3
DDV_CHECK: call#=390000 a=3.03e-03 phi=2.92e+27 ddV_eV2=9.78e+00 (positive=1)
BG_FUNC: a=3.03e-03 V_eV4=3.99e+54 kinetic_eV2=3.09e-02 V_Mpc2=2.24e-01 KE_Mpc2=1.74e-57 rho_final=2.24e-01
RIDDER DEBUG (adding to rho_tot): a=3.027921e-03, rho_ridder=2.244461e-01, rho_tot_before=6.034696e-01, rho_tot_after=8.279157e-01
V_RIDDER_RAW: a=1.31e-01 phi=2.92e+27 V_eV4=3.99e+54 Lambda=6.26e+13 f=2.43e+27 n=3
BG_FUNC: a=1.31e-01 V_eV4=3.99e+54 kinetic_eV2=2.40e-01 V_Mpc2=2.24e-01 KE_Mpc2=1.35e-56 rho_final=2.24e-01
RIDDER DEBUG (adding to rho_tot): a=1.313191e-01, rho_ridder=2.244461e-01, rho_tot_before=7.005815e-06, rho_tot_after=2.244531e-01
RIDDER_SHOOT iter= 7  log10_Lambda=13.797  f_peak=0.08934  z_peak= 500.1  target=0.10000
BACKGROUND_SOLVE ENTERED: has_ridder=1 Lambda=6.61e+13
ABOUT TO INTEGRATE: bi_size=7 has_ridder=1 Lambda=6.61e+13
V_RIDDER_RAW: a=5.36e-14 phi=2.92e+27 V_eV4=4.95e+54 Lambda=6.61e+13 f=2.43e+27 n=3
DDV_CHECK: call#=400000 a=5.36e-14 phi=2.92e+27 ddV_eV2=1.21e+01 (positive=1)
BG_FUNC: a=5.36e-14 V_eV4=4.95e+54 kinetic_eV2=4.01e+05 V_Mpc2=2.79e-01 KE_Mpc2=2.26e-50 rho_final=2.79e-01
RIDDER DEBUG (adding to rho_tot): a=5.358808e-14, rho_ridder=2.785236e-01, rho_tot_before=3.336616e+41, rho_tot_after=3.336616e+41
V_RIDDER_RAW: a=2.37e-12 phi=2.92e+27 V_eV4=4.95e+54 Lambda=6.61e+13 f=2.43e+27 n=3
BG_FUNC: a=2.37e-12 V_eV4=4.95e+54 kinetic_eV2=5.38e-05 V_Mpc2=2.79e-01 KE_Mpc2=3.03e-60 rho_final=2.79e-01
RIDDER DEBUG (adding to rho_tot): a=2.368423e-12, rho_ridder=2.785236e-01, rho_tot_before=8.744634e+34, rho_tot_after=8.744634e+34
V_RIDDER_RAW: a=9.88e-11 phi=2.92e+27 V_eV4=4.95e+54 Lambda=6.61e+13 f=2.43e+27 n=3
DDV_CHECK: call#=410000 a=9.88e-11 phi=2.92e+27 ddV_eV2=1.21e+01 (positive=1)
BG_FUNC: a=9.88e-11 V_eV4=4.95e+54 kinetic_eV2=1.02e-14 V_Mpc2=2.79e-01 KE_Mpc2=5.75e-70 rho_final=2.79e-01
RIDDER DEBUG (adding to rho_tot): a=9.877564e-11, rho_ridder=2.785236e-01, rho_tot_before=2.890546e+28, rho_tot_after=2.890546e+28
V_RIDDER_RAW: a=3.58e-09 phi=2.92e+27 V_eV4=4.95e+54 Lambda=6.61e+13 f=2.43e+27 n=3
BG_FUNC: a=3.58e-09 V_eV4=4.95e+54 kinetic_eV2=9.90e-24 V_Mpc2=2.79e-01 KE_Mpc2=5.57e-79 rho_final=2.79e-01
RIDDER DEBUG (adding to rho_tot): a=3.583347e-09, rho_ridder=2.785236e-01, rho_tot_before=1.668909e+22, rho_tot_after=1.668909e+22
V_RIDDER_RAW: a=1.29e-07 phi=2.92e+27 V_eV4=4.95e+54 Lambda=6.61e+13 f=2.43e+27 n=3
DDV_CHECK: call#=420000 a=1.29e-07 phi=2.92e+27 ddV_eV2=1.21e+01 (positive=1)
BG_FUNC: a=1.29e-07 V_eV4=4.95e+54 kinetic_eV2=1.79e-18 V_Mpc2=2.79e-01 KE_Mpc2=1.01e-73 rho_final=2.79e-01
RIDDER DEBUG (adding to rho_tot): a=1.293683e-07, rho_ridder=2.785236e-01, rho_tot_before=9.830855e+15, rho_tot_after=9.830855e+15
DERIVS_ENTRY: call#=40000 has_ridder=1 Lambda=6.61e+13 a=6.08e-07
RIDDER DERIVS CALLED: call#=40000 a=6.08e-07 phi=2.92e+27 fluid_mode=0
FIELD_MODE: call#=40000 a=6.08e-07 fluid_mode=0
DERIVS: call#=40000 a=6.08e-07 phi=2.92e+27 phi'=-2.54e-14 dphi/dlna=-7.15e-15 dphi'/dlna=-7.62e-14 dV=1.22e+00 H=5.84e+06
V_RIDDER_RAW: a=4.03e-06 phi=2.92e+27 V_eV4=4.95e+54 Lambda=6.61e+13 f=2.43e+27 n=3
BG_FUNC: a=4.03e-06 V_eV4=4.95e+54 kinetic_eV2=1.68e-12 V_Mpc2=2.79e-01 KE_Mpc2=9.42e-68 rho_final=2.79e-01
RIDDER DEBUG (adding to rho_tot): a=4.032601e-06, rho_ridder=2.785236e-01, rho_tot_before=1.064651e+10, rho_tot_after=1.064651e+10
V_RIDDER_RAW: a=1.23e-04 phi=2.92e+27 V_eV4=4.95e+54 Lambda=6.61e+13 f=2.43e+27 n=3
DDV_CHECK: call#=430000 a=1.23e-04 phi=2.92e+27 ddV_eV2=1.21e+01 (positive=1)
BG_FUNC: a=1.23e-04 V_eV4=4.95e+54 kinetic_eV2=1.09e-06 V_Mpc2=2.79e-01 KE_Mpc2=6.11e-62 rho_final=2.79e-01
RIDDER DEBUG (adding to rho_tot): a=1.229426e-04, rho_ridder=2.785236e-01, rho_tot_before=2.057031e+04, rho_tot_after=2.057059e+04
RIDDER DEBUG (adding to rho_tot): a=9.978719e-04, rho_ridder=2.785236e-01, rho_tot_before=1.872083e+01, rho_tot_after=1.899936e+01
RIDDER DEBUG (adding to rho_tot): a=9.905466e-04, rho_ridder=2.785236e-01, rho_tot_before=1.916023e+01, rho_tot_after=1.943875e+01
RIDDER DEBUG (adding to rho_tot): a=9.913452e-04, rho_ridder=2.785236e-01, rho_tot_before=1.911166e+01, rho_tot_after=1.939018e+01
RIDDER DEBUG (adding to rho_tot): a=9.921445e-04, rho_ridder=2.785236e-01, rho_tot_before=1.906322e+01, rho_tot_after=1.934174e+01
RIDDER DEBUG (adding to rho_tot): a=9.929444e-04, rho_ridder=2.785236e-01, rho_tot_before=1.901490e+01, rho_tot_after=1.929343e+01
RIDDER DEBUG (adding to rho_tot): a=9.937449e-04, rho_ridder=2.785236e-01, rho_tot_before=1.896671e+01, rho_tot_after=1.924523e+01
RIDDER DEBUG (adding to rho_tot): a=9.945462e-04, rho_ridder=2.785236e-01, rho_tot_before=1.891864e+01, rho_tot_after=1.919716e+01
RIDDER DEBUG (adding to rho_tot): a=9.953480e-04, rho_ridder=2.785236e-01, rho_tot_before=1.887069e+01, rho_tot_after=1.914922e+01
RIDDER DEBUG (adding to rho_tot): a=9.961505e-04, rho_ridder=2.785236e-01, rho_tot_before=1.882287e+01, rho_tot_after=1.910139e+01
RIDDER DEBUG (adding to rho_tot): a=9.969536e-04, rho_ridder=2.785236e-01, rho_tot_before=1.877517e+01, rho_tot_after=1.905369e+01
RIDDER DEBUG (adding to rho_tot): a=9.977574e-04, rho_ridder=2.785236e-01, rho_tot_before=1.872759e+01, rho_tot_after=1.900612e+01
RIDDER DEBUG (adding to rho_tot): a=1.008178e-03, rho_ridder=2.785236e-01, rho_tot_before=1.812504e+01, rho_tot_after=1.840356e+01
RIDDER DEBUG (adding to rho_tot): a=9.985619e-04, rho_ridder=2.785236e-01, rho_tot_before=1.868014e+01, rho_tot_after=1.895866e+01
RIDDER DEBUG (adding to rho_tot): a=9.993670e-04, rho_ridder=2.785236e-01, rho_tot_before=1.863280e+01, rho_tot_after=1.891133e+01
RIDDER DEBUG (adding to rho_tot): a=1.000173e-03, rho_ridder=2.785236e-01, rho_tot_before=1.858559e+01, rho_tot_after=1.886411e+01
RIDDER DEBUG (adding to rho_tot): a=1.000979e-03, rho_ridder=2.785236e-01, rho_tot_before=1.853850e+01, rho_tot_after=1.881702e+01
RIDDER DEBUG (adding to rho_tot): a=1.001786e-03, rho_ridder=2.785236e-01, rho_tot_before=1.849153e+01, rho_tot_after=1.877005e+01
RIDDER DEBUG (adding to rho_tot): a=1.002594e-03, rho_ridder=2.785236e-01, rho_tot_before=1.844468e+01, rho_tot_after=1.872320e+01
RIDDER DEBUG (adding to rho_tot): a=1.003402e-03, rho_ridder=2.785236e-01, rho_tot_before=1.839795e+01, rho_tot_after=1.867647e+01
RIDDER DEBUG (adding to rho_tot): a=1.004211e-03, rho_ridder=2.785236e-01, rho_tot_before=1.835134e+01, rho_tot_after=1.862986e+01
RIDDER DEBUG (adding to rho_tot): a=1.005021e-03, rho_ridder=2.785236e-01, rho_tot_before=1.830485e+01, rho_tot_after=1.858337e+01
RIDDER DEBUG (adding to rho_tot): a=1.005831e-03, rho_ridder=2.785236e-01, rho_tot_before=1.825848e+01, rho_tot_after=1.853700e+01
RIDDER DEBUG (adding to rho_tot): a=1.006642e-03, rho_ridder=2.785236e-01, rho_tot_before=1.821223e+01, rho_tot_after=1.849075e+01
RIDDER DEBUG (adding to rho_tot): a=1.007454e-03, rho_ridder=2.785236e-01, rho_tot_before=1.816609e+01, rho_tot_after=1.844462e+01
RIDDER DEBUG (adding to rho_tot): a=1.008266e-03, rho_ridder=2.785236e-01, rho_tot_before=1.812008e+01, rho_tot_after=1.839860e+01
RIDDER DEBUG (adding to rho_tot): a=1.009079e-03, rho_ridder=2.785236e-01, rho_tot_before=1.807418e+01, rho_tot_after=1.835270e+01
RIDDER DEBUG (adding to rho_tot): a=1.009892e-03, rho_ridder=2.785236e-01, rho_tot_before=1.802840e+01, rho_tot_after=1.830692e+01
V_RIDDER_RAW: a=4.39e-03 phi=2.92e+27 V_eV4=4.95e+54 Lambda=6.61e+13 f=2.43e+27 n=3
BG_FUNC: a=4.39e-03 V_eV4=4.95e+54 kinetic_eV2=1.02e-01 V_Mpc2=2.79e-01 KE_Mpc2=5.76e-57 rho_final=2.79e-01
RIDDER DEBUG (adding to rho_tot): a=4.392291e-03, rho_ridder=2.785236e-01, rho_tot_before=1.943730e-01, rho_tot_after=4.728966e-01
V_RIDDER_RAW: a=1.94e-01 phi=2.92e+27 V_eV4=4.95e+54 Lambda=6.61e+13 f=2.43e+27 n=3
DDV_CHECK: call#=440000 a=1.94e-01 phi=2.92e+27 ddV_eV2=1.21e+01 (positive=1)
BG_FUNC: a=1.94e-01 V_eV4=4.95e+54 kinetic_eV2=2.98e-01 V_Mpc2=2.79e-01 KE_Mpc2=1.67e-56 rho_final=2.79e-01
RIDDER DEBUG (adding to rho_tot): a=1.935005e-01, rho_ridder=2.785236e-01, rho_tot_before=2.188828e-06, rho_tot_after=2.785258e-01
RIDDER_SHOOT iter= 8  log10_Lambda=13.820  f_peak=0.10853  z_peak= 500.1  target=0.10000
BACKGROUND_SOLVE ENTERED: has_ridder=1 Lambda=6.44e+13
ABOUT TO INTEGRATE: bi_size=7 has_ridder=1 Lambda=6.44e+13
V_RIDDER_RAW: a=7.93e-14 phi=2.92e+27 V_eV4=4.45e+54 Lambda=6.44e+13 f=2.43e+27 n=3
BG_FUNC: a=7.93e-14 V_eV4=4.45e+54 kinetic_eV2=3.08e+04 V_Mpc2=2.50e-01 KE_Mpc2=1.73e-51 rho_final=2.50e-01
RIDDER DEBUG (adding to rho_tot): a=7.928161e-14, rho_ridder=2.500271e-01, rho_tot_before=6.964487e+40, rho_tot_after=6.964487e+40
V_RIDDER_RAW: a=3.51e-12 phi=2.92e+27 V_eV4=4.45e+54 Lambda=6.44e+13 f=2.43e+27 n=3
DDV_CHECK: call#=450000 a=3.51e-12 phi=2.92e+27 ddV_eV2=1.09e+01 (positive=1)
BG_FUNC: a=3.51e-12 V_eV4=4.45e+54 kinetic_eV2=4.12e-06 V_Mpc2=2.50e-01 KE_Mpc2=2.31e-61 rho_final=2.50e-01
RIDDER DEBUG (adding to rho_tot): a=3.506821e-12, rho_ridder=2.500271e-01, rho_tot_before=1.819385e+34, rho_tot_after=1.819385e+34
V_RIDDER_RAW: a=1.43e-10 phi=2.92e+27 V_eV4=4.45e+54 Lambda=6.44e+13 f=2.43e+27 n=3
BG_FUNC: a=1.43e-10 V_eV4=4.45e+54 kinetic_eV2=8.92e-16 V_Mpc2=2.50e-01 KE_Mpc2=5.01e-71 rho_final=2.50e-01
RIDDER DEBUG (adding to rho_tot): a=1.431047e-10, rho_ridder=2.500271e-01, rho_tot_before=6.560907e+27, rho_tot_after=6.560907e+27
V_RIDDER_RAW: a=5.20e-09 phi=2.92e+27 V_eV4=4.45e+54 Lambda=6.44e+13 f=2.43e+27 n=3
DDV_CHECK: call#=460000 a=5.20e-09 phi=2.92e+27 ddV_eV2=1.09e+01 (positive=1)
BG_FUNC: a=5.20e-09 V_eV4=4.45e+54 kinetic_eV2=6.58e-24 V_Mpc2=2.50e-01 KE_Mpc2=3.70e-79 rho_final=2.50e-01
RIDDER DEBUG (adding to rho_tot): a=5.199875e-09, rho_ridder=2.500271e-01, rho_tot_before=3.763747e+21, rho_tot_after=3.763747e+21
V_RIDDER_RAW: a=1.86e-07 phi=2.92e+27 V_eV4=4.45e+54 Lambda=6.44e+13 f=2.43e+27 n=3
BG_FUNC: a=1.86e-07 V_eV4=4.45e+54 kinetic_eV2=6.21e-18 V_Mpc2=2.50e-01 KE_Mpc2=3.49e-73 rho_final=2.50e-01
RIDDER DEBUG (adding to rho_tot): a=1.862223e-07, rho_ridder=2.500271e-01, rho_tot_before=2.290433e+15, rho_tot_after=2.290433e+15
V_RIDDER_RAW: a=5.74e-06 phi=2.92e+27 V_eV4=4.45e+54 Lambda=6.44e+13 f=2.43e+27 n=3
DDV_CHECK: call#=470000 a=5.74e-06 phi=2.92e+27 ddV_eV2=1.09e+01 (positive=1)
BG_FUNC: a=5.74e-06 V_eV4=4.45e+54 kinetic_eV2=5.52e-12 V_Mpc2=2.50e-01 KE_Mpc2=3.10e-67 rho_final=2.50e-01
RIDDER DEBUG (adding to rho_tot): a=5.740754e-06, rho_ridder=2.500271e-01, rho_tot_before=2.617142e+09, rho_tot_after=2.617142e+09
DERIVS_ENTRY: call#=45000 has_ridder=1 Lambda=6.44e+13 a=6.84e-06
RIDDER DERIVS CALLED: call#=45000 a=6.84e-06 phi=2.92e+27 fluid_mode=0
FIELD_MODE: call#=45000 a=6.84e-06 fluid_mode=0
DERIVS: call#=45000 a=6.84e-06 phi=2.92e+27 phi'=-3.22e-11 dphi/dlna=-1.01e-10 dphi'/dlna=-9.63e-11 dV=1.10e+00 H=4.67e+04
V_RIDDER_RAW: a=1.77e-04 phi=2.92e+27 V_eV4=4.45e+54 Lambda=6.44e+13 f=2.43e+27 n=3
BG_FUNC: a=1.77e-04 V_eV4=4.45e+54 kinetic_eV2=3.36e-06 V_Mpc2=2.50e-01 KE_Mpc2=1.89e-61 rho_final=2.50e-01
RIDDER DEBUG (adding to rho_tot): a=1.766876e-04, rho_ridder=2.500271e-01, rho_tot_before=5.695716e+03, rho_tot_after=5.695967e+03
RIDDER DEBUG (adding to rho_tot): a=9.908815e-04, rho_ridder=2.500271e-01, rho_tot_before=1.913984e+01, rho_tot_after=1.938986e+01
RIDDER DEBUG (adding to rho_tot): a=9.908815e-04, rho_ridder=2.500271e-01, rho_tot_before=1.913984e+01, rho_tot_after=1.938986e+01
RIDDER DEBUG (adding to rho_tot): a=9.905466e-04, rho_ridder=2.500271e-01, rho_tot_before=1.916023e+01, rho_tot_after=1.941025e+01
RIDDER DEBUG (adding to rho_tot): a=1.001154e-03, rho_ridder=2.500271e-01, rho_tot_before=1.852833e+01, rho_tot_after=1.877836e+01
RIDDER DEBUG (adding to rho_tot): a=9.913452e-04, rho_ridder=2.500271e-01, rho_tot_before=1.911166e+01, rho_tot_after=1.936169e+01
RIDDER DEBUG (adding to rho_tot): a=9.921445e-04, rho_ridder=2.500271e-01, rho_tot_before=1.906322e+01, rho_tot_after=1.931325e+01
RIDDER DEBUG (adding to rho_tot): a=9.929444e-04, rho_ridder=2.500271e-01, rho_tot_before=1.901490e+01, rho_tot_after=1.926493e+01
RIDDER DEBUG (adding to rho_tot): a=9.937449e-04, rho_ridder=2.500271e-01, rho_tot_before=1.896671e+01, rho_tot_after=1.921674e+01
RIDDER DEBUG (adding to rho_tot): a=9.945462e-04, rho_ridder=2.500271e-01, rho_tot_before=1.891864e+01, rho_tot_after=1.916867e+01
RIDDER DEBUG (adding to rho_tot): a=9.953480e-04, rho_ridder=2.500271e-01, rho_tot_before=1.887069e+01, rho_tot_after=1.912072e+01
RIDDER DEBUG (adding to rho_tot): a=9.961505e-04, rho_ridder=2.500271e-01, rho_tot_before=1.882287e+01, rho_tot_after=1.907290e+01
RIDDER DEBUG (adding to rho_tot): a=9.969536e-04, rho_ridder=2.500271e-01, rho_tot_before=1.877517e+01, rho_tot_after=1.902520e+01
RIDDER DEBUG (adding to rho_tot): a=9.977574e-04, rho_ridder=2.500271e-01, rho_tot_before=1.872759e+01, rho_tot_after=1.897762e+01
RIDDER DEBUG (adding to rho_tot): a=9.985619e-04, rho_ridder=2.500271e-01, rho_tot_before=1.868014e+01, rho_tot_after=1.893016e+01
RIDDER DEBUG (adding to rho_tot): a=9.993670e-04, rho_ridder=2.500271e-01, rho_tot_before=1.863280e+01, rho_tot_after=1.888283e+01
RIDDER DEBUG (adding to rho_tot): a=1.000173e-03, rho_ridder=2.500271e-01, rho_tot_before=1.858559e+01, rho_tot_after=1.883562e+01
RIDDER DEBUG (adding to rho_tot): a=1.000979e-03, rho_ridder=2.500271e-01, rho_tot_before=1.853850e+01, rho_tot_after=1.878853e+01
RIDDER DEBUG (adding to rho_tot): a=1.001786e-03, rho_ridder=2.500271e-01, rho_tot_before=1.849153e+01, rho_tot_after=1.874156e+01
RIDDER DEBUG (adding to rho_tot): a=1.002594e-03, rho_ridder=2.500271e-01, rho_tot_before=1.844468e+01, rho_tot_after=1.869471e+01
RIDDER DEBUG (adding to rho_tot): a=1.003402e-03, rho_ridder=2.500271e-01, rho_tot_before=1.839795e+01, rho_tot_after=1.864798e+01
RIDDER DEBUG (adding to rho_tot): a=1.004211e-03, rho_ridder=2.500271e-01, rho_tot_before=1.835134e+01, rho_tot_after=1.860137e+01
RIDDER DEBUG (adding to rho_tot): a=1.005021e-03, rho_ridder=2.500271e-01, rho_tot_before=1.830485e+01, rho_tot_after=1.855488e+01
RIDDER DEBUG (adding to rho_tot): a=1.005831e-03, rho_ridder=2.500271e-01, rho_tot_before=1.825848e+01, rho_tot_after=1.850851e+01
RIDDER DEBUG (adding to rho_tot): a=1.006642e-03, rho_ridder=2.500271e-01, rho_tot_before=1.821223e+01, rho_tot_after=1.846225e+01
RIDDER DEBUG (adding to rho_tot): a=1.007454e-03, rho_ridder=2.500271e-01, rho_tot_before=1.816609e+01, rho_tot_after=1.841612e+01
RIDDER DEBUG (adding to rho_tot): a=1.008266e-03, rho_ridder=2.500271e-01, rho_tot_before=1.812008e+01, rho_tot_after=1.837010e+01
RIDDER DEBUG (adding to rho_tot): a=1.009079e-03, rho_ridder=2.500271e-01, rho_tot_before=1.807418e+01, rho_tot_after=1.832421e+01
RIDDER DEBUG (adding to rho_tot): a=1.009892e-03, rho_ridder=2.500271e-01, rho_tot_before=1.802840e+01, rho_tot_after=1.827843e+01
V_RIDDER_RAW: a=6.52e-03 phi=2.92e+27 V_eV4=4.45e+54 Lambda=6.44e+13 f=2.43e+27 n=3
DDV_CHECK: call#=480000 a=6.52e-03 phi=2.92e+27 ddV_eV2=1.09e+01 (positive=1)
BG_FUNC: a=6.52e-03 V_eV4=4.45e+54 kinetic_eV2=1.54e-01 V_Mpc2=2.50e-01 KE_Mpc2=8.68e-57 rho_final=2.50e-01
RIDDER DEBUG (adding to rho_tot): a=6.519216e-03, rho_ridder=2.500271e-01, rho_tot_before=5.870839e-02, rho_tot_after=3.087355e-01
V_RIDDER_RAW: a=2.88e-01 phi=2.92e+27 V_eV4=4.45e+54 Lambda=6.44e+13 f=2.43e+27 n=3
BG_FUNC: a=2.88e-01 V_eV4=4.45e+54 kinetic_eV2=2.67e-01 V_Mpc2=2.50e-01 KE_Mpc2=1.50e-56 rho_final=2.50e-01
RIDDER DEBUG (adding to rho_tot): a=2.878966e-01, rho_ridder=2.500271e-01, rho_tot_before=6.643869e-07, rho_tot_after=2.500278e-01
RIDDER_SHOOT iter= 9  log10_Lambda=13.809  f_peak=0.09852  z_peak= 500.1  target=0.10000
BACKGROUND_SOLVE ENTERED: has_ridder=1 Lambda=6.52e+13
ABOUT TO INTEGRATE: bi_size=7 has_ridder=1 Lambda=6.52e+13
V_RIDDER_RAW: a=1.18e-13 phi=2.92e+27 V_eV4=4.69e+54 Lambda=6.52e+13 f=2.43e+27 n=3
DDV_CHECK: call#=490000 a=1.18e-13 phi=2.92e+27 ddV_eV2=1.15e+01 (positive=1)
BG_FUNC: a=1.18e-13 V_eV4=4.69e+54 kinetic_eV2=3.15e+03 V_Mpc2=2.64e-01 KE_Mpc2=1.77e-52 rho_final=2.64e-01
RIDDER DEBUG (adding to rho_tot): a=1.180529e-13, rho_ridder=2.638910e-01, rho_tot_before=1.416680e+40, rho_tot_after=1.416680e+40
V_RIDDER_RAW: a=5.22e-12 phi=2.92e+27 V_eV4=4.69e+54 Lambda=6.52e+13 f=2.43e+27 n=3
BG_FUNC: a=5.22e-12 V_eV4=4.69e+54 kinetic_eV2=4.23e-07 V_Mpc2=2.64e-01 KE_Mpc2=2.38e-62 rho_final=2.64e-01
RIDDER DEBUG (adding to rho_tot): a=5.217566e-12, rho_ridder=2.638910e-01, rho_tot_before=3.712849e+33, rho_tot_after=3.712849e+33
V_RIDDER_RAW: a=2.09e-10 phi=2.92e+27 V_eV4=4.69e+54 Lambda=6.52e+13 f=2.43e+27 n=3
DDV_CHECK: call#=500000 a=2.09e-10 phi=2.92e+27 ddV_eV2=1.15e+01 (positive=1)
BG_FUNC: a=2.09e-10 V_eV4=4.69e+54 kinetic_eV2=1.03e-16 V_Mpc2=2.64e-01 KE_Mpc2=5.78e-72 rho_final=2.64e-01
RIDDER DEBUG (adding to rho_tot): a=2.088373e-10, rho_ridder=2.638910e-01, rho_tot_before=1.446597e+27, rho_tot_after=1.446597e+27
V_RIDDER_RAW: a=7.59e-09 phi=2.92e+27 V_eV4=4.69e+54 Lambda=6.52e+13 f=2.43e+27 n=3
BG_FUNC: a=7.59e-09 V_eV4=4.69e+54 kinetic_eV2=2.10e-23 V_Mpc2=2.64e-01 KE_Mpc2=1.18e-78 rho_final=2.64e-01
RIDDER DEBUG (adding to rho_tot): a=7.588344e-09, rho_ridder=2.638910e-01, rho_tot_before=8.298699e+20, rho_tot_after=8.298699e+20
V_RIDDER_RAW: a=2.69e-07 phi=2.92e+27 V_eV4=4.69e+54 Lambda=6.52e+13 f=2.43e+27 n=3
DDV_CHECK: call#=510000 a=2.69e-07 phi=2.92e+27 ddV_eV2=1.15e+01 (positive=1)
BG_FUNC: a=2.69e-07 V_eV4=4.69e+54 kinetic_eV2=3.00e-17 V_Mpc2=2.64e-01 KE_Mpc2=1.68e-72 rho_final=2.64e-01
RIDDER DEBUG (adding to rho_tot): a=2.686639e-07, rho_ridder=2.638910e-01, rho_tot_before=5.289481e+14, rho_tot_after=5.289481e+14
V_RIDDER_RAW: a=8.19e-06 phi=2.92e+27 V_eV4=4.69e+54 Lambda=6.52e+13 f=2.43e+27 n=3
BG_FUNC: a=8.19e-06 V_eV4=4.69e+54 kinetic_eV2=2.53e-11 V_Mpc2=2.64e-01 KE_Mpc2=1.42e-66 rho_final=2.64e-01
RIDDER DEBUG (adding to rho_tot): a=8.190734e-06, rho_ridder=2.638910e-01, rho_tot_before=6.401806e+08, rho_tot_after=6.401806e+08
DERIVS_ENTRY: call#=50000 has_ridder=1 Lambda=6.52e+13 a=7.43e-05
RIDDER DERIVS CALLED: call#=50000 a=7.43e-05 phi=2.92e+27 fluid_mode=0
FIELD_MODE: call#=50000 a=7.43e-05 fluid_mode=0
DERIVS: call#=50000 a=7.43e-05 phi=2.92e+27 phi'=-4.00e-08 dphi/dlna=-1.23e-06 dphi'/dlna=-1.17e-07 dV=1.16e+00 H=4.37e+02
V_RIDDER_RAW: a=2.52e-04 phi=2.92e+27 V_eV4=4.69e+54 Lambda=6.52e+13 f=2.43e+27 n=3
DDV_CHECK: call#=520000 a=2.52e-04 phi=2.92e+27 ddV_eV2=1.15e+01 (positive=1)
BG_FUNC: a=2.52e-04 V_eV4=4.69e+54 kinetic_eV2=1.36e-05 V_Mpc2=2.64e-01 KE_Mpc2=7.65e-61 rho_final=2.64e-01
RIDDER DEBUG (adding to rho_tot): a=2.520926e-04, rho_ridder=2.638910e-01, rho_tot_before=1.670283e+03, rho_tot_after=1.670547e+03
RIDDER DEBUG (adding to rho_tot): a=9.970109e-04, rho_ridder=2.638910e-01, rho_tot_before=1.877178e+01, rho_tot_after=1.903567e+01
RIDDER DEBUG (adding to rho_tot): a=9.970109e-04, rho_ridder=2.638910e-01, rho_tot_before=1.877178e+01, rho_tot_after=1.903567e+01
RIDDER DEBUG (adding to rho_tot): a=9.905466e-04, rho_ridder=2.638910e-01, rho_tot_before=1.916023e+01, rho_tot_after=1.942412e+01
RIDDER DEBUG (adding to rho_tot): a=9.913452e-04, rho_ridder=2.638910e-01, rho_tot_before=1.911166e+01, rho_tot_after=1.937555e+01
RIDDER DEBUG (adding to rho_tot): a=9.921445e-04, rho_ridder=2.638910e-01, rho_tot_before=1.906322e+01, rho_tot_after=1.932711e+01
RIDDER DEBUG (adding to rho_tot): a=9.929444e-04, rho_ridder=2.638910e-01, rho_tot_before=1.901490e+01, rho_tot_after=1.927879e+01
RIDDER DEBUG (adding to rho_tot): a=9.937449e-04, rho_ridder=2.638910e-01, rho_tot_before=1.896671e+01, rho_tot_after=1.923060e+01
RIDDER DEBUG (adding to rho_tot): a=9.945462e-04, rho_ridder=2.638910e-01, rho_tot_before=1.891864e+01, rho_tot_after=1.918253e+01
RIDDER DEBUG (adding to rho_tot): a=9.953480e-04, rho_ridder=2.638910e-01, rho_tot_before=1.887069e+01, rho_tot_after=1.913458e+01
RIDDER DEBUG (adding to rho_tot): a=9.961505e-04, rho_ridder=2.638910e-01, rho_tot_before=1.882287e+01, rho_tot_after=1.908676e+01
RIDDER DEBUG (adding to rho_tot): a=9.969536e-04, rho_ridder=2.638910e-01, rho_tot_before=1.877517e+01, rho_tot_after=1.903906e+01
RIDDER DEBUG (adding to rho_tot): a=1.007419e-03, rho_ridder=2.638910e-01, rho_tot_before=1.816804e+01, rho_tot_after=1.843193e+01
RIDDER DEBUG (adding to rho_tot): a=9.977574e-04, rho_ridder=2.638910e-01, rho_tot_before=1.872759e+01, rho_tot_after=1.899148e+01
RIDDER DEBUG (adding to rho_tot): a=9.985619e-04, rho_ridder=2.638910e-01, rho_tot_before=1.868014e+01, rho_tot_after=1.894403e+01
RIDDER DEBUG (adding to rho_tot): a=9.993670e-04, rho_ridder=2.638910e-01, rho_tot_before=1.863280e+01, rho_tot_after=1.889669e+01
RIDDER DEBUG (adding to rho_tot): a=1.000173e-03, rho_ridder=2.638910e-01, rho_tot_before=1.858559e+01, rho_tot_after=1.884948e+01
RIDDER DEBUG (adding to rho_tot): a=1.000979e-03, rho_ridder=2.638910e-01, rho_tot_before=1.853850e+01, rho_tot_after=1.880239e+01
RIDDER DEBUG (adding to rho_tot): a=1.001786e-03, rho_ridder=2.638910e-01, rho_tot_before=1.849153e+01, rho_tot_after=1.875542e+01
RIDDER DEBUG (adding to rho_tot): a=1.002594e-03, rho_ridder=2.638910e-01, rho_tot_before=1.844468e+01, rho_tot_after=1.870857e+01
RIDDER DEBUG (adding to rho_tot): a=1.003402e-03, rho_ridder=2.638910e-01, rho_tot_before=1.839795e+01, rho_tot_after=1.866184e+01
RIDDER DEBUG (adding to rho_tot): a=1.004211e-03, rho_ridder=2.638910e-01, rho_tot_before=1.835134e+01, rho_tot_after=1.861523e+01
RIDDER DEBUG (adding to rho_tot): a=1.005021e-03, rho_ridder=2.638910e-01, rho_tot_before=1.830485e+01, rho_tot_after=1.856874e+01
RIDDER DEBUG (adding to rho_tot): a=1.005831e-03, rho_ridder=2.638910e-01, rho_tot_before=1.825848e+01, rho_tot_after=1.852237e+01
RIDDER DEBUG (adding to rho_tot): a=1.006642e-03, rho_ridder=2.638910e-01, rho_tot_before=1.821223e+01, rho_tot_after=1.847612e+01
RIDDER DEBUG (adding to rho_tot): a=1.007454e-03, rho_ridder=2.638910e-01, rho_tot_before=1.816609e+01, rho_tot_after=1.842998e+01
RIDDER DEBUG (adding to rho_tot): a=1.008266e-03, rho_ridder=2.638910e-01, rho_tot_before=1.812008e+01, rho_tot_after=1.838397e+01
RIDDER DEBUG (adding to rho_tot): a=1.009079e-03, rho_ridder=2.638910e-01, rho_tot_before=1.807418e+01, rho_tot_after=1.833807e+01
RIDDER DEBUG (adding to rho_tot): a=1.009892e-03, rho_ridder=2.638910e-01, rho_tot_before=1.802840e+01, rho_tot_after=1.829229e+01
V_RIDDER_RAW: a=9.65e-03 phi=2.92e+27 V_eV4=4.69e+54 Lambda=6.52e+13 f=2.43e+27 n=3
BG_FUNC: a=9.65e-03 V_eV4=4.69e+54 kinetic_eV2=2.24e-01 V_Mpc2=2.64e-01 KE_Mpc2=1.26e-56 rho_final=2.64e-01
RIDDER DEBUG (adding to rho_tot): a=9.652718e-03, rho_ridder=2.638910e-01, rho_tot_before=1.793345e-02, rho_tot_after=2.818244e-01
V_RIDDER_RAW: a=4.30e-01 phi=2.92e+27 V_eV4=4.69e+54 Lambda=6.52e+13 f=2.43e+27 n=3
DDV_CHECK: call#=530000 a=4.30e-01 phi=2.92e+27 ddV_eV2=1.15e+01 (positive=1)
BG_FUNC: a=4.30e-01 V_eV4=4.69e+54 kinetic_eV2=2.82e-01 V_Mpc2=2.64e-01 KE_Mpc2=1.58e-56 rho_final=2.64e-01
RIDDER DEBUG (adding to rho_tot): a=4.300717e-01, rho_ridder=2.638910e-01, rho_tot_before=1.992606e-07, rho_tot_after=2.638912e-01
RIDDER_SHOOT iter=10  log10_Lambda=13.814  f_peak=0.10342  z_peak= 500.1  target=0.10000
BACKGROUND_SOLVE ENTERED: has_ridder=1 Lambda=6.48e+13
ABOUT TO INTEGRATE: bi_size=7 has_ridder=1 Lambda=6.48e+13
V_RIDDER_RAW: a=1.75e-13 phi=2.92e+27 V_eV4=4.57e+54 Lambda=6.48e+13 f=2.43e+27 n=3
BG_FUNC: a=1.75e-13 V_eV4=4.57e+54 kinetic_eV2=2.78e+02 V_Mpc2=2.57e-01 KE_Mpc2=1.56e-53 rho_final=2.57e-01
RIDDER DEBUG (adding to rho_tot): a=1.753602e-13, rho_ridder=2.568655e-01, rho_tot_before=2.909743e+39, rho_tot_after=2.909743e+39
V_RIDDER_RAW: a=7.75e-12 phi=2.92e+27 V_eV4=4.57e+54 Lambda=6.48e+13 f=2.43e+27 n=3
DDV_CHECK: call#=540000 a=7.75e-12 phi=2.92e+27 ddV_eV2=1.12e+01 (positive=1)
BG_FUNC: a=7.75e-12 V_eV4=4.57e+54 kinetic_eV2=3.73e-08 V_Mpc2=2.57e-01 KE_Mpc2=2.10e-63 rho_final=2.57e-01
RIDDER DEBUG (adding to rho_tot): a=7.750366e-12, rho_ridder=2.568655e-01, rho_tot_before=7.625883e+32, rho_tot_after=7.625883e+32
V_RIDDER_RAW: a=3.04e-10 phi=2.92e+27 V_eV4=4.57e+54 Lambda=6.48e+13 f=2.43e+27 n=3
BG_FUNC: a=3.04e-10 V_eV4=4.57e+54 kinetic_eV2=1.02e-17 V_Mpc2=2.57e-01 KE_Mpc2=5.75e-73 rho_final=2.57e-01
RIDDER DEBUG (adding to rho_tot): a=3.040269e-10, rho_ridder=2.568655e-01, rho_tot_before=3.220561e+26, rho_tot_after=3.220561e+26
V_RIDDER_RAW: a=1.10e-08 phi=2.92e+27 V_eV4=4.57e+54 Lambda=6.48e+13 f=2.43e+27 n=3
DDV_CHECK: call#=550000 a=1.10e-08 phi=2.92e+27 ddV_eV2=1.12e+01 (positive=1)
BG_FUNC: a=1.10e-08 V_eV4=4.57e+54 kinetic_eV2=8.19e-23 V_Mpc2=2.57e-01 KE_Mpc2=4.60e-78 rho_final=2.57e-01
RIDDER DEBUG (adding to rho_tot): a=1.102938e-08, rho_ridder=2.568655e-01, rho_tot_before=1.859527e+20, rho_tot_after=1.859527e+20
V_RIDDER_RAW: a=3.81e-07 phi=2.92e+27 V_eV4=4.57e+54 Lambda=6.48e+13 f=2.43e+27 n=3
BG_FUNC: a=3.81e-07 V_eV4=4.57e+54 kinetic_eV2=1.14e-16 V_Mpc2=2.57e-01 KE_Mpc2=6.43e-72 rho_final=2.57e-01
RIDDER DEBUG (adding to rho_tot): a=3.806182e-07, rho_ridder=2.568655e-01, rho_tot_before=1.313929e+14, rho_tot_after=1.313929e+14
V_RIDDER_RAW: a=1.16e-05 phi=2.92e+27 V_eV4=4.57e+54 Lambda=6.48e+13 f=2.43e+27 n=3
DDV_CHECK: call#=560000 a=1.16e-05 phi=2.92e+27 ddV_eV2=1.12e+01 (positive=1)
BG_FUNC: a=1.16e-05 V_eV4=4.57e+54 kinetic_eV2=9.69e-11 V_Mpc2=2.57e-01 KE_Mpc2=5.45e-66 rho_final=2.57e-01
RIDDER DEBUG (adding to rho_tot): a=1.163929e-05, rho_ridder=2.568655e-01, rho_tot_before=1.599727e+08, rho_tot_after=1.599727e+08
V_RIDDER_RAW: a=3.60e-04 phi=2.92e+27 V_eV4=4.57e+54 Lambda=6.48e+13 f=2.43e+27 n=3
BG_FUNC: a=3.60e-04 V_eV4=4.57e+54 kinetic_eV2=4.55e-05 V_Mpc2=2.57e-01 KE_Mpc2=2.56e-60 rho_final=2.57e-01
RIDDER DEBUG (adding to rho_tot): a=3.598824e-04, rho_ridder=2.568655e-01, rho_tot_before=5.039629e+02, rho_tot_after=5.042197e+02
DERIVS_ENTRY: call#=55000 has_ridder=1 Lambda=6.48e+13 a=7.92e-04
RIDDER DERIVS CALLED: call#=55000 a=7.92e-04 phi=2.92e+27 fluid_mode=0
FIELD_MODE: call#=55000 a=7.92e-04 fluid_mode=0
DERIVS: call#=55000 a=7.92e-04 phi=2.92e+27 phi'=-2.89e-05 dphi/dlna=-5.50e-03 dphi'/dlna=-7.66e-05 dV=1.13e+00 H=6.64e+00
RIDDER DEBUG (adding to rho_tot): a=9.966448e-04, rho_ridder=2.568655e-01, rho_tot_before=1.879349e+01, rho_tot_after=1.905036e+01
RIDDER DEBUG (adding to rho_tot): a=9.905466e-04, rho_ridder=2.568655e-01, rho_tot_before=1.916023e+01, rho_tot_after=1.941709e+01
RIDDER DEBUG (adding to rho_tot): a=9.913452e-04, rho_ridder=2.568655e-01, rho_tot_before=1.911166e+01, rho_tot_after=1.936853e+01
RIDDER DEBUG (adding to rho_tot): a=9.921445e-04, rho_ridder=2.568655e-01, rho_tot_before=1.906322e+01, rho_tot_after=1.932008e+01
RIDDER DEBUG (adding to rho_tot): a=9.929444e-04, rho_ridder=2.568655e-01, rho_tot_before=1.901490e+01, rho_tot_after=1.927177e+01
RIDDER DEBUG (adding to rho_tot): a=9.937449e-04, rho_ridder=2.568655e-01, rho_tot_before=1.896671e+01, rho_tot_after=1.922357e+01
RIDDER DEBUG (adding to rho_tot): a=9.945462e-04, rho_ridder=2.568655e-01, rho_tot_before=timeout: the monitored command dumped core
bash: line 40: 2094601 Segmentation fault      timeout 90 ./class /tmp/theta_scan_1.2.ini 2>&1
