DEBUG: Ridder field ENABLED. Lambda = 1.000000e+13
DEBUG: Ridder field ENABLED. Lambda = 1.000000e+13
BACKGROUND_INIT ENTERED: Lambda=1.00e+13
RIDDER DEBUG (background_init): has_ridder=1, Lambda_EDE_ridder=1.000000e+13, f_axion_ridder=2.435000e+27, theta_i_ridder=2.200000e+00, beta_ridder=0.000000e+00
BACKGROUND_SOLVE ENTERED: has_ridder=1 Lambda=1.00e+10
DDV_CHECK: call#=1 a=1.00e-14 phi=5.36e+27 ddV_eV2=2.99e-15 (positive=1)
ABOUT TO INTEGRATE: bi_size=7 has_ridder=1 Lambda=1.00e+10
DDV_CHECK: call#=2 a=1.00e-14 phi=5.36e+27 ddV_eV2=2.99e-15 (positive=1)
RIDDER DERIVS: First call! has_ridder=1 Lambda=1.00e+10 fluid_mode=0
RIDDER DERIVS CALLED: call#=1 a=1.00e-14 phi=5.36e+27 fluid_mode=0
CHECKPOINT_A: call#=1
CHECKPOINT_B: call#=1
CHECKPOINT_C: call#=1
CHECKPOINT_E: After switching block
CHECKPOINT_F: After debug block
PRE_IF: call#=1 fluid_mode=0 _FALSE_=0 condition=1
FIELD_MODE: call#=1 a=1.00e-14 fluid_mode=0
DERIVS: call#=1 a=1.00e-14 phi=5.36e+27 phi'=-3.88e-24 dphi/dlna=-1.80e-32 dphi'/dlna=7.77e-24 dV=3.44e-15 H=2.16e+22
DDV_CHECK: call#=3 a=1.00e-14 phi=5.36e+27 ddV_eV2=2.99e-15 (positive=1)
RIDDER DERIVS CALLED: call#=2 a=1.00e-14 phi=5.36e+27 fluid_mode=0
CHECKPOINT_A: call#=2
CHECKPOINT_B: call#=2
CHECKPOINT_C: call#=2
CHECKPOINT_E: After switching block
CHECKPOINT_F: After debug block
PRE_IF: call#=2 fluid_mode=0 _FALSE_=0 condition=1
FIELD_MODE: call#=2 a=1.00e-14 fluid_mode=0
DERIVS: call#=2 a=1.00e-14 phi=5.36e+27 phi'=-3.88e-24 dphi/dlna=-1.80e-32 dphi'/dlna=7.77e-24 dV=3.44e-15 H=2.16e+22
DDV_CHECK: call#=4 a=1.00e-14 phi=5.36e+27 ddV_eV2=2.99e-15 (positive=1)
RIDDER DERIVS CALLED: call#=3 a=1.00e-14 phi=5.36e+27 fluid_mode=0
CHECKPOINT_A: call#=3
CHECKPOINT_B: call#=3
CHECKPOINT_C: call#=3
CHECKPOINT_E: After switching block
CHECKPOINT_F: After debug block
PRE_IF: call#=3 fluid_mode=0 _FALSE_=0 condition=1
FIELD_MODE: call#=3 a=1.00e-14 fluid_mode=0
DERIVS: call#=3 a=1.00e-14 phi=5.36e+27 phi'=-3.88e-24 dphi/dlna=-1.80e-32 dphi'/dlna=7.77e-24 dV=3.44e-15 H=2.16e+22
DDV_CHECK: call#=5 a=1.00e-14 phi=5.36e+27 ddV_eV2=2.99e-15 (positive=1)
RIDDER DERIVS CALLED: call#=4 a=1.00e-14 phi=5.36e+27 fluid_mode=0
CHECKPOINT_A: call#=4
CHECKPOINT_B: call#=4
CHECKPOINT_C: call#=4
CHECKPOINT_E: After switching block
CHECKPOINT_F: After debug block
PRE_IF: call#=4 fluid_mode=0 _FALSE_=0 condition=1
FIELD_MODE: call#=4 a=1.00e-14 fluid_mode=0
DERIVS: call#=4 a=1.00e-14 phi=5.36e+27 phi'=1.10e-23 dphi/dlna=5.11e-32 dphi'/dlna=-2.20e-23 dV=3.44e-15 H=2.16e+22
DDV_CHECK: call#=6 a=1.00e-14 phi=5.36e+27 ddV_eV2=2.99e-15 (positive=1)
PRE_IF: call#=5 fluid_mode=0 _FALSE_=0 condition=1
FIELD_MODE: call#=5 a=1.00e-14 fluid_mode=0
DERIVS: call#=5 a=1.00e-14 phi=5.36e+27 phi'=-3.88e-24 dphi/dlna=-1.80e-32 dphi'/dlna=7.77e-24 dV=3.44e-15 H=2.16e+22
DDV_CHECK: call#=7 a=1.00e-14 phi=5.36e+27 ddV_eV2=2.99e-15 (positive=1)
PRE_IF: call#=6 fluid_mode=0 _FALSE_=0 condition=1
FIELD_MODE: call#=6 a=1.00e-14 fluid_mode=0
DERIVS: call#=6 a=1.00e-14 phi=5.36e+27 phi'=-3.88e-24 dphi/dlna=-1.80e-32 dphi'/dlna=7.77e-24 dV=3.44e-15 H=2.16e+22
DDV_CHECK: call#=8 a=1.00e-14 phi=5.36e+27 ddV_eV2=2.99e-15 (positive=1)
PRE_IF: call#=7 fluid_mode=0 _FALSE_=0 condition=1
FIELD_MODE: call#=7 a=1.00e-14 fluid_mode=0
DERIVS: call#=7 a=1.00e-14 phi=5.36e+27 phi'=-3.88e-24 dphi/dlna=-1.80e-32 dphi'/dlna=7.77e-24 dV=3.44e-15 H=2.16e+22
DDV_CHECK: call#=9 a=1.00e-14 phi=5.36e+27 ddV_eV2=2.99e-15 (positive=1)
PRE_IF: call#=8 fluid_mode=0 _FALSE_=0 condition=1
FIELD_MODE: call#=8 a=1.00e-14 fluid_mode=0
DERIVS: call#=8 a=1.00e-14 phi=5.36e+27 phi'=-3.88e-24 dphi/dlna=-1.80e-32 dphi'/dlna=7.77e-24 dV=3.44e-15 H=2.16e+22
PRE_IF: call#=9 fluid_mode=0 _FALSE_=0 condition=1
FIELD_MODE: call#=9 a=1.00e-14 fluid_mode=0
DERIVS: call#=9 a=1.00e-14 phi=5.36e+27 phi'=-3.88e-24 dphi/dlna=-1.80e-32 dphi'/dlna=7.77e-24 dV=3.44e-15 H=2.16e+22
V_RIDDER_RAW: a=4.65e-13 phi=5.36e+27 V_eV4=4.01e+40 Lambda=1.00e+10 f=2.43e+27 n=3
BG_FUNC: a=4.65e-13 V_eV4=4.01e+40 kinetic_eV2=7.50e-30 V_Mpc2=2.25e-15 KE_Mpc2=4.22e-85 rho_final=2.25e-15
RIDDER DEBUG (adding to rho_tot): a=4.646133e-13, rho_ridder=2.253426e-15, rho_tot_before=5.904898e+37, rho_tot_after=5.904898e+37
V_RIDDER_RAW: a=2.28e-11 phi=5.36e+27 V_eV4=4.01e+40 Lambda=1.00e+10 f=2.43e+27 n=3
DDV_CHECK: call#=10000 a=2.28e-11 phi=5.36e+27 ddV_eV2=2.99e-15 (positive=1)
BG_FUNC: a=2.28e-11 V_eV4=4.01e+40 kinetic_eV2=5.31e-40 V_Mpc2=2.25e-15 KE_Mpc2=2.99e-95 rho_final=2.25e-15
RIDDER DEBUG (adding to rho_tot): a=2.283936e-11, rho_ridder=2.253426e-15, rho_tot_before=1.011214e+31, rho_tot_after=1.011214e+31
V_RIDDER_RAW: a=8.77e-10 phi=5.36e+27 V_eV4=4.01e+40 Lambda=1.00e+10 f=2.43e+27 n=3
BG_FUNC: a=8.77e-10 V_eV4=4.01e+40 kinetic_eV2=1.66e-49 V_Mpc2=2.25e-15 KE_Mpc2=9.35e-105 rho_final=2.25e-15
RIDDER DEBUG (adding to rho_tot): a=8.766446e-10, rho_ridder=2.253426e-15, rho_tot_before=4.658939e+24, rho_tot_after=4.658939e+24
V_RIDDER_RAW: a=3.23e-08 phi=5.36e+27 V_eV4=4.01e+40 Lambda=1.00e+10 f=2.43e+27 n=3
DDV_CHECK: call#=20000 a=3.23e-08 phi=5.36e+27 ddV_eV2=2.99e-15 (positive=1)
BG_FUNC: a=3.23e-08 V_eV4=4.01e+40 kinetic_eV2=5.55e-50 V_Mpc2=2.25e-15 KE_Mpc2=3.12e-105 rho_final=2.25e-15
RIDDER DEBUG (adding to rho_tot): a=3.231936e-08, rho_ridder=2.253426e-15, rho_tot_before=2.522371e+18, rho_tot_after=2.522371e+18
V_RIDDER_RAW: a=1.21e-06 phi=5.36e+27 V_eV4=4.01e+40 Lambda=1.00e+10 f=2.43e+27 n=3
BG_FUNC: a=1.21e-06 V_eV4=4.01e+40 kinetic_eV2=1.08e-43 V_Mpc2=2.25e-15 KE_Mpc2=6.06e-99 rho_final=2.25e-15
RIDDER DEBUG (adding to rho_tot): a=1.207531e-06, rho_ridder=2.253426e-15, rho_tot_before=1.303152e+12, rho_tot_after=1.303152e+12
V_RIDDER_RAW: a=4.39e-05 phi=5.36e+27 V_eV4=4.01e+40 Lambda=1.00e+10 f=2.43e+27 n=3
DDV_CHECK: call#=30000 a=4.39e-05 phi=5.36e+27 ddV_eV2=2.99e-15 (positive=1)
BG_FUNC: a=4.39e-05 V_eV4=4.01e+40 kinetic_eV2=1.67e-37 V_Mpc2=2.25e-15 KE_Mpc2=9.41e-93 rho_final=2.25e-15
RIDDER DEBUG (adding to rho_tot): a=4.385722e-05, rho_ridder=2.253426e-15, rho_tot_before=9.315508e+05, rho_tot_after=9.315508e+05
RIDDER DEBUG (adding to rho_tot): a=9.944477e-04, rho_ridder=2.253426e-15, rho_tot_before=1.892453e+01, rho_tot_after=1.892453e+01
RIDDER DEBUG (adding to rho_tot): a=9.905466e-04, rho_ridder=2.253426e-15, rho_tot_before=1.916023e+01, rho_tot_after=1.916023e+01
RIDDER DEBUG (adding to rho_tot): a=9.913452e-04, rho_ridder=2.253426e-15, rho_tot_before=1.911166e+01, rho_tot_after=1.911166e+01
RIDDER DEBUG (adding to rho_tot): a=9.921445e-04, rho_ridder=2.253426e-15, rho_tot_before=1.906322e+01, rho_tot_after=1.906322e+01
RIDDER DEBUG (adding to rho_tot): a=9.929444e-04, rho_ridder=2.253426e-15, rho_tot_before=1.901490e+01, rho_tot_after=1.901490e+01
RIDDER DEBUG (adding to rho_tot): a=9.937449e-04, rho_ridder=2.253426e-15, rho_tot_before=1.896671e+01, rho_tot_after=1.896671e+01
RIDDER DEBUG (adding to rho_tot): a=9.945462e-04, rho_ridder=2.253426e-15, rho_tot_before=1.891864e+01, rho_tot_after=1.891864e+01
RIDDER DEBUG (adding to rho_tot): a=9.953480e-04, rho_ridder=2.253426e-15, rho_tot_before=1.887069e+01, rho_tot_after=1.887069e+01
RIDDER DEBUG (adding to rho_tot): a=9.961505e-04, rho_ridder=2.253426e-15, rho_tot_before=1.882287e+01, rho_tot_after=1.882287e+01
RIDDER DEBUG (adding to rho_tot): a=9.969536e-04, rho_ridder=2.253426e-15, rho_tot_before=1.877517e+01, rho_tot_after=1.877517e+01
RIDDER DEBUG (adding to rho_tot): a=9.977574e-04, rho_ridder=2.253426e-15, rho_tot_before=1.872759e+01, rho_tot_after=1.872759e+01
RIDDER DEBUG (adding to rho_tot): a=9.985619e-04, rho_ridder=2.253426e-15, rho_tot_before=1.868014e+01, rho_tot_after=1.868014e+01
RIDDER DEBUG (adding to rho_tot): a=9.993670e-04, rho_ridder=2.253426e-15, rho_tot_before=1.863280e+01, rho_tot_after=1.863280e+01
RIDDER DEBUG (adding to rho_tot): a=1.000173e-03, rho_ridder=2.253426e-15, rho_tot_before=1.858559e+01, rho_tot_after=1.858559e+01
RIDDER DEBUG (adding to rho_tot): a=1.000979e-03, rho_ridder=2.253426e-15, rho_tot_before=1.853850e+01, rho_tot_after=1.853850e+01
RIDDER DEBUG (adding to rho_tot): a=1.001786e-03, rho_ridder=2.253426e-15, rho_tot_before=1.849153e+01, rho_tot_after=1.849153e+01
RIDDER DEBUG (adding to rho_tot): a=1.002594e-03, rho_ridder=2.253426e-15, rho_tot_before=1.844468e+01, rho_tot_after=1.844468e+01
RIDDER DEBUG (adding to rho_tot): a=1.003402e-03, rho_ridder=2.253426e-15, rho_tot_before=1.839795e+01, rho_tot_after=1.839795e+01
RIDDER DEBUG (adding to rho_tot): a=1.004211e-03, rho_ridder=2.253426e-15, rho_tot_before=1.835134e+01, rho_tot_after=1.835134e+01
RIDDER DEBUG (adding to rho_tot): a=1.005021e-03, rho_ridder=2.253426e-15, rho_tot_before=1.830485e+01, rho_tot_after=1.830485e+01
RIDDER DEBUG (adding to rho_tot): a=1.005831e-03, rho_ridder=2.253426e-15, rho_tot_before=1.825848e+01, rho_tot_after=1.825848e+01
RIDDER DEBUG (adding to rho_tot): a=1.006642e-03, rho_ridder=2.253426e-15, rho_tot_before=1.821223e+01, rho_tot_after=1.821223e+01
RIDDER DEBUG (adding to rho_tot): a=1.007454e-03, rho_ridder=2.253426e-15, rho_tot_before=1.816609e+01, rho_tot_after=1.816609e+01
RIDDER DEBUG (adding to rho_tot): a=1.008266e-03, rho_ridder=2.253426e-15, rho_tot_before=1.812008e+01, rho_tot_after=1.812008e+01
RIDDER DEBUG (adding to rho_tot): a=1.009079e-03, rho_ridder=2.253426e-15, rho_tot_before=1.807418e+01, rho_tot_after=1.807418e+01
RIDDER DEBUG (adding to rho_tot): a=1.009892e-03, rho_ridder=2.253426e-15, rho_tot_before=1.802840e+01, rho_tot_after=1.802840e+01
V_RIDDER_RAW: a=1.82e-03 phi=5.36e+27 V_eV4=4.01e+40 Lambda=1.00e+10 f=2.43e+27 n=3
BG_FUNC: a=1.82e-03 V_eV4=4.01e+40 kinetic_eV2=9.16e-32 V_Mpc2=2.25e-15 KE_Mpc2=5.15e-87 rho_final=2.25e-15
RIDDER DEBUG (adding to rho_tot): a=1.815856e-03, rho_ridder=2.253426e-15, rho_tot_before=2.899286e+00, rho_tot_after=2.899286e+00
V_RIDDER_RAW: a=8.15e-02 phi=5.36e+27 V_eV4=4.01e+40 Lambda=1.00e+10 f=2.43e+27 n=3
DDV_CHECK: call#=40000 a=8.15e-02 phi=5.36e+27 ddV_eV2=2.99e-15 (positive=1)
BG_FUNC: a=8.15e-02 V_eV4=4.01e+40 kinetic_eV2=9.93e-27 V_Mpc2=2.25e-15 KE_Mpc2=5.58e-82 rho_final=2.25e-15
RIDDER DEBUG (adding to rho_tot): a=8.148137e-02, rho_ridder=2.253426e-15, rho_tot_before=2.935069e-05, rho_tot_after=2.935069e-05
BACKGROUND_SOLVE ENTERED: has_ridder=1 Lambda=1.00e+16
ABOUT TO INTEGRATE: bi_size=7 has_ridder=1 Lambda=1.00e+16
V_RIDDER_RAW: a=2.94e-14 phi=5.36e+27 V_eV4=4.01e+64 Lambda=1.00e+16 f=2.43e+27 n=3
BG_FUNC: a=2.94e-14 V_eV4=4.01e+64 kinetic_eV2=1.16e+26 V_Mpc2=2.25e+09 KE_Mpc2=6.51e-30 rho_final=2.25e+09
RIDDER DEBUG (adding to rho_tot): a=2.944501e-14, rho_ridder=2.253426e+09, rho_tot_before=3.660431e+42, rho_tot_after=3.660431e+42
V_RIDDER_RAW: a=1.30e-12 phi=5.36e+27 V_eV4=4.01e+64 Lambda=1.00e+16 f=2.43e+27 n=3
DDV_CHECK: call#=50000 a=1.30e-12 phi=5.36e+27 ddV_eV2=2.99e+09 (positive=1)
BG_FUNC: a=1.30e-12 V_eV4=4.01e+64 kinetic_eV2=1.55e+16 V_Mpc2=2.25e+09 KE_Mpc2=8.69e-40 rho_final=2.25e+09
RIDDER DEBUG (adding to rho_tot): a=1.302425e-12, rho_ridder=2.253426e+09, rho_tot_before=9.562415e+35, rho_tot_after=9.562415e+35
V_RIDDER_RAW: a=5.76e-11 phi=5.36e+27 V_eV4=4.01e+64 Lambda=1.00e+16 f=2.43e+27 n=3
BG_FUNC: a=5.76e-11 V_eV4=4.01e+64 kinetic_eV2=2.07e+06 V_Mpc2=2.25e+09 KE_Mpc2=1.17e-49 rho_final=2.25e+09
RIDDER DEBUG (adding to rho_tot): a=5.756308e-11, rho_ridder=2.253426e+09, rho_tot_before=2.506128e+29, rho_tot_after=2.506128e+29
V_RIDDER_RAW: a=2.54e-09 phi=5.36e+27 V_eV4=4.01e+64 Lambda=1.00e+16 f=2.43e+27 n=3
DDV_CHECK: call#=60000 a=2.54e-09 phi=5.36e+27 ddV_eV2=2.99e+09 (positive=1)
BG_FUNC: a=2.54e-09 V_eV4=4.01e+64 kinetic_eV2=3.29e-04 V_Mpc2=2.25e+09 KE_Mpc2=1.85e-59 rho_final=2.25e+09
RIDDER DEBUG (adding to rho_tot): a=2.544106e-09, rho_ridder=2.253426e+09, rho_tot_before=6.568177e+22, rho_tot_after=6.568177e+22
DERIVS_ENTRY: call#=5000 has_ridder=1 Lambda=1.00e+16 a=2.08e-08
RIDDER DERIVS CALLED: call#=5000 a=2.08e-08 phi=5.36e+27 fluid_mode=0
FIELD_MODE: call#=5000 a=2.08e-08 fluid_mode=0
DERIVS: call#=5000 a=2.08e-08 phi=5.36e+27 phi'=-2.85e-09 dphi/dlna=-2.74e-11 dphi'/dlna=-8.55e-09 dV=3.44e+09 H=5.01e+09
V_RIDDER_RAW: a=7.81e-08 phi=5.36e+27 V_eV4=4.01e+64 Lambda=1.00e+16 f=2.43e+27 n=3
BG_FUNC: a=7.81e-08 V_eV4=4.01e+64 kinetic_eV2=1.89e+00 V_Mpc2=2.25e+09 KE_Mpc2=1.06e-55 rho_final=2.25e+09
RIDDER DEBUG (adding to rho_tot): a=7.811282e-08, rho_ridder=2.253426e+09, rho_tot_before=7.394096e+16, rho_tot_after=7.394096e+16
V_RIDDER_RAW: a=2.35e-06 phi=5.36e+27 V_eV4=4.01e+64 Lambda=1.00e+16 f=2.43e+27 n=3
DDV_CHECK: call#=70000 a=2.35e-06 phi=5.36e+27 ddV_eV2=2.99e+09 (positive=1)
BG_FUNC: a=2.35e-06 V_eV4=4.01e+64 kinetic_eV2=1.53e+06 V_Mpc2=2.25e+09 KE_Mpc2=8.60e-50 rho_final=2.25e+09
RIDDER DEBUG (adding to rho_tot): a=2.350495e-06, rho_ridder=2.253426e+09, rho_tot_before=9.136515e+10, rho_tot_after=9.361858e+10
V_RIDDER_RAW: a=9.37e-05 phi=5.36e+27 V_eV4=4.01e+64 Lambda=1.00e+16 f=2.43e+27 n=3
BG_FUNC: a=9.37e-05 V_eV4=4.01e+64 kinetic_eV2=2.91e+08 V_Mpc2=2.25e+09 KE_Mpc2=1.64e-47 rho_final=2.25e+09
RIDDER DEBUG (adding to rho_tot): a=9.370209e-05, rho_ridder=2.253426e+09, rho_tot_before=5.495133e+04, rho_tot_after=2.253481e+09
RIDDER DEBUG (adding to rho_tot): a=9.932690e-04, rho_ridder=2.253426e+09, rho_tot_before=1.899534e+01, rho_tot_after=2.253426e+09
RIDDER DEBUG (adding to rho_tot): a=9.905466e-04, rho_ridder=2.253426e+09, rho_tot_before=1.916023e+01, rho_tot_after=2.253426e+09
RIDDER DEBUG (adding to rho_tot): a=9.913452e-04, rho_ridder=2.253426e+09, rho_tot_before=1.911166e+01, rho_tot_after=2.253426e+09
RIDDER DEBUG (adding to rho_tot): a=9.921445e-04, rho_ridder=2.253426e+09, rho_tot_before=1.906322e+01, rho_tot_after=2.253426e+09
RIDDER DEBUG (adding to rho_tot): a=9.929444e-04, rho_ridder=2.253426e+09, rho_tot_before=1.901490e+01, rho_tot_after=2.253426e+09
RIDDER DEBUG (adding to rho_tot): a=9.937449e-04, rho_ridder=2.253426e+09, rho_tot_before=1.896671e+01, rho_tot_after=2.253426e+09
RIDDER DEBUG (adding to rho_tot): a=9.945462e-04, rho_ridder=2.253426e+09, rho_tot_before=1.891864e+01, rho_tot_after=2.253426e+09
RIDDER DEBUG (adding to rho_tot): a=9.953480e-04, rho_ridder=2.253426e+09, rho_tot_before=1.887069e+01, rho_tot_after=2.253426e+09
RIDDER DEBUG (adding to rho_tot): a=9.961505e-04, rho_ridder=2.253426e+09, rho_tot_before=1.882287e+01, rho_tot_after=2.253426e+09
RIDDER DEBUG (adding to rho_tot): a=9.969536e-04, rho_ridder=2.253426e+09, rho_tot_before=1.877517e+01, rho_tot_after=2.253426e+09
RIDDER DEBUG (adding to rho_tot): a=9.977574e-04, rho_ridder=2.253426e+09, rho_tot_before=1.872759e+01, rho_tot_after=2.253426e+09
RIDDER DEBUG (adding to rho_tot): a=9.985619e-04, rho_ridder=2.253426e+09, rho_tot_before=1.868014e+01, rho_tot_after=2.253426e+09
RIDDER DEBUG (adding to rho_tot): a=9.993670e-04, rho_ridder=2.253426e+09, rho_tot_before=1.863280e+01, rho_tot_after=2.253426e+09
RIDDER DEBUG (adding to rho_tot): a=1.000173e-03, rho_ridder=2.253426e+09, rho_tot_before=1.858559e+01, rho_tot_after=2.253426e+09
RIDDER DEBUG (adding to rho_tot): a=1.000979e-03, rho_ridder=2.253426e+09, rho_tot_before=1.853850e+01, rho_tot_after=2.253426e+09
RIDDER DEBUG (adding to rho_tot): a=1.001786e-03, rho_ridder=2.253426e+09, rho_tot_before=1.849153e+01, rho_tot_after=2.253426e+09
RIDDER DEBUG (adding to rho_tot): a=1.002594e-03, rho_ridder=2.253426e+09, rho_tot_before=1.844468e+01, rho_tot_after=2.253426e+09
RIDDER DEBUG (adding to rho_tot): a=1.003402e-03, rho_ridder=2.253426e+09, rho_tot_before=1.839795e+01, rho_tot_after=2.253426e+09
RIDDER DEBUG (adding to rho_tot): a=1.004211e-03, rho_ridder=2.253426e+09, rho_tot_before=1.835134e+01, rho_tot_after=2.253426e+09
RIDDER DEBUG (adding to rho_tot): a=1.005021e-03, rho_ridder=2.253426e+09, rho_tot_before=1.830485e+01, rho_tot_after=2.253426e+09
RIDDER DEBUG (adding to rho_tot): a=1.005831e-03, rho_ridder=2.253426e+09, rho_tot_before=1.825848e+01, rho_tot_after=2.253426e+09
RIDDER DEBUG (adding to rho_tot): a=1.006642e-03, rho_ridder=2.253426e+09, rho_tot_before=1.821223e+01, rho_tot_after=2.253426e+09
RIDDER DEBUG (adding to rho_tot): a=1.007454e-03, rho_ridder=2.253426e+09, rho_tot_before=1.816609e+01, rho_tot_after=2.253426e+09
RIDDER DEBUG (adding to rho_tot): a=1.008266e-03, rho_ridder=2.253426e+09, rho_tot_before=1.812008e+01, rho_tot_after=2.253426e+09
RIDDER DEBUG (adding to rho_tot): a=1.009079e-03, rho_ridder=2.253426e+09, rho_tot_before=1.807418e+01, rho_tot_after=2.253426e+09
RIDDER DEBUG (adding to rho_tot): a=1.009892e-03, rho_ridder=2.253426e+09, rho_tot_before=1.802840e+01, rho_tot_after=2.253426e+09
V_RIDDER_RAW: a=4.63e-03 phi=5.36e+27 V_eV4=4.01e+64 Lambda=1.00e+16 f=2.43e+27 n=3
DDV_CHECK: call#=80000 a=4.63e-03 phi=5.36e+27 ddV_eV2=2.99e+09 (positive=1)
BG_FUNC: a=4.63e-03 V_eV4=4.01e+64 kinetic_eV2=2.92e+08 V_Mpc2=2.25e+09 KE_Mpc2=1.64e-47 rho_final=2.25e+09
RIDDER DEBUG (adding to rho_tot): a=4.628515e-03, rho_ridder=2.253426e+09, rho_tot_before=1.657831e-01, rho_tot_after=2.253426e+09
V_RIDDER_RAW: a=2.29e-01 phi=5.36e+27 V_eV4=4.01e+64 Lambda=1.00e+16 f=2.43e+27 n=3
BG_FUNC: a=2.29e-01 V_eV4=4.01e+64 kinetic_eV2=2.92e+08 V_Mpc2=2.25e+09 KE_Mpc2=1.64e-47 rho_final=2.25e+09
RIDDER DEBUG (adding to rho_tot): a=2.289992e-01, rho_ridder=2.253426e+09, rho_tot_before=1.320371e-06, rho_tot_after=2.253426e+09
BACKGROUND_SOLVE ENTERED: has_ridder=1 Lambda=1.00e+13
ABOUT TO INTEGRATE: bi_size=7 has_ridder=1 Lambda=1.00e+13
V_RIDDER_RAW: a=9.50e-14 phi=5.36e+27 V_eV4=4.01e+52 Lambda=1.00e+13 f=2.43e+27 n=3
DDV_CHECK: call#=90000 a=9.50e-14 phi=5.36e+27 ddV_eV2=2.99e-03 (positive=1)
BG_FUNC: a=9.50e-14 V_eV4=4.01e+52 kinetic_eV2=1.02e-01 V_Mpc2=2.25e-03 KE_Mpc2=5.75e-57 rho_final=2.25e-03
RIDDER DEBUG (adding to rho_tot): a=9.504394e-14, rho_ridder=2.253426e-03, rho_tot_before=3.371951e+40, rho_tot_after=3.371951e+40
V_RIDDER_RAW: a=4.17e-12 phi=5.36e+27 V_eV4=4.01e+52 Lambda=1.00e+13 f=2.43e+27 n=3
BG_FUNC: a=4.17e-12 V_eV4=4.01e+52 kinetic_eV2=1.44e-11 V_Mpc2=2.25e-03 KE_Mpc2=8.10e-67 rho_final=2.25e-03
RIDDER DEBUG (adding to rho_tot): a=4.166923e-12, rho_ridder=2.253426e-03, rho_tot_before=9.126770e+33, rho_tot_after=9.126770e+33
V_RIDDER_RAW: a=1.81e-10 phi=5.36e+27 V_eV4=4.01e+52 Lambda=1.00e+13 f=2.43e+27 n=3
DDV_CHECK: call#=100000 a=1.81e-10 phi=5.36e+27 ddV_eV2=2.99e-03 (positive=1)
BG_FUNC: a=1.81e-10 V_eV4=4.01e+52 kinetic_eV2=2.17e-21 V_Mpc2=2.25e-03 KE_Mpc2=1.22e-76 rho_final=2.25e-03
RIDDER DEBUG (adding to rho_tot): a=1.806369e-10, rho_ridder=2.253426e-03, rho_tot_before=2.584365e+27, rho_tot_after=2.584365e+27
V_RIDDER_RAW: a=6.65e-09 phi=5.36e+27 V_eV4=4.01e+52 Lambda=1.00e+13 f=2.43e+27 n=3
BG_FUNC: a=6.65e-09 V_eV4=4.01e+52 kinetic_eV2=1.19e-28 V_Mpc2=2.25e-03 KE_Mpc2=6.69e-84 rho_final=2.25e-03
RIDDER DEBUG (adding to rho_tot): a=6.648835e-09, rho_ridder=2.253426e-03, rho_tot_before=1.408035e+21, rho_tot_after=1.408035e+21
V_RIDDER_RAW: a=2.48e-07 phi=5.36e+27 V_eV4=4.01e+52 Lambda=1.00e+13 f=2.43e+27 n=3
DDV_CHECK: call#=110000 a=2.48e-07 phi=5.36e+27 ddV_eV2=2.99e-03 (positive=1)
BG_FUNC: a=2.48e-07 V_eV4=4.01e+52 kinetic_eV2=1.92e-22 V_Mpc2=2.25e-03 KE_Mpc2=1.08e-77 rho_final=2.25e-03
RIDDER DEBUG (adding to rho_tot): a=2.480279e-07, rho_ridder=2.253426e-03, rho_tot_before=7.281091e+14, rho_tot_after=7.281091e+14
V_RIDDER_RAW: a=8.18e-06 phi=5.36e+27 V_eV4=4.01e+52 Lambda=1.00e+13 f=2.43e+27 n=3
BG_FUNC: a=8.18e-06 V_eV4=4.01e+52 kinetic_eV2=2.23e-16 V_Mpc2=2.25e-03 KE_Mpc2=1.25e-71 rho_final=2.25e-03
RIDDER DEBUG (adding to rho_tot): a=8.183278e-06, rho_ridder=2.253426e-03, rho_tot_before=6.424906e+08, rho_tot_after=6.424906e+08
DERIVS_ENTRY: call#=10000 has_ridder=1 Lambda=1.00e+13 a=7.12e-05
RIDDER DERIVS CALLED: call#=10000 a=7.12e-05 phi=5.36e+27 fluid_mode=0
FIELD_MODE: call#=10000 a=7.12e-05 fluid_mode=0
DERIVS: call#=10000 a=7.12e-05 phi=5.36e+27 phi'=-1.05e-10 dphi/dlna=-3.11e-09 dphi'/dlna=-3.07e-10 dV=3.44e-03 H=4.74e+02
V_RIDDER_RAW: a=2.56e-04 phi=5.36e+27 V_eV4=4.01e+52 Lambda=1.00e+13 f=2.43e+27 n=3
DDV_CHECK: call#=120000 a=2.56e-04 phi=5.36e+27 ddV_eV2=2.99e-03 (positive=1)
BG_FUNC: a=2.56e-04 V_eV4=4.01e+52 kinetic_eV2=1.28e-10 V_Mpc2=2.25e-03 KE_Mpc2=7.19e-66 rho_final=2.25e-03
RIDDER DEBUG (adding to rho_tot): a=2.564034e-04, rho_ridder=2.253426e-03, rho_tot_before=1.576559e+03, rho_tot_after=1.576561e+03
RIDDER DEBUG (adding to rho_tot): a=9.969280e-04, rho_ridder=2.253426e-03, rho_tot_before=1.877669e+01, rho_tot_after=1.877894e+01
RIDDER DEBUG (adding to rho_tot): a=9.969280e-04, rho_ridder=2.253426e-03, rho_tot_before=1.877669e+01, rho_tot_after=1.877894e+01
RIDDER DEBUG (adding to rho_tot): a=9.905466e-04, rho_ridder=2.253426e-03, rho_tot_before=1.916023e+01, rho_tot_after=1.916248e+01
RIDDER DEBUG (adding to rho_tot): a=9.913452e-04, rho_ridder=2.253426e-03, rho_tot_before=1.911166e+01, rho_tot_after=1.911391e+01
RIDDER DEBUG (adding to rho_tot): a=9.921445e-04, rho_ridder=2.253426e-03, rho_tot_before=1.906322e+01, rho_tot_after=1.906547e+01
RIDDER DEBUG (adding to rho_tot): a=9.929444e-04, rho_ridder=2.253426e-03, rho_tot_before=1.901490e+01, rho_tot_after=1.901716e+01
RIDDER DEBUG (adding to rho_tot): a=9.937449e-04, rho_ridder=2.253426e-03, rho_tot_before=1.896671e+01, rho_tot_after=1.896896e+01
RIDDER DEBUG (adding to rho_tot): a=9.945462e-04, rho_ridder=2.253426e-03, rho_tot_before=1.891864e+01, rho_tot_after=1.892089e+01
RIDDER DEBUG (adding to rho_tot): a=9.953480e-04, rho_ridder=2.253426e-03, rho_tot_before=1.887069e+01, rho_tot_after=1.887295e+01
RIDDER DEBUG (adding to rho_tot): a=9.961505e-04, rho_ridder=2.253426e-03, rho_tot_before=1.882287e+01, rho_tot_after=1.882512e+01
RIDDER DEBUG (adding to rho_tot): a=1.006497e-03, rho_ridder=2.253426e-03, rho_tot_before=1.822048e+01, rho_tot_after=1.822273e+01
RIDDER DEBUG (adding to rho_tot): a=1.006497e-03, rho_ridder=2.253426e-03, rho_tot_before=1.822048e+01, rho_tot_after=1.822273e+01
RIDDER DEBUG (adding to rho_tot): a=9.969536e-04, rho_ridder=2.253426e-03, rho_tot_before=1.877517e+01, rho_tot_after=1.877742e+01
RIDDER DEBUG (adding to rho_tot): a=9.977574e-04, rho_ridder=2.253426e-03, rho_tot_before=1.872759e+01, rho_tot_after=1.872985e+01
RIDDER DEBUG (adding to rho_tot): a=9.985619e-04, rho_ridder=2.253426e-03, rho_tot_before=1.868014e+01, rho_tot_after=1.868239e+01
RIDDER DEBUG (adding to rho_tot): a=9.993670e-04, rho_ridder=2.253426e-03, rho_tot_before=1.863280e+01, rho_tot_after=1.863506e+01
RIDDER DEBUG (adding to rho_tot): a=1.000173e-03, rho_ridder=2.253426e-03, rho_tot_before=1.858559e+01, rho_tot_after=1.858784e+01
RIDDER DEBUG (adding to rho_tot): a=1.000979e-03, rho_ridder=2.253426e-03, rho_tot_before=1.853850e+01, rho_tot_after=1.854075e+01
RIDDER DEBUG (adding to rho_tot): a=1.001786e-03, rho_ridder=2.253426e-03, rho_tot_before=1.849153e+01, rho_tot_after=1.849378e+01
RIDDER DEBUG (adding to rho_tot): a=1.002594e-03, rho_ridder=2.253426e-03, rho_tot_before=1.844468e+01, rho_tot_after=1.844693e+01
RIDDER DEBUG (adding to rho_tot): a=1.003402e-03, rho_ridder=2.253426e-03, rho_tot_before=1.839795e+01, rho_tot_after=1.840020e+01
RIDDER DEBUG (adding to rho_tot): a=1.004211e-03, rho_ridder=2.253426e-03, rho_tot_before=1.835134e+01, rho_tot_after=1.835359e+01
RIDDER DEBUG (adding to rho_tot): a=1.005021e-03, rho_ridder=2.253426e-03, rho_tot_before=1.830485e+01, rho_tot_after=1.830710e+01
RIDDER DEBUG (adding to rho_tot): a=1.005831e-03, rho_ridder=2.253426e-03, rho_tot_before=1.825848e+01, rho_tot_after=1.826073e+01
RIDDER DEBUG (adding to rho_tot): a=1.006642e-03, rho_ridder=2.253426e-03, rho_tot_before=1.821223e+01, rho_tot_after=1.821448e+01
RIDDER DEBUG (adding to rho_tot): a=1.007454e-03, rho_ridder=2.253426e-03, rho_tot_before=1.816609e+01, rho_tot_after=1.816835e+01
RIDDER DEBUG (adding to rho_tot): a=1.008266e-03, rho_ridder=2.253426e-03, rho_tot_before=1.812008e+01, rho_tot_after=1.812233e+01
RIDDER DEBUG (adding to rho_tot): a=1.009079e-03, rho_ridder=2.253426e-03, rho_tot_before=1.807418e+01, rho_tot_after=1.807643e+01
RIDDER DEBUG (adding to rho_tot): a=1.009892e-03, rho_ridder=2.253426e-03, rho_tot_before=1.802840e+01, rho_tot_after=1.803065e+01
V_RIDDER_RAW: a=8.64e-03 phi=5.36e+27 V_eV4=4.01e+52 Lambda=1.00e+13 f=2.43e+27 n=3
BG_FUNC: a=8.64e-03 V_eV4=4.01e+52 kinetic_eV2=1.08e-05 V_Mpc2=2.25e-03 KE_Mpc2=6.08e-61 rho_final=2.25e-03
RIDDER DEBUG (adding to rho_tot): a=8.636711e-03, rho_ridder=2.253426e-03, rho_tot_before=2.508819e-02, rho_tot_after=2.734162e-02
V_RIDDER_RAW: a=3.56e-01 phi=5.36e+27 V_eV4=4.01e+52 Lambda=1.00e+13 f=2.43e+27 n=3
DDV_CHECK: call#=130000 a=3.56e-01 phi=5.36e+27 ddV_eV2=2.99e-03 (positive=1)
BG_FUNC: a=3.56e-01 V_eV4=4.01e+52 kinetic_eV2=2.91e-04 V_Mpc2=2.25e-03 KE_Mpc2=1.64e-59 rho_final=2.25e-03
RIDDER DEBUG (adding to rho_tot): a=3.561548e-01, rho_ridder=2.253426e-03, rho_tot_before=3.508843e-07, rho_tot_after=2.253777e-03
RIDDER_SHOOT iter= 1  log10_Lambda=13.000  f_peak=0.00098  z_peak= 500.1  target=0.10000
BACKGROUND_SOLVE ENTERED: has_ridder=1 Lambda=3.16e+14
ABOUT TO INTEGRATE: bi_size=7 has_ridder=1 Lambda=3.16e+14
V_RIDDER_RAW: a=1.41e-13 phi=5.36e+27 V_eV4=4.01e+58 Lambda=3.16e+14 f=2.43e+27 n=3
BG_FUNC: a=1.41e-13 V_eV4=4.01e+58 kinetic_eV2=9.57e+09 V_Mpc2=2.25e+03 KE_Mpc2=5.38e-46 rho_final=2.25e+03
RIDDER DEBUG (adding to rho_tot): a=1.410681e-13, rho_ridder=2.253426e+03, rho_tot_before=6.948069e+39, rho_tot_after=6.948069e+39
V_RIDDER_RAW: a=6.23e-12 phi=5.36e+27 V_eV4=4.01e+58 Lambda=3.16e+14 f=2.43e+27 n=3
DDV_CHECK: call#=140000 a=6.23e-12 phi=5.36e+27 ddV_eV2=2.99e+03 (positive=1)
BG_FUNC: a=6.23e-12 V_eV4=4.01e+58 kinetic_eV2=1.28e+00 V_Mpc2=2.25e+03 KE_Mpc2=7.22e-56 rho_final=2.25e+03
RIDDER DEBUG (adding to rho_tot): a=6.234762e-12, rho_ridder=2.253426e+03, rho_tot_before=1.820957e+33, rho_tot_after=1.820957e+33
V_RIDDER_RAW: a=2.76e-10 phi=5.36e+27 V_eV4=4.01e+58 Lambda=3.16e+14 f=2.43e+27 n=3
BG_FUNC: a=2.76e-10 V_eV4=4.01e+58 kinetic_eV2=1.72e-10 V_Mpc2=2.25e+03 KE_Mpc2=9.68e-66 rho_final=2.25e+03
RIDDER DEBUG (adding to rho_tot): a=2.755567e-10, rho_ridder=2.253426e+03, rho_tot_before=4.772388e+26, rho_tot_after=4.772388e+26
V_RIDDER_RAW: a=1.19e-08 phi=5.36e+27 V_eV4=4.01e+58 Lambda=3.16e+14 f=2.43e+27 n=3
DDV_CHECK: call#=150000 a=1.19e-08 phi=5.36e+27 ddV_eV2=2.99e+03 (positive=1)
BG_FUNC: a=1.19e-08 V_eV4=4.01e+58 kinetic_eV2=1.02e-15 V_Mpc2=2.25e+03 KE_Mpc2=5.73e-71 rho_final=2.25e+03
RIDDER DEBUG (adding to rho_tot): a=1.186866e-08, rho_ridder=2.253426e+03, rho_tot_before=1.386760e+20, rho_tot_after=1.386760e+20
V_RIDDER_RAW: a=3.57e-07 phi=5.36e+27 V_eV4=4.01e+58 Lambda=3.16e+14 f=2.43e+27 n=3
BG_FUNC: a=3.57e-07 V_eV4=4.01e+58 kinetic_eV2=8.22e-10 V_Mpc2=2.25e+03 KE_Mpc2=4.62e-65 rho_final=2.25e+03
RIDDER DEBUG (adding to rho_tot): a=3.565651e-07, rho_ridder=2.253426e+03, rho_tot_before=1.705747e+14, rho_tot_after=1.705747e+14
V_RIDDER_RAW: a=1.08e-05 phi=5.36e+27 V_eV4=4.01e+58 Lambda=3.16e+14 f=2.43e+27 n=3
DDV_CHECK: call#=160000 a=1.08e-05 phi=5.36e+27 ddV_eV2=2.99e+03 (positive=1)
BG_FUNC: a=1.08e-05 V_eV4=4.01e+58 kinetic_eV2=6.74e-04 V_Mpc2=2.25e+03 KE_Mpc2=3.79e-59 rho_final=2.25e+03
RIDDER DEBUG (adding to rho_tot): a=1.080867e-05, rho_ridder=2.253426e+03, rho_tot_before=2.141472e+08, rho_tot_after=2.141494e+08
V_RIDDER_RAW: a=3.66e-04 phi=5.36e+27 V_eV4=4.01e+58 Lambda=3.16e+14 f=2.43e+27 n=3
BG_FUNC: a=3.66e-04 V_eV4=4.01e+58 kinetic_eV2=1.54e+02 V_Mpc2=2.25e+03 KE_Mpc2=8.65e-54 rho_final=2.25e+03
RIDDER DEBUG (adding to rho_tot): a=3.661121e-04, rho_ridder=2.253426e+03, rho_tot_before=4.760210e+02, rho_tot_after=2.729447e+03
RIDDER DEBUG (adding to rho_tot): a=1.008205e-03, rho_ridder=2.253426e+03, rho_tot_before=1.812354e+01, rho_tot_after=2.271550e+03
RIDDER DEBUG (adding to rho_tot): a=1.008205e-03, rho_ridder=2.253426e+03, rho_tot_before=1.812354e+01, rho_tot_after=2.271550e+03
RIDDER DEBUG (adding to rho_tot): a=9.905466e-04, rho_ridder=2.253426e+03, rho_tot_before=1.916023e+01, rho_tot_after=2.272587e+03
RIDDER DEBUG (adding to rho_tot): a=9.913452e-04, rho_ridder=2.253426e+03, rho_tot_before=1.911166e+01, rho_tot_after=2.272538e+03
RIDDER DEBUG (adding to rho_tot): a=9.921445e-04, rho_ridder=2.253426e+03, rho_tot_before=1.906322e+01, rho_tot_after=2.272490e+03
RIDDER DEBUG (adding to rho_tot): a=9.929444e-04, rho_ridder=2.253426e+03, rho_tot_before=1.901490e+01, rho_tot_after=2.272441e+03
RIDDER DEBUG (adding to rho_tot): a=9.937449e-04, rho_ridder=2.253426e+03, rho_tot_before=1.896671e+01, rho_tot_after=2.272393e+03
RIDDER DEBUG (adding to rho_tot): a=9.945462e-04, rho_ridder=2.253426e+03, rho_tot_before=1.891864e+01, rho_tot_after=2.272345e+03
RIDDER DEBUG (adding to rho_tot): a=9.953480e-04, rho_ridder=2.253426e+03, rho_tot_before=1.887069e+01, rho_tot_after=2.272297e+03
RIDDER DEBUG (adding to rho_tot): a=9.961505e-04, rho_ridder=2.253426e+03, rho_tot_before=1.882287e+01, rho_tot_after=2.272249e+03
RIDDER DEBUG (adding to rho_tot): a=9.969536e-04, rho_ridder=2.253426e+03, rho_tot_before=1.877517e+01, rho_tot_after=2.272202e+03
RIDDER DEBUG (adding to rho_tot): a=9.977574e-04, rho_ridder=2.253426e+03, rho_tot_before=1.872759e+01, rho_tot_after=2.272154e+03
RIDDER DEBUG (adding to rho_tot): a=9.985619e-04, rho_ridder=2.253426e+03, rho_tot_before=1.868014e+01, rho_tot_after=2.272107e+03
RIDDER DEBUG (adding to rho_tot): a=9.993670e-04, rho_ridder=2.253426e+03, rho_tot_before=1.863280e+01, rho_tot_after=2.272059e+03
RIDDER DEBUG (adding to rho_tot): a=1.000173e-03, rho_ridder=2.253426e+03, rho_tot_before=1.858559e+01, rho_tot_after=2.272012e+03
RIDDER DEBUG (adding to rho_tot): a=1.000979e-03, rho_ridder=2.253426e+03, rho_tot_before=1.853850e+01, rho_tot_after=2.271965e+03
RIDDER DEBUG (adding to rho_tot): a=1.001786e-03, rho_ridder=2.253426e+03, rho_tot_before=1.849153e+01, rho_tot_after=2.271918e+03
RIDDER DEBUG (adding to rho_tot): a=1.002594e-03, rho_ridder=2.253426e+03, rho_tot_before=1.844468e+01, rho_tot_after=2.271871e+03
RIDDER DEBUG (adding to rho_tot): a=1.003402e-03, rho_ridder=2.253426e+03, rho_tot_before=1.839795e+01, rho_tot_after=2.271824e+03
RIDDER DEBUG (adding to rho_tot): a=1.004211e-03, rho_ridder=2.253426e+03, rho_tot_before=1.835134e+01, rho_tot_after=2.271778e+03
RIDDER DEBUG (adding to rho_tot): a=1.005021e-03, rho_ridder=2.253426e+03, rho_tot_before=1.830485e+01, rho_tot_after=2.271731e+03
RIDDER DEBUG (adding to rho_tot): a=1.005831e-03, rho_ridder=2.253426e+03, rho_tot_before=1.825848e+01, rho_tot_after=2.271685e+03
RIDDER DEBUG (adding to rho_tot): a=1.006642e-03, rho_ridder=2.253426e+03, rho_tot_before=1.821223e+01, rho_tot_after=2.271639e+03
RIDDER DEBUG (adding to rho_tot): a=1.007454e-03, rho_ridder=2.253426e+03, rho_tot_before=1.816609e+01, rho_tot_after=2.271593e+03
RIDDER DEBUG (adding to rho_tot): a=1.008266e-03, rho_ridder=2.253426e+03, rho_tot_before=1.812008e+01, rho_tot_after=2.271547e+03
RIDDER DEBUG (adding to rho_tot): a=1.009079e-03, rho_ridder=2.253426e+03, rho_tot_before=1.807418e+01, rho_tot_after=2.271501e+03
RIDDER DEBUG (adding to rho_tot): a=1.009892e-03, rho_ridder=2.253426e+03, rho_tot_before=1.802840e+01, rho_tot_after=2.271455e+03
DERIVS_ENTRY: call#=15000 has_ridder=1 Lambda=3.16e+14 a=8.07e-03
RIDDER DERIVS CALLED: call#=15000 a=8.07e-03 phi=5.36e+27 fluid_mode=0
FIELD_MODE: call#=15000 a=8.07e-03 fluid_mode=0
DERIVS: call#=15000 a=8.07e-03 phi=5.36e+27 phi'=-1.95e-01 dphi/dlna=-5.09e-01 dphi'/dlna=-1.95e-01 dV=3.44e+03 H=4.75e+01
V_RIDDER_RAW: a=1.77e-02 phi=5.36e+27 V_eV4=4.01e+58 Lambda=3.16e+14 f=2.43e+27 n=3
DDV_CHECK: call#=170000 a=1.77e-02 phi=5.36e+27 ddV_eV2=2.99e+03 (positive=1)
BG_FUNC: a=1.77e-02 V_eV4=4.01e+58 kinetic_eV2=2.92e+02 V_Mpc2=2.25e+03 KE_Mpc2=1.64e-53 rho_final=2.25e+03
RIDDER DEBUG (adding to rho_tot): a=1.768441e-02, rho_ridder=2.253426e+03, rho_tot_before=2.892950e-03, rho_tot_after=2.253429e+03
V_RIDDER_RAW: a=8.53e-01 phi=5.36e+27 V_eV4=4.01e+58 Lambda=3.16e+14 f=2.43e+27 n=3
BG_FUNC: a=8.53e-01 V_eV4=4.01e+58 kinetic_eV2=2.92e+02 V_Mpc2=2.25e+03 KE_Mpc2=1.64e-53 rho_final=2.25e+03
RIDDER DEBUG (adding to rho_tot): a=8.531949e-01, rho_ridder=2.253426e+03, rho_tot_before=2.551597e-08, rho_tot_after=2.253426e+03
RIDDER_SHOOT iter= 2  log10_Lambda=14.500  f_peak=0.99899  z_peak= 500.1  target=0.10000
BACKGROUND_SOLVE ENTERED: has_ridder=1 Lambda=5.62e+13
ABOUT TO INTEGRATE: bi_size=7 has_ridder=1 Lambda=5.62e+13
V_RIDDER_RAW: a=3.41e-13 phi=5.36e+27 V_eV4=4.01e+55 Lambda=5.62e+13 f=2.43e+27 n=3
DDV_CHECK: call#=180000 a=3.41e-13 phi=5.36e+27 ddV_eV2=2.99e+00 (positive=1)
BG_FUNC: a=3.41e-13 V_eV4=4.01e+55 kinetic_eV2=4.80e+01 V_Mpc2=2.25e+00 KE_Mpc2=2.70e-54 rho_final=2.25e+00
RIDDER DEBUG (adding to rho_tot): a=3.409481e-13, rho_ridder=2.253426e+00, rho_tot_before=2.036225e+38, rho_tot_after=2.036225e+38
V_RIDDER_RAW: a=1.53e-11 phi=5.36e+27 V_eV4=4.01e+55 Lambda=5.62e+13 f=2.43e+27 n=3
BG_FUNC: a=1.53e-11 V_eV4=4.01e+55 kinetic_eV2=5.94e-09 V_Mpc2=2.25e+00 KE_Mpc2=3.34e-64 rho_final=2.25e+00
RIDDER DEBUG (adding to rho_tot): a=1.527227e-11, rho_ridder=2.253426e+00, rho_tot_before=5.057836e+31, rho_tot_after=5.057836e+31
V_RIDDER_RAW: a=5.78e-10 phi=5.36e+27 V_eV4=4.01e+55 Lambda=5.62e+13 f=2.43e+27 n=3
DDV_CHECK: call#=190000 a=5.78e-10 phi=5.36e+27 ddV_eV2=2.99e+00 (positive=1)
BG_FUNC: a=5.78e-10 V_eV4=4.01e+55 kinetic_eV2=2.02e-18 V_Mpc2=2.25e+00 KE_Mpc2=1.14e-73 rho_final=2.25e+00
RIDDER DEBUG (adding to rho_tot): a=5.779218e-10, rho_ridder=2.253426e+00, rho_tot_before=2.466632e+25, rho_tot_after=2.466632e+25
V_RIDDER_RAW: a=2.18e-08 phi=5.36e+27 V_eV4=4.01e+55 Lambda=5.62e+13 f=2.43e+27 n=3
BG_FUNC: a=2.18e-08 V_eV4=4.01e+55 kinetic_eV2=1.16e-20 V_Mpc2=2.25e+00 KE_Mpc2=6.50e-76 rho_final=2.25e+00
RIDDER DEBUG (adding to rho_tot): a=2.182773e-08, rho_ridder=2.253426e+00, rho_tot_before=1.212271e+19, rho_tot_after=1.212271e+19
V_RIDDER_RAW: a=7.10e-07 phi=5.36e+27 V_eV4=4.01e+55 Lambda=5.62e+13 f=2.43e+27 n=3
DDV_CHECK: call#=200000 a=7.10e-07 phi=5.36e+27 ddV_eV2=2.99e+00 (positive=1)
BG_FUNC: a=7.10e-07 V_eV4=4.01e+55 kinetic_eV2=1.29e-14 V_Mpc2=2.25e+00 KE_Mpc2=7.24e-70 rho_final=2.25e+00
RIDDER DEBUG (adding to rho_tot): a=7.096534e-07, rho_ridder=2.253426e+00, rho_tot_before=1.089344e+13, rho_tot_after=1.089344e+13
V_RIDDER_RAW: a=2.09e-05 phi=5.36e+27 V_eV4=4.01e+55 Lambda=5.62e+13 f=2.43e+27 n=3
BG_FUNC: a=2.09e-05 V_eV4=4.01e+55 kinetic_eV2=9.18e-09 V_Mpc2=2.25e+00 KE_Mpc2=5.16e-64 rho_final=2.25e+00
RIDDER DEBUG (adding to rho_tot): a=2.091140e-05, rho_ridder=2.253426e+00, rho_tot_before=1.612223e+07, rho_tot_after=1.612223e+07
V_RIDDER_RAW: a=6.50e-04 phi=5.36e+27 V_eV4=4.01e+55 Lambda=5.62e+13 f=2.43e+27 n=3
DDV_CHECK: call#=210000 a=6.50e-04 phi=5.36e+27 ddV_eV2=2.99e+00 (positive=1)
BG_FUNC: a=6.50e-04 V_eV4=4.01e+55 kinetic_eV2=3.17e-03 V_Mpc2=2.25e+00 KE_Mpc2=1.78e-58 rho_final=2.25e+00
RIDDER DEBUG (adding to rho_tot): a=6.498608e-04, rho_ridder=2.253426e+00, rho_tot_before=7.315839e+01, rho_tot_after=7.541181e+01
RIDDER DEBUG (adding to rho_tot): a=9.908111e-04, rho_ridder=2.253426e+00, rho_tot_before=1.914412e+01, rho_tot_after=2.139755e+01
RIDDER DEBUG (adding to rho_tot): a=9.905466e-04, rho_ridder=2.253426e+00, rho_tot_before=1.916023e+01, rho_tot_after=2.141365e+01
RIDDER DEBUG (adding to rho_tot): a=1.001973e-03, rho_ridder=2.253426e+00, rho_tot_before=1.848065e+01, rho_tot_after=2.073408e+01
RIDDER DEBUG (adding to rho_tot): a=9.913452e-04, rho_ridder=2.253426e+00, rho_tot_before=1.911166e+01, rho_tot_after=2.136509e+01
RIDDER DEBUG (adding to rho_tot): a=9.921445e-04, rho_ridder=2.253426e+00, rho_tot_before=1.906322e+01, rho_tot_after=2.131665e+01
RIDDER DEBUG (adding to rho_tot): a=9.929444e-04, rho_ridder=2.253426e+00, rho_tot_before=1.901490e+01, rho_tot_after=2.126833e+01
RIDDER DEBUG (adding to rho_tot): a=9.937449e-04, rho_ridder=2.253426e+00, rho_tot_before=1.896671e+01, rho_tot_after=2.122014e+01
RIDDER DEBUG (adding to rho_tot): a=9.945462e-04, rho_ridder=2.253426e+00, rho_tot_before=1.891864e+01, rho_tot_after=2.117207e+01
RIDDER DEBUG (adding to rho_tot): a=9.953480e-04, rho_ridder=2.253426e+00, rho_tot_before=1.887069e+01, rho_tot_after=2.112412e+01
RIDDER DEBUG (adding to rho_tot): a=9.961505e-04, rho_ridder=2.253426e+00, rho_tot_before=1.882287e+01, rho_tot_after=2.107630e+01
RIDDER DEBUG (adding to rho_tot): a=9.969536e-04, rho_ridder=2.253426e+00, rho_tot_before=1.877517e+01, rho_tot_after=2.102860e+01
RIDDER DEBUG (adding to rho_tot): a=9.977574e-04, rho_ridder=2.253426e+00, rho_tot_before=1.872759e+01, rho_tot_after=2.098102e+01
RIDDER DEBUG (adding to rho_tot): a=9.985619e-04, rho_ridder=2.253426e+00, rho_tot_before=1.868014e+01, rho_tot_after=2.093356e+01
RIDDER DEBUG (adding to rho_tot): a=9.993670e-04, rho_ridder=2.253426e+00, rho_tot_before=1.863280e+01, rho_tot_after=2.088623e+01
RIDDER DEBUG (adding to rho_tot): a=1.000173e-03, rho_ridder=2.253426e+00, rho_tot_before=1.858559e+01, rho_tot_after=2.083902e+01
RIDDER DEBUG (adding to rho_tot): a=1.000979e-03, rho_ridder=2.253426e+00, rho_tot_before=1.853850e+01, rho_tot_after=2.079193e+01
RIDDER DEBUG (adding to rho_tot): a=1.001786e-03, rho_ridder=2.253426e+00, rho_tot_before=1.849153e+01, rho_tot_after=2.074496e+01
RIDDER DEBUG (adding to rho_tot): a=1.002594e-03, rho_ridder=2.253426e+00, rho_tot_before=1.844468e+01, rho_tot_after=2.069811e+01
RIDDER DEBUG (adding to rho_tot): a=1.003402e-03, rho_ridder=2.253426e+00, rho_tot_before=1.839795e+01, rho_tot_after=2.065138e+01
RIDDER DEBUG (adding to rho_tot): a=1.004211e-03, rho_ridder=2.253426e+00, rho_tot_before=1.835134e+01, rho_tot_after=2.060477e+01
RIDDER DEBUG (adding to rho_tot): a=1.005021e-03, rho_ridder=2.253426e+00, rho_tot_before=1.830485e+01, rho_tot_after=2.055828e+01
RIDDER DEBUG (adding to rho_tot): a=1.005831e-03, rho_ridder=2.253426e+00, rho_tot_before=1.825848e+01, rho_tot_after=2.051190e+01
RIDDER DEBUG (adding to rho_tot): a=1.006642e-03, rho_ridder=2.253426e+00, rho_tot_before=1.821223e+01, rho_tot_after=2.046565e+01
RIDDER DEBUG (adding to rho_tot): a=1.007454e-03, rho_ridder=2.253426e+00, rho_tot_before=1.816609e+01, rho_tot_after=2.041952e+01
RIDDER DEBUG (adding to rho_tot): a=1.008266e-03, rho_ridder=2.253426e+00, rho_tot_before=1.812008e+01, rho_tot_after=2.037350e+01
RIDDER DEBUG (adding to rho_tot): a=1.009079e-03, rho_ridder=2.253426e+00, rho_tot_before=1.807418e+01, rho_tot_after=2.032761e+01
RIDDER DEBUG (adding to rho_tot): a=1.009892e-03, rho_ridder=2.253426e+00, rho_tot_before=1.802840e+01, rho_tot_after=2.028183e+01
V_RIDDER_RAW: a=2.88e-02 phi=5.36e+27 V_eV4=4.01e+55 Lambda=5.62e+13 f=2.43e+27 n=3
BG_FUNC: a=2.88e-02 V_eV4=4.01e+55 kinetic_eV2=2.91e-01 V_Mpc2=2.25e+00 KE_Mpc2=1.64e-56 rho_final=2.25e+00
RIDDER DEBUG (adding to rho_tot): a=2.884992e-02, rho_ridder=2.253426e+00, rho_tot_before=6.638059e-04, rho_tot_after=2.254090e+00
RIDDER_SHOOT iter= 3  log10_Lambda=13.750  f_peak=0.49622  z_peak= 500.1  target=0.10000
BACKGROUND_SOLVE ENTERED: has_ridder=1 Lambda=2.37e+13
ABOUT TO INTEGRATE: bi_size=7 has_ridder=1 Lambda=2.37e+13
V_RIDDER_RAW: a=1.24e-14 phi=5.36e+27 V_eV4=1.27e+54 Lambda=2.37e+13 f=2.43e+27 n=3
DDV_CHECK: call#=220000 a=1.24e-14 phi=5.36e+27 ddV_eV2=9.47e-02 (positive=1)
BG_FUNC: a=1.24e-14 V_eV4=1.27e+54 kinetic_eV2=2.09e+07 V_Mpc2=7.13e-02 KE_Mpc2=1.18e-48 rho_final=7.13e-02
RIDDER DEBUG (adding to rho_tot): a=1.238090e-14, rho_ridder=7.125960e-02, rho_tot_before=1.171035e+44, rho_tot_after=1.171035e+44
DERIVS_ENTRY: call#=20000 has_ridder=1 Lambda=2.37e+13 a=2.48e-13
RIDDER DERIVS CALLED: call#=20000 a=2.48e-13 phi=5.36e+27 fluid_mode=0
FIELD_MODE: call#=20000 a=2.48e-13 fluid_mode=0
DERIVS: call#=20000 a=2.48e-13 phi=5.36e+27 phi'=-2.00e-13 dphi/dlna=-2.30e-20 dphi'/dlna=4.00e-13 dV=1.09e-01 H=3.52e+19
V_RIDDER_RAW: a=5.32e-13 phi=5.36e+27 V_eV4=1.27e+54 Lambda=2.37e+13 f=2.43e+27 n=3
BG_FUNC: a=5.32e-13 V_eV4=1.27e+54 kinetic_eV2=3.31e-03 V_Mpc2=7.13e-02 KE_Mpc2=1.86e-58 rho_final=7.13e-02
RIDDER DEBUG (adding to rho_tot): a=5.324063e-13, rho_ridder=7.125960e-02, rho_tot_before=3.424573e+37, rho_tot_after=3.424573e+37
V_RIDDER_RAW: a=2.33e-11 phi=5.36e+27 V_eV4=1.27e+54 Lambda=2.37e+13 f=2.43e+27 n=3
DDV_CHECK: call#=230000 a=2.33e-11 phi=5.36e+27 ddV_eV2=9.47e-02 (positive=1)
BG_FUNC: a=2.33e-11 V_eV4=1.27e+54 kinetic_eV2=4.75e-13 V_Mpc2=7.13e-02 KE_Mpc2=2.67e-68 rho_final=7.13e-02
RIDDER DEBUG (adding to rho_tot): a=2.326667e-11, rho_ridder=7.125960e-02, rho_tot_before=9.389500e+30, rho_tot_after=9.389500e+30
V_RIDDER_RAW: a=9.02e-10 phi=5.36e+27 V_eV4=1.27e+54 Lambda=2.37e+13 f=2.43e+27 n=3
BG_FUNC: a=9.02e-10 V_eV4=1.27e+54 kinetic_eV2=1.41e-22 V_Mpc2=7.13e-02 KE_Mpc2=7.90e-78 rho_final=7.13e-02
RIDDER DEBUG (adding to rho_tot): a=9.015705e-10, rho_ridder=7.125960e-02, rho_tot_before=4.164689e+24, rho_tot_after=4.164689e+24
V_RIDDER_RAW: a=3.25e-08 phi=5.36e+27 V_eV4=1.27e+54 Lambda=2.37e+13 f=2.43e+27 n=3
DDV_CHECK: call#=240000 a=3.25e-08 phi=5.36e+27 ddV_eV2=9.47e-02 (positive=1)
BG_FUNC: a=3.25e-08 V_eV4=1.27e+54 kinetic_eV2=5.66e-23 V_Mpc2=7.13e-02 KE_Mpc2=3.18e-78 rho_final=7.13e-02
RIDDER DEBUG (adding to rho_tot): a=3.247602e-08, rho_ridder=7.125960e-02, rho_tot_before=2.474054e+18, rho_tot_after=2.474054e+18
V_RIDDER_RAW: a=1.11e-06 phi=5.36e+27 V_eV4=1.27e+54 Lambda=2.37e+13 f=2.43e+27 n=3
BG_FUNC: a=1.11e-06 V_eV4=1.27e+54 kinetic_eV2=7.75e-17 V_Mpc2=7.13e-02 KE_Mpc2=4.36e-72 rho_final=7.13e-02
RIDDER DEBUG (adding to rho_tot): a=1.111735e-06, rho_ridder=7.125960e-02, rho_tot_before=1.812783e+12, rho_tot_after=1.812783e+12
V_RIDDER_RAW: a=3.44e-05 phi=5.36e+27 V_eV4=1.27e+54 Lambda=2.37e+13 f=2.43e+27 n=3
DDV_CHECK: call#=250000 a=3.44e-05 phi=5.36e+27 ddV_eV2=9.47e-02 (positive=1)
BG_FUNC: a=3.44e-05 V_eV4=1.27e+54 kinetic_eV2=6.48e-11 V_Mpc2=7.13e-02 KE_Mpc2=3.64e-66 rho_final=7.13e-02
RIDDER DEBUG (adding to rho_tot): a=3.438258e-05, rho_ridder=7.125960e-02, rho_tot_before=2.358718e+06, rho_tot_after=2.358718e+06
RIDDER DEBUG (adding to rho_tot): a=9.918156e-04, rho_ridder=7.125960e-02, rho_tot_before=1.908313e+01, rho_tot_after=1.915439e+01
RIDDER DEBUG (adding to rho_tot): a=9.918156e-04, rho_ridder=7.125960e-02, rho_tot_before=1.908313e+01, rho_tot_after=1.915439e+01
RIDDER DEBUG (adding to rho_tot): a=9.905466e-04, rho_ridder=7.125960e-02, rho_tot_before=1.916023e+01, rho_tot_after=1.923149e+01
RIDDER DEBUG (adding to rho_tot): a=9.913452e-04, rho_ridder=7.125960e-02, rho_tot_before=1.911166e+01, rho_tot_after=1.918292e+01
RIDDER DEBUG (adding to rho_tot): a=1.001503e-03, rho_ridder=7.125960e-02, rho_tot_before=1.850799e+01, rho_tot_after=1.857925e+01
RIDDER DEBUG (adding to rho_tot): a=1.001503e-03, rho_ridder=7.125960e-02, rho_tot_before=1.850799e+01, rho_tot_after=1.857925e+01
RIDDER DEBUG (adding to rho_tot): a=9.921445e-04, rho_ridder=7.125960e-02, rho_tot_before=1.906322e+01, rho_tot_after=1.913448e+01
RIDDER DEBUG (adding to rho_tot): a=9.929444e-04, rho_ridder=7.125960e-02, rho_tot_before=1.901490e+01, rho_tot_after=1.908616e+01
RIDDER DEBUG (adding to rho_tot): a=9.937449e-04, rho_ridder=7.125960e-02, rho_tot_before=1.896671e+01, rho_tot_after=1.903797e+01
RIDDER DEBUG (adding to rho_tot): a=9.945462e-04, rho_ridder=7.125960e-02, rho_tot_before=1.891864e+01, rho_tot_after=1.898990e+01
RIDDER DEBUG (adding to rho_tot): a=9.953480e-04, rho_ridder=7.125960e-02, rho_tot_before=1.887069e+01, rho_tot_after=1.894195e+01
RIDDER DEBUG (adding to rho_tot): a=9.961505e-04, rho_ridder=7.125960e-02, rho_tot_before=1.882287e+01, rho_tot_after=1.889413e+01
RIDDER DEBUG (adding to rho_tot): a=9.969536e-04, rho_ridder=7.125960e-02, rho_tot_before=1.877517e+01, rho_tot_after=1.884643e+01
RIDDER DEBUG (adding to rho_tot): a=9.977574e-04, rho_ridder=7.125960e-02, rho_tot_before=1.872759e+01, rho_tot_after=1.879885e+01
RIDDER DEBUG (adding to rho_tot): a=9.985619e-04, rho_ridder=7.125960e-02, rho_tot_before=1.868014e+01, rho_tot_after=1.875140e+01
RIDDER DEBUG (adding to rho_tot): a=9.993670e-04, rho_ridder=7.125960e-02, rho_tot_before=1.863280e+01, rho_tot_after=1.870406e+01
RIDDER DEBUG (adding to rho_tot): a=1.000173e-03, rho_ridder=7.125960e-02, rho_tot_before=1.858559e+01, rho_tot_after=1.865685e+01
RIDDER DEBUG (adding to rho_tot): a=1.000979e-03, rho_ridder=7.125960e-02, rho_tot_before=1.853850e+01, rho_tot_after=1.860976e+01
RIDDER DEBUG (adding to rho_tot): a=1.001786e-03, rho_ridder=7.125960e-02, rho_tot_before=1.849153e+01, rho_tot_after=1.856279e+01
RIDDER DEBUG (adding to rho_tot): a=1.002594e-03, rho_ridder=7.125960e-02, rho_tot_before=1.844468e+01, rho_tot_after=1.851594e+01
RIDDER DEBUG (adding to rho_tot): a=1.003402e-03, rho_ridder=7.125960e-02, rho_tot_before=1.839795e+01, rho_tot_after=1.846921e+01
RIDDER DEBUG (adding to rho_tot): a=1.004211e-03, rho_ridder=7.125960e-02, rho_tot_before=1.835134e+01, rho_tot_after=1.842260e+01
RIDDER DEBUG (adding to rho_tot): a=1.005021e-03, rho_ridder=7.125960e-02, rho_tot_before=1.830485e+01, rho_tot_after=1.837611e+01
RIDDER DEBUG (adding to rho_tot): a=1.005831e-03, rho_ridder=7.125960e-02, rho_tot_before=1.825848e+01, rho_tot_after=1.832974e+01
RIDDER DEBUG (adding to rho_tot): a=1.006642e-03, rho_ridder=7.125960e-02, rho_tot_before=1.821223e+01, rho_tot_after=1.828349e+01
RIDDER DEBUG (adding to rho_tot): a=1.007454e-03, rho_ridder=7.125960e-02, rho_tot_before=1.816609e+01, rho_tot_after=1.823735e+01
RIDDER DEBUG (adding to rho_tot): a=1.008266e-03, rho_ridder=7.125960e-02, rho_tot_before=1.812008e+01, rho_tot_after=1.819134e+01
RIDDER DEBUG (adding to rho_tot): a=1.009079e-03, rho_ridder=7.125960e-02, rho_tot_before=1.807418e+01, rho_tot_after=1.814544e+01
RIDDER DEBUG (adding to rho_tot): a=1.009892e-03, rho_ridder=7.125960e-02, rho_tot_before=1.802840e+01, rho_tot_after=1.809966e+01
V_RIDDER_RAW: a=1.07e-03 phi=5.36e+27 V_eV4=1.27e+54 Lambda=2.37e+13 f=2.43e+27 n=3
BG_FUNC: a=1.07e-03 V_eV4=1.27e+54 kinetic_eV2=1.66e-05 V_Mpc2=7.13e-02 KE_Mpc2=9.36e-61 rho_final=7.13e-02
RIDDER DEBUG (adding to rho_tot): a=1.068503e-03, rho_ridder=7.125960e-02, rho_tot_before=1.509892e+01, rho_tot_after=1.517018e+01
V_RIDDER_RAW: a=4.44e-02 phi=5.36e+27 V_eV4=1.27e+54 Lambda=2.37e+13 f=2.43e+27 n=3
DDV_CHECK: call#=260000 a=4.44e-02 phi=5.36e+27 ddV_eV2=9.47e-02 (positive=1)
BG_FUNC: a=4.44e-02 V_eV4=1.27e+54 kinetic_eV2=9.08e-03 V_Mpc2=7.13e-02 KE_Mpc2=5.10e-58 rho_final=7.13e-02
RIDDER DEBUG (adding to rho_tot): a=4.441874e-02, rho_ridder=7.125960e-02, rho_tot_before=1.814950e-04, rho_tot_after=7.144110e-02
RIDDER_SHOOT iter= 4  log10_Lambda=13.375  f_peak=0.03021  z_peak= 500.1  target=0.10000
BACKGROUND_SOLVE ENTERED: has_ridder=1 Lambda=3.65e+13
ABOUT TO INTEGRATE: bi_size=7 has_ridder=1 Lambda=3.65e+13
V_RIDDER_RAW: a=1.84e-14 phi=5.36e+27 V_eV4=7.13e+54 Lambda=3.65e+13 f=2.43e+27 n=3
BG_FUNC: a=1.84e-14 V_eV4=7.13e+54 kinetic_eV2=6.14e+07 V_Mpc2=4.01e-01 KE_Mpc2=3.45e-48 rho_final=4.01e-01
RIDDER DEBUG (adding to rho_tot): a=1.840466e-14, rho_ridder=4.007222e-01, rho_tot_before=2.398101e+43, rho_tot_after=2.398101e+43
V_RIDDER_RAW: a=8.00e-13 phi=5.36e+27 V_eV4=7.13e+54 Lambda=3.65e+13 f=2.43e+27 n=3
DDV_CHECK: call#=270000 a=8.00e-13 phi=5.36e+27 ddV_eV2=5.32e-01 (positive=1)
BG_FUNC: a=8.00e-13 V_eV4=7.13e+54 kinetic_eV2=9.07e-03 V_Mpc2=4.01e-01 KE_Mpc2=5.10e-58 rho_final=4.01e-01
RIDDER DEBUG (adding to rho_tot): a=8.004747e-13, rho_ridder=4.007222e-01, rho_tot_before=6.701758e+36, rho_tot_after=6.701758e+36
V_RIDDER_RAW: a=3.52e-11 phi=5.36e+27 V_eV4=7.13e+54 Lambda=3.65e+13 f=2.43e+27 n=3
BG_FUNC: a=3.52e-11 V_eV4=7.13e+54 kinetic_eV2=1.26e-12 V_Mpc2=4.01e-01 KE_Mpc2=7.11e-68 rho_final=4.01e-01
RIDDER DEBUG (adding to rho_tot): a=3.515260e-11, rho_ridder=4.007222e-01, rho_tot_before=1.801977e+30, rho_tot_after=1.801977e+30
DERIVS_ENTRY: call#=25000 has_ridder=1 Lambda=3.65e+13 a=1.86e-10
RIDDER DERIVS CALLED: call#=25000 a=1.86e-10 phi=5.36e+27 fluid_mode=0
FIELD_MODE: call#=25000 a=1.86e-10 fluid_mode=0
DERIVS: call#=25000 a=1.86e-10 phi=5.36e+27 phi'=-1.99e-18 dphi/dlna=-1.72e-22 dphi'/dlna=3.98e-18 dV=6.12e-01 H=6.21e+13
V_RIDDER_RAW: a=1.56e-09 phi=5.36e+27 V_eV4=7.13e+54 Lambda=3.65e+13 f=2.43e+27 n=3
DDV_CHECK: call#=280000 a=1.56e-09 phi=5.36e+27 ddV_eV2=5.32e-01 (positive=1)
BG_FUNC: a=1.56e-09 V_eV4=7.13e+54 kinetic_eV2=1.66e-22 V_Mpc2=4.01e-01 KE_Mpc2=9.32e-78 rho_final=4.01e-01
RIDDER DEBUG (adding to rho_tot): a=1.563615e-09, rho_ridder=4.007222e-01, rho_tot_before=4.603239e+23, rho_tot_after=4.603239e+23
V_RIDDER_RAW: a=7.07e-08 phi=5.36e+27 V_eV4=7.13e+54 Lambda=3.65e+13 f=2.43e+27 n=3
BG_FUNC: a=7.07e-08 V_eV4=7.13e+54 kinetic_eV2=4.03e-20 V_Mpc2=4.01e-01 KE_Mpc2=2.26e-75 rho_final=4.01e-01
RIDDER DEBUG (adding to rho_tot): a=7.074101e-08, rho_ridder=4.007222e-01, rho_tot_before=1.099185e+17, rho_tot_after=1.099185e+17
V_RIDDER_RAW: a=2.38e-06 phi=5.36e+27 V_eV4=7.13e+54 Lambda=3.65e+13 f=2.43e+27 n=3
DDV_CHECK: call#=290000 a=2.38e-06 phi=5.36e+27 ddV_eV2=5.32e-01 (positive=1)
BG_FUNC: a=2.38e-06 V_eV4=7.13e+54 kinetic_eV2=5.17e-14 V_Mpc2=4.01e-01 KE_Mpc2=2.91e-69 rho_final=4.01e-01
RIDDER DEBUG (adding to rho_tot): a=2.384841e-06, rho_ridder=4.007222e-01, rho_tot_before=8.623125e+10, rho_tot_after=8.623125e+10
V_RIDDER_RAW: a=7.56e-05 phi=5.36e+27 V_eV4=7.13e+54 Lambda=3.65e+13 f=2.43e+27 n=3
BG_FUNC: a=7.56e-05 V_eV4=7.13e+54 kinetic_eV2=4.32e-08 V_Mpc2=4.01e-01 KE_Mpc2=2.43e-63 rho_final=4.01e-01
RIDDER DEBUG (adding to rho_tot): a=7.556087e-05, rho_ridder=4.007222e-01, rho_tot_before=1.211358e+05, rho_tot_after=1.211362e+05
RIDDER DEBUG (adding to rho_tot): a=9.998498e-04, rho_ridder=4.007222e-01, rho_tot_before=1.860449e+01, rho_tot_after=1.900521e+01
RIDDER DEBUG (adding to rho_tot): a=9.905466e-04, rho_ridder=4.007222e-01, rho_tot_before=1.916023e+01, rho_tot_after=1.956095e+01
RIDDER DEBUG (adding to rho_tot): a=9.913452e-04, rho_ridder=4.007222e-01, rho_tot_before=1.911166e+01, rho_tot_after=1.951238e+01
RIDDER DEBUG (adding to rho_tot): a=9.921445e-04, rho_ridder=4.007222e-01, rho_tot_before=1.906322e+01, rho_tot_after=1.946394e+01
RIDDER DEBUG (adding to rho_tot): a=9.929444e-04, rho_ridder=4.007222e-01, rho_tot_before=1.901490e+01, rho_tot_after=1.941562e+01
RIDDER DEBUG (adding to rho_tot): a=9.937449e-04, rho_ridder=4.007222e-01, rho_tot_before=1.896671e+01, rho_tot_after=1.936743e+01
RIDDER DEBUG (adding to rho_tot): a=9.945462e-04, rho_ridder=4.007222e-01, rho_tot_before=1.891864e+01, rho_tot_after=1.931936e+01
RIDDER DEBUG (adding to rho_tot): a=9.953480e-04, rho_ridder=4.007222e-01, rho_tot_before=1.887069e+01, rho_tot_after=1.927142e+01
RIDDER DEBUG (adding to rho_tot): a=9.961505e-04, rho_ridder=4.007222e-01, rho_tot_before=1.882287e+01, rho_tot_after=1.922359e+01
RIDDER DEBUG (adding to rho_tot): a=9.969536e-04, rho_ridder=4.007222e-01, rho_tot_before=1.877517e+01, rho_tot_after=1.917589e+01
RIDDER DEBUG (adding to rho_tot): a=9.977574e-04, rho_ridder=4.007222e-01, rho_tot_before=1.872759e+01, rho_tot_after=1.912831e+01
RIDDER DEBUG (adding to rho_tot): a=9.985619e-04, rho_ridder=4.007222e-01, rho_tot_before=1.868014e+01, rho_tot_after=1.908086e+01
RIDDER DEBUG (adding to rho_tot): a=9.993670e-04, rho_ridder=4.007222e-01, rho_tot_before=1.863280e+01, rho_tot_after=1.903353e+01
RIDDER DEBUG (adding to rho_tot): a=1.000173e-03, rho_ridder=4.007222e-01, rho_tot_before=1.858559e+01, rho_tot_after=1.898631e+01
RIDDER DEBUG (adding to rho_tot): a=1.000979e-03, rho_ridder=4.007222e-01, rho_tot_before=1.853850e+01, rho_tot_after=1.893922e+01
RIDDER DEBUG (adding to rho_tot): a=1.001786e-03, rho_ridder=4.007222e-01, rho_tot_before=1.849153e+01, rho_tot_after=1.889225e+01
RIDDER DEBUG (adding to rho_tot): a=1.002594e-03, rho_ridder=4.007222e-01, rho_tot_before=1.844468e+01, rho_tot_after=1.884540e+01
RIDDER DEBUG (adding to rho_tot): a=1.003402e-03, rho_ridder=4.007222e-01, rho_tot_before=1.839795e+01, rho_tot_after=1.879867e+01
RIDDER DEBUG (adding to rho_tot): a=1.004211e-03, rho_ridder=4.007222e-01, rho_tot_before=1.835134e+01, rho_tot_after=1.875206e+01
RIDDER DEBUG (adding to rho_tot): a=1.005021e-03, rho_ridder=4.007222e-01, rho_tot_before=1.830485e+01, rho_tot_after=1.870557e+01
RIDDER DEBUG (adding to rho_tot): a=1.005831e-03, rho_ridder=4.007222e-01, rho_tot_before=1.825848e+01, rho_tot_after=1.865920e+01
RIDDER DEBUG (adding to rho_tot): a=1.006642e-03, rho_ridder=4.007222e-01, rho_tot_before=1.821223e+01, rho_tot_after=1.861295e+01
RIDDER DEBUG (adding to rho_tot): a=1.007454e-03, rho_ridder=4.007222e-01, rho_tot_before=1.816609e+01, rho_tot_after=1.856681e+01
RIDDER DEBUG (adding to rho_tot): a=1.008266e-03, rho_ridder=4.007222e-01, rho_tot_before=1.812008e+01, rho_tot_after=1.852080e+01
RIDDER DEBUG (adding to rho_tot): a=1.009079e-03, rho_ridder=4.007222e-01, rho_tot_before=1.807418e+01, rho_tot_after=1.847490e+01
RIDDER DEBUG (adding to rho_tot): a=1.009892e-03, rho_ridder=4.007222e-01, rho_tot_before=1.802840e+01, rho_tot_after=1.842912e+01
V_RIDDER_RAW: a=2.65e-03 phi=5.36e+27 V_eV4=7.13e+54 Lambda=3.65e+13 f=2.43e+27 n=3
DDV_CHECK: call#=300000 a=2.65e-03 phi=5.36e+27 ddV_eV2=5.32e-01 (positive=1)
BG_FUNC: a=2.65e-03 V_eV4=7.13e+54 kinetic_eV2=7.68e-03 V_Mpc2=4.01e-01 KE_Mpc2=4.31e-58 rho_final=4.01e-01
RIDDER DEBUG (adding to rho_tot): a=2.654212e-03, rho_ridder=4.007222e-01, rho_tot_before=9.027897e-01, rho_tot_after=1.303512e+00
V_RIDDER_RAW: a=1.17e-01 phi=5.36e+27 V_eV4=7.13e+54 Lambda=3.65e+13 f=2.43e+27 n=3
BG_FUNC: a=1.17e-01 V_eV4=7.13e+54 kinetic_eV2=5.19e-02 V_Mpc2=4.01e-01 KE_Mpc2=2.92e-57 rho_final=4.01e-01
RIDDER DEBUG (adding to rho_tot): a=1.167419e-01, rho_ridder=4.007222e-01, rho_tot_before=9.973190e-06, rho_tot_after=4.007322e-01
RIDDER_SHOOT iter= 5  log10_Lambda=13.562  f_peak=0.14905  z_peak= 500.1  target=0.10000
BACKGROUND_SOLVE ENTERED: has_ridder=1 Lambda=2.94e+13
ABOUT TO INTEGRATE: bi_size=7 has_ridder=1 Lambda=2.94e+13
V_RIDDER_RAW: a=4.81e-14 phi=5.36e+27 V_eV4=3.01e+54 Lambda=2.94e+13 f=2.43e+27 n=3
DDV_CHECK: call#=310000 a=4.81e-14 phi=5.36e+27 ddV_eV2=2.25e-01 (positive=1)
BG_FUNC: a=4.81e-14 V_eV4=3.01e+54 kinetic_eV2=3.41e+04 V_Mpc2=1.69e-01 KE_Mpc2=1.92e-51 rho_final=1.69e-01
RIDDER DEBUG (adding to rho_tot): a=4.814122e-14, rho_ridder=1.689831e-01, rho_tot_before=5.122840e+41, rho_tot_after=5.122840e+41
V_RIDDER_RAW: a=2.13e-12 phi=5.36e+27 V_eV4=3.01e+54 Lambda=2.94e+13 f=2.43e+27 n=3
BG_FUNC: a=2.13e-12 V_eV4=3.01e+54 kinetic_eV2=4.57e-06 V_Mpc2=1.69e-01 KE_Mpc2=2.57e-61 rho_final=1.69e-01
RIDDER DEBUG (adding to rho_tot): a=2.127689e-12, rho_ridder=1.689831e-01, rho_tot_before=1.342599e+35, rho_tot_after=1.342599e+35
V_RIDDER_RAW: a=9.09e-11 phi=5.36e+27 V_eV4=3.01e+54 Lambda=2.94e+13 f=2.43e+27 n=3
DDV_CHECK: call#=320000 a=9.09e-11 phi=5.36e+27 ddV_eV2=2.25e-01 (positive=1)
BG_FUNC: a=9.09e-11 V_eV4=3.01e+54 kinetic_eV2=7.51e-16 V_Mpc2=1.69e-01 KE_Mpc2=4.22e-71 rho_final=1.69e-01
RIDDER DEBUG (adding to rho_tot): a=9.090734e-11, rho_ridder=1.689831e-01, rho_tot_before=4.028872e+28, rho_tot_after=4.028872e+28
V_RIDDER_RAW: a=3.22e-09 phi=5.36e+27 V_eV4=3.01e+54 Lambda=2.94e+13 f=2.43e+27 n=3
BG_FUNC: a=3.22e-09 V_eV4=3.01e+54 kinetic_eV2=6.28e-25 V_Mpc2=1.69e-01 KE_Mpc2=3.53e-80 rho_final=1.69e-01
RIDDER DEBUG (adding to rho_tot): a=3.219124e-09, rho_ridder=1.689831e-01, rho_tot_before=2.562338e+22, rho_tot_after=2.562338e+22
V_RIDDER_RAW: a=1.14e-07 phi=5.36e+27 V_eV4=3.01e+54 Lambda=2.94e+13 f=2.43e+27 n=3
DDV_CHECK: call#=330000 a=1.14e-07 phi=5.36e+27 ddV_eV2=2.25e-01 (positive=1)
BG_FUNC: a=1.14e-07 V_eV4=3.01e+54 kinetic_eV2=4.83e-20 V_Mpc2=1.69e-01 KE_Mpc2=2.72e-75 rho_final=1.69e-01
RIDDER DEBUG (adding to rho_tot): a=1.139925e-07, rho_ridder=1.689831e-01, rho_tot_before=1.630641e+16, rho_tot_after=1.630641e+16
DERIVS_ENTRY: call#=30000 has_ridder=1 Lambda=2.94e+13 a=3.09e-07
RIDDER DERIVS CALLED: call#=30000 a=3.09e-07 phi=5.36e+27 fluid_mode=0
FIELD_MODE: call#=30000 a=3.09e-07 fluid_mode=0
DERIVS: call#=30000 a=3.09e-07 phi=5.36e+27 phi'=-7.04e-16 dphi/dlna=-1.01e-16 dphi'/dlna=-2.11e-15 dV=2.58e-01 H=2.26e+07
V_RIDDER_RAW: a=3.52e-06 phi=5.36e+27 V_eV4=3.01e+54 Lambda=2.94e+13 f=2.43e+27 n=3
BG_FUNC: a=3.52e-06 V_eV4=3.01e+54 kinetic_eV2=4.35e-14 V_Mpc2=1.69e-01 KE_Mpc2=2.44e-69 rho_final=1.69e-01
RIDDER DEBUG (adding to rho_tot): a=3.519765e-06, rho_ridder=1.689831e-01, rho_tot_before=1.829105e+10, rho_tot_after=1.829105e+10
V_RIDDER_RAW: a=1.06e-04 phi=5.36e+27 V_eV4=3.01e+54 Lambda=2.94e+13 f=2.43e+27 n=3
DDV_CHECK: call#=340000 a=1.06e-04 phi=5.36e+27 ddV_eV2=2.25e-01 (positive=1)
BG_FUNC: a=1.06e-04 V_eV4=3.01e+54 kinetic_eV2=2.74e-08 V_Mpc2=1.69e-01 KE_Mpc2=1.54e-63 rho_final=1.69e-01
RIDDER DEBUG (adding to rho_tot): a=1.056402e-04, rho_ridder=1.689831e-01, rho_tot_before=3.553282e+04, rho_tot_after=3.553298e+04
RIDDER DEBUG (adding to rho_tot): a=9.900435e-04, rho_ridder=1.689831e-01, rho_tot_before=1.919090e+01, rho_tot_after=1.935988e+01
RIDDER DEBUG (adding to rho_tot): a=9.900435e-04, rho_ridder=1.689831e-01, rho_tot_before=1.919090e+01, rho_tot_after=1.935988e+01
RIDDER DEBUG (adding to rho_tot): a=1.000027e-03, rho_ridder=1.689831e-01, rho_tot_before=1.859410e+01, rho_tot_after=1.876308e+01
RIDDER DEBUG (adding to rho_tot): a=9.905466e-04, rho_ridder=1.689831e-01, rho_tot_before=1.916023e+01, rho_tot_after=1.932921e+01
RIDDER DEBUG (adding to rho_tot): a=9.913452e-04, rho_ridder=1.689831e-01, rho_tot_before=1.911166e+01, rho_tot_after=1.928064e+01
RIDDER DEBUG (adding to rho_tot): a=9.921445e-04, rho_ridder=1.689831e-01, rho_tot_before=1.906322e+01, rho_tot_after=1.923220e+01
RIDDER DEBUG (adding to rho_tot): a=9.929444e-04, rho_ridder=1.689831e-01, rho_tot_before=1.901490e+01, rho_tot_after=1.918388e+01
RIDDER DEBUG (adding to rho_tot): a=9.937449e-04, rho_ridder=1.689831e-01, rho_tot_before=1.896671e+01, rho_tot_after=1.913569e+01
RIDDER DEBUG (adding to rho_tot): a=9.945462e-04, rho_ridder=1.689831e-01, rho_tot_before=1.891864e+01, rho_tot_after=1.908762e+01
RIDDER DEBUG (adding to rho_tot): a=9.953480e-04, rho_ridder=1.689831e-01, rho_tot_before=1.887069e+01, rho_tot_after=1.903968e+01
RIDDER DEBUG (adding to rho_tot): a=9.961505e-04, rho_ridder=1.689831e-01, rho_tot_before=1.882287e+01, rho_tot_after=1.899185e+01
RIDDER DEBUG (adding to rho_tot): a=9.969536e-04, rho_ridder=1.689831e-01, rho_tot_before=1.877517e+01, rho_tot_after=1.894415e+01
RIDDER DEBUG (adding to rho_tot): a=9.977574e-04, rho_ridder=1.689831e-01, rho_tot_before=1.872759e+01, rho_tot_after=1.889658e+01
RIDDER DEBUG (adding to rho_tot): a=9.985619e-04, rho_ridder=1.689831e-01, rho_tot_before=1.868014e+01, rho_tot_after=1.884912e+01
RIDDER DEBUG (adding to rho_tot): a=9.993670e-04, rho_ridder=1.689831e-01, rho_tot_before=1.863280e+01, rho_tot_after=1.880179e+01
RIDDER DEBUG (adding to rho_tot): a=1.000173e-03, rho_ridder=1.689831e-01, rho_tot_before=1.858559e+01, rho_tot_after=1.875457e+01
RIDDER DEBUG (adding to rho_tot): a=1.000979e-03, rho_ridder=1.689831e-01, rho_tot_before=1.853850e+01, rho_tot_after=1.870748e+01
RIDDER DEBUG (adding to rho_tot): a=1.001786e-03, rho_ridder=1.689831e-01, rho_tot_before=1.849153e+01, rho_tot_after=1.866051e+01
RIDDER DEBUG (adding to rho_tot): a=1.002594e-03, rho_ridder=1.689831e-01, rho_tot_before=1.844468e+01, rho_tot_after=1.861366e+01
RIDDER DEBUG (adding to rho_tot): a=1.003402e-03, rho_ridder=1.689831e-01, rho_tot_before=1.839795e+01, rho_tot_after=1.856693e+01
RIDDER DEBUG (adding to rho_tot): a=1.004211e-03, rho_ridder=1.689831e-01, rho_tot_before=1.835134e+01, rho_tot_after=1.852032e+01
RIDDER DEBUG (adding to rho_tot): a=1.005021e-03, rho_ridder=1.689831e-01, rho_tot_before=1.830485e+01, rho_tot_after=1.847383e+01
RIDDER DEBUG (adding to rho_tot): a=1.005831e-03, rho_ridder=1.689831e-01, rho_tot_before=1.825848e+01, rho_tot_after=1.842746e+01
RIDDER DEBUG (adding to rho_tot): a=1.006642e-03, rho_ridder=1.689831e-01, rho_tot_before=1.821223e+01, rho_tot_after=1.838121e+01
RIDDER DEBUG (adding to rho_tot): a=1.007454e-03, rho_ridder=1.689831e-01, rho_tot_before=1.816609e+01, rho_tot_after=1.833508e+01
RIDDER DEBUG (adding to rho_tot): a=1.008266e-03, rho_ridder=1.689831e-01, rho_tot_before=1.812008e+01, rho_tot_after=1.828906e+01
RIDDER DEBUG (adding to rho_tot): a=1.009079e-03, rho_ridder=1.689831e-01, rho_tot_before=1.807418e+01, rho_tot_after=1.824316e+01
RIDDER DEBUG (adding to rho_tot): a=1.009892e-03, rho_ridder=1.689831e-01, rho_tot_before=1.802840e+01, rho_tot_after=1.819738e+01
V_RIDDER_RAW: a=3.64e-03 phi=5.36e+27 V_eV4=3.01e+54 Lambda=2.94e+13 f=2.43e+27 n=3
BG_FUNC: a=3.64e-03 V_eV4=3.01e+54 kinetic_eV2=3.55e-03 V_Mpc2=1.69e-01 KE_Mpc2=2.00e-58 rho_final=1.69e-01
RIDDER DEBUG (adding to rho_tot): a=3.637383e-03, rho_ridder=1.689831e-01, rho_tot_before=3.449505e-01, rho_tot_after=5.139337e-01
V_RIDDER_RAW: a=1.58e-01 phi=5.36e+27 V_eV4=3.01e+54 Lambda=2.94e+13 f=2.43e+27 n=3
DDV_CHECK: call#=350000 a=1.58e-01 phi=5.36e+27 ddV_eV2=2.25e-01 (positive=1)
BG_FUNC: a=1.58e-01 V_eV4=3.01e+54 kinetic_eV2=2.19e-02 V_Mpc2=1.69e-01 KE_Mpc2=1.23e-57 rho_final=1.69e-01
RIDDER DEBUG (adding to rho_tot): a=1.581903e-01, rho_ridder=1.689831e-01, rho_tot_before=4.006869e-06, rho_tot_after=1.689872e-01
RIDDER_SHOOT iter= 6  log10_Lambda=13.469  f_peak=0.06878  z_peak= 500.1  target=0.10000
BACKGROUND_SOLVE ENTERED: has_ridder=1 Lambda=3.28e+13
ABOUT TO INTEGRATE: bi_size=7 has_ridder=1 Lambda=3.28e+13
V_RIDDER_RAW: a=6.43e-14 phi=5.36e+27 V_eV4=4.63e+54 Lambda=3.28e+13 f=2.43e+27 n=3
BG_FUNC: a=6.43e-14 V_eV4=4.63e+54 kinetic_eV2=1.42e+04 V_Mpc2=2.60e-01 KE_Mpc2=7.97e-52 rho_final=2.60e-01
RIDDER DEBUG (adding to rho_tot): a=6.434580e-14, rho_ridder=2.602216e-01, rho_tot_before=1.605086e+41, rho_tot_after=1.605086e+41
V_RIDDER_RAW: a=2.84e-12 phi=5.36e+27 V_eV4=4.63e+54 Lambda=3.28e+13 f=2.43e+27 n=3
DDV_CHECK: call#=360000 a=2.84e-12 phi=5.36e+27 ddV_eV2=3.46e-01 (positive=1)
BG_FUNC: a=2.84e-12 V_eV4=4.63e+54 kinetic_eV2=1.90e-06 V_Mpc2=2.60e-01 KE_Mpc2=1.07e-61 rho_final=2.60e-01
RIDDER DEBUG (adding to rho_tot): a=2.843881e-12, rho_ridder=2.602216e-01, rho_tot_before=4.206624e+34, rho_tot_after=4.206624e+34
V_RIDDER_RAW: a=1.24e-10 phi=5.36e+27 V_eV4=4.63e+54 Lambda=3.28e+13 f=2.43e+27 n=3
BG_FUNC: a=1.24e-10 V_eV4=4.63e+54 kinetic_eV2=2.72e-16 V_Mpc2=2.60e-01 KE_Mpc2=1.53e-71 rho_final=2.60e-01
RIDDER DEBUG (adding to rho_tot): a=1.243805e-10, rho_ridder=2.602216e-01, rho_tot_before=1.149661e+28, rho_tot_after=1.149661e+28
V_RIDDER_RAW: a=5.66e-09 phi=5.36e+27 V_eV4=4.63e+54 Lambda=3.28e+13 f=2.43e+27 n=3
DDV_CHECK: call#=370000 a=5.66e-09 phi=5.36e+27 ddV_eV2=3.46e-01 (positive=1)
BG_FUNC: a=5.66e-09 V_eV4=4.63e+54 kinetic_eV2=1.02e-24 V_Mpc2=2.60e-01 KE_Mpc2=5.73e-80 rho_final=2.60e-01
RIDDER DEBUG (adding to rho_tot): a=5.659054e-09, rho_ridder=2.602216e-01, rho_tot_before=2.682983e+21, rho_tot_after=2.682983e+21
V_RIDDER_RAW: a=2.45e-07 phi=5.36e+27 V_eV4=4.63e+54 Lambda=3.28e+13 f=2.43e+27 n=3
BG_FUNC: a=2.45e-07 V_eV4=4.63e+54 kinetic_eV2=2.45e-18 V_Mpc2=2.60e-01 KE_Mpc2=1.38e-73 rho_final=2.60e-01
RIDDER DEBUG (adding to rho_tot): a=2.451234e-07, rho_ridder=2.602216e-01, rho_tot_before=7.632252e+14, rho_tot_after=7.632252e+14
V_RIDDER_RAW: a=7.19e-06 phi=5.36e+27 V_eV4=4.63e+54 Lambda=3.28e+13 f=2.43e+27 n=3
DDV_CHECK: call#=380000 a=7.19e-06 phi=5.36e+27 ddV_eV2=3.46e-01 (positive=1)
BG_FUNC: a=7.19e-06 V_eV4=4.63e+54 kinetic_eV2=1.78e-12 V_Mpc2=2.60e-01 KE_Mpc2=9.98e-68 rho_final=2.60e-01
RIDDER DEBUG (adding to rho_tot): a=7.188221e-06, rho_ridder=2.602216e-01, rho_tot_before=1.073266e+09, rho_tot_after=1.073266e+09
DERIVS_ENTRY: call#=35000 has_ridder=1 Lambda=3.28e+13 a=2.67e-05
RIDDER DERIVS CALLED: call#=35000 a=2.67e-05 phi=5.36e+27 fluid_mode=0
FIELD_MODE: call#=35000 a=2.67e-05 fluid_mode=0
DERIVS: call#=35000 a=2.67e-05 phi=5.36e+27 phi'=-6.74e-10 dphi/dlna=-7.98e-09 dphi'/dlna=-2.00e-09 dV=3.97e-01 H=3.17e+03
V_RIDDER_RAW: a=2.13e-04 phi=5.36e+27 V_eV4=4.63e+54 Lambda=3.28e+13 f=2.43e+27 n=3
BG_FUNC: a=2.13e-04 V_eV4=4.63e+54 kinetic_eV2=8.76e-07 V_Mpc2=2.60e-01 KE_Mpc2=4.93e-62 rho_final=2.60e-01
RIDDER DEBUG (adding to rho_tot): a=2.131858e-04, rho_ridder=2.602216e-01, rho_tot_before=2.967416e+03, rho_tot_after=2.967676e+03
RIDDER DEBUG (adding to rho_tot): a=9.968426e-04, rho_ridder=2.602216e-01, rho_tot_before=1.878176e+01, rho_tot_after=1.904198e+01
RIDDER DEBUG (adding to rho_tot): a=9.968426e-04, rho_ridder=2.602216e-01, rho_tot_before=1.878176e+01, rho_tot_after=1.904198e+01
RIDDER DEBUG (adding to rho_tot): a=9.905466e-04, rho_ridder=2.602216e-01, rho_tot_before=1.916023e+01, rho_tot_after=1.942045e+01
RIDDER DEBUG (adding to rho_tot): a=9.913452e-04, rho_ridder=2.602216e-01, rho_tot_before=1.911166e+01, rho_tot_after=1.937188e+01
RIDDER DEBUG (adding to rho_tot): a=9.921445e-04, rho_ridder=2.602216e-01, rho_tot_before=1.906322e+01, rho_tot_after=1.932344e+01
RIDDER DEBUG (adding to rho_tot): a=9.929444e-04, rho_ridder=2.602216e-01, rho_tot_before=1.901490e+01, rho_tot_after=1.927512e+01
RIDDER DEBUG (adding to rho_tot): a=9.937449e-04, rho_ridder=2.602216e-01, rho_tot_before=1.896671e+01, rho_tot_after=1.922693e+01
RIDDER DEBUG (adding to rho_tot): a=9.945462e-04, rho_ridder=2.602216e-01, rho_tot_before=1.891864e+01, rho_tot_after=1.917886e+01
RIDDER DEBUG (adding to rho_tot): a=9.953480e-04, rho_ridder=2.602216e-01, rho_tot_before=1.887069e+01, rho_tot_after=1.913092e+01
RIDDER DEBUG (adding to rho_tot): a=9.961505e-04, rho_ridder=2.602216e-01, rho_tot_before=1.882287e+01, rho_tot_after=1.908309e+01
RIDDER DEBUG (adding to rho_tot): a=1.007234e-03, rho_ridder=2.602216e-01, rho_tot_before=1.817854e+01, rho_tot_after=1.843876e+01
RIDDER DEBUG (adding to rho_tot): a=9.969536e-04, rho_ridder=2.602216e-01, rho_tot_before=1.877517e+01, rho_tot_after=1.903539e+01
RIDDER DEBUG (adding to rho_tot): a=9.977574e-04, rho_ridder=2.602216e-01, rho_tot_before=1.872759e+01, rho_tot_after=1.898781e+01
RIDDER DEBUG (adding to rho_tot): a=9.985619e-04, rho_ridder=2.602216e-01, rho_tot_before=1.868014e+01, rho_tot_after=1.894036e+01
RIDDER DEBUG (adding to rho_tot): a=9.993670e-04, rho_ridder=2.602216e-01, rho_tot_before=1.863280e+01, rho_tot_after=1.889302e+01
RIDDER DEBUG (adding to rho_tot): a=1.000173e-03, rho_ridder=2.602216e-01, rho_tot_before=1.858559e+01, rho_tot_after=1.884581e+01
RIDDER DEBUG (adding to rho_tot): a=1.000979e-03, rho_ridder=2.602216e-01, rho_tot_before=1.853850e+01, rho_tot_after=1.879872e+01
RIDDER DEBUG (adding to rho_tot): a=1.001786e-03, rho_ridder=2.602216e-01, rho_tot_before=1.849153e+01, rho_tot_after=1.875175e+01
RIDDER DEBUG (adding to rho_tot): a=1.002594e-03, rho_ridder=2.602216e-01, rho_tot_before=1.844468e+01, rho_tot_after=1.870490e+01
RIDDER DEBUG (adding to rho_tot): a=1.003402e-03, rho_ridder=2.602216e-01, rho_tot_before=1.839795e+01, rho_tot_after=1.865817e+01
RIDDER DEBUG (adding to rho_tot): a=1.004211e-03, rho_ridder=2.602216e-01, rho_tot_before=1.835134e+01, rho_tot_after=1.861156e+01
RIDDER DEBUG (adding to rho_tot): a=1.005021e-03, rho_ridder=2.602216e-01, rho_tot_before=1.830485e+01, rho_tot_after=1.856507e+01
RIDDER DEBUG (adding to rho_tot): a=1.005831e-03, rho_ridder=2.602216e-01, rho_tot_before=1.825848e+01, rho_tot_after=1.851870e+01
RIDDER DEBUG (adding to rho_tot): a=1.006642e-03, rho_ridder=2.602216e-01, rho_tot_before=1.821223e+01, rho_tot_after=1.847245e+01
RIDDER DEBUG (adding to rho_tot): a=1.007454e-03, rho_ridder=2.602216e-01, rho_tot_before=1.816609e+01, rho_tot_after=1.842631e+01
RIDDER DEBUG (adding to rho_tot): a=1.008266e-03, rho_ridder=2.602216e-01, rho_tot_before=1.812008e+01, rho_tot_after=1.838030e+01
RIDDER DEBUG (adding to rho_tot): a=1.009079e-03, rho_ridder=2.602216e-01, rho_tot_before=1.807418e+01, rho_tot_after=1.833440e+01
RIDDER DEBUG (adding to rho_tot): a=1.009892e-03, rho_ridder=2.602216e-01, rho_tot_before=1.802840e+01, rho_tot_after=1.828862e+01
V_RIDDER_RAW: a=7.99e-03 phi=5.36e+27 V_eV4=4.63e+54 Lambda=3.28e+13 f=2.43e+27 n=3
DDV_CHECK: call#=390000 a=7.99e-03 phi=5.36e+27 ddV_eV2=3.46e-01 (positive=1)
BG_FUNC: a=7.99e-03 V_eV4=4.63e+54 kinetic_eV2=2.37e-02 V_Mpc2=2.60e-01 KE_Mpc2=1.33e-57 rho_final=2.60e-01
RIDDER DEBUG (adding to rho_tot): a=7.993695e-03, rho_ridder=2.602216e-01, rho_tot_before=3.169275e-02, rho_tot_after=2.919144e-01
V_RIDDER_RAW: a=3.55e-01 phi=5.36e+27 V_eV4=4.63e+54 Lambda=3.28e+13 f=2.43e+27 n=3
BG_FUNC: a=3.55e-01 V_eV4=4.63e+54 kinetic_eV2=3.37e-02 V_Mpc2=2.60e-01 KE_Mpc2=1.89e-57 rho_final=2.60e-01
RIDDER DEBUG (adding to rho_tot): a=3.552947e-01, rho_ridder=2.602216e-01, rho_tot_before=3.534390e-07, rho_tot_after=2.602220e-01
RIDDER_SHOOT iter= 7  log10_Lambda=13.516  f_peak=0.10213  z_peak= 500.1  target=0.10000
BACKGROUND_SOLVE ENTERED: has_ridder=1 Lambda=3.11e+13
ABOUT TO INTEGRATE: bi_size=7 has_ridder=1 Lambda=3.11e+13
V_RIDDER_RAW: a=1.46e-13 phi=5.36e+27 V_eV4=3.73e+54 Lambda=3.11e+13 f=2.43e+27 n=3
DDV_CHECK: call#=400000 a=1.46e-13 phi=5.36e+27 ddV_eV2=2.79e-01 (positive=1)
BG_FUNC: a=1.46e-13 V_eV4=3.73e+54 kinetic_eV2=6.86e+01 V_Mpc2=2.10e-01 KE_Mpc2=3.86e-54 rho_final=2.10e-01
RIDDER DEBUG (adding to rho_tot): a=1.455724e-13, rho_ridder=2.096976e-01, rho_tot_before=6.127210e+39, rho_tot_after=6.127210e+39
V_RIDDER_RAW: a=6.44e-12 phi=5.36e+27 V_eV4=3.73e+54 Lambda=3.11e+13 f=2.43e+27 n=3
BG_FUNC: a=6.44e-12 V_eV4=3.73e+54 kinetic_eV2=9.16e-09 V_Mpc2=2.10e-01 KE_Mpc2=5.15e-64 rho_final=2.10e-01
RIDDER DEBUG (adding to rho_tot): a=6.439027e-12, rho_ridder=2.096976e-01, rho_tot_before=1.600657e+33, rho_tot_after=1.600657e+33
V_RIDDER_RAW: a=2.57e-10 phi=5.36e+27 V_eV4=3.73e+54 Lambda=3.11e+13 f=2.43e+27 n=3
DDV_CHECK: call#=410000 a=2.57e-10 phi=5.36e+27 ddV_eV2=2.79e-01 (positive=1)
BG_FUNC: a=2.57e-10 V_eV4=3.73e+54 kinetic_eV2=2.27e-18 V_Mpc2=2.10e-01 KE_Mpc2=1.28e-73 rho_final=2.10e-01
RIDDER DEBUG (adding to rho_tot): a=2.568977e-10, rho_ridder=2.096976e-01, rho_tot_before=6.317405e+26, rho_tot_after=6.317405e+26
V_RIDDER_RAW: a=9.07e-09 phi=5.36e+27 V_eV4=3.73e+54 Lambda=3.11e+13 f=2.43e+27 n=3
BG_FUNC: a=9.07e-09 V_eV4=3.73e+54 kinetic_eV2=3.10e-24 V_Mpc2=2.10e-01 KE_Mpc2=1.74e-79 rho_final=2.10e-01
RIDDER DEBUG (adding to rho_tot): a=9.067737e-09, rho_ridder=2.096976e-01, rho_tot_before=4.070109e+20, rho_tot_after=4.070109e+20
V_RIDDER_RAW: a=3.15e-07 phi=5.36e+27 V_eV4=3.73e+54 Lambda=3.11e+13 f=2.43e+27 n=3
DDV_CHECK: call#=420000 a=3.15e-07 phi=5.36e+27 ddV_eV2=2.79e-01 (positive=1)
BG_FUNC: a=3.15e-07 V_eV4=3.73e+54 kinetic_eV2=4.36e-18 V_Mpc2=2.10e-01 KE_Mpc2=2.45e-73 rho_final=2.10e-01
RIDDER DEBUG (adding to rho_tot): a=3.154550e-07, rho_ridder=2.096976e-01, rho_tot_before=2.783667e+14, rho_tot_after=2.783667e+14
V_RIDDER_RAW: a=9.33e-06 phi=5.36e+27 V_eV4=3.73e+54 Lambda=3.11e+13 f=2.43e+27 n=3
BG_FUNC: a=9.33e-06 V_eV4=3.73e+54 kinetic_eV2=3.25e-12 V_Mpc2=2.10e-01 KE_Mpc2=1.83e-67 rho_final=2.10e-01
RIDDER DEBUG (adding to rho_tot): a=9.325545e-06, rho_ridder=2.096976e-01, rho_tot_before=3.833527e+08, rho_tot_after=3.833527e+08
DERIVS_ENTRY: call#=40000 has_ridder=1 Lambda=3.11e+13 a=1.43e-04
RIDDER DERIVS CALLED: call#=40000 a=1.43e-04 phi=5.36e+27 fluid_mode=0
FIELD_MODE: call#=40000 a=1.43e-04 fluid_mode=0
DERIVS: call#=40000 a=1.43e-04 phi=5.36e+27 phi'=-7.40e-08 dphi/dlna=-4.03e-06 dphi'/dlna=-2.11e-07 dV=3.20e-01 H=1.28e+02
V_RIDDER_RAW: a=2.78e-04 phi=5.36e+27 V_eV4=3.73e+54 Lambda=3.11e+13 f=2.43e+27 n=3
DDV_CHECK: call#=430000 a=2.78e-04 phi=5.36e+27 ddV_eV2=2.79e-01 (positive=1)
BG_FUNC: a=2.78e-04 V_eV4=3.73e+54 kinetic_eV2=1.48e-06 V_Mpc2=2.10e-01 KE_Mpc2=8.35e-62 rho_final=2.10e-01
RIDDER DEBUG (adding to rho_tot): a=2.783627e-04, rho_ridder=2.096976e-01, rho_tot_before=1.192857e+03, rho_tot_after=1.193067e+03
RIDDER DEBUG (adding to rho_tot): a=9.901462e-04, rho_ridder=2.096976e-01, rho_tot_before=1.918463e+01, rho_tot_after=1.939433e+01
RIDDER DEBUG (adding to rho_tot): a=9.901462e-04, rho_ridder=2.096976e-01, rho_tot_before=1.918463e+01, rho_tot_after=1.939433e+01
RIDDER DEBUG (adding to rho_tot): a=1.000266e-03, rho_ridder=2.096976e-01, rho_tot_before=1.858014e+01, rho_tot_after=1.878984e+01
RIDDER DEBUG (adding to rho_tot): a=9.905466e-04, rho_ridder=2.096976e-01, rho_tot_before=1.916023e+01, rho_tot_after=1.936992e+01
RIDDER DEBUG (adding to rho_tot): a=9.913452e-04, rho_ridder=2.096976e-01, rho_tot_before=1.911166e+01, rho_tot_after=1.932136e+01
RIDDER DEBUG (adding to rho_tot): a=9.921445e-04, rho_ridder=2.096976e-01, rho_tot_before=1.906322e+01, rho_tot_after=1.927292e+01
RIDDER DEBUG (adding to rho_tot): a=9.929444e-04, rho_ridder=2.096976e-01, rho_tot_before=1.901490e+01, rho_tot_after=1.922460e+01
RIDDER DEBUG (adding to rho_tot): a=9.937449e-04, rho_ridder=2.096976e-01, rho_tot_before=1.896671e+01, rho_tot_after=1.917641e+01
RIDDER DEBUG (adding to rho_tot): a=9.945462e-04, rho_ridder=2.096976e-01, rho_tot_before=1.891864e+01, rho_tot_after=1.912834e+01
RIDDER DEBUG (adding to rho_tot): a=9.953480e-04, rho_ridder=2.096976e-01, rho_tot_before=1.887069e+01, rho_tot_after=1.908039e+01
RIDDER DEBUG (adding to rho_tot): a=9.961505e-04, rho_ridder=2.096976e-01, rho_tot_before=1.882287e+01, rho_tot_after=1.903257e+01
RIDDER DEBUG (adding to rho_tot): a=9.969536e-04, rho_ridder=2.096976e-01, rho_tot_before=1.877517e+01, rho_tot_after=1.898487e+01
RIDDER DEBUG (adding to rho_tot): a=9.977574e-04, rho_ridder=2.096976e-01, rho_tot_before=1.872759e+01, rho_tot_after=1.893729e+01
RIDDER DEBUG (adding to rho_tot): a=9.985619e-04, rho_ridder=2.096976e-01, rho_tot_before=1.868014e+01, rho_tot_after=1.888983e+01
RIDDER DEBUG (adding to rho_tot): a=9.993670e-04, rho_ridder=2.096976e-01, rho_tot_before=1.863280e+01, rho_tot_after=1.884250e+01
RIDDER DEBUG (adding to rho_tot): a=1.000173e-03, rho_ridder=2.096976e-01, rho_tot_before=1.858559e+01, rho_tot_after=1.879529e+01
RIDDER DEBUG (adding to rho_tot): a=1.000979e-03, rho_ridder=2.096976e-01, rho_tot_before=1.853850e+01, rho_tot_after=1.874820e+01
RIDDER DEBUG (adding to rho_tot): a=1.001786e-03, rho_ridder=2.096976e-01, rho_tot_before=1.849153e+01, rho_tot_after=1.870123e+01
RIDDER DEBUG (adding to rho_tot): a=1.002594e-03, rho_ridder=2.096976e-01, rho_tot_before=1.844468e+01, rho_tot_after=1.865438e+01
RIDDER DEBUG (adding to rho_tot): a=1.003402e-03, rho_ridder=2.096976e-01, rho_tot_before=1.839795e+01, rho_tot_after=1.860765e+01
RIDDER DEBUG (adding to rho_tot): a=1.004211e-03, rho_ridder=2.096976e-01, rho_tot_before=1.835134e+01, rho_tot_after=1.856104e+01
RIDDER DEBUG (adding to rho_tot): a=1.005021e-03, rho_ridder=2.096976e-01, rho_tot_before=1.830485e+01, rho_tot_after=1.851455e+01
RIDDER DEBUG (adding to rho_tot): a=1.005831e-03, rho_ridder=2.096976e-01, rho_tot_before=1.825848e+01, rho_tot_after=1.846818e+01
RIDDER DEBUG (adding to rho_tot): a=1.006642e-03, rho_ridder=2.096976e-01, rho_tot_before=1.821223e+01, rho_tot_after=1.842192e+01
RIDDER DEBUG (adding to rho_tot): a=1.007454e-03, rho_ridder=2.096976e-01, rho_tot_before=1.816609e+01, rho_tot_after=1.837579e+01
RIDDER DEBUG (adding to rho_tot): a=1.008266e-03, rho_ridder=2.096976e-01, rho_tot_before=1.812008e+01, rho_tot_after=1.832978e+01
RIDDER DEBUG (adding to rho_tot): a=1.009079e-03, rho_ridder=2.096976e-01, rho_tot_before=1.807418e+01, rho_tot_after=1.828388e+01
RIDDER DEBUG (adding to rho_tot): a=1.009892e-03, rho_ridder=2.096976e-01, rho_tot_before=1.802840e+01, rho_tot_after=1.823810e+01
V_RIDDER_RAW: a=1.07e-02 phi=5.36e+27 V_eV4=3.73e+54 Lambda=3.11e+13 f=2.43e+27 n=3
BG_FUNC: a=1.07e-02 V_eV4=3.73e+54 kinetic_eV2=2.19e-02 V_Mpc2=2.10e-01 KE_Mpc2=1.23e-57 rho_final=2.10e-01
RIDDER DEBUG (adding to rho_tot): a=1.069303e-02, rho_ridder=2.096976e-01, rho_tot_before=1.316931e-02, rho_tot_after=2.228669e-01
V_RIDDER_RAW: a=4.74e-01 phi=5.36e+27 V_eV4=3.73e+54 Lambda=3.11e+13 f=2.43e+27 n=3
DDV_CHECK: call#=440000 a=4.74e-01 phi=5.36e+27 ddV_eV2=2.79e-01 (positive=1)
BG_FUNC: a=4.74e-01 V_eV4=3.73e+54 kinetic_eV2=2.72e-02 V_Mpc2=2.10e-01 KE_Mpc2=1.53e-57 rho_final=2.10e-01
RIDDER DEBUG (adding to rho_tot): a=4.741240e-01, rho_ridder=2.096976e-01, rho_tot_before=1.487140e-07, rho_tot_after=2.096977e-01
RIDDER_SHOOT iter= 8  log10_Lambda=13.492  f_peak=0.08396  z_peak= 500.1  target=0.10000
BACKGROUND_SOLVE ENTERED: has_ridder=1 Lambda=3.19e+13
ABOUT TO INTEGRATE: bi_size=7 has_ridder=1 Lambda=3.19e+13
V_RIDDER_RAW: a=1.93e-13 phi=5.36e+27 V_eV4=4.16e+54 Lambda=3.19e+13 f=2.43e+27 n=3
BG_FUNC: a=1.93e-13 V_eV4=4.16e+54 kinetic_eV2=1.58e+01 V_Mpc2=2.34e-01 KE_Mpc2=8.90e-55 rho_final=2.34e-01
RIDDER DEBUG (adding to rho_tot): a=1.927002e-13, rho_ridder=2.335976e-01, rho_tot_before=1.995495e+39, rho_tot_after=1.995495e+39
V_RIDDER_RAW: a=8.46e-12 phi=5.36e+27 V_eV4=4.16e+54 Lambda=3.19e+13 f=2.43e+27 n=3
DDV_CHECK: call#=450000 a=8.46e-12 phi=5.36e+27 ddV_eV2=3.10e-01 (positive=1)
BG_FUNC: a=8.46e-12 V_eV4=4.16e+54 kinetic_eV2=2.21e-09 V_Mpc2=2.34e-01 KE_Mpc2=1.24e-64 rho_final=2.34e-01
RIDDER DEBUG (adding to rho_tot): a=8.462003e-12, rho_ridder=2.335976e-01, rho_tot_before=5.366441e+32, rho_tot_after=5.366441e+32
V_RIDDER_RAW: a=3.38e-10 phi=5.36e+27 V_eV4=4.16e+54 Lambda=3.19e+13 f=2.43e+27 n=3
BG_FUNC: a=3.38e-10 V_eV4=4.16e+54 kinetic_eV2=5.40e-19 V_Mpc2=2.34e-01 KE_Mpc2=3.04e-74 rho_final=2.34e-01
RIDDER DEBUG (adding to rho_tot): a=3.383821e-10, rho_ridder=2.335976e-01, rho_tot_before=2.098700e+26, rho_tot_after=2.098700e+26
V_RIDDER_RAW: a=1.18e-08 phi=5.36e+27 V_eV4=4.16e+54 Lambda=3.19e+13 f=2.43e+27 n=3
DDV_CHECK: call#=460000 a=1.18e-08 phi=5.36e+27 ddV_eV2=3.10e-01 (positive=1)
BG_FUNC: a=1.18e-08 V_eV4=4.16e+54 kinetic_eV2=1.07e-23 V_Mpc2=2.34e-01 KE_Mpc2=6.01e-79 rho_final=2.34e-01
RIDDER DEBUG (adding to rho_tot): a=1.179239e-08, rho_ridder=2.335976e-01, rho_tot_before=1.422989e+20, rho_tot_after=1.422989e+20
V_RIDDER_RAW: a=4.04e-07 phi=5.36e+27 V_eV4=4.16e+54 Lambda=3.19e+13 f=2.43e+27 n=3
BG_FUNC: a=4.04e-07 V_eV4=4.16e+54 kinetic_eV2=1.46e-17 V_Mpc2=2.34e-01 KE_Mpc2=8.21e-73 rho_final=2.34e-01
RIDDER DEBUG (adding to rho_tot): a=4.043339e-07, rho_ridder=2.335976e-01, rho_tot_before=1.031878e+14, rho_tot_after=1.031878e+14
V_RIDDER_RAW: a=1.21e-05 phi=5.36e+27 V_eV4=4.16e+54 Lambda=3.19e+13 f=2.43e+27 n=3
DDV_CHECK: call#=470000 a=1.21e-05 phi=5.36e+27 ddV_eV2=3.10e-01 (positive=1)
BG_FUNC: a=1.21e-05 V_eV4=4.16e+54 kinetic_eV2=1.12e-11 V_Mpc2=2.34e-01 KE_Mpc2=6.28e-67 rho_final=2.34e-01
RIDDER DEBUG (adding to rho_tot): a=1.205657e-05, rho_ridder=2.335976e-01, rho_tot_before=1.392624e+08, rho_tot_after=1.392624e+08
V_RIDDER_RAW: a=3.59e-04 phi=5.36e+27 V_eV4=4.16e+54 Lambda=3.19e+13 f=2.43e+27 n=3
BG_FUNC: a=3.59e-04 V_eV4=4.16e+54 kinetic_eV2=4.50e-06 V_Mpc2=2.34e-01 KE_Mpc2=2.53e-61 rho_final=2.34e-01
RIDDER DEBUG (adding to rho_tot): a=3.585204e-04, rho_ridder=2.335976e-01, rho_tot_before=5.103587e+02, rho_tot_after=5.105923e+02
DERIVS_ENTRY: call#=45000 has_ridder=1 Lambda=3.19e+13 a=8.16e-04
RIDDER DERIVS CALLED: call#=45000 a=8.16e-04 phi=5.36e+27 fluid_mode=0
FIELD_MODE: call#=45000 a=8.16e-04 fluid_mode=0
DERIVS: call#=45000 a=8.16e-04 phi=5.36e+27 phi'=-9.90e-06 dphi/dlna=-1.92e-03 dphi'/dlna=-2.62e-05 dV=3.57e-01 H=6.32e+00
RIDDER DEBUG (adding to rho_tot): a=9.960511e-04, rho_ridder=2.335976e-01, rho_tot_before=1.882878e+01, rho_tot_after=1.906238e+01
RIDDER DEBUG (adding to rho_tot): a=9.905466e-04, rho_ridder=2.335976e-01, rho_tot_before=1.916023e+01, rho_tot_after=1.939382e+01
RIDDER DEBUG (adding to rho_tot): a=9.913452e-04, rho_ridder=2.335976e-01, rho_tot_before=1.911166e+01, rho_tot_after=1.934526e+01
RIDDER DEBUG (adding to rho_tot): a=9.921445e-04, rho_ridder=2.335976e-01, rho_tot_before=1.906322e+01, rho_tot_after=1.929682e+01
RIDDER DEBUG (adding to rho_tot): a=9.929444e-04, rho_ridder=2.335976e-01, rho_tot_before=1.901490e+01, rho_tot_after=1.924850e+01
RIDDER DEBUG (adding to rho_tot): a=9.937449e-04, rho_ridder=2.335976e-01, rho_tot_before=1.896671e+01, rho_tot_after=1.920031e+01
RIDDER DEBUG (adding to rho_tot): a=9.945462e-04, rho_ridder=2.335976e-01, rho_tot_before=1.891864e+01, rho_tot_after=1.915224e+01
RIDDER DEBUG (adding to rho_tot): a=9.953480e-04, rho_ridder=2.335976e-01, rho_tot_before=1.887069e+01, rho_tot_after=1.910429e+01
RIDDER DEBUG (adding to rho_tot): a=1.006303e-03, rho_ridder=2.335976e-01, rho_tot_before=1.823156e+01, rho_tot_after=1.846515e+01
RIDDER DEBUG (adding to rho_tot): a=9.961505e-04, rho_ridder=2.335976e-01, rho_tot_before=1.882287e+01, rho_tot_after=1.905647e+01
RIDDER DEBUG (adding to rho_tot): a=9.969536e-04, rho_ridder=2.335976e-01, rho_tot_before=1.877517e+01, rho_tot_after=1.900877e+01
RIDDER DEBUG (adding to rho_tot): a=9.977574e-04, rho_ridder=2.335976e-01, rho_tot_before=1.872759e+01, rho_tot_after=1.896119e+01
RIDDER DEBUG (adding to rho_tot): a=9.985619e-04, rho_ridder=2.335976e-01, rho_tot_before=1.868014e+01, rho_tot_after=1.891373e+01
RIDDER DEBUG (adding to rho_tot): a=9.993670e-04, rho_ridder=2.335976e-01, rho_tot_before=1.863280e+01, rho_tot_after=1.886640e+01
RIDDER DEBUG (adding to rho_tot): a=1.000173e-03, rho_ridder=2.335976e-01, rho_tot_before=1.858559e+01, rho_tot_after=1.881919e+01
RIDDER DEBUG (adding to rho_tot): a=1.000979e-03, rho_ridder=2.335976e-01, rho_tot_before=1.853850e+01, rho_tot_after=1.877210e+01
RIDDER DEBUG (adding to rho_tot): a=1.001786e-03, rho_ridder=2.335976e-01, rho_tot_before=1.849153e+01, rho_tot_after=1.872513e+01
RIDDER DEBUG (adding to rho_tot): a=1.002594e-03, rho_ridder=2.335976e-01, rho_tot_before=1.844468e+01, rho_tot_after=1.867828e+01
RIDDER DEBUG (adding to rho_tot): a=1.003402e-03, rho_ridder=2.335976e-01, rho_tot_before=1.839795e+01, rho_tot_after=1.863155e+01
RIDDER DEBUG (adding to rho_tot): a=1.004211e-03, rho_ridder=2.335976e-01, rho_tot_before=1.835134e+01, rho_tot_after=1.858494e+01
RIDDER DEBUG (adding to rho_tot): a=1.005021e-03, rho_ridder=2.335976e-01, rho_tot_before=1.830485e+01, rho_tot_after=1.853845e+01
RIDDER DEBUG (adding to rho_tot): a=1.005831e-03, rho_ridder=2.335976e-01, rho_tot_before=1.825848e+01, rho_tot_after=1.849208e+01
RIDDER DEBUG (adding to rho_tot): a=1.006642e-03, rho_ridder=2.335976e-01, rho_tot_before=1.821223e+01, rho_tot_after=1.844582e+01
RIDDER DEBUG (adding to rho_tot): a=1.007454e-03, rho_ridder=2.335976e-01, rho_tot_before=1.816609e+01, rho_tot_after=1.839969e+01
RIDDER DEBUG (adding to rho_tot): a=1.008266e-03, rho_ridder=2.335976e-01, rho_tot_before=1.812008e+01, rho_tot_after=1.835368e+01
RIDDER DEBUG (adding to rho_tot): a=1.009079e-03, rho_ridder=2.335976e-01, rho_tot_before=1.807418e+01, rho_tot_after=1.830778e+01
RIDDER DEBUG (adding to rho_tot): a=1.009892e-03, rho_ridder=2.335976e-01, rho_tot_before=1.802840e+01, rho_tot_after=1.826200e+01
V_RIDDER_RAW: a=1.41e-02 phi=5.36e+27 V_eV4=4.16e+54 Lambda=3.19e+13 f=2.43e+27 n=3
DDV_CHECK: call#=480000 a=1.41e-02 phi=5.36e+27 ddV_eV2=3.10e-01 (positive=1)
BG_FUNC: a=1.41e-02 V_eV4=4.16e+54 kinetic_eV2=2.72e-02 V_Mpc2=2.34e-01 KE_Mpc2=1.53e-57 rho_final=2.34e-01
RIDDER DEBUG (adding to rho_tot): a=1.414340e-02, rho_ridder=2.335976e-01, rho_tot_before=5.669013e-03, rho_tot_after=2.392666e-01
V_RIDDER_RAW: a=6.38e-01 phi=5.36e+27 V_eV4=4.16e+54 Lambda=3.19e+13 f=2.43e+27 n=3
BG_FUNC: a=6.38e-01 V_eV4=4.16e+54 kinetic_eV2=3.03e-02 V_Mpc2=2.34e-01 KE_Mpc2=1.70e-57 rho_final=2.34e-01
RIDDER DEBUG (adding to rho_tot): a=6.383298e-01, rho_ridder=2.335976e-01, rho_tot_before=6.093283e-08, rho_tot_after=2.335977e-01
RIDDER_SHOOT iter= 9  log10_Lambda=13.504  f_peak=0.09265  z_peak= 500.1  target=0.10000
BACKGROUND_SOLVE ENTERED: has_ridder=1 Lambda=3.23e+13
ABOUT TO INTEGRATE: bi_size=7 has_ridder=1 Lambda=3.23e+13
V_RIDDER_RAW: a=2.61e-13 phi=5.36e+27 V_eV4=4.39e+54 Lambda=3.23e+13 f=2.43e+27 n=3
DDV_CHECK: call#=490000 a=2.61e-13 phi=5.36e+27 ddV_eV2=3.28e-01 (positive=1)
BG_FUNC: a=2.61e-13 V_eV4=4.39e+54 kinetic_eV2=2.88e+00 V_Mpc2=2.47e-01 KE_Mpc2=1.62e-55 rho_final=2.47e-01
RIDDER DEBUG (adding to rho_tot): a=2.606128e-13, rho_ridder=2.465505e-01, rho_tot_before=5.964807e+38, rho_tot_after=5.964807e+38
V_RIDDER_RAW: a=1.13e-11 phi=5.36e+27 V_eV4=4.39e+54 Lambda=3.23e+13 f=2.43e+27 n=3
BG_FUNC: a=1.13e-11 V_eV4=4.39e+54 kinetic_eV2=4.32e-10 V_Mpc2=2.47e-01 KE_Mpc2=2.43e-65 rho_final=2.47e-01
RIDDER DEBUG (adding to rho_tot): a=1.130817e-11, rho_ridder=2.465505e-01, rho_tot_before=1.682715e+32, rho_tot_after=1.682715e+32
V_RIDDER_RAW: a=4.38e-10 phi=5.36e+27 V_eV4=4.39e+54 Lambda=3.23e+13 f=2.43e+27 n=3
DDV_CHECK: call#=500000 a=4.38e-10 phi=5.36e+27 ddV_eV2=3.28e-01 (positive=1)
BG_FUNC: a=4.38e-10 V_eV4=4.39e+54 kinetic_eV2=1.27e-19 V_Mpc2=2.47e-01 KE_Mpc2=7.15e-75 rho_final=2.47e-01
RIDDER DEBUG (adding to rho_tot): a=4.383450e-10, rho_ridder=2.465505e-01, rho_tot_before=7.452740e+25, rho_tot_after=7.452740e+25
V_RIDDER_RAW: a=1.55e-08 phi=5.36e+27 V_eV4=4.39e+54 Lambda=3.23e+13 f=2.43e+27 n=3
BG_FUNC: a=1.55e-08 V_eV4=4.39e+54 kinetic_eV2=3.50e-23 V_Mpc2=2.47e-01 KE_Mpc2=1.97e-78 rho_final=2.47e-01
RIDDER DEBUG (adding to rho_tot): a=1.547230e-08, rho_ridder=2.465505e-01, rho_tot_before=4.801742e+19, rho_tot_after=4.801742e+19
V_RIDDER_RAW: a=5.27e-07 phi=5.36e+27 V_eV4=4.39e+54 Lambda=3.23e+13 f=2.43e+27 n=3
DDV_CHECK: call#=510000 a=5.27e-07 phi=5.36e+27 ddV_eV2=3.28e-01 (positive=1)
BG_FUNC: a=5.27e-07 V_eV4=4.39e+54 kinetic_eV2=4.69e-17 V_Mpc2=2.47e-01 KE_Mpc2=2.63e-72 rho_final=2.47e-01
RIDDER DEBUG (adding to rho_tot): a=5.268440e-07, rho_ridder=2.465505e-01, rho_tot_before=3.582338e+13, rho_tot_after=3.582338e+13
V_RIDDER_RAW: a=1.55e-05 phi=5.36e+27 V_eV4=4.39e+54 Lambda=3.23e+13 f=2.43e+27 n=3
BG_FUNC: a=1.55e-05 V_eV4=4.39e+54 kinetic_eV2=3.33e-11 V_Mpc2=2.47e-01 KE_Mpc2=1.87e-66 rho_final=2.47e-01
RIDDER DEBUG (adding to rho_tot): a=1.545716e-05, rho_ridder=2.465505e-01, rho_tot_before=5.249167e+07, rho_tot_after=5.249167e+07
V_RIDDER_RAW: a=4.65e-04 phi=5.36e+27 V_eV4=4.39e+54 Lambda=3.23e+13 f=2.43e+27 n=3
DDV_CHECK: call#=520000 a=4.65e-04 phi=5.36e+27 ddV_eV2=3.28e-01 (positive=1)
BG_FUNC: a=4.65e-04 V_eV4=4.39e+54 kinetic_eV2=1.24e-05 V_Mpc2=2.47e-01 KE_Mpc2=6.96e-61 rho_final=2.47e-01
RIDDER DEBUG (adding to rho_tot): a=4.651218e-04, rho_ridder=2.465505e-01, rho_tot_before=2.162506e+02, rho_tot_after=2.164971e+02
RIDDER DEBUG (adding to rho_tot): a=9.901495e-04, rho_ridder=2.465505e-01, rho_tot_before=1.918444e+01, rho_tot_after=1.943099e+01
RIDDER DEBUG (adding to rho_tot): a=1.000312e-03, rho_ridder=2.465505e-01, rho_tot_before=1.857747e+01, rho_tot_after=1.882402e+01
RIDDER DEBUG (adding to rho_tot): a=9.905466e-04, rho_ridder=2.465505e-01, rho_tot_before=1.916023e+01, rho_tot_after=1.940678e+01
RIDDER DEBUG (adding to rho_tot): a=9.913452e-04, rho_ridder=2.465505e-01, rho_tot_before=1.911166e+01, rho_tot_after=1.935821e+01
RIDDER DEBUG (adding to rho_tot): a=9.921445e-04, rho_ridder=2.465505e-01, rho_tot_before=1.906322e+01, rho_tot_after=1.930977e+01
RIDDER DEBUG (adding to rho_tot): a=9.929444e-04, rho_ridder=2.465505e-01, rho_tot_before=1.901490e+01, rho_tot_after=1.926145e+01
RIDDER DEBUG (adding to rho_tot): a=9.937449e-04, rho_ridder=2.465505e-01, rho_tot_before=1.896671e+01, rho_tot_after=1.921326e+01
RIDDER DEBUG (adding to rho_tot): a=9.945462e-04, rho_ridder=2.465505e-01, rho_tot_before=1.891864e+01, rho_tot_after=1.916519e+01
RIDDER DEBUG (adding to rho_tot): a=9.953480e-04, rho_ridder=2.465505e-01, rho_tot_before=1.887069e+01, rho_tot_after=1.911724e+01
RIDDER DEBUG (adding to rho_tot): a=9.961505e-04, rho_ridder=2.465505e-01, rho_tot_before=1.882287e+01, rho_tot_after=1.906942e+01
RIDDER DEBUG (adding to rho_tot): a=9.969536e-04, rho_ridder=2.465505e-01, rho_tot_before=1.877517e+01, rho_tot_after=1.902172e+01
RIDDER DEBUG (adding to rho_tot): a=9.977574e-04, rho_ridder=2.465505e-01, rho_tot_before=1.872759e+01, rho_tot_after=1.897414e+01
RIDDER DEBUG (adding to rho_tot): a=9.985619e-04, rho_ridder=2.465505e-01, rho_tot_before=1.868014e+01, rho_tot_after=1.892669e+01
RIDDER DEBUG (adding to rho_tot): a=9.993670e-04, rho_ridder=2.465505e-01, rho_tot_before=1.863280e+01, rho_tot_after=1.887935e+01
RIDDER DEBUG (adding to rho_tot): a=1.000173e-03, rho_ridder=2.465505e-01, rho_tot_before=1.858559e+01, rho_tot_after=1.883214e+01
RIDDER DEBUG (adding to rho_tot): a=1.000979e-03, rho_ridder=2.465505e-01, rho_tot_before=1.853850e+01, rho_tot_after=1.878505e+01
RIDDER DEBUG (adding to rho_tot): a=1.001786e-03, rho_ridder=2.465505e-01, rho_tot_before=1.849153e+01, rho_tot_after=1.873808e+01
RIDDER DEBUG (adding to rho_tot): a=1.002594e-03, rho_ridder=2.465505e-01, rho_tot_before=1.844468e+01, rho_tot_after=1.869123e+01
RIDDER DEBUG (adding to rho_tot): a=1.003402e-03, rho_ridder=2.465505e-01, rho_tot_before=1.839795e+01, rho_tot_after=1.864450e+01
RIDDER DEBUG (adding to rho_tot): a=1.004211e-03, rho_ridder=2.465505e-01, rho_tot_before=1.835134e+01, rho_tot_after=1.859789e+01
RIDDER DEBUG (adding to rho_tot): a=1.005021e-03, rho_ridder=2.465505e-01, rho_tot_before=1.830485e+01, rho_tot_after=1.855140e+01
RIDDER DEBUG (adding to rho_tot): a=1.005831e-03, rho_ridder=2.465505e-01, rho_tot_before=1.825848e+01, rho_tot_after=1.850503e+01
RIDDER DEBUG (adding to rho_tot): a=1.006642e-03, rho_ridder=2.465505e-01, rho_tot_before=1.821223e+01, rho_tot_after=1.845878e+01
RIDDER DEBUG (adding to rho_tot): a=1.007454e-03, rho_ridder=2.465505e-01, rho_tot_before=1.816609e+01, rho_tot_after=1.841264e+01
RIDDER DEBUG (adding to rho_tot): a=1.008266e-03, rho_ridder=2.465505e-01, rho_tot_before=1.812008e+01, rho_tot_after=1.836663e+01
RIDDER DEBUG (adding to rho_tot): a=1.009079e-03, rho_ridder=2.465505e-01, rho_tot_before=1.807418e+01, rho_tot_after=1.832073e+01
RIDDER DEBUG (adding to rho_tot): a=1.009892e-03, rho_ridder=2.465505e-01, rho_tot_before=1.802840e+01, rho_tot_after=1.827495e+01
V_RIDDER_RAW: a=1.88e-02 phi=5.36e+27 V_eV4=4.39e+54 Lambda=3.23e+13 f=2.43e+27 n=3
BG_FUNC: a=1.88e-02 V_eV4=4.39e+54 kinetic_eV2=3.03e-02 V_Mpc2=2.47e-01 KE_Mpc2=1.71e-57 rho_final=2.47e-01
RIDDER DEBUG (adding to rho_tot): a=1.875240e-02, rho_ridder=2.465505e-01, rho_tot_before=2.424943e-03, rho_tot_after=2.489754e-01
DERIVS_ENTRY: call#=50000 has_ridder=1 Lambda=3.23e+13 a=5.94e-02
RIDDER DERIVS CALLED: call#=50000 a=5.94e-02 phi=5.36e+27 fluid_mode=0
FIELD_MODE: call#=50000 a=5.94e-02 fluid_mode=0
DERIVS: call#=50000 a=5.94e-02 phi=5.36e+27 phi'=-1.50e-02 dphi/dlna=-5.08e-01 dphi'/dlna=-1.51e-02 dV=3.76e-01 H=4.97e-01
V_RIDDER_RAW: a=8.61e-01 phi=5.36e+27 V_eV4=4.39e+54 Lambda=3.23e+13 f=2.43e+27 n=3
DDV_CHECK: call#=530000 a=8.61e-01 phi=5.36e+27 ddV_eV2=3.28e-01 (positive=1)
BG_FUNC: a=8.61e-01 V_eV4=4.39e+54 kinetic_eV2=3.19e-02 V_Mpc2=2.47e-01 KE_Mpc2=1.80e-57 rho_final=2.47e-01
RIDDER DEBUG (adding to rho_tot): a=8.614863e-01, rho_ridder=2.465505e-01, rho_tot_before=2.478626e-08, rho_tot_after=2.465505e-01
RIDDER_SHOOT iter=10  log10_Lambda=13.510  f_peak=0.09729  z_peak= 500.1  target=0.10000
BACKGROUND_SOLVE ENTERED: has_ridder=1 Lambda=3.26e+13
ABOUT TO INTEGRATE: bi_size=7 has_ridder=1 Lambda=3.26e+13
V_RIDDER_RAW: a=3.44e-13 phi=5.36e+27 V_eV4=4.51e+54 Lambda=3.26e+13 f=2.43e+27 n=3
BG_FUNC: a=3.44e-13 V_eV4=4.51e+54 kinetic_eV2=5.72e-01 V_Mpc2=2.53e-01 KE_Mpc2=3.22e-56 rho_final=2.53e-01
RIDDER DEBUG (adding to rho_tot): a=3.442615e-13, rho_ridder=2.532938e-01, rho_tot_before=1.958959e+38, rho_tot_after=1.958959e+38
V_RIDDER_RAW: a=1.48e-11 phi=5.36e+27 V_eV4=4.51e+54 Lambda=3.26e+13 f=2.43e+27 n=3
DDV_CHECK: call#=540000 a=1.48e-11 phi=5.36e+27 ddV_eV2=3.37e-01 (positive=1)
BG_FUNC: a=1.48e-11 V_eV4=4.51e+54 kinetic_eV2=9.18e-11 V_Mpc2=2.53e-01 KE_Mpc2=5.16e-66 rho_final=2.53e-01
RIDDER DEBUG (adding to rho_tot): a=1.476826e-11, rho_ridder=2.532938e-01, rho_tot_before=5.784451e+31, rho_tot_after=5.784451e+31
V_RIDDER_RAW: a=6.75e-10 phi=5.36e+27 V_eV4=4.51e+54 Lambda=3.26e+13 f=2.43e+27 n=3
BG_FUNC: a=6.75e-10 V_eV4=4.51e+54 kinetic_eV2=1.01e-20 V_Mpc2=2.53e-01 KE_Mpc2=5.68e-76 rho_final=2.53e-01
RIDDER DEBUG (adding to rho_tot): a=6.746379e-10, rho_ridder=2.532938e-01, rho_tot_before=1.328305e+25, rho_tot_after=1.328305e+25
V_RIDDER_RAW: a=3.07e-08 phi=5.36e+27 V_eV4=4.51e+54 Lambda=3.26e+13 f=2.43e+27 n=3
DDV_CHECK: call#=550000 a=3.07e-08 phi=5.36e+27 ddV_eV2=3.37e-01 (positive=1)
BG_FUNC: a=3.07e-08 V_eV4=4.51e+54 kinetic_eV2=5.72e-22 V_Mpc2=2.53e-01 KE_Mpc2=3.22e-77 rho_final=2.53e-01
RIDDER DEBUG (adding to rho_tot): a=3.071936e-08, rho_ridder=2.532938e-01, rho_tot_before=3.090346e+18, rho_tot_after=3.090346e+18
V_RIDDER_RAW: a=1.10e-06 phi=5.36e+27 V_eV4=4.51e+54 Lambda=3.26e+13 f=2.43e+27 n=3
BG_FUNC: a=1.10e-06 V_eV4=4.51e+54 kinetic_eV2=9.33e-16 V_Mpc2=2.53e-01 KE_Mpc2=5.24e-71 rho_final=2.53e-01
RIDDER DEBUG (adding to rho_tot): a=1.098376e-06, rho_ridder=2.532938e-01, rho_tot_before=1.902449e+12, rho_tot_after=1.902449e+12
V_RIDDER_RAW: a=3.23e-05 phi=5.36e+27 V_eV4=4.51e+54 Lambda=3.26e+13 f=2.43e+27 n=3
DDV_CHECK: call#=560000 a=3.23e-05 phi=5.36e+27 ddV_eV2=3.37e-01 (positive=1)
BG_FUNC: a=3.23e-05 V_eV4=4.51e+54 kinetic_eV2=6.38e-10 V_Mpc2=2.53e-01 KE_Mpc2=3.59e-65 rho_final=2.53e-01
RIDDER DEBUG (adding to rho_tot): a=3.226173e-05, rho_ridder=2.532938e-01, rho_tot_before=3.011819e+06, rho_tot_after=3.011820e+06
RIDDER DEBUG (adding to rho_tot): a=9.971455e-04, rho_ridder=2.532938e-01, rho_tot_before=1.876380e+01, rho_tot_after=1.901709e+01
RIDDER DEBUG (adding to rho_tot): a=9.971455e-04, rho_ridder=2.532938e-01, rho_tot_before=1.876380e+01, rho_tot_after=1.901709e+01
RIDDER DEBUG (adding to rho_tot): a=9.905466e-04, rho_ridder=2.532938e-01, rho_tot_before=1.916023e+01, rho_tot_after=1.941352e+01
RIDDER DEBUG (adding to rho_tot): a=9.913452e-04, rho_ridder=2.532938e-01, rho_tot_before=1.911166e+01, rho_tot_after=1.936495e+01
RIDDER DEBUG (adding to rho_tot): a=9.921445e-04, rho_ridder=2.532938e-01, rho_tot_before=1.906322e+01, rho_tot_after=1.931651e+01
RIDDER DEBUG (adding to rho_tot): a=9.929444e-04, rho_ridder=2.532938e-01, rho_tot_before=1.901490e+01, rho_tot_after=1.926820e+01
RIDDER DEBUG (adding to rho_tot): a=9.937449e-04, rho_ridder=2.532938e-01, rho_tot_before=1.896671e+01, rho_tot_after=1.922000e+01
RIDDER DEBUG (adding to rho_tot): a=9.945462e-04, rho_ridder=2.532938e-01, rho_tot_before=1.891864e+01, rho_tot_after=1.917193e+01
RIDDER DEBUG (adding to rho_tot): a=9.953480e-04, rho_ridder=2.532938e-01, rho_tot_before=1.887069e+01, rho_tot_after=1.912399e+01
RIDDER DEBUG (adding to rho_tot): a=9.961505e-04, rho_ridder=2.532938e-01, rho_tot_before=1.882287e+01, rho_tot_after=1.907616e+01
RIDDER DEBUG (adding to rho_tot): a=9.969536e-04, rho_ridder=2.532938e-01, rho_tot_before=1.877517e+01, rho_tot_after=1.902846e+01
RIDDER DEBUG (adding to rho_tot): a=1.007515e-03, rho_ridder=2.532timeout: the monitored command dumped core
bash: line 40: 2094810 Segmentation fault      timeout 90 ./class /tmp/theta_scan_2.2.ini 2>&1
