DEBUG: Ridder field ENABLED. Lambda = 1.000000e+13
DEBUG: Ridder field ENABLED. Lambda = 1.000000e+13
BACKGROUND_INIT ENTERED: Lambda=1.00e+13
RIDDER DEBUG (background_init): has_ridder=1, Lambda_EDE_ridder=1.000000e+13, f_axion_ridder=2.435000e+27, theta_i_ridder=2.500000e+00, beta_ridder=0.000000e+00
BACKGROUND_SOLVE ENTERED: has_ridder=1 Lambda=1.00e+10
DDV_CHECK: call#=1 a=1.00e-14 phi=6.09e+27 ddV_eV2=-6.62e-15 (positive=0)
ABOUT TO INTEGRATE: bi_size=7 has_ridder=1 Lambda=1.00e+10
DDV_CHECK: call#=2 a=1.00e-14 phi=6.09e+27 ddV_eV2=-6.62e-15 (positive=0)
RIDDER DERIVS: First call! has_ridder=1 Lambda=1.00e+10 fluid_mode=0
RIDDER DERIVS CALLED: call#=1 a=1.00e-14 phi=6.09e+27 fluid_mode=0
CHECKPOINT_A: call#=1
CHECKPOINT_B: call#=1
CHECKPOINT_C: call#=1
CHECKPOINT_E: After switching block
CHECKPOINT_F: After debug block
PRE_IF: call#=1 fluid_mode=0 _FALSE_=0 condition=1
FIELD_MODE: call#=1 a=1.00e-14 fluid_mode=0
DERIVS: call#=1 a=1.00e-14 phi=6.09e+27 phi'=-3.70e-24 dphi/dlna=-1.71e-32 dphi'/dlna=7.39e-24 dV=3.27e-15 H=2.16e+22
DDV_CHECK: call#=3 a=1.00e-14 phi=6.09e+27 ddV_eV2=-6.62e-15 (positive=0)
RIDDER DERIVS CALLED: call#=2 a=1.00e-14 phi=6.09e+27 fluid_mode=0
CHECKPOINT_A: call#=2
CHECKPOINT_B: call#=2
CHECKPOINT_C: call#=2
CHECKPOINT_E: After switching block
CHECKPOINT_F: After debug block
PRE_IF: call#=2 fluid_mode=0 _FALSE_=0 condition=1
FIELD_MODE: call#=2 a=1.00e-14 fluid_mode=0
DERIVS: call#=2 a=1.00e-14 phi=6.09e+27 phi'=-3.70e-24 dphi/dlna=-1.71e-32 dphi'/dlna=7.39e-24 dV=3.27e-15 H=2.16e+22
DDV_CHECK: call#=4 a=1.00e-14 phi=6.09e+27 ddV_eV2=-6.62e-15 (positive=0)
RIDDER DERIVS CALLED: call#=3 a=1.00e-14 phi=6.09e+27 fluid_mode=0
CHECKPOINT_A: call#=3
CHECKPOINT_B: call#=3
CHECKPOINT_C: call#=3
CHECKPOINT_E: After switching block
CHECKPOINT_F: After debug block
PRE_IF: call#=3 fluid_mode=0 _FALSE_=0 condition=1
FIELD_MODE: call#=3 a=1.00e-14 fluid_mode=0
DERIVS: call#=3 a=1.00e-14 phi=6.09e+27 phi'=-3.70e-24 dphi/dlna=-1.71e-32 dphi'/dlna=7.39e-24 dV=3.27e-15 H=2.16e+22
DDV_CHECK: call#=5 a=1.00e-14 phi=6.09e+27 ddV_eV2=-6.62e-15 (positive=0)
RIDDER DERIVS CALLED: call#=4 a=1.00e-14 phi=6.09e+27 fluid_mode=0
CHECKPOINT_A: call#=4
CHECKPOINT_B: call#=4
CHECKPOINT_C: call#=4
CHECKPOINT_E: After switching block
CHECKPOINT_F: After debug block
PRE_IF: call#=4 fluid_mode=0 _FALSE_=0 condition=1
FIELD_MODE: call#=4 a=1.00e-14 fluid_mode=0
DERIVS: call#=4 a=1.00e-14 phi=6.09e+27 phi'=1.12e-23 dphi/dlna=5.19e-32 dphi'/dlna=-2.24e-23 dV=3.27e-15 H=2.16e+22
DDV_CHECK: call#=6 a=1.00e-14 phi=6.09e+27 ddV_eV2=-6.62e-15 (positive=0)
PRE_IF: call#=5 fluid_mode=0 _FALSE_=0 condition=1
FIELD_MODE: call#=5 a=1.00e-14 fluid_mode=0
DERIVS: call#=5 a=1.00e-14 phi=6.09e+27 phi'=-3.70e-24 dphi/dlna=-1.71e-32 dphi'/dlna=7.39e-24 dV=3.27e-15 H=2.16e+22
DDV_CHECK: call#=7 a=1.00e-14 phi=6.09e+27 ddV_eV2=-6.62e-15 (positive=0)
PRE_IF: call#=6 fluid_mode=0 _FALSE_=0 condition=1
FIELD_MODE: call#=6 a=1.00e-14 fluid_mode=0
DERIVS: call#=6 a=1.00e-14 phi=6.09e+27 phi'=-3.70e-24 dphi/dlna=-1.71e-32 dphi'/dlna=7.39e-24 dV=3.27e-15 H=2.16e+22
DDV_CHECK: call#=8 a=1.00e-14 phi=6.09e+27 ddV_eV2=-6.62e-15 (positive=0)
PRE_IF: call#=7 fluid_mode=0 _FALSE_=0 condition=1
FIELD_MODE: call#=7 a=1.00e-14 fluid_mode=0
DERIVS: call#=7 a=1.00e-14 phi=6.09e+27 phi'=-3.70e-24 dphi/dlna=-1.71e-32 dphi'/dlna=7.39e-24 dV=3.27e-15 H=2.16e+22
DDV_CHECK: call#=9 a=1.00e-14 phi=6.09e+27 ddV_eV2=-6.62e-15 (positive=0)
PRE_IF: call#=8 fluid_mode=0 _FALSE_=0 condition=1
FIELD_MODE: call#=8 a=1.00e-14 fluid_mode=0
DERIVS: call#=8 a=1.00e-14 phi=6.09e+27 phi'=-3.70e-24 dphi/dlna=-1.71e-32 dphi'/dlna=7.39e-24 dV=3.27e-15 H=2.16e+22
PRE_IF: call#=9 fluid_mode=0 _FALSE_=0 condition=1
FIELD_MODE: call#=9 a=1.00e-14 fluid_mode=0
DERIVS: call#=9 a=1.00e-14 phi=6.09e+27 phi'=-3.70e-24 dphi/dlna=-1.71e-32 dphi'/dlna=7.39e-24 dV=3.27e-15 H=2.16e+22
V_RIDDER_RAW: a=4.65e-13 phi=6.09e+27 V_eV4=5.84e+40 Lambda=1.00e+10 f=2.43e+27 n=3
BG_FUNC: a=4.65e-13 V_eV4=5.84e+40 kinetic_eV2=6.79e-30 V_Mpc2=3.28e-15 KE_Mpc2=3.82e-85 rho_final=3.28e-15
RIDDER DEBUG (adding to rho_tot): a=4.646133e-13, rho_ridder=3.284928e-15, rho_tot_before=5.904898e+37, rho_tot_after=5.904898e+37
V_RIDDER_RAW: a=2.28e-11 phi=6.09e+27 V_eV4=5.84e+40 Lambda=1.00e+10 f=2.43e+27 n=3
DDV_CHECK: call#=10000 a=2.28e-11 phi=6.09e+27 ddV_eV2=-6.62e-15 (positive=0)
BG_FUNC: a=2.28e-11 V_eV4=5.84e+40 kinetic_eV2=4.81e-40 V_Mpc2=3.28e-15 KE_Mpc2=2.71e-95 rho_final=3.28e-15
RIDDER DEBUG (adding to rho_tot): a=2.283936e-11, rho_ridder=3.284928e-15, rho_tot_before=1.011214e+31, rho_tot_after=1.011214e+31
V_RIDDER_RAW: a=8.77e-10 phi=6.09e+27 V_eV4=5.84e+40 Lambda=1.00e+10 f=2.43e+27 n=3
BG_FUNC: a=8.77e-10 V_eV4=5.84e+40 kinetic_eV2=1.51e-49 V_Mpc2=3.28e-15 KE_Mpc2=8.47e-105 rho_final=3.28e-15
RIDDER DEBUG (adding to rho_tot): a=8.766446e-10, rho_ridder=3.284928e-15, rho_tot_before=4.658939e+24, rho_tot_after=4.658939e+24
V_RIDDER_RAW: a=3.23e-08 phi=6.09e+27 V_eV4=5.84e+40 Lambda=1.00e+10 f=2.43e+27 n=3
DDV_CHECK: call#=20000 a=3.23e-08 phi=6.09e+27 ddV_eV2=-6.62e-15 (positive=0)
BG_FUNC: a=3.23e-08 V_eV4=5.84e+40 kinetic_eV2=5.03e-50 V_Mpc2=3.28e-15 KE_Mpc2=2.83e-105 rho_final=3.28e-15
RIDDER DEBUG (adding to rho_tot): a=3.231936e-08, rho_ridder=3.284928e-15, rho_tot_before=2.522371e+18, rho_tot_after=2.522371e+18
V_RIDDER_RAW: a=1.21e-06 phi=6.09e+27 V_eV4=5.84e+40 Lambda=1.00e+10 f=2.43e+27 n=3
BG_FUNC: a=1.21e-06 V_eV4=5.84e+40 kinetic_eV2=9.76e-44 V_Mpc2=3.28e-15 KE_Mpc2=5.49e-99 rho_final=3.28e-15
RIDDER DEBUG (adding to rho_tot): a=1.207531e-06, rho_ridder=3.284928e-15, rho_tot_before=1.303152e+12, rho_tot_after=1.303152e+12
V_RIDDER_RAW: a=4.39e-05 phi=6.09e+27 V_eV4=5.84e+40 Lambda=1.00e+10 f=2.43e+27 n=3
DDV_CHECK: call#=30000 a=4.39e-05 phi=6.09e+27 ddV_eV2=-6.62e-15 (positive=0)
BG_FUNC: a=4.39e-05 V_eV4=5.84e+40 kinetic_eV2=1.52e-37 V_Mpc2=3.28e-15 KE_Mpc2=8.53e-93 rho_final=3.28e-15
RIDDER DEBUG (adding to rho_tot): a=4.385722e-05, rho_ridder=3.284928e-15, rho_tot_before=9.315508e+05, rho_tot_after=9.315508e+05
RIDDER DEBUG (adding to rho_tot): a=9.944477e-04, rho_ridder=3.284928e-15, rho_tot_before=1.892453e+01, rho_tot_after=1.892453e+01
RIDDER DEBUG (adding to rho_tot): a=9.905466e-04, rho_ridder=3.284928e-15, rho_tot_before=1.916023e+01, rho_tot_after=1.916023e+01
RIDDER DEBUG (adding to rho_tot): a=9.913452e-04, rho_ridder=3.284928e-15, rho_tot_before=1.911166e+01, rho_tot_after=1.911166e+01
RIDDER DEBUG (adding to rho_tot): a=9.921445e-04, rho_ridder=3.284928e-15, rho_tot_before=1.906322e+01, rho_tot_after=1.906322e+01
RIDDER DEBUG (adding to rho_tot): a=9.929444e-04, rho_ridder=3.284928e-15, rho_tot_before=1.901490e+01, rho_tot_after=1.901490e+01
RIDDER DEBUG (adding to rho_tot): a=9.937449e-04, rho_ridder=3.284928e-15, rho_tot_before=1.896671e+01, rho_tot_after=1.896671e+01
RIDDER DEBUG (adding to rho_tot): a=9.945462e-04, rho_ridder=3.284928e-15, rho_tot_before=1.891864e+01, rho_tot_after=1.891864e+01
RIDDER DEBUG (adding to rho_tot): a=9.953480e-04, rho_ridder=3.284928e-15, rho_tot_before=1.887069e+01, rho_tot_after=1.887069e+01
RIDDER DEBUG (adding to rho_tot): a=9.961505e-04, rho_ridder=3.284928e-15, rho_tot_before=1.882287e+01, rho_tot_after=1.882287e+01
RIDDER DEBUG (adding to rho_tot): a=9.969536e-04, rho_ridder=3.284928e-15, rho_tot_before=1.877517e+01, rho_tot_after=1.877517e+01
RIDDER DEBUG (adding to rho_tot): a=9.977574e-04, rho_ridder=3.284928e-15, rho_tot_before=1.872759e+01, rho_tot_after=1.872759e+01
RIDDER DEBUG (adding to rho_tot): a=9.985619e-04, rho_ridder=3.284928e-15, rho_tot_before=1.868014e+01, rho_tot_after=1.868014e+01
RIDDER DEBUG (adding to rho_tot): a=9.993670e-04, rho_ridder=3.284928e-15, rho_tot_before=1.863280e+01, rho_tot_after=1.863280e+01
RIDDER DEBUG (adding to rho_tot): a=1.000173e-03, rho_ridder=3.284928e-15, rho_tot_before=1.858559e+01, rho_tot_after=1.858559e+01
RIDDER DEBUG (adding to rho_tot): a=1.000979e-03, rho_ridder=3.284928e-15, rho_tot_before=1.853850e+01, rho_tot_after=1.853850e+01
RIDDER DEBUG (adding to rho_tot): a=1.001786e-03, rho_ridder=3.284928e-15, rho_tot_before=1.849153e+01, rho_tot_after=1.849153e+01
RIDDER DEBUG (adding to rho_tot): a=1.002594e-03, rho_ridder=3.284928e-15, rho_tot_before=1.844468e+01, rho_tot_after=1.844468e+01
RIDDER DEBUG (adding to rho_tot): a=1.003402e-03, rho_ridder=3.284928e-15, rho_tot_before=1.839795e+01, rho_tot_after=1.839795e+01
RIDDER DEBUG (adding to rho_tot): a=1.004211e-03, rho_ridder=3.284928e-15, rho_tot_before=1.835134e+01, rho_tot_after=1.835134e+01
RIDDER DEBUG (adding to rho_tot): a=1.005021e-03, rho_ridder=3.284928e-15, rho_tot_before=1.830485e+01, rho_tot_after=1.830485e+01
RIDDER DEBUG (adding to rho_tot): a=1.005831e-03, rho_ridder=3.284928e-15, rho_tot_before=1.825848e+01, rho_tot_after=1.825848e+01
RIDDER DEBUG (adding to rho_tot): a=1.006642e-03, rho_ridder=3.284928e-15, rho_tot_before=1.821223e+01, rho_tot_after=1.821223e+01
RIDDER DEBUG (adding to rho_tot): a=1.007454e-03, rho_ridder=3.284928e-15, rho_tot_before=1.816609e+01, rho_tot_after=1.816609e+01
RIDDER DEBUG (adding to rho_tot): a=1.008266e-03, rho_ridder=3.284928e-15, rho_tot_before=1.812008e+01, rho_tot_after=1.812008e+01
RIDDER DEBUG (adding to rho_tot): a=1.009079e-03, rho_ridder=3.284928e-15, rho_tot_before=1.807418e+01, rho_tot_after=1.807418e+01
RIDDER DEBUG (adding to rho_tot): a=1.009892e-03, rho_ridder=3.284928e-15, rho_tot_before=1.802840e+01, rho_tot_after=1.802840e+01
V_RIDDER_RAW: a=1.82e-03 phi=6.09e+27 V_eV4=5.84e+40 Lambda=1.00e+10 f=2.43e+27 n=3
BG_FUNC: a=1.82e-03 V_eV4=5.84e+40 kinetic_eV2=8.30e-32 V_Mpc2=3.28e-15 KE_Mpc2=4.66e-87 rho_final=3.28e-15
RIDDER DEBUG (adding to rho_tot): a=1.815856e-03, rho_ridder=3.284928e-15, rho_tot_before=2.899286e+00, rho_tot_after=2.899286e+00
V_RIDDER_RAW: a=8.06e-02 phi=6.09e+27 V_eV4=5.84e+40 Lambda=1.00e+10 f=2.43e+27 n=3
DDV_CHECK: call#=40000 a=8.06e-02 phi=6.09e+27 ddV_eV2=-6.62e-15 (positive=0)
BG_FUNC: a=8.06e-02 V_eV4=5.84e+40 kinetic_eV2=8.69e-27 V_Mpc2=3.28e-15 KE_Mpc2=4.89e-82 rho_final=3.28e-15
RIDDER DEBUG (adding to rho_tot): a=8.057915e-02, rho_ridder=3.284928e-15, rho_tot_before=3.034839e-05, rho_tot_after=3.034839e-05
BACKGROUND_SOLVE ENTERED: has_ridder=1 Lambda=1.00e+16
ABOUT TO INTEGRATE: bi_size=7 has_ridder=1 Lambda=1.00e+16
V_RIDDER_RAW: a=2.94e-14 phi=6.09e+27 V_eV4=5.84e+64 Lambda=1.00e+16 f=2.43e+27 n=3
BG_FUNC: a=2.94e-14 V_eV4=5.84e+64 kinetic_eV2=1.05e+26 V_Mpc2=3.28e+09 KE_Mpc2=5.89e-30 rho_final=3.28e+09
RIDDER DEBUG (adding to rho_tot): a=2.944501e-14, rho_ridder=3.284928e+09, rho_tot_before=3.660431e+42, rho_tot_after=3.660431e+42
V_RIDDER_RAW: a=1.30e-12 phi=6.09e+27 V_eV4=5.84e+64 Lambda=1.00e+16 f=2.43e+27 n=3
DDV_CHECK: call#=50000 a=1.30e-12 phi=6.09e+27 ddV_eV2=-6.62e+09 (positive=0)
BG_FUNC: a=1.30e-12 V_eV4=5.84e+64 kinetic_eV2=1.40e+16 V_Mpc2=3.28e+09 KE_Mpc2=7.87e-40 rho_final=3.28e+09
RIDDER DEBUG (adding to rho_tot): a=1.302425e-12, rho_ridder=3.284928e+09, rho_tot_before=9.562415e+35, rho_tot_after=9.562415e+35
V_RIDDER_RAW: a=5.76e-11 phi=6.09e+27 V_eV4=5.84e+64 Lambda=1.00e+16 f=2.43e+27 n=3
BG_FUNC: a=5.76e-11 V_eV4=5.84e+64 kinetic_eV2=1.88e+06 V_Mpc2=3.28e+09 KE_Mpc2=1.06e-49 rho_final=3.28e+09
RIDDER DEBUG (adding to rho_tot): a=5.756308e-11, rho_ridder=3.284928e+09, rho_tot_before=2.506128e+29, rho_tot_after=2.506128e+29
V_RIDDER_RAW: a=2.54e-09 phi=6.09e+27 V_eV4=5.84e+64 Lambda=1.00e+16 f=2.43e+27 n=3
DDV_CHECK: call#=60000 a=2.54e-09 phi=6.09e+27 ddV_eV2=-6.62e+09 (positive=0)
BG_FUNC: a=2.54e-09 V_eV4=5.84e+64 kinetic_eV2=2.98e-04 V_Mpc2=3.28e+09 KE_Mpc2=1.67e-59 rho_final=3.28e+09
RIDDER DEBUG (adding to rho_tot): a=2.544106e-09, rho_ridder=3.284928e+09, rho_tot_before=6.568177e+22, rho_tot_after=6.568177e+22
DERIVS_ENTRY: call#=5000 has_ridder=1 Lambda=1.00e+16 a=2.08e-08
RIDDER DERIVS CALLED: call#=5000 a=2.08e-08 phi=6.09e+27 fluid_mode=0
FIELD_MODE: call#=5000 a=2.08e-08 fluid_mode=0
DERIVS: call#=5000 a=2.08e-08 phi=6.09e+27 phi'=-2.71e-09 dphi/dlna=-2.61e-11 dphi'/dlna=-8.14e-09 dV=3.27e+09 H=5.01e+09
V_RIDDER_RAW: a=7.81e-08 phi=6.09e+27 V_eV4=5.84e+64 Lambda=1.00e+16 f=2.43e+27 n=3
BG_FUNC: a=7.81e-08 V_eV4=5.84e+64 kinetic_eV2=1.72e+00 V_Mpc2=3.28e+09 KE_Mpc2=9.64e-56 rho_final=3.28e+09
RIDDER DEBUG (adding to rho_tot): a=7.811282e-08, rho_ridder=3.284928e+09, rho_tot_before=7.394096e+16, rho_tot_after=7.394097e+16
V_RIDDER_RAW: a=2.35e-06 phi=6.09e+27 V_eV4=5.84e+64 Lambda=1.00e+16 f=2.43e+27 n=3
DDV_CHECK: call#=70000 a=2.35e-06 phi=6.09e+27 ddV_eV2=-6.62e+09 (positive=0)
BG_FUNC: a=2.35e-06 V_eV4=5.84e+64 kinetic_eV2=1.39e+06 V_Mpc2=3.28e+09 KE_Mpc2=7.81e-50 rho_final=3.28e+09
RIDDER DEBUG (adding to rho_tot): a=2.354286e-06, rho_ridder=3.284928e+09, rho_tot_before=9.077993e+10, rho_tot_after=9.406486e+10
V_RIDDER_RAW: a=9.48e-05 phi=6.09e+27 V_eV4=5.84e+64 Lambda=1.00e+16 f=2.43e+27 n=3
BG_FUNC: a=9.48e-05 V_eV4=5.84e+64 kinetic_eV2=1.81e+08 V_Mpc2=3.28e+09 KE_Mpc2=1.02e-47 rho_final=3.28e+09
RIDDER DEBUG (adding to rho_tot): a=9.484172e-05, rho_ridder=3.284928e+09, rho_tot_before=5.258052e+04, rho_tot_after=3.284980e+09
RIDDER DEBUG (adding to rho_tot): a=1.009284e-03, rho_ridder=3.284928e+09, rho_tot_before=1.806264e+01, rho_tot_after=3.284928e+09
RIDDER DEBUG (adding to rho_tot): a=9.905466e-04, rho_ridder=3.284928e+09, rho_tot_before=1.916023e+01, rho_tot_after=3.284928e+09
RIDDER DEBUG (adding to rho_tot): a=9.913452e-04, rho_ridder=3.284928e+09, rho_tot_before=1.911166e+01, rho_tot_after=3.284928e+09
RIDDER DEBUG (adding to rho_tot): a=9.921445e-04, rho_ridder=3.284928e+09, rho_tot_before=1.906322e+01, rho_tot_after=3.284928e+09
RIDDER DEBUG (adding to rho_tot): a=9.929444e-04, rho_ridder=3.284928e+09, rho_tot_before=1.901490e+01, rho_tot_after=3.284928e+09
RIDDER DEBUG (adding to rho_tot): a=9.937449e-04, rho_ridder=3.284928e+09, rho_tot_before=1.896671e+01, rho_tot_after=3.284928e+09
RIDDER DEBUG (adding to rho_tot): a=9.945462e-04, rho_ridder=3.284928e+09, rho_tot_before=1.891864e+01, rho_tot_after=3.284928e+09
RIDDER DEBUG (adding to rho_tot): a=9.953480e-04, rho_ridder=3.284928e+09, rho_tot_before=1.887069e+01, rho_tot_after=3.284928e+09
RIDDER DEBUG (adding to rho_tot): a=9.961505e-04, rho_ridder=3.284928e+09, rho_tot_before=1.882287e+01, rho_tot_after=3.284928e+09
RIDDER DEBUG (adding to rho_tot): a=9.969536e-04, rho_ridder=3.284928e+09, rho_tot_before=1.877517e+01, rho_tot_after=3.284928e+09
RIDDER DEBUG (adding to rho_tot): a=9.977574e-04, rho_ridder=3.284928e+09, rho_tot_before=1.872759e+01, rho_tot_after=3.284928e+09
RIDDER DEBUG (adding to rho_tot): a=9.985619e-04, rho_ridder=3.284928e+09, rho_tot_before=1.868014e+01, rho_tot_after=3.284928e+09
RIDDER DEBUG (adding to rho_tot): a=9.993670e-04, rho_ridder=3.284928e+09, rho_tot_before=1.863280e+01, rho_tot_after=3.284928e+09
RIDDER DEBUG (adding to rho_tot): a=1.000173e-03, rho_ridder=3.284928e+09, rho_tot_before=1.858559e+01, rho_tot_after=3.284928e+09
RIDDER DEBUG (adding to rho_tot): a=1.000979e-03, rho_ridder=3.284928e+09, rho_tot_before=1.853850e+01, rho_tot_after=3.284928e+09
RIDDER DEBUG (adding to rho_tot): a=1.001786e-03, rho_ridder=3.284928e+09, rho_tot_before=1.849153e+01, rho_tot_after=3.284928e+09
RIDDER DEBUG (adding to rho_tot): a=1.002594e-03, rho_ridder=3.284928e+09, rho_tot_before=1.844468e+01, rho_tot_after=3.284928e+09
RIDDER DEBUG (adding to rho_tot): a=1.003402e-03, rho_ridder=3.284928e+09, rho_tot_before=1.839795e+01, rho_tot_after=3.284928e+09
RIDDER DEBUG (adding to rho_tot): a=1.004211e-03, rho_ridder=3.284928e+09, rho_tot_before=1.835134e+01, rho_tot_after=3.284928e+09
RIDDER DEBUG (adding to rho_tot): a=1.005021e-03, rho_ridder=3.284928e+09, rho_tot_before=1.830485e+01, rho_tot_after=3.284928e+09
RIDDER DEBUG (adding to rho_tot): a=1.005831e-03, rho_ridder=3.284928e+09, rho_tot_before=1.825848e+01, rho_tot_after=3.284928e+09
RIDDER DEBUG (adding to rho_tot): a=1.006642e-03, rho_ridder=3.284928e+09, rho_tot_before=1.821223e+01, rho_tot_after=3.284928e+09
RIDDER DEBUG (adding to rho_tot): a=1.007454e-03, rho_ridder=3.284928e+09, rho_tot_before=1.816609e+01, rho_tot_after=3.284928e+09
RIDDER DEBUG (adding to rho_tot): a=1.008266e-03, rho_ridder=3.284928e+09, rho_tot_before=1.812008e+01, rho_tot_after=3.284928e+09
RIDDER DEBUG (adding to rho_tot): a=1.009079e-03, rho_ridder=3.284928e+09, rho_tot_before=1.807418e+01, rho_tot_after=3.284928e+09
RIDDER DEBUG (adding to rho_tot): a=1.009892e-03, rho_ridder=3.284928e+09, rho_tot_before=1.802840e+01, rho_tot_after=3.284928e+09
V_RIDDER_RAW: a=4.69e-03 phi=6.09e+27 V_eV4=5.84e+64 Lambda=1.00e+16 f=2.43e+27 n=3
DDV_CHECK: call#=80000 a=4.69e-03 phi=6.09e+27 ddV_eV2=-6.62e+09 (positive=0)
BG_FUNC: a=4.69e-03 V_eV4=5.84e+64 kinetic_eV2=1.81e+08 V_Mpc2=3.28e+09 KE_Mpc2=1.02e-47 rho_final=3.28e+09
RIDDER DEBUG (adding to rho_tot): a=4.692365e-03, rho_ridder=3.284928e+09, rho_tot_before=1.590289e-01, rho_tot_after=3.284928e+09
V_RIDDER_RAW: a=2.32e-01 phi=6.09e+27 V_eV4=5.84e+64 Lambda=1.00e+16 f=2.43e+27 n=3
BG_FUNC: a=2.32e-01 V_eV4=5.84e+64 kinetic_eV2=1.81e+08 V_Mpc2=3.28e+09 KE_Mpc2=1.02e-47 rho_final=3.28e+09
RIDDER DEBUG (adding to rho_tot): a=2.321583e-01, rho_ridder=3.284928e+09, rho_tot_before=1.267188e-06, rho_tot_after=3.284928e+09
BACKGROUND_SOLVE ENTERED: has_ridder=1 Lambda=1.00e+13
ABOUT TO INTEGRATE: bi_size=7 has_ridder=1 Lambda=1.00e+13
V_RIDDER_RAW: a=9.64e-14 phi=6.09e+27 V_eV4=5.84e+52 Lambda=1.00e+13 f=2.43e+27 n=3
DDV_CHECK: call#=90000 a=9.64e-14 phi=6.09e+27 ddV_eV2=-6.62e-03 (positive=0)
BG_FUNC: a=9.64e-14 V_eV4=5.84e+52 kinetic_eV2=8.53e-02 V_Mpc2=3.28e-03 KE_Mpc2=4.80e-57 rho_final=3.28e-03
RIDDER DEBUG (adding to rho_tot): a=9.635508e-14, rho_ridder=3.284928e-03, rho_tot_before=3.192131e+40, rho_tot_after=3.192131e+40
V_RIDDER_RAW: a=4.23e-12 phi=6.09e+27 V_eV4=5.84e+52 Lambda=1.00e+13 f=2.43e+27 n=3
BG_FUNC: a=4.23e-12 V_eV4=5.84e+52 kinetic_eV2=1.20e-11 V_Mpc2=3.28e-03 KE_Mpc2=6.72e-67 rho_final=3.28e-03
RIDDER DEBUG (adding to rho_tot): a=4.227812e-12, rho_ridder=3.284928e-03, rho_tot_before=8.612247e+33, rho_tot_after=8.612247e+33
V_RIDDER_RAW: a=1.83e-10 phi=6.09e+27 V_eV4=5.84e+52 Lambda=1.00e+13 f=2.43e+27 n=3
DDV_CHECK: call#=100000 a=1.83e-10 phi=6.09e+27 ddV_eV2=-6.62e-03 (positive=0)
BG_FUNC: a=1.83e-10 V_eV4=5.84e+52 kinetic_eV2=1.81e-21 V_Mpc2=3.28e-03 KE_Mpc2=1.02e-76 rho_final=3.28e-03
RIDDER DEBUG (adding to rho_tot): a=1.831288e-10, rho_ridder=3.284928e-03, rho_tot_before=2.446545e+27, rho_tot_after=2.446545e+27
V_RIDDER_RAW: a=6.74e-09 phi=6.09e+27 V_eV4=5.84e+52 Lambda=1.00e+13 f=2.43e+27 n=3
BG_FUNC: a=6.74e-09 V_eV4=5.84e+52 kinetic_eV2=1.12e-28 V_Mpc2=3.28e-03 KE_Mpc2=6.32e-84 rho_final=3.28e-03
RIDDER DEBUG (adding to rho_tot): a=6.740556e-09, rho_ridder=3.284928e-03, rho_tot_before=1.332948e+21, rho_tot_after=1.332948e+21
V_RIDDER_RAW: a=2.48e-07 phi=6.09e+27 V_eV4=5.84e+52 Lambda=1.00e+13 f=2.43e+27 n=3
DDV_CHECK: call#=110000 a=2.48e-07 phi=6.09e+27 ddV_eV2=-6.62e-03 (positive=0)
BG_FUNC: a=2.48e-07 V_eV4=5.84e+52 kinetic_eV2=1.74e-22 V_Mpc2=3.28e-03 KE_Mpc2=9.81e-78 rho_final=3.28e-03
RIDDER DEBUG (adding to rho_tot): a=2.481046e-07, rho_ridder=3.284928e-03, rho_tot_before=7.272096e+14, rho_tot_after=7.272096e+14
V_RIDDER_RAW: a=8.22e-06 phi=6.09e+27 V_eV4=5.84e+52 Lambda=1.00e+13 f=2.43e+27 n=3
BG_FUNC: a=8.22e-06 V_eV4=5.84e+52 kinetic_eV2=2.06e-16 V_Mpc2=3.28e-03 KE_Mpc2=1.16e-71 rho_final=3.28e-03
RIDDER DEBUG (adding to rho_tot): a=8.223806e-06, rho_ridder=3.284928e-03, rho_tot_before=6.300591e+08, rho_tot_after=6.300591e+08
DERIVS_ENTRY: call#=10000 has_ridder=1 Lambda=1.00e+13 a=7.89e-05
RIDDER DERIVS CALLED: call#=10000 a=7.89e-05 phi=6.09e+27 fluid_mode=0
FIELD_MODE: call#=10000 a=7.89e-05 fluid_mode=0
DERIVS: call#=10000 a=7.89e-05 phi=6.09e+27 phi'=-1.35e-10 dphi/dlna=-4.37e-09 dphi'/dlna=-3.92e-10 dV=3.27e-03 H=3.91e+02
V_RIDDER_RAW: a=2.58e-04 phi=6.09e+27 V_eV4=5.84e+52 Lambda=1.00e+13 f=2.43e+27 n=3
DDV_CHECK: call#=120000 a=2.58e-04 phi=6.09e+27 ddV_eV2=-6.62e-03 (positive=0)
BG_FUNC: a=2.58e-04 V_eV4=5.84e+52 kinetic_eV2=1.18e-10 V_Mpc2=3.28e-03 KE_Mpc2=6.62e-66 rho_final=3.28e-03
RIDDER DEBUG (adding to rho_tot): a=2.576382e-04, rho_ridder=3.284928e-03, rho_tot_before=1.550992e+03, rho_tot_after=1.550995e+03
RIDDER DEBUG (adding to rho_tot): a=9.945047e-04, rho_ridder=3.284928e-03, rho_tot_before=1.892112e+01, rho_tot_after=1.892441e+01
RIDDER DEBUG (adding to rho_tot): a=9.945047e-04, rho_ridder=3.284928e-03, rho_tot_before=1.892112e+01, rho_tot_after=1.892441e+01
RIDDER DEBUG (adding to rho_tot): a=9.905466e-04, rho_ridder=3.284928e-03, rho_tot_before=1.916023e+01, rho_tot_after=1.916351e+01
RIDDER DEBUG (adding to rho_tot): a=9.913452e-04, rho_ridder=3.284928e-03, rho_tot_before=1.911166e+01, rho_tot_after=1.911495e+01
RIDDER DEBUG (adding to rho_tot): a=9.921445e-04, rho_ridder=3.284928e-03, rho_tot_before=1.906322e+01, rho_tot_after=1.906650e+01
RIDDER DEBUG (adding to rho_tot): a=9.929444e-04, rho_ridder=3.284928e-03, rho_tot_before=1.901490e+01, rho_tot_after=1.901819e+01
RIDDER DEBUG (adding to rho_tot): a=9.937449e-04, rho_ridder=3.284928e-03, rho_tot_before=1.896671e+01, rho_tot_after=1.896999e+01
RIDDER DEBUG (adding to rho_tot): a=1.004053e-03, rho_ridder=3.284928e-03, rho_tot_before=1.836047e+01, rho_tot_after=1.836375e+01
RIDDER DEBUG (adding to rho_tot): a=1.004053e-03, rho_ridder=3.284928e-03, rho_tot_before=1.836047e+01, rho_tot_after=1.836375e+01
RIDDER DEBUG (adding to rho_tot): a=9.945462e-04, rho_ridder=3.284928e-03, rho_tot_before=1.891864e+01, rho_tot_after=1.892192e+01
RIDDER DEBUG (adding to rho_tot): a=9.953480e-04, rho_ridder=3.284928e-03, rho_tot_before=1.887069e+01, rho_tot_after=1.887398e+01
RIDDER DEBUG (adding to rho_tot): a=9.961505e-04, rho_ridder=3.284928e-03, rho_tot_before=1.882287e+01, rho_tot_after=1.882616e+01
RIDDER DEBUG (adding to rho_tot): a=9.969536e-04, rho_ridder=3.284928e-03, rho_tot_before=1.877517e+01, rho_tot_after=1.877846e+01
RIDDER DEBUG (adding to rho_tot): a=9.977574e-04, rho_ridder=3.284928e-03, rho_tot_before=1.872759e+01, rho_tot_after=1.873088e+01
RIDDER DEBUG (adding to rho_tot): a=9.985619e-04, rho_ridder=3.284928e-03, rho_tot_before=1.868014e+01, rho_tot_after=1.868342e+01
RIDDER DEBUG (adding to rho_tot): a=9.993670e-04, rho_ridder=3.284928e-03, rho_tot_before=1.863280e+01, rho_tot_after=1.863609e+01
RIDDER DEBUG (adding to rho_tot): a=1.000173e-03, rho_ridder=3.284928e-03, rho_tot_before=1.858559e+01, rho_tot_after=1.858888e+01
RIDDER DEBUG (adding to rho_tot): a=1.000979e-03, rho_ridder=3.284928e-03, rho_tot_before=1.853850e+01, rho_tot_after=1.854178e+01
RIDDER DEBUG (adding to rho_tot): a=1.001786e-03, rho_ridder=3.284928e-03, rho_tot_before=1.849153e+01, rho_tot_after=1.849481e+01
RIDDER DEBUG (adding to rho_tot): a=1.002594e-03, rho_ridder=3.284928e-03, rho_tot_before=1.844468e+01, rho_tot_after=1.844796e+01
RIDDER DEBUG (adding to rho_tot): a=1.003402e-03, rho_ridder=3.284928e-03, rho_tot_before=1.839795e+01, rho_tot_after=1.840123e+01
RIDDER DEBUG (adding to rho_tot): a=1.004211e-03, rho_ridder=3.284928e-03, rho_tot_before=1.835134e+01, rho_tot_after=1.835462e+01
RIDDER DEBUG (adding to rho_tot): a=1.005021e-03, rho_ridder=3.284928e-03, rho_tot_before=1.830485e+01, rho_tot_after=1.830813e+01
RIDDER DEBUG (adding to rho_tot): a=1.005831e-03, rho_ridder=3.284928e-03, rho_tot_before=1.825848e+01, rho_tot_after=1.826176e+01
RIDDER DEBUG (adding to rho_tot): a=1.006642e-03, rho_ridder=3.284928e-03, rho_tot_before=1.821223e+01, rho_tot_after=1.821551e+01
RIDDER DEBUG (adding to rho_tot): a=1.007454e-03, rho_ridder=3.284928e-03, rho_tot_before=1.816609e+01, rho_tot_after=1.816938e+01
RIDDER DEBUG (adding to rho_tot): a=1.008266e-03, rho_ridder=3.284928e-03, rho_tot_before=1.812008e+01, rho_tot_after=1.812336e+01
RIDDER DEBUG (adding to rho_tot): a=1.009079e-03, rho_ridder=3.284928e-03, rho_tot_before=1.807418e+01, rho_tot_after=1.807747e+01
RIDDER DEBUG (adding to rho_tot): a=1.009892e-03, rho_ridder=3.284928e-03, rho_tot_before=1.802840e+01, rho_tot_after=1.803169e+01
V_RIDDER_RAW: a=8.86e-03 phi=6.09e+27 V_eV4=5.84e+52 Lambda=1.00e+13 f=2.43e+27 n=3
BG_FUNC: a=8.86e-03 V_eV4=5.84e+52 kinetic_eV2=1.03e-05 V_Mpc2=3.28e-03 KE_Mpc2=5.79e-61 rho_final=3.28e-03
RIDDER DEBUG (adding to rho_tot): a=8.862346e-03, rho_ridder=3.284928e-03, rho_tot_before=2.320868e-02, rho_tot_after=2.649361e-02
V_RIDDER_RAW: a=3.74e-01 phi=6.09e+27 V_eV4=5.84e+52 Lambda=1.00e+13 f=2.43e+27 n=3
DDV_CHECK: call#=130000 a=3.74e-01 phi=6.09e+27 ddV_eV2=-6.62e-03 (positive=0)
BG_FUNC: a=3.74e-01 V_eV4=5.84e+52 kinetic_eV2=1.81e-04 V_Mpc2=3.28e-03 KE_Mpc2=1.02e-59 rho_final=3.28e-03
RIDDER DEBUG (adding to rho_tot): a=3.737566e-01, rho_ridder=3.284928e-03, rho_tot_before=3.036013e-07, rho_tot_after=3.285232e-03
RIDDER_SHOOT iter= 1  log10_Lambda=13.000  f_peak=0.00143  z_peak= 500.1  target=0.10000
BACKGROUND_SOLVE ENTERED: has_ridder=1 Lambda=3.16e+14
ABOUT TO INTEGRATE: bi_size=7 has_ridder=1 Lambda=3.16e+14
V_RIDDER_RAW: a=1.45e-13 phi=6.09e+27 V_eV4=5.84e+58 Lambda=3.16e+14 f=2.43e+27 n=3
BG_FUNC: a=1.45e-13 V_eV4=5.84e+58 kinetic_eV2=7.32e+09 V_Mpc2=3.28e+03 KE_Mpc2=4.11e-46 rho_final=3.28e+03
RIDDER DEBUG (adding to rho_tot): a=1.451039e-13, rho_ridder=3.284928e+03, rho_tot_before=6.206731e+39, rho_tot_after=6.206731e+39
V_RIDDER_RAW: a=6.41e-12 phi=6.09e+27 V_eV4=5.84e+58 Lambda=3.16e+14 f=2.43e+27 n=3
DDV_CHECK: call#=140000 a=6.41e-12 phi=6.09e+27 ddV_eV2=-6.62e+03 (positive=0)
BG_FUNC: a=6.41e-12 V_eV4=5.84e+58 kinetic_eV2=9.82e-01 V_Mpc2=3.28e+03 KE_Mpc2=5.52e-56 rho_final=3.28e+03
RIDDER DEBUG (adding to rho_tot): a=6.413132e-12, rho_ridder=3.284928e+03, rho_tot_before=1.626666e+33, rho_tot_after=1.626666e+33
V_RIDDER_RAW: a=2.83e-10 phi=6.09e+27 V_eV4=5.84e+58 Lambda=3.16e+14 f=2.43e+27 n=3
BG_FUNC: a=2.83e-10 V_eV4=5.84e+58 kinetic_eV2=1.32e-10 V_Mpc2=3.28e+03 KE_Mpc2=7.41e-66 rho_final=3.28e+03
RIDDER DEBUG (adding to rho_tot): a=2.834401e-10, rho_ridder=3.284928e+03, rho_tot_before=4.263188e+26, rho_tot_after=4.263188e+26
V_RIDDER_RAW: a=1.23e-08 phi=6.09e+27 V_eV4=5.84e+58 Lambda=3.16e+14 f=2.43e+27 n=3
DDV_CHECK: call#=150000 a=1.23e-08 phi=6.09e+27 ddV_eV2=-6.62e+03 (positive=0)
BG_FUNC: a=1.23e-08 V_eV4=5.84e+58 kinetic_eV2=1.07e-15 V_Mpc2=3.28e+03 KE_Mpc2=6.04e-71 rho_final=3.28e+03
RIDDER DEBUG (adding to rho_tot): a=1.232953e-08, rho_ridder=3.284928e+03, rho_tot_before=1.190760e+20, rho_tot_after=1.190760e+20
V_RIDDER_RAW: a=3.66e-07 phi=6.09e+27 V_eV4=5.84e+58 Lambda=3.16e+14 f=2.43e+27 n=3
BG_FUNC: a=3.66e-07 V_eV4=5.84e+58 kinetic_eV2=8.28e-10 V_Mpc2=3.28e+03 KE_Mpc2=4.65e-65 rho_final=3.28e+03
RIDDER DEBUG (adding to rho_tot): a=3.661753e-07, rho_ridder=3.284928e+03, rho_tot_before=1.533690e+14, rho_tot_after=1.533690e+14
V_RIDDER_RAW: a=1.10e-05 phi=6.09e+27 V_eV4=5.84e+58 Lambda=3.16e+14 f=2.43e+27 n=3
DDV_CHECK: call#=160000 a=1.10e-05 phi=6.09e+27 ddV_eV2=-6.62e+03 (positive=0)
BG_FUNC: a=1.10e-05 V_eV4=5.84e+58 kinetic_eV2=6.50e-04 V_Mpc2=3.28e+03 KE_Mpc2=3.66e-59 rho_final=3.28e+03
RIDDER DEBUG (adding to rho_tot): a=1.098313e-05, rho_ridder=3.284928e+03, rho_tot_before=2.010517e+08, rho_tot_after=2.010550e+08
V_RIDDER_RAW: a=3.78e-04 phi=6.09e+27 V_eV4=5.84e+58 Lambda=3.16e+14 f=2.43e+27 n=3
BG_FUNC: a=3.78e-04 V_eV4=5.84e+58 kinetic_eV2=1.13e+02 V_Mpc2=3.28e+03 KE_Mpc2=6.35e-54 rho_final=3.28e+03
RIDDER DEBUG (adding to rho_tot): a=3.778022e-04, rho_ridder=3.284928e+03, rho_tot_before=4.288742e+02, rho_tot_after=3.713802e+03
RIDDER DEBUG (adding to rho_tot): a=1.007677e-03, rho_ridder=3.284928e+03, rho_tot_before=1.815342e+01, rho_tot_after=3.303081e+03
RIDDER DEBUG (adding to rho_tot): a=9.905466e-04, rho_ridder=3.284928e+03, rho_tot_before=1.916023e+01, rho_tot_after=3.304088e+03
RIDDER DEBUG (adding to rho_tot): a=9.913452e-04, rho_ridder=3.284928e+03, rho_tot_before=1.911166e+01, rho_tot_after=3.304040e+03
RIDDER DEBUG (adding to rho_tot): a=9.921445e-04, rho_ridder=3.284928e+03, rho_tot_before=1.906322e+01, rho_tot_after=3.303991e+03
RIDDER DEBUG (adding to rho_tot): a=9.929444e-04, rho_ridder=3.284928e+03, rho_tot_before=1.901490e+01, rho_tot_after=3.303943e+03
RIDDER DEBUG (adding to rho_tot): a=9.937449e-04, rho_ridder=3.284928e+03, rho_tot_before=1.896671e+01, rho_tot_after=3.303895e+03
RIDDER DEBUG (adding to rho_tot): a=9.945462e-04, rho_ridder=3.284928e+03, rho_tot_before=1.891864e+01, rho_tot_after=3.303847e+03
RIDDER DEBUG (adding to rho_tot): a=9.953480e-04, rho_ridder=3.284928e+03, rho_tot_before=1.887069e+01, rho_tot_after=3.303799e+03
RIDDER DEBUG (adding to rho_tot): a=9.961505e-04, rho_ridder=3.284928e+03, rho_tot_before=1.882287e+01, rho_tot_after=3.303751e+03
RIDDER DEBUG (adding to rho_tot): a=9.969536e-04, rho_ridder=3.284928e+03, rho_tot_before=1.877517e+01, rho_tot_after=3.303703e+03
RIDDER DEBUG (adding to rho_tot): a=9.977574e-04, rho_ridder=3.284928e+03, rho_tot_before=1.872759e+01, rho_tot_after=3.303656e+03
RIDDER DEBUG (adding to rho_tot): a=9.985619e-04, rho_ridder=3.284928e+03, rho_tot_before=1.868014e+01, rho_tot_after=3.303608e+03
RIDDER DEBUG (adding to rho_tot): a=9.993670e-04, rho_ridder=3.284928e+03, rho_tot_before=1.863280e+01, rho_tot_after=3.303561e+03
RIDDER DEBUG (adding to rho_tot): a=1.000173e-03, rho_ridder=3.284928e+03, rho_tot_before=1.858559e+01, rho_tot_after=3.303514e+03
RIDDER DEBUG (adding to rho_tot): a=1.000979e-03, rho_ridder=3.284928e+03, rho_tot_before=1.853850e+01, rho_tot_after=3.303466e+03
RIDDER DEBUG (adding to rho_tot): a=1.001786e-03, rho_ridder=3.284928e+03, rho_tot_before=1.849153e+01, rho_tot_after=3.303419e+03
RIDDER DEBUG (adding to rho_tot): a=1.002594e-03, rho_ridder=3.284928e+03, rho_tot_before=1.844468e+01, rho_tot_after=3.303373e+03
RIDDER DEBUG (adding to rho_tot): a=1.003402e-03, rho_ridder=3.284928e+03, rho_tot_before=1.839795e+01, rho_tot_after=3.303326e+03
RIDDER DEBUG (adding to rho_tot): a=1.004211e-03, rho_ridder=3.284928e+03, rho_tot_before=1.835134e+01, rho_tot_after=3.303279e+03
RIDDER DEBUG (adding to rho_tot): a=1.005021e-03, rho_ridder=3.284928e+03, rho_tot_before=1.830485e+01, rho_tot_after=3.303233e+03
RIDDER DEBUG (adding to rho_tot): a=1.005831e-03, rho_ridder=3.284928e+03, rho_tot_before=1.825848e+01, rho_tot_after=3.303186e+03
RIDDER DEBUG (adding to rho_tot): a=1.006642e-03, rho_ridder=3.284928e+03, rho_tot_before=1.821223e+01, rho_tot_after=3.303140e+03
RIDDER DEBUG (adding to rho_tot): a=1.007454e-03, rho_ridder=3.284928e+03, rho_tot_before=1.816609e+01, rho_tot_after=3.303094e+03
RIDDER DEBUG (adding to rho_tot): a=1.008266e-03, rho_ridder=3.284928e+03, rho_tot_before=1.812008e+01, rho_tot_after=3.303048e+03
RIDDER DEBUG (adding to rho_tot): a=1.009079e-03, rho_ridder=3.284928e+03, rho_tot_before=1.807418e+01, rho_tot_after=3.303002e+03
RIDDER DEBUG (adding to rho_tot): a=1.009892e-03, rho_ridder=3.284928e+03, rho_tot_before=1.802840e+01, rho_tot_after=3.302956e+03
V_RIDDER_RAW: a=1.79e-02 phi=6.09e+27 V_eV4=5.84e+58 Lambda=3.16e+14 f=2.43e+27 n=3
DDV_CHECK: call#=170000 a=1.79e-02 phi=6.09e+27 ddV_eV2=-6.62e+03 (positive=0)
BG_FUNC: a=1.79e-02 V_eV4=5.84e+58 kinetic_eV2=1.81e+02 V_Mpc2=3.28e+03 KE_Mpc2=1.02e-53 rho_final=3.28e+03
RIDDER DEBUG (adding to rho_tot): a=1.789601e-02, rho_ridder=3.284928e+03, rho_tot_before=2.791218e-03, rho_tot_after=3.284931e+03
DERIVS_ENTRY: call#=15000 has_ridder=1 Lambda=3.16e+14 a=2.45e-02
RIDDER DERIVS CALLED: call#=15000 a=2.45e-02 phi=6.09e+27 fluid_mode=0
FIELD_MODE: call#=15000 a=2.45e-02 fluid_mode=0
DERIVS: call#=15000 a=2.45e-02 phi=6.09e+27 phi'=-4.66e-01 dphi/dlna=-3.32e-01 dphi'/dlna=-4.66e-01 dV=3.27e+03 H=5.73e+01
V_RIDDER_RAW: a=8.85e-01 phi=6.09e+27 V_eV4=5.84e+58 Lambda=3.16e+14 f=2.43e+27 n=3
BG_FUNC: a=8.85e-01 V_eV4=5.84e+58 kinetic_eV2=1.81e+02 V_Mpc2=3.28e+03 KE_Mpc2=1.02e-53 rho_final=3.28e+03
RIDDER DEBUG (adding to rho_tot): a=8.854187e-01, rho_ridder=3.284928e+03, rho_tot_before=2.283010e-08, rho_tot_after=3.284928e+03
RIDDER_SHOOT iter= 2  log10_Lambda=14.500  f_peak=0.99930  z_peak= 500.1  target=0.10000
BACKGROUND_SOLVE ENTERED: has_ridder=1 Lambda=5.62e+13
ABOUT TO INTEGRATE: bi_size=7 has_ridder=1 Lambda=5.62e+13
V_RIDDER_RAW: a=3.58e-13 phi=6.09e+27 V_eV4=5.84e+55 Lambda=5.62e+13 f=2.43e+27 n=3
DDV_CHECK: call#=180000 a=3.58e-13 phi=6.09e+27 ddV_eV2=-6.62e+00 (positive=0)
BG_FUNC: a=3.58e-13 V_eV4=5.84e+55 kinetic_eV2=3.25e+01 V_Mpc2=3.28e+00 KE_Mpc2=1.83e-54 rho_final=3.28e+00
RIDDER DEBUG (adding to rho_tot): a=3.578352e-13, rho_ridder=3.284928e+00, rho_tot_before=1.678212e+38, rho_tot_after=1.678212e+38
V_RIDDER_RAW: a=1.56e-11 phi=6.09e+27 V_eV4=5.84e+55 Lambda=5.62e+13 f=2.43e+27 n=3
BG_FUNC: a=1.56e-11 V_eV4=5.84e+55 kinetic_eV2=4.69e-09 V_Mpc2=3.28e+00 KE_Mpc2=2.64e-64 rho_final=3.28e+00
RIDDER DEBUG (adding to rho_tot): a=1.562535e-11, rho_ridder=3.284928e+00, rho_tot_before=4.615935e+31, rho_tot_after=4.615935e+31
V_RIDDER_RAW: a=5.72e-10 phi=6.09e+27 V_eV4=5.84e+55 Lambda=5.62e+13 f=2.43e+27 n=3
DDV_CHECK: call#=190000 a=5.72e-10 phi=6.09e+27 ddV_eV2=-6.62e+00 (positive=0)
BG_FUNC: a=5.72e-10 V_eV4=5.84e+55 kinetic_eV2=1.95e-18 V_Mpc2=3.28e+00 KE_Mpc2=1.10e-73 rho_final=3.28e+00
RIDDER DEBUG (adding to rho_tot): a=5.718985e-10, rho_ridder=3.284928e+00, rho_tot_before=2.572200e+25, rho_tot_after=2.572200e+25
V_RIDDER_RAW: a=2.02e-08 phi=6.09e+27 V_eV4=5.84e+55 Lambda=5.62e+13 f=2.43e+27 n=3
BG_FUNC: a=2.02e-08 V_eV4=5.84e+55 kinetic_eV2=7.66e-21 V_Mpc2=3.28e+00 KE_Mpc2=4.30e-76 rho_final=3.28e+00
RIDDER DEBUG (adding to rho_tot): a=2.018634e-08, rho_ridder=3.284928e+00, rho_tot_before=1.657292e+19, rho_tot_after=1.657292e+19
V_RIDDER_RAW: a=6.50e-07 phi=6.09e+27 V_eV4=5.84e+55 Lambda=5.62e+13 f=2.43e+27 n=3
DDV_CHECK: call#=200000 a=6.50e-07 phi=6.09e+27 ddV_eV2=-6.62e+00 (positive=0)
BG_FUNC: a=6.50e-07 V_eV4=5.84e+55 kinetic_eV2=8.21e-15 V_Mpc2=3.28e+00 KE_Mpc2=4.62e-70 rho_final=3.28e+00
RIDDER DEBUG (adding to rho_tot): a=6.499730e-07, rho_ridder=3.284928e+00, rho_tot_before=1.547463e+13, rho_tot_after=1.547463e+13
V_RIDDER_RAW: a=1.92e-05 phi=6.09e+27 V_eV4=5.84e+55 Lambda=5.62e+13 f=2.43e+27 n=3
BG_FUNC: a=1.92e-05 V_eV4=5.84e+55 kinetic_eV2=5.99e-09 V_Mpc2=3.28e+00 KE_Mpc2=3.37e-64 rho_final=3.28e+00
RIDDER DEBUG (adding to rho_tot): a=1.924563e-05, rho_ridder=3.284928e+00, rho_tot_before=2.227895e+07, rho_tot_after=2.227895e+07
V_RIDDER_RAW: a=5.99e-04 phi=6.09e+27 V_eV4=5.84e+55 Lambda=5.62e+13 f=2.43e+27 n=3
DDV_CHECK: call#=210000 a=5.99e-04 phi=6.09e+27 ddV_eV2=-6.62e+00 (positive=0)
BG_FUNC: a=5.99e-04 V_eV4=5.84e+55 kinetic_eV2=2.18e-03 V_Mpc2=3.28e+00 KE_Mpc2=1.22e-58 rho_final=3.28e+00
RIDDER DEBUG (adding to rho_tot): a=5.985762e-04, rho_ridder=3.284928e+00, rho_tot_before=9.531109e+01, rho_tot_after=9.859601e+01
RIDDER DEBUG (adding to rho_tot): a=9.983441e-04, rho_ridder=3.284928e+00, rho_tot_before=1.869297e+01, rho_tot_after=2.197790e+01
RIDDER DEBUG (adding to rho_tot): a=9.905466e-04, rho_ridder=3.284928e+00, rho_tot_before=1.916023e+01, rho_tot_after=2.244515e+01
RIDDER DEBUG (adding to rho_tot): a=9.913452e-04, rho_ridder=3.284928e+00, rho_tot_before=1.911166e+01, rho_tot_after=2.239659e+01
RIDDER DEBUG (adding to rho_tot): a=9.921445e-04, rho_ridder=3.284928e+00, rho_tot_before=1.906322e+01, rho_tot_after=2.234815e+01
RIDDER DEBUG (adding to rho_tot): a=9.929444e-04, rho_ridder=3.284928e+00, rho_tot_before=1.901490e+01, rho_tot_after=2.229983e+01
RIDDER DEBUG (adding to rho_tot): a=9.937449e-04, rho_ridder=3.284928e+00, rho_tot_before=1.896671e+01, rho_tot_after=2.225164e+01
RIDDER DEBUG (adding to rho_tot): a=9.945462e-04, rho_ridder=3.284928e+00, rho_tot_before=1.891864e+01, rho_tot_after=2.220357e+01
RIDDER DEBUG (adding to rho_tot): a=9.953480e-04, rho_ridder=3.284928e+00, rho_tot_before=1.887069e+01, rho_tot_after=2.215562e+01
RIDDER DEBUG (adding to rho_tot): a=9.961505e-04, rho_ridder=3.284928e+00, rho_tot_before=1.882287e+01, rho_tot_after=2.210780e+01
RIDDER DEBUG (adding to rho_tot): a=9.969536e-04, rho_ridder=3.284928e+00, rho_tot_before=1.877517e+01, rho_tot_after=2.206010e+01
RIDDER DEBUG (adding to rho_tot): a=9.977574e-04, rho_ridder=3.284928e+00, rho_tot_before=1.872759e+01, rho_tot_after=2.201252e+01
RIDDER DEBUG (adding to rho_tot): a=1.009252e-03, rho_ridder=3.284928e+00, rho_tot_before=1.806441e+01, rho_tot_after=2.134934e+01
RIDDER DEBUG (adding to rho_tot): a=9.985619e-04, rho_ridder=3.284928e+00, rho_tot_before=1.868014e+01, rho_tot_after=2.196506e+01
RIDDER DEBUG (adding to rho_tot): a=9.993670e-04, rho_ridder=3.284928e+00, rho_tot_before=1.863280e+01, rho_tot_after=2.191773e+01
RIDDER DEBUG (adding to rho_tot): a=1.000173e-03, rho_ridder=3.284928e+00, rho_tot_before=1.858559e+01, rho_tot_after=2.187052e+01
RIDDER DEBUG (adding to rho_tot): a=1.000979e-03, rho_ridder=3.284928e+00, rho_tot_before=1.853850e+01, rho_tot_after=2.182343e+01
RIDDER DEBUG (adding to rho_tot): a=1.001786e-03, rho_ridder=3.284928e+00, rho_tot_before=1.849153e+01, rho_tot_after=2.177646e+01
RIDDER DEBUG (adding to rho_tot): a=1.002594e-03, rho_ridder=3.284928e+00, rho_tot_before=1.844468e+01, rho_tot_after=2.172961e+01
RIDDER DEBUG (adding to rho_tot): a=1.003402e-03, rho_ridder=3.284928e+00, rho_tot_before=1.839795e+01, rho_tot_after=2.168288e+01
RIDDER DEBUG (adding to rho_tot): a=1.004211e-03, rho_ridder=3.284928e+00, rho_tot_before=1.835134e+01, rho_tot_after=2.163627e+01
RIDDER DEBUG (adding to rho_tot): a=1.005021e-03, rho_ridder=3.284928e+00, rho_tot_before=1.830485e+01, rho_tot_after=2.158978e+01
RIDDER DEBUG (adding to rho_tot): a=1.005831e-03, rho_ridder=3.284928e+00, rho_tot_before=1.825848e+01, rho_tot_after=2.154341e+01
RIDDER DEBUG (adding to rho_tot): a=1.006642e-03, rho_ridder=3.284928e+00, rho_tot_before=1.821223e+01, rho_tot_after=2.149715e+01
RIDDER DEBUG (adding to rho_tot): a=1.007454e-03, rho_ridder=3.284928e+00, rho_tot_before=1.816609e+01, rho_tot_after=2.145102e+01
RIDDER DEBUG (adding to rho_tot): a=1.008266e-03, rho_ridder=3.284928e+00, rho_tot_before=1.812008e+01, rho_tot_after=2.140501e+01
RIDDER DEBUG (adding to rho_tot): a=1.009079e-03, rho_ridder=3.284928e+00, rho_tot_before=1.807418e+01, rho_tot_after=2.135911e+01
RIDDER DEBUG (adding to rho_tot): a=1.009892e-03, rho_ridder=3.284928e+00, rho_tot_before=1.802840e+01, rho_tot_after=2.131333e+01
V_RIDDER_RAW: a=2.62e-02 phi=6.09e+27 V_eV4=5.84e+55 Lambda=5.62e+13 f=2.43e+27 n=3
BG_FUNC: a=2.62e-02 V_eV4=5.84e+55 kinetic_eV2=1.81e-01 V_Mpc2=3.28e+00 KE_Mpc2=1.02e-56 rho_final=3.28e+00
RIDDER DEBUG (adding to rho_tot): a=2.615836e-02, rho_ridder=3.284928e+00, rho_tot_before=8.910683e-04, rho_tot_after=3.285819e+00
RIDDER_SHOOT iter= 3  log10_Lambda=13.750  f_peak=0.58947  z_peak= 500.1  target=0.10000
BACKGROUND_SOLVE ENTERED: has_ridder=1 Lambda=2.37e+13
ABOUT TO INTEGRATE: bi_size=7 has_ridder=1 Lambda=2.37e+13
V_RIDDER_RAW: a=1.16e-14 phi=6.09e+27 V_eV4=1.85e+54 Lambda=2.37e+13 f=2.43e+27 n=3
DDV_CHECK: call#=220000 a=1.16e-14 phi=6.09e+27 ddV_eV2=-2.09e-01 (positive=0)
BG_FUNC: a=1.16e-14 V_eV4=1.85e+54 kinetic_eV2=2.82e+07 V_Mpc2=1.04e-01 KE_Mpc2=1.58e-48 rho_final=1.04e-01
RIDDER DEBUG (adding to rho_tot): a=1.158915e-14, rho_ridder=1.038785e-01, rho_tot_before=1.525361e+44, rho_tot_after=1.525361e+44
DERIVS_ENTRY: call#=20000 has_ridder=1 Lambda=2.37e+13 a=7.71e-14
RIDDER DERIVS CALLED: call#=20000 a=7.71e-14 phi=6.09e+27 fluid_mode=0
FIELD_MODE: call#=20000 a=7.71e-14 fluid_mode=0
DERIVS: call#=20000 a=7.71e-14 phi=6.09e+27 phi'=-1.96e-12 dphi/dlna=-7.02e-20 dphi'/dlna=3.93e-12 dV=1.04e-01 H=3.63e+20
V_RIDDER_RAW: a=4.97e-13 phi=6.09e+27 V_eV4=1.85e+54 Lambda=2.37e+13 f=2.43e+27 n=3
BG_FUNC: a=4.97e-13 V_eV4=1.85e+54 kinetic_eV2=4.55e-03 V_Mpc2=1.04e-01 KE_Mpc2=2.56e-58 rho_final=1.04e-01
RIDDER DEBUG (adding to rho_tot): a=4.967552e-13, rho_ridder=1.038785e-01, rho_tot_before=4.518658e+37, rho_tot_after=4.518658e+37
V_RIDDER_RAW: a=2.17e-11 phi=6.09e+27 V_eV4=1.85e+54 Lambda=2.37e+13 f=2.43e+27 n=3
DDV_CHECK: call#=230000 a=2.17e-11 phi=6.09e+27 ddV_eV2=-2.09e-01 (positive=0)
BG_FUNC: a=2.17e-11 V_eV4=1.85e+54 kinetic_eV2=6.56e-13 V_Mpc2=1.04e-01 KE_Mpc2=3.69e-68 rho_final=1.04e-01
RIDDER DEBUG (adding to rho_tot): a=2.169119e-11, rho_ridder=1.038785e-01, rho_tot_before=1.242927e+31, rho_tot_after=1.242927e+31
V_RIDDER_RAW: a=8.33e-10 phi=6.09e+27 V_eV4=1.85e+54 Lambda=2.37e+13 f=2.43e+27 n=3
BG_FUNC: a=8.33e-10 V_eV4=1.85e+54 kinetic_eV2=2.04e-22 V_Mpc2=1.04e-01 KE_Mpc2=1.15e-77 rho_final=1.04e-01
RIDDER DEBUG (adding to rho_tot): a=8.332456e-10, rho_ridder=1.038785e-01, rho_tot_before=5.708067e+24, rho_tot_after=5.708067e+24
V_RIDDER_RAW: a=3.05e-08 phi=6.09e+27 V_eV4=1.85e+54 Lambda=2.37e+13 f=2.43e+27 n=3
DDV_CHECK: call#=240000 a=3.05e-08 phi=6.09e+27 ddV_eV2=-2.09e-01 (positive=0)
BG_FUNC: a=3.05e-08 V_eV4=1.85e+54 kinetic_eV2=3.97e-23 V_Mpc2=1.04e-01 KE_Mpc2=2.23e-78 rho_final=1.04e-01
RIDDER DEBUG (adding to rho_tot): a=3.047278e-08, rho_ridder=1.038785e-01, rho_tot_before=3.191588e+18, rho_tot_after=3.191588e+18
V_RIDDER_RAW: a=1.05e-06 phi=6.09e+27 V_eV4=1.85e+54 Lambda=2.37e+13 f=2.43e+27 n=3
BG_FUNC: a=1.05e-06 V_eV4=1.85e+54 kinetic_eV2=5.51e-17 V_Mpc2=1.04e-01 KE_Mpc2=3.10e-72 rho_final=1.04e-01
RIDDER DEBUG (adding to rho_tot): a=1.046527e-06, rho_ridder=1.038785e-01, rho_tot_before=2.307737e+12, rho_tot_after=2.307737e+12
V_RIDDER_RAW: a=3.27e-05 phi=6.09e+27 V_eV4=1.85e+54 Lambda=2.37e+13 f=2.43e+27 n=3
DDV_CHECK: call#=250000 a=3.27e-05 phi=6.09e+27 ddV_eV2=-2.09e-01 (positive=0)
BG_FUNC: a=3.27e-05 V_eV4=1.85e+54 kinetic_eV2=4.82e-11 V_Mpc2=1.04e-01 KE_Mpc2=2.71e-66 rho_final=1.04e-01
RIDDER DEBUG (adding to rho_tot): a=3.269432e-05, rho_ridder=1.038785e-01, rho_tot_before=2.861554e+06, rho_tot_after=2.861554e+06
RIDDER DEBUG (adding to rho_tot): a=9.967729e-04, rho_ridder=1.038785e-01, rho_tot_before=1.878589e+01, rho_tot_after=1.888977e+01
RIDDER DEBUG (adding to rho_tot): a=9.905466e-04, rho_ridder=1.038785e-01, rho_tot_before=1.916023e+01, rho_tot_after=1.926410e+01
RIDDER DEBUG (adding to rho_tot): a=9.913452e-04, rho_ridder=1.038785e-01, rho_tot_before=1.911166e+01, rho_tot_after=1.921554e+01
RIDDER DEBUG (adding to rho_tot): a=9.921445e-04, rho_ridder=1.038785e-01, rho_tot_before=1.906322e+01, rho_tot_after=1.916710e+01
RIDDER DEBUG (adding to rho_tot): a=9.929444e-04, rho_ridder=1.038785e-01, rho_tot_before=1.901490e+01, rho_tot_after=1.911878e+01
RIDDER DEBUG (adding to rho_tot): a=9.937449e-04, rho_ridder=1.038785e-01, rho_tot_before=1.896671e+01, rho_tot_after=1.907059e+01
RIDDER DEBUG (adding to rho_tot): a=9.945462e-04, rho_ridder=1.038785e-01, rho_tot_before=1.891864e+01, rho_tot_after=1.902252e+01
RIDDER DEBUG (adding to rho_tot): a=9.953480e-04, rho_ridder=1.038785e-01, rho_tot_before=1.887069e+01, rho_tot_after=1.897457e+01
RIDDER DEBUG (adding to rho_tot): a=9.961505e-04, rho_ridder=1.038785e-01, rho_tot_before=1.882287e+01, rho_tot_after=1.892675e+01
RIDDER DEBUG (adding to rho_tot): a=1.006588e-03, rho_ridder=1.038785e-01, rho_tot_before=1.821529e+01, rho_tot_after=1.831916e+01
RIDDER DEBUG (adding to rho_tot): a=9.969536e-04, rho_ridder=1.038785e-01, rho_tot_before=1.877517e+01, rho_tot_after=1.887905e+01
RIDDER DEBUG (adding to rho_tot): a=9.977574e-04, rho_ridder=1.038785e-01, rho_tot_before=1.872759e+01, rho_tot_after=1.883147e+01
RIDDER DEBUG (adding to rho_tot): a=9.985619e-04, rho_ridder=1.038785e-01, rho_tot_before=1.868014e+01, rho_tot_after=1.878402e+01
RIDDER DEBUG (adding to rho_tot): a=9.993670e-04, rho_ridder=1.038785e-01, rho_tot_before=1.863280e+01, rho_tot_after=1.873668e+01
RIDDER DEBUG (adding to rho_tot): a=1.000173e-03, rho_ridder=1.038785e-01, rho_tot_before=1.858559e+01, rho_tot_after=1.868947e+01
RIDDER DEBUG (adding to rho_tot): a=1.000979e-03, rho_ridder=1.038785e-01, rho_tot_before=1.853850e+01, rho_tot_after=1.864238e+01
RIDDER DEBUG (adding to rho_tot): a=1.001786e-03, rho_ridder=1.038785e-01, rho_tot_before=1.849153e+01, rho_tot_after=1.859541e+01
RIDDER DEBUG (adding to rho_tot): a=1.002594e-03, rho_ridder=1.038785e-01, rho_tot_before=1.844468e+01, rho_tot_after=1.854856e+01
RIDDER DEBUG (adding to rho_tot): a=1.003402e-03, rho_ridder=1.038785e-01, rho_tot_before=1.839795e+01, rho_tot_after=1.850183e+01
RIDDER DEBUG (adding to rho_tot): a=1.004211e-03, rho_ridder=1.038785e-01, rho_tot_before=1.835134e+01, rho_tot_after=1.845522e+01
RIDDER DEBUG (adding to rho_tot): a=1.005021e-03, rho_ridder=1.038785e-01, rho_tot_before=1.830485e+01, rho_tot_after=1.840873e+01
RIDDER DEBUG (adding to rho_tot): a=1.005831e-03, rho_ridder=1.038785e-01, rho_tot_before=1.825848e+01, rho_tot_after=1.836236e+01
RIDDER DEBUG (adding to rho_tot): a=1.006642e-03, rho_ridder=1.038785e-01, rho_tot_before=1.821223e+01, rho_tot_after=1.831610e+01
RIDDER DEBUG (adding to rho_tot): a=1.007454e-03, rho_ridder=1.038785e-01, rho_tot_before=1.816609e+01, rho_tot_after=1.826997e+01
RIDDER DEBUG (adding to rho_tot): a=1.008266e-03, rho_ridder=1.038785e-01, rho_tot_before=1.812008e+01, rho_tot_after=1.822396e+01
RIDDER DEBUG (adding to rho_tot): a=1.009079e-03, rho_ridder=1.038785e-01, rho_tot_before=1.807418e+01, rho_tot_after=1.817806e+01
RIDDER DEBUG (adding to rho_tot): a=1.009892e-03, rho_ridder=1.038785e-01, rho_tot_before=1.802840e+01, rho_tot_after=1.813228e+01
V_RIDDER_RAW: a=1.01e-03 phi=6.09e+27 V_eV4=1.85e+54 Lambda=2.37e+13 f=2.43e+27 n=3
BG_FUNC: a=1.01e-03 V_eV4=1.85e+54 kinetic_eV2=1.26e-05 V_Mpc2=1.04e-01 KE_Mpc2=7.07e-61 rho_final=1.04e-01
RIDDER DEBUG (adding to rho_tot): a=1.010707e-03, rho_ridder=1.038785e-01, rho_tot_before=1.798274e+01, rho_tot_after=1.808662e+01
V_RIDDER_RAW: a=4.21e-02 phi=6.09e+27 V_eV4=1.85e+54 Lambda=2.37e+13 f=2.43e+27 n=3
DDV_CHECK: call#=260000 a=4.21e-02 phi=6.09e+27 ddV_eV2=-2.09e-01 (positive=0)
BG_FUNC: a=4.21e-02 V_eV4=1.85e+54 kinetic_eV2=5.66e-03 V_Mpc2=1.04e-01 KE_Mpc2=3.18e-58 rho_final=1.04e-01
RIDDER DEBUG (adding to rho_tot): a=4.208386e-02, rho_ridder=1.038785e-01, rho_tot_before=2.134569e-04, rho_tot_after=1.040920e-01
RIDDER_SHOOT iter= 4  log10_Lambda=13.375  f_peak=0.04343  z_peak= 500.1  target=0.10000
BACKGROUND_SOLVE ENTERED: has_ridder=1 Lambda=3.65e+13
ABOUT TO INTEGRATE: bi_size=7 has_ridder=1 Lambda=3.65e+13
V_RIDDER_RAW: a=1.69e-14 phi=6.09e+27 V_eV4=1.04e+55 Lambda=3.65e+13 f=2.43e+27 n=3
BG_FUNC: a=1.69e-14 V_eV4=1.04e+55 kinetic_eV2=9.19e+07 V_Mpc2=5.84e-01 KE_Mpc2=5.16e-48 rho_final=5.84e-01
RIDDER DEBUG (adding to rho_tot): a=1.692605e-14, rho_ridder=5.841520e-01, rho_tot_before=3.352403e+43, rho_tot_after=3.352403e+43
V_RIDDER_RAW: a=7.42e-13 phi=6.09e+27 V_eV4=1.04e+55 Lambda=3.65e+13 f=2.43e+27 n=3
DDV_CHECK: call#=270000 a=7.42e-13 phi=6.09e+27 ddV_eV2=-1.18e+00 (positive=0)
BG_FUNC: a=7.42e-13 V_eV4=1.04e+55 kinetic_eV2=1.29e-02 V_Mpc2=5.84e-01 KE_Mpc2=7.27e-58 rho_final=5.84e-01
RIDDER DEBUG (adding to rho_tot): a=7.420732e-13, rho_ridder=5.841520e-01, rho_tot_before=9.073859e+36, rho_tot_after=9.073859e+36
V_RIDDER_RAW: a=3.20e-11 phi=6.09e+27 V_eV4=1.04e+55 Lambda=3.65e+13 f=2.43e+27 n=3
BG_FUNC: a=3.20e-11 V_eV4=1.04e+55 kinetic_eV2=2.00e-12 V_Mpc2=5.84e-01 KE_Mpc2=1.12e-67 rho_final=5.84e-01
RIDDER DEBUG (adding to rho_tot): a=3.203964e-11, rho_ridder=5.841520e-01, rho_tot_before=2.611131e+30, rho_tot_after=2.611131e+30
DERIVS_ENTRY: call#=25000 has_ridder=1 Lambda=3.65e+13 a=4.59e-11
RIDDER DERIVS CALLED: call#=25000 a=4.59e-11 phi=6.09e+27 fluid_mode=0
FIELD_MODE: call#=25000 a=4.59e-11 fluid_mode=0
DERIVS: call#=25000 a=4.59e-11 phi=6.09e+27 phi'=-3.11e-17 dphi/dlna=-6.63e-22 dphi'/dlna=6.23e-17 dV=5.82e-01 H=1.02e+15
V_RIDDER_RAW: a=1.45e-09 phi=6.09e+27 V_eV4=1.04e+55 Lambda=3.65e+13 f=2.43e+27 n=3
DDV_CHECK: call#=280000 a=1.45e-09 phi=6.09e+27 ddV_eV2=-1.18e+00 (positive=0)
BG_FUNC: a=1.45e-09 V_eV4=1.04e+55 kinetic_eV2=2.33e-22 V_Mpc2=5.84e-01 KE_Mpc2=1.31e-77 rho_final=5.84e-01
RIDDER DEBUG (adding to rho_tot): a=1.451874e-09, rho_ridder=5.841520e-01, rho_tot_before=6.192507e+23, rho_tot_after=6.192507e+23
V_RIDDER_RAW: a=6.57e-08 phi=6.09e+27 V_eV4=1.04e+55 Lambda=3.65e+13 f=2.43e+27 n=3
BG_FUNC: a=6.57e-08 V_eV4=1.04e+55 kinetic_eV2=2.72e-20 V_Mpc2=5.84e-01 KE_Mpc2=1.53e-75 rho_final=5.84e-01
RIDDER DEBUG (adding to rho_tot): a=6.573860e-08, rho_ridder=5.841520e-01, rho_tot_before=1.473878e+17, rho_tot_after=1.473878e+17
V_RIDDER_RAW: a=2.24e-06 phi=6.09e+27 V_eV4=1.04e+55 Lambda=3.65e+13 f=2.43e+27 n=3
DDV_CHECK: call#=290000 a=2.24e-06 phi=6.09e+27 ddV_eV2=-1.18e+00 (positive=0)
BG_FUNC: a=2.24e-06 V_eV4=1.04e+55 kinetic_eV2=3.63e-14 V_Mpc2=5.84e-01 KE_Mpc2=2.04e-69 rho_final=5.84e-01
RIDDER DEBUG (adding to rho_tot): a=2.237735e-06, rho_ridder=5.841520e-01, rho_tot_before=1.111487e+11, rho_tot_after=1.111487e+11
V_RIDDER_RAW: a=7.12e-05 phi=6.09e+27 V_eV4=1.04e+55 Lambda=3.65e+13 f=2.43e+27 n=3
BG_FUNC: a=7.12e-05 V_eV4=1.04e+55 kinetic_eV2=3.12e-08 V_Mpc2=5.84e-01 KE_Mpc2=1.76e-63 rho_final=5.84e-01
RIDDER DEBUG (adding to rho_tot): a=7.124368e-05, rho_ridder=5.841520e-01, rho_tot_before=1.506212e+05, rho_tot_after=1.506218e+05
RIDDER DEBUG (adding to rho_tot): a=9.920921e-04, rho_ridder=5.841520e-01, rho_tot_before=1.906639e+01, rho_tot_after=1.965054e+01
RIDDER DEBUG (adding to rho_tot): a=9.905466e-04, rho_ridder=5.841520e-01, rho_tot_before=1.916023e+01, rho_tot_after=1.974438e+01
RIDDER DEBUG (adding to rho_tot): a=9.913452e-04, rho_ridder=5.841520e-01, rho_tot_before=1.911166e+01, rho_tot_after=1.969581e+01
RIDDER DEBUG (adding to rho_tot): a=1.003755e-03, rho_ridder=5.841520e-01, rho_tot_before=1.837757e+01, rho_tot_after=1.896173e+01
RIDDER DEBUG (adding to rho_tot): a=9.921445e-04, rho_ridder=5.841520e-01, rho_tot_before=1.906322e+01, rho_tot_after=1.964737e+01
RIDDER DEBUG (adding to rho_tot): a=9.929444e-04, rho_ridder=5.841520e-01, rho_tot_before=1.901490e+01, rho_tot_after=1.959905e+01
RIDDER DEBUG (adding to rho_tot): a=9.937449e-04, rho_ridder=5.841520e-01, rho_tot_before=1.896671e+01, rho_tot_after=1.955086e+01
RIDDER DEBUG (adding to rho_tot): a=9.945462e-04, rho_ridder=5.841520e-01, rho_tot_before=1.891864e+01, rho_tot_after=1.950279e+01
RIDDER DEBUG (adding to rho_tot): a=9.953480e-04, rho_ridder=5.841520e-01, rho_tot_before=1.887069e+01, rho_tot_after=1.945485e+01
RIDDER DEBUG (adding to rho_tot): a=9.961505e-04, rho_ridder=5.841520e-01, rho_tot_before=1.882287e+01, rho_tot_after=1.940702e+01
RIDDER DEBUG (adding to rho_tot): a=9.969536e-04, rho_ridder=5.841520e-01, rho_tot_before=1.877517e+01, rho_tot_after=1.935932e+01
RIDDER DEBUG (adding to rho_tot): a=9.977574e-04, rho_ridder=5.841520e-01, rho_tot_before=1.872759e+01, rho_tot_after=1.931174e+01
RIDDER DEBUG (adding to rho_tot): a=9.985619e-04, rho_ridder=5.841520e-01, rho_tot_before=1.868014e+01, rho_tot_after=1.926429e+01
RIDDER DEBUG (adding to rho_tot): a=9.993670e-04, rho_ridder=5.841520e-01, rho_tot_before=1.863280e+01, rho_tot_after=1.921695e+01
RIDDER DEBUG (adding to rho_tot): a=1.000173e-03, rho_ridder=5.841520e-01, rho_tot_before=1.858559e+01, rho_tot_after=1.916974e+01
RIDDER DEBUG (adding to rho_tot): a=1.000979e-03, rho_ridder=5.841520e-01, rho_tot_before=1.853850e+01, rho_tot_after=1.912265e+01
RIDDER DEBUG (adding to rho_tot): a=1.001786e-03, rho_ridder=5.841520e-01, rho_tot_before=1.849153e+01, rho_tot_after=1.907568e+01
RIDDER DEBUG (adding to rho_tot): a=1.002594e-03, rho_ridder=5.841520e-01, rho_tot_before=1.844468e+01, rho_tot_after=1.902883e+01
RIDDER DEBUG (adding to rho_tot): a=1.003402e-03, rho_ridder=5.841520e-01, rho_tot_before=1.839795e+01, rho_tot_after=1.898210e+01
RIDDER DEBUG (adding to rho_tot): a=1.004211e-03, rho_ridder=5.841520e-01, rho_tot_before=1.835134e+01, rho_tot_after=1.893549e+01
RIDDER DEBUG (adding to rho_tot): a=1.005021e-03, rho_ridder=5.841520e-01, rho_tot_before=1.830485e+01, rho_tot_after=1.888900e+01
RIDDER DEBUG (adding to rho_tot): a=1.005831e-03, rho_ridder=5.841520e-01, rho_tot_before=1.825848e+01, rho_tot_after=1.884263e+01
RIDDER DEBUG (adding to rho_tot): a=1.006642e-03, rho_ridder=5.841520e-01, rho_tot_before=1.821223e+01, rho_tot_after=1.879638e+01
RIDDER DEBUG (adding to rho_tot): a=1.007454e-03, rho_ridder=5.841520e-01, rho_tot_before=1.816609e+01, rho_tot_after=1.875024e+01
RIDDER DEBUG (adding to rho_tot): a=1.008266e-03, rho_ridder=5.841520e-01, rho_tot_before=1.812008e+01, rho_tot_after=1.870423e+01
RIDDER DEBUG (adding to rho_tot): a=1.009079e-03, rho_ridder=5.841520e-01, rho_tot_before=1.807418e+01, rho_tot_after=1.865833e+01
RIDDER DEBUG (adding to rho_tot): a=1.009892e-03, rho_ridder=5.841520e-01, rho_tot_before=1.802840e+01, rho_tot_after=1.861255e+01
V_RIDDER_RAW: a=2.52e-03 phi=6.09e+27 V_eV4=1.04e+55 Lambda=3.65e+13 f=2.43e+27 n=3
DDV_CHECK: call#=300000 a=2.52e-03 phi=6.09e+27 ddV_eV2=-1.18e+00 (positive=0)
BG_FUNC: a=2.52e-03 V_eV4=1.04e+55 kinetic_eV2=5.64e-03 V_Mpc2=5.84e-01 KE_Mpc2=3.17e-58 rho_final=5.84e-01
RIDDER DEBUG (adding to rho_tot): a=2.518750e-03, rho_ridder=5.841520e-01, rho_tot_before=1.059913e+00, rho_tot_after=1.644065e+00
V_RIDDER_RAW: a=1.11e-01 phi=6.09e+27 V_eV4=1.04e+55 Lambda=3.65e+13 f=2.43e+27 n=3
BG_FUNC: a=1.11e-01 V_eV4=1.04e+55 kinetic_eV2=3.22e-02 V_Mpc2=5.84e-01 KE_Mpc2=1.81e-57 rho_final=5.84e-01
RIDDER DEBUG (adding to rho_tot): a=1.110519e-01, rho_ridder=5.841520e-01, rho_tot_before=1.158694e-05, rho_tot_after=5.841636e-01
RIDDER_SHOOT iter= 5  log10_Lambda=13.562  f_peak=0.20340  z_peak= 500.1  target=0.10000
BACKGROUND_SOLVE ENTERED: has_ridder=1 Lambda=2.94e+13
ABOUT TO INTEGRATE: bi_size=7 has_ridder=1 Lambda=2.94e+13
V_RIDDER_RAW: a=4.60e-14 phi=6.09e+27 V_eV4=4.38e+54 Lambda=2.94e+13 f=2.43e+27 n=3
DDV_CHECK: call#=310000 a=4.60e-14 phi=6.09e+27 ddV_eV2=-4.97e-01 (positive=0)
BG_FUNC: a=4.60e-14 V_eV4=4.38e+54 kinetic_eV2=4.06e+04 V_Mpc2=2.46e-01 KE_Mpc2=2.29e-51 rho_final=2.46e-01
RIDDER DEBUG (adding to rho_tot): a=4.597975e-14, rho_ridder=2.463348e-01, rho_tot_before=6.156201e+41, rho_tot_after=6.156201e+41
V_RIDDER_RAW: a=2.06e-12 phi=6.09e+27 V_eV4=4.38e+54 Lambda=2.94e+13 f=2.43e+27 n=3
BG_FUNC: a=2.06e-12 V_eV4=4.38e+54 kinetic_eV2=5.04e-06 V_Mpc2=2.46e-01 KE_Mpc2=2.83e-61 rho_final=2.46e-01
RIDDER DEBUG (adding to rho_tot): a=2.059294e-12, rho_ridder=2.463348e-01, rho_tot_before=1.530051e+35, rho_tot_after=1.530051e+35
V_RIDDER_RAW: a=8.70e-11 phi=6.09e+27 V_eV4=4.38e+54 Lambda=2.94e+13 f=2.43e+27 n=3
DDV_CHECK: call#=320000 a=8.70e-11 phi=6.09e+27 ddV_eV2=-4.97e-01 (positive=0)
BG_FUNC: a=8.70e-11 V_eV4=4.38e+54 kinetic_eV2=8.88e-16 V_Mpc2=2.46e-01 KE_Mpc2=4.99e-71 rho_final=2.46e-01
RIDDER DEBUG (adding to rho_tot): a=8.696580e-11, rho_ridder=2.463348e-01, rho_tot_before=4.810446e+28, rho_tot_after=4.810446e+28
V_RIDDER_RAW: a=3.09e-09 phi=6.09e+27 V_eV4=4.38e+54 Lambda=2.94e+13 f=2.43e+27 n=3
BG_FUNC: a=3.09e-09 V_eV4=4.38e+54 kinetic_eV2=6.65e-25 V_Mpc2=2.46e-01 KE_Mpc2=3.74e-80 rho_final=2.46e-01
RIDDER DEBUG (adding to rho_tot): a=3.094477e-09, rho_ridder=2.463348e-01, rho_tot_before=3.000805e+22, rho_tot_after=3.000805e+22
V_RIDDER_RAW: a=1.10e-07 phi=6.09e+27 V_eV4=4.38e+54 Lambda=2.94e+13 f=2.43e+27 n=3
DDV_CHECK: call#=330000 a=1.10e-07 phi=6.09e+27 ddV_eV2=-4.97e-01 (positive=0)
BG_FUNC: a=1.10e-07 V_eV4=4.38e+54 kinetic_eV2=3.81e-20 V_Mpc2=2.46e-01 KE_Mpc2=2.14e-75 rho_final=2.46e-01
RIDDER DEBUG (adding to rho_tot): a=1.101098e-07, rho_ridder=2.463348e-01, rho_tot_before=1.873053e+16, rho_tot_after=1.873053e+16
DERIVS_ENTRY: call#=30000 has_ridder=1 Lambda=2.94e+13 a=2.40e-07
RIDDER DERIVS CALLED: call#=30000 a=2.40e-07 phi=6.09e+27 fluid_mode=0
FIELD_MODE: call#=30000 a=2.40e-07 fluid_mode=0
DERIVS: call#=30000 a=2.40e-07 phi=6.09e+27 phi'=-3.14e-16 dphi/dlna=-3.48e-17 dphi'/dlna=-9.41e-16 dV=2.46e-01 H=3.75e+07
V_RIDDER_RAW: a=3.43e-06 phi=6.09e+27 V_eV4=4.38e+54 Lambda=2.94e+13 f=2.43e+27 n=3
BG_FUNC: a=3.43e-06 V_eV4=4.38e+54 kinetic_eV2=3.54e-14 V_Mpc2=2.46e-01 KE_Mpc2=1.99e-69 rho_final=2.46e-01
RIDDER DEBUG (adding to rho_tot): a=3.427389e-06, rho_ridder=2.463348e-01, rho_tot_before=2.033355e+10, rho_tot_after=2.033355e+10
V_RIDDER_RAW: a=1.03e-04 phi=6.09e+27 V_eV4=4.38e+54 Lambda=2.94e+13 f=2.43e+27 n=3
DDV_CHECK: call#=340000 a=1.03e-04 phi=6.09e+27 ddV_eV2=-4.97e-01 (positive=0)
BG_FUNC: a=1.03e-04 V_eV4=4.38e+54 kinetic_eV2=2.23e-08 V_Mpc2=2.46e-01 KE_Mpc2=1.25e-63 rho_final=2.46e-01
RIDDER DEBUG (adding to rho_tot): a=1.026361e-04, rho_ridder=2.463348e-01, rho_tot_before=3.945018e+04, rho_tot_after=3.945043e+04
RIDDER DEBUG (adding to rho_tot): a=9.942645e-04, rho_ridder=2.463348e-01, rho_tot_before=1.893552e+01, rho_tot_after=1.918185e+01
RIDDER DEBUG (adding to rho_tot): a=9.905466e-04, rho_ridder=2.463348e-01, rho_tot_before=1.916023e+01, rho_tot_after=1.940656e+01
RIDDER DEBUG (adding to rho_tot): a=9.913452e-04, rho_ridder=2.463348e-01, rho_tot_before=1.911166e+01, rho_tot_after=1.935800e+01
RIDDER DEBUG (adding to rho_tot): a=9.921445e-04, rho_ridder=2.463348e-01, rho_tot_before=1.906322e+01, rho_tot_after=1.930955e+01
RIDDER DEBUG (adding to rho_tot): a=9.929444e-04, rho_ridder=2.463348e-01, rho_tot_before=1.901490e+01, rho_tot_after=1.926124e+01
RIDDER DEBUG (adding to rho_tot): a=9.937449e-04, rho_ridder=2.463348e-01, rho_tot_before=1.896671e+01, rho_tot_after=1.921304e+01
RIDDER DEBUG (adding to rho_tot): a=1.004426e-03, rho_ridder=2.463348e-01, rho_tot_before=1.833897e+01, rho_tot_after=1.858530e+01
RIDDER DEBUG (adding to rho_tot): a=9.945462e-04, rho_ridder=2.463348e-01, rho_tot_before=1.891864e+01, rho_tot_after=1.916497e+01
RIDDER DEBUG (adding to rho_tot): a=9.953480e-04, rho_ridder=2.463348e-01, rho_tot_before=1.887069e+01, rho_tot_after=1.911703e+01
RIDDER DEBUG (adding to rho_tot): a=9.961505e-04, rho_ridder=2.463348e-01, rho_tot_before=1.882287e+01, rho_tot_after=1.906921e+01
RIDDER DEBUG (adding to rho_tot): a=9.969536e-04, rho_ridder=2.463348e-01, rho_tot_before=1.877517e+01, rho_tot_after=1.902151e+01
RIDDER DEBUG (adding to rho_tot): a=9.977574e-04, rho_ridder=2.463348e-01, rho_tot_before=1.872759e+01, rho_tot_after=1.897393e+01
RIDDER DEBUG (adding to rho_tot): a=9.985619e-04, rho_ridder=2.463348e-01, rho_tot_before=1.868014e+01, rho_tot_after=1.892647e+01
RIDDER DEBUG (adding to rho_tot): a=9.993670e-04, rho_ridder=2.463348e-01, rho_tot_before=1.863280e+01, rho_tot_after=1.887914e+01
RIDDER DEBUG (adding to rho_tot): a=1.000173e-03, rho_ridder=2.463348e-01, rho_tot_before=1.858559e+01, rho_tot_after=1.883193e+01
RIDDER DEBUG (adding to rho_tot): a=1.000979e-03, rho_ridder=2.463348e-01, rho_tot_before=1.853850e+01, rho_tot_after=1.878483e+01
RIDDER DEBUG (adding to rho_tot): a=1.001786e-03, rho_ridder=2.463348e-01, rho_tot_before=1.849153e+01, rho_tot_after=1.873786e+01
RIDDER DEBUG (adding to rho_tot): a=1.002594e-03, rho_ridder=2.463348e-01, rho_tot_before=1.844468e+01, rho_tot_after=1.869101e+01
RIDDER DEBUG (adding to rho_tot): a=1.003402e-03, rho_ridder=2.463348e-01, rho_tot_before=1.839795e+01, rho_tot_after=1.864428e+01
RIDDER DEBUG (adding to rho_tot): a=1.004211e-03, rho_ridder=2.463348e-01, rho_tot_before=1.835134e+01, rho_tot_after=1.859767e+01
RIDDER DEBUG (adding to rho_tot): a=1.005021e-03, rho_ridder=2.463348e-01, rho_tot_before=1.830485e+01, rho_tot_after=1.855118e+01
RIDDER DEBUG (adding to rho_tot): a=1.005831e-03, rho_ridder=2.463348e-01, rho_tot_before=1.825848e+01, rho_tot_after=1.850481e+01
RIDDER DEBUG (adding to rho_tot): a=1.006642e-03, rho_ridder=2.463348e-01, rho_tot_before=1.821223e+01, rho_tot_after=1.845856e+01
RIDDER DEBUG (adding to rho_tot): a=1.007454e-03, rho_ridder=2.463348e-01, rho_tot_before=1.816609e+01, rho_tot_after=1.841243e+01
RIDDER DEBUG (adding to rho_tot): a=1.008266e-03, rho_ridder=2.463348e-01, rho_tot_before=1.812008e+01, rho_tot_after=1.836641e+01
RIDDER DEBUG (adding to rho_tot): a=1.009079e-03, rho_ridder=2.463348e-01, rho_tot_before=1.807418e+01, rho_tot_after=1.832052e+01
RIDDER DEBUG (adding to rho_tot): a=1.009892e-03, rho_ridder=2.463348e-01, rho_tot_before=1.802840e+01, rho_tot_after=1.827474e+01
V_RIDDER_RAW: a=3.58e-03 phi=6.09e+27 V_eV4=4.38e+54 Lambda=2.94e+13 f=2.43e+27 n=3
BG_FUNC: a=3.58e-03 V_eV4=4.38e+54 kinetic_eV2=2.83e-03 V_Mpc2=2.46e-01 KE_Mpc2=1.59e-58 rho_final=2.46e-01
RIDDER DEBUG (adding to rho_tot): a=3.579224e-03, rho_ridder=2.463348e-01, rho_tot_before=3.623087e-01, rho_tot_after=6.086436e-01
V_RIDDER_RAW: a=1.58e-01 phi=6.09e+27 V_eV4=4.38e+54 Lambda=2.94e+13 f=2.43e+27 n=3
DDV_CHECK: call#=350000 a=1.58e-01 phi=6.09e+27 ddV_eV2=-4.97e-01 (positive=0)
BG_FUNC: a=1.58e-01 V_eV4=4.38e+54 kinetic_eV2=1.36e-02 V_Mpc2=2.46e-01 KE_Mpc2=7.64e-58 rho_final=2.46e-01
RIDDER DEBUG (adding to rho_tot): a=1.578083e-01, rho_ridder=2.463348e-01, rho_tot_before=4.036049e-06, rho_tot_after=2.463389e-01
RIDDER_SHOOT iter= 6  log10_Lambda=13.469  f_peak=0.09721  z_peak= 500.1  target=0.10000
BACKGROUND_SOLVE ENTERED: has_ridder=1 Lambda=3.28e+13
ABOUT TO INTEGRATE: bi_size=7 has_ridder=1 Lambda=3.28e+13
V_RIDDER_RAW: a=6.45e-14 phi=6.09e+27 V_eV4=6.75e+54 Lambda=3.28e+13 f=2.43e+27 n=3
BG_FUNC: a=6.45e-14 V_eV4=6.75e+54 kinetic_eV2=1.26e+04 V_Mpc2=3.79e-01 KE_Mpc2=7.11e-52 rho_final=3.79e-01
RIDDER DEBUG (adding to rho_tot): a=6.450156e-14, rho_ridder=3.793376e-01, rho_tot_before=1.589638e+41, rho_tot_after=1.589638e+41
V_RIDDER_RAW: a=2.85e-12 phi=6.09e+27 V_eV4=6.75e+54 Lambda=3.28e+13 f=2.43e+27 n=3
DDV_CHECK: call#=360000 a=2.85e-12 phi=6.09e+27 ddV_eV2=-7.65e-01 (positive=0)
BG_FUNC: a=2.85e-12 V_eV4=6.75e+54 kinetic_eV2=1.70e-06 V_Mpc2=3.79e-01 KE_Mpc2=9.54e-62 rho_final=3.79e-01
RIDDER DEBUG (adding to rho_tot): a=2.850765e-12, rho_ridder=3.793376e-01, rho_tot_before=4.166137e+34, rho_tot_after=4.166137e+34
V_RIDDER_RAW: a=1.25e-10 phi=6.09e+27 V_eV4=6.75e+54 Lambda=3.28e+13 f=2.43e+27 n=3
BG_FUNC: a=1.25e-10 V_eV4=6.75e+54 kinetic_eV2=2.41e-16 V_Mpc2=3.79e-01 KE_Mpc2=1.36e-71 rho_final=3.79e-01
RIDDER DEBUG (adding to rho_tot): a=1.247821e-10, rho_ridder=3.793376e-01, rho_tot_before=1.134932e+28, rho_tot_after=1.134932e+28
V_RIDDER_RAW: a=5.69e-09 phi=6.09e+27 V_eV4=6.75e+54 Lambda=3.28e+13 f=2.43e+27 n=3
DDV_CHECK: call#=370000 a=5.69e-09 phi=6.09e+27 ddV_eV2=-7.65e-01 (positive=0)
BG_FUNC: a=5.69e-09 V_eV4=6.75e+54 kinetic_eV2=9.33e-25 V_Mpc2=3.79e-01 KE_Mpc2=5.24e-80 rho_final=3.79e-01
RIDDER DEBUG (adding to rho_tot): a=5.686485e-09, rho_ridder=3.793376e-01, rho_tot_before=2.631587e+21, rho_tot_after=2.631587e+21
V_RIDDER_RAW: a=2.47e-07 phi=6.09e+27 V_eV4=6.75e+54 Lambda=3.28e+13 f=2.43e+27 n=3
BG_FUNC: a=2.47e-07 V_eV4=6.75e+54 kinetic_eV2=2.27e-18 V_Mpc2=3.79e-01 KE_Mpc2=1.27e-73 rho_final=3.79e-01
RIDDER DEBUG (adding to rho_tot): a=2.465101e-07, rho_ridder=3.793376e-01, rho_tot_before=7.462012e+14, rho_tot_after=7.462012e+14
V_RIDDER_RAW: a=7.26e-06 phi=6.09e+27 V_eV4=6.75e+54 Lambda=3.28e+13 f=2.43e+27 n=3
DDV_CHECK: call#=380000 a=7.26e-06 phi=6.09e+27 ddV_eV2=-7.65e-01 (positive=0)
BG_FUNC: a=7.26e-06 V_eV4=6.75e+54 kinetic_eV2=1.68e-12 V_Mpc2=3.79e-01 KE_Mpc2=9.42e-68 rho_final=3.79e-01
RIDDER DEBUG (adding to rho_tot): a=7.263928e-06, rho_ridder=3.793376e-01, rho_tot_before=1.029648e+09, rho_tot_after=1.029648e+09
DERIVS_ENTRY: call#=35000 has_ridder=1 Lambda=3.28e+13 a=2.88e-05
RIDDER DERIVS CALLED: call#=35000 a=2.88e-05 phi=6.09e+27 fluid_mode=0
FIELD_MODE: call#=35000 a=2.88e-05 fluid_mode=0
DERIVS: call#=35000 a=2.88e-05 phi=6.09e+27 phi'=-8.08e-10 dphi/dlna=-1.03e-08 dphi'/dlna=-2.39e-09 dV=3.78e-01 H=2.72e+03
V_RIDDER_RAW: a=2.16e-04 phi=6.09e+27 V_eV4=6.75e+54 Lambda=3.28e+13 f=2.43e+27 n=3
BG_FUNC: a=2.16e-04 V_eV4=6.75e+54 kinetic_eV2=8.29e-07 V_Mpc2=3.79e-01 KE_Mpc2=4.66e-62 rho_final=3.79e-01
RIDDER DEBUG (adding to rho_tot): a=2.157786e-04, rho_ridder=3.793376e-01, rho_tot_before=2.846289e+03, rho_tot_after=2.846668e+03
RIDDER DEBUG (adding to rho_tot): a=9.907248e-04, rho_ridder=3.793376e-01, rho_tot_before=1.914937e+01, rho_tot_after=1.952871e+01
RIDDER DEBUG (adding to rho_tot): a=9.907248e-04, rho_ridder=3.793376e-01, rho_tot_before=1.914937e+01, rho_tot_after=1.952871e+01
RIDDER DEBUG (adding to rho_tot): a=9.905466e-04, rho_ridder=3.793376e-01, rho_tot_before=1.916023e+01, rho_tot_after=1.953956e+01
RIDDER DEBUG (adding to rho_tot): a=1.001533e-03, rho_ridder=3.793376e-01, rho_tot_before=1.850624e+01, rho_tot_after=1.888558e+01
RIDDER DEBUG (adding to rho_tot): a=9.913452e-04, rho_ridder=3.793376e-01, rho_tot_before=1.911166e+01, rho_tot_after=1.949100e+01
RIDDER DEBUG (adding to rho_tot): a=9.921445e-04, rho_ridder=3.793376e-01, rho_tot_before=1.906322e+01, rho_tot_after=1.944256e+01
RIDDER DEBUG (adding to rho_tot): a=9.929444e-04, rho_ridder=3.793376e-01, rho_tot_before=1.901490e+01, rho_tot_after=1.939424e+01
RIDDER DEBUG (adding to rho_tot): a=9.937449e-04, rho_ridder=3.793376e-01, rho_tot_before=1.896671e+01, rho_tot_after=1.934605e+01
RIDDER DEBUG (adding to rho_tot): a=9.945462e-04, rho_ridder=3.793376e-01, rho_tot_before=1.891864e+01, rho_tot_after=1.929798e+01
RIDDER DEBUG (adding to rho_tot): a=9.953480e-04, rho_ridder=3.793376e-01, rho_tot_before=1.887069e+01, rho_tot_after=1.925003e+01
RIDDER DEBUG (adding to rho_tot): a=9.961505e-04, rho_ridder=3.793376e-01, rho_tot_before=1.882287e+01, rho_tot_after=1.920221e+01
RIDDER DEBUG (adding to rho_tot): a=9.969536e-04, rho_ridder=3.793376e-01, rho_tot_before=1.877517e+01, rho_tot_after=1.915451e+01
RIDDER DEBUG (adding to rho_tot): a=9.977574e-04, rho_ridder=3.793376e-01, rho_tot_before=1.872759e+01, rho_tot_after=1.910693e+01
RIDDER DEBUG (adding to rho_tot): a=9.985619e-04, rho_ridder=3.793376e-01, rho_tot_before=1.868014e+01, rho_tot_after=1.905947e+01
RIDDER DEBUG (adding to rho_tot): a=9.993670e-04, rho_ridder=3.793376e-01, rho_tot_before=1.863280e+01, rho_tot_after=1.901214e+01
RIDDER DEBUG (adding to rho_tot): a=1.000173e-03, rho_ridder=3.793376e-01, rho_tot_before=1.858559e+01, rho_tot_after=1.896493e+01
RIDDER DEBUG (adding to rho_tot): a=1.000979e-03, rho_ridder=3.793376e-01, rho_tot_before=1.853850e+01, rho_tot_after=1.891784e+01
RIDDER DEBUG (adding to rho_tot): a=1.001786e-03, rho_ridder=3.793376e-01, rho_tot_before=1.849153e+01, rho_tot_after=1.887087e+01
RIDDER DEBUG (adding to rho_tot): a=1.002594e-03, rho_ridder=3.793376e-01, rho_tot_before=1.844468e+01, rho_tot_after=1.882402e+01
RIDDER DEBUG (adding to rho_tot): a=1.003402e-03, rho_ridder=3.793376e-01, rho_tot_before=1.839795e+01, rho_tot_after=1.877729e+01
RIDDER DEBUG (adding to rho_tot): a=1.004211e-03, rho_ridder=3.793376e-01, rho_tot_before=1.835134e+01, rho_tot_after=1.873068e+01
RIDDER DEBUG (adding to rho_tot): a=1.005021e-03, rho_ridder=3.793376e-01, rho_tot_before=1.830485e+01, rho_tot_after=1.868419e+01
RIDDER DEBUG (adding to rho_tot): a=1.005831e-03, rho_ridder=3.793376e-01, rho_tot_before=1.825848e+01, rho_tot_after=1.863782e+01
RIDDER DEBUG (adding to rho_tot): a=1.006642e-03, rho_ridder=3.793376e-01, rho_tot_before=1.821223e+01, rho_tot_after=1.859156e+01
RIDDER DEBUG (adding to rho_tot): a=1.007454e-03, rho_ridder=3.793376e-01, rho_tot_before=1.816609e+01, rho_tot_after=1.854543e+01
RIDDER DEBUG (adding to rho_tot): a=1.008266e-03, rho_ridder=3.793376e-01, rho_tot_before=1.812008e+01, rho_tot_after=1.849942e+01
RIDDER DEBUG (adding to rho_tot): a=1.009079e-03, rho_ridder=3.793376e-01, rho_tot_before=1.807418e+01, rho_tot_after=1.845352e+01
RIDDER DEBUG (adding to rho_tot): a=1.009892e-03, rho_ridder=3.793376e-01, rho_tot_before=1.802840e+01, rho_tot_after=1.840774e+01
V_RIDDER_RAW: a=8.20e-03 phi=6.09e+27 V_eV4=6.75e+54 Lambda=3.28e+13 f=2.43e+27 n=3
DDV_CHECK: call#=390000 a=8.20e-03 phi=6.09e+27 ddV_eV2=-7.65e-01 (positive=0)
BG_FUNC: a=8.20e-03 V_eV4=6.75e+54 kinetic_eV2=1.62e-02 V_Mpc2=3.79e-01 KE_Mpc2=9.13e-58 rho_final=3.79e-01
RIDDER DEBUG (adding to rho_tot): a=8.195922e-03, rho_ridder=3.793376e-01, rho_tot_before=2.938876e-02, rho_tot_after=4.087263e-01
V_RIDDER_RAW: a=3.67e-01 phi=6.09e+27 V_eV4=6.75e+54 Lambda=3.28e+13 f=2.43e+27 n=3
BG_FUNC: a=3.67e-01 V_eV4=6.75e+54 kinetic_eV2=2.09e-02 V_Mpc2=3.79e-01 KE_Mpc2=1.18e-57 rho_final=3.79e-01
RIDDER DEBUG (adding to rho_tot): a=3.669350e-01, rho_ridder=3.793376e-01, rho_tot_before=3.208535e-07, rho_tot_after=3.793379e-01
RIDDER_SHOOT iter= 7  log10_Lambda=13.516  f_peak=0.14223  z_peak= 500.1  target=0.10000
BACKGROUND_SOLVE ENTERED: has_ridder=1 Lambda=3.11e+13
ABOUT TO INTEGRATE: bi_size=7 has_ridder=1 Lambda=3.11e+13
V_RIDDER_RAW: a=1.50e-13 phi=6.09e+27 V_eV4=5.44e+54 Lambda=3.11e+13 f=2.43e+27 n=3
DDV_CHECK: call#=400000 a=1.50e-13 phi=6.09e+27 ddV_eV2=-6.16e-01 (positive=0)
BG_FUNC: a=1.50e-13 V_eV4=5.44e+54 kinetic_eV2=5.15e+01 V_Mpc2=3.06e-01 KE_Mpc2=2.89e-54 rho_final=3.06e-01
RIDDER DEBUG (adding to rho_tot): a=1.502206e-13, rho_ridder=3.056862e-01, rho_tot_before=5.403329e+39, rho_tot_after=5.403329e+39
V_RIDDER_RAW: a=6.64e-12 phi=6.09e+27 V_eV4=5.44e+54 Lambda=3.11e+13 f=2.43e+27 n=3
BG_FUNC: a=6.64e-12 V_eV4=5.44e+54 kinetic_eV2=6.91e-09 V_Mpc2=3.06e-01 KE_Mpc2=3.88e-64 rho_final=3.06e-01
RIDDER DEBUG (adding to rho_tot): a=6.639273e-12, rho_ridder=3.056862e-01, rho_tot_before=1.416110e+33, rho_tot_after=1.416110e+33
V_RIDDER_RAW: a=2.65e-10 phi=6.09e+27 V_eV4=5.44e+54 Lambda=3.11e+13 f=2.43e+27 n=3
DDV_CHECK: call#=410000 a=2.65e-10 phi=6.09e+27 ddV_eV2=-6.16e-01 (positive=0)
BG_FUNC: a=2.65e-10 V_eV4=5.44e+54 kinetic_eV2=1.72e-18 V_Mpc2=3.06e-01 KE_Mpc2=9.67e-74 rho_final=3.06e-01
RIDDER DEBUG (adding to rho_tot): a=2.646736e-10, rho_ridder=3.056862e-01, rho_tot_before=5.607089e+26, rho_tot_after=5.607089e+26
V_RIDDER_RAW: a=9.34e-09 phi=6.09e+27 V_eV4=5.44e+54 Lambda=3.11e+13 f=2.43e+27 n=3
BG_FUNC: a=9.34e-09 V_eV4=5.44e+54 kinetic_eV2=3.14e-24 V_Mpc2=3.06e-01 KE_Mpc2=1.77e-79 rho_final=3.06e-01
RIDDER DEBUG (adding to rho_tot): a=9.342202e-09, rho_ridder=3.056862e-01, rho_tot_before=3.612479e+20, rho_tot_after=3.612479e+20
V_RIDDER_RAW: a=3.27e-07 phi=6.09e+27 V_eV4=5.44e+54 Lambda=3.11e+13 f=2.43e+27 n=3
DDV_CHECK: call#=420000 a=3.27e-07 phi=6.09e+27 ddV_eV2=-6.16e-01 (positive=0)
BG_FUNC: a=3.27e-07 V_eV4=5.44e+54 kinetic_eV2=4.58e-18 V_Mpc2=3.06e-01 KE_Mpc2=2.57e-73 rho_final=3.06e-01
RIDDER DEBUG (adding to rho_tot): a=3.273019e-07, rho_ridder=3.056862e-01, rho_tot_before=2.402163e+14, rho_tot_after=2.402163e+14
V_RIDDER_RAW: a=9.62e-06 phi=6.09e+27 V_eV4=5.44e+54 Lambda=3.11e+13 f=2.43e+27 n=3
BG_FUNC: a=9.62e-06 V_eV4=5.44e+54 kinetic_eV2=3.33e-12 V_Mpc2=3.06e-01 KE_Mpc2=1.87e-67 rho_final=3.06e-01
RIDDER DEBUG (adding to rho_tot): a=9.623312e-06, rho_ridder=3.056862e-01, rho_tot_before=3.386127e+08, rho_tot_after=3.386127e+08
DERIVS_ENTRY: call#=40000 has_ridder=1 Lambda=3.11e+13 a=1.78e-04
RIDDER DERIVS CALLED: call#=40000 a=1.78e-04 phi=6.09e+27 fluid_mode=0
FIELD_MODE: call#=40000 a=1.78e-04 fluid_mode=0
DERIVS: call#=40000 a=1.78e-04 phi=6.09e+27 phi'=-1.31e-07 dphi/dlna=-8.52e-06 dphi'/dlna=-3.70e-07 dV=3.05e-01 H=8.60e+01
V_RIDDER_RAW: a=2.88e-04 phi=6.09e+27 V_eV4=5.44e+54 Lambda=3.11e+13 f=2.43e+27 n=3
DDV_CHECK: call#=430000 a=2.88e-04 phi=6.09e+27 ddV_eV2=-6.16e-01 (positive=0)
BG_FUNC: a=2.88e-04 V_eV4=5.44e+54 kinetic_eV2=1.51e-06 V_Mpc2=3.06e-01 KE_Mpc2=8.50e-62 rho_final=3.06e-01
RIDDER DEBUG (adding to rho_tot): a=2.877143e-04, rho_ridder=3.056862e-01, rho_tot_before=1.066793e+03, rho_tot_after=1.067099e+03
RIDDER DEBUG (adding to rho_tot): a=9.920429e-04, rho_ridder=3.056862e-01, rho_tot_before=1.906936e+01, rho_tot_after=1.937505e+01
RIDDER DEBUG (adding to rho_tot): a=9.905466e-04, rho_ridder=3.056862e-01, rho_tot_before=1.916023e+01, rho_tot_after=1.946591e+01
RIDDER DEBUG (adding to rho_tot): a=9.913452e-04, rho_ridder=3.056862e-01, rho_tot_before=1.911166e+01, rho_tot_after=1.941735e+01
RIDDER DEBUG (adding to rho_tot): a=1.002592e-03, rho_ridder=3.056862e-01, rho_tot_before=1.844477e+01, rho_tot_after=1.875046e+01
RIDDER DEBUG (adding to rho_tot): a=1.002592e-03, rho_ridder=3.056862e-01, rho_tot_before=1.844477e+01, rho_tot_after=1.875046e+01
RIDDER DEBUG (adding to rho_tot): a=9.921445e-04, rho_ridder=3.056862e-01, rho_tot_before=1.906322e+01, rho_tot_after=1.936891e+01
RIDDER DEBUG (adding to rho_tot): a=9.929444e-04, rho_ridder=3.056862e-01, rho_tot_before=1.901490e+01, rho_tot_after=1.932059e+01
RIDDER DEBUG (adding to rho_tot): a=9.937449e-04, rho_ridder=3.056862e-01, rho_tot_before=1.896671e+01, rho_tot_after=1.927239e+01
RIDDER DEBUG (adding to rho_tot): a=9.945462e-04, rho_ridder=3.056862e-01, rho_tot_before=1.891864e+01, rho_tot_after=1.922433e+01
RIDDER DEBUG (adding to rho_tot): a=9.953480e-04, rho_ridder=3.056862e-01, rho_tot_before=1.887069e+01, rho_tot_after=1.917638e+01
RIDDER DEBUG (adding to rho_tot): a=9.961505e-04, rho_ridder=3.056862e-01, rho_tot_before=1.882287e+01, rho_tot_after=1.912856e+01
RIDDER DEBUG (adding to rho_tot): a=9.969536e-04, rho_ridder=3.056862e-01, rho_tot_before=1.877517e+01, rho_tot_after=1.908086e+01
RIDDER DEBUG (adding to rho_tot): a=9.977574e-04, rho_ridder=3.056862e-01, rho_tot_before=1.872759e+01, rho_tot_after=1.903328e+01
RIDDER DEBUG (adding to rho_tot): a=9.985619e-04, rho_ridder=3.056862e-01, rho_tot_before=1.868014e+01, rho_tot_after=1.898582e+01
RIDDER DEBUG (adding to rho_tot): a=9.993670e-04, rho_ridder=3.056862e-01, rho_tot_before=1.863280e+01, rho_tot_after=1.893849e+01
RIDDER DEBUG (adding to rho_tot): a=1.000173e-03, rho_ridder=3.056862e-01, rho_tot_before=1.858559e+01, rho_tot_after=1.889128e+01
RIDDER DEBUG (adding to rho_tot): a=1.000979e-03, rho_ridder=3.056862e-01, rho_tot_before=1.853850e+01, rho_tot_after=1.884419e+01
RIDDER DEBUG (adding to rho_tot): a=1.001786e-03, rho_ridder=3.056862e-01, rho_tot_before=1.849153e+01, rho_tot_after=1.879722e+01
RIDDER DEBUG (adding to rho_tot): a=1.002594e-03, rho_ridder=3.056862e-01, rho_tot_before=1.844468e+01, rho_tot_after=1.875037e+01
RIDDER DEBUG (adding to rho_tot): a=1.003402e-03, rho_ridder=3.056862e-01, rho_tot_before=1.839795e+01, rho_tot_after=1.870364e+01
RIDDER DEBUG (adding to rho_tot): a=1.004211e-03, rho_ridder=3.056862e-01, rho_tot_before=1.835134e+01, rho_tot_after=1.865703e+01
RIDDER DEBUG (adding to rho_tot): a=1.005021e-03, rho_ridder=3.056862e-01, rho_tot_before=1.830485e+01, rho_tot_after=1.861054e+01
RIDDER DEBUG (adding to rho_tot): a=1.005831e-03, rho_ridder=3.056862e-01, rho_tot_before=1.825848e+01, rho_tot_after=1.856416e+01
RIDDER DEBUG (adding to rho_tot): a=1.006642e-03, rho_ridder=3.056862e-01, rho_tot_before=1.821223e+01, rho_tot_after=1.851791e+01
RIDDER DEBUG (adding to rho_tot): a=1.007454e-03, rho_ridder=3.056862e-01, rho_tot_before=1.816609e+01, rho_tot_after=1.847178e+01
RIDDER DEBUG (adding to rho_tot): a=1.008266e-03, rho_ridder=3.056862e-01, rho_tot_before=1.812008e+01, rho_tot_after=1.842576e+01
RIDDER DEBUG (adding to rho_tot): a=1.009079e-03, rho_ridder=3.056862e-01, rho_tot_before=1.807418e+01, rho_tot_after=1.837987e+01
RIDDER DEBUG (adding to rho_tot): a=1.009892e-03, rho_ridder=3.056862e-01, rho_tot_before=1.802840e+01, rho_tot_after=1.833409e+01
V_RIDDER_RAW: a=1.12e-02 phi=6.09e+27 V_eV4=5.44e+54 Lambda=3.11e+13 f=2.43e+27 n=3
BG_FUNC: a=1.12e-02 V_eV4=5.44e+54 kinetic_eV2=1.46e-02 V_Mpc2=3.06e-01 KE_Mpc2=8.19e-58 rho_final=3.06e-01
RIDDER DEBUG (adding to rho_tot): a=1.122280e-02, rho_ridder=3.056862e-01, rho_tot_before=1.138240e-02, rho_tot_after=3.170686e-01
V_RIDDER_RAW: a=5.02e-01 phi=6.09e+27 V_eV4=5.44e+54 Lambda=3.11e+13 f=2.43e+27 n=3
DDV_CHECK: call#=440000 a=5.02e-01 phi=6.09e+27 ddV_eV2=-6.16e-01 (positive=0)
BG_FUNC: a=5.02e-01 V_eV4=5.44e+54 kinetic_eV2=1.69e-02 V_Mpc2=3.06e-01 KE_Mpc2=9.49e-58 rho_final=3.06e-01
RIDDER DEBUG (adding to rho_tot): a=5.020449e-01, rho_ridder=3.056862e-01, rho_tot_before=1.252539e-07, rho_tot_after=3.056863e-01
RIDDER_SHOOT iter= 8  log10_Lambda=13.492  f_peak=0.11787  z_peak= 500.1  target=0.10000
BACKGROUND_SOLVE ENTERED: has_ridder=1 Lambda=3.02e+13
ABOUT TO INTEGRATE: bi_size=7 has_ridder=1 Lambda=3.02e+13
V_RIDDER_RAW: a=2.04e-13 phi=6.09e+27 V_eV4=4.88e+54 Lambda=3.02e+13 f=2.43e+27 n=3
BG_FUNC: a=2.04e-13 V_eV4=4.88e+54 kinetic_eV2=6.67e+00 V_Mpc2=2.74e-01 KE_Mpc2=3.75e-55 rho_final=2.74e-01
RIDDER DEBUG (adding to rho_tot): a=2.037196e-13, rho_ridder=2.744106e-01, rho_tot_before=1.597527e+39, rho_tot_after=1.597527e+39
V_RIDDER_RAW: a=8.86e-12 phi=6.09e+27 V_eV4=4.88e+54 Lambda=3.02e+13 f=2.43e+27 n=3
DDV_CHECK: call#=450000 a=8.86e-12 phi=6.09e+27 ddV_eV2=-5.53e-01 (positive=0)
BG_FUNC: a=8.86e-12 V_eV4=4.88e+54 kinetic_eV2=9.86e-10 V_Mpc2=2.74e-01 KE_Mpc2=5.54e-65 rho_final=2.74e-01
RIDDER DEBUG (adding to rho_tot): a=8.859795e-12, rho_ridder=2.744106e-01, rho_tot_before=4.465647e+32, rho_tot_after=4.465647e+32
V_RIDDER_RAW: a=3.53e-10 phi=6.09e+27 V_eV4=4.88e+54 Lambda=3.02e+13 f=2.43e+27 n=3
BG_FUNC: a=3.53e-10 V_eV4=4.88e+54 kinetic_eV2=2.48e-19 V_Mpc2=2.74e-01 KE_Mpc2=1.39e-74 rho_final=2.74e-01
RIDDER DEBUG (adding to rho_tot): a=3.526255e-10, rho_ridder=2.744106e-01, rho_tot_before=1.779612e+26, rho_tot_after=1.779612e+26
V_RIDDER_RAW: a=1.26e-08 phi=6.09e+27 V_eV4=4.88e+54 Lambda=3.02e+13 f=2.43e+27 n=3
DDV_CHECK: call#=460000 a=1.26e-08 phi=6.09e+27 ddV_eV2=-5.53e-01 (positive=0)
BG_FUNC: a=1.26e-08 V_eV4=4.88e+54 kinetic_eV2=8.17e-24 V_Mpc2=2.74e-01 KE_Mpc2=4.60e-79 rho_final=2.74e-01
RIDDER DEBUG (adding to rho_tot): a=1.260295e-08, rho_ridder=2.744106e-01, rho_tot_before=1.090742e+20, rho_tot_after=1.090742e+20
V_RIDDER_RAW: a=4.28e-07 phi=6.09e+27 V_eV4=4.88e+54 Lambda=3.02e+13 f=2.43e+27 n=3
BG_FUNC: a=4.28e-07 V_eV4=4.88e+54 kinetic_eV2=1.08e-17 V_Mpc2=2.74e-01 KE_Mpc2=6.07e-73 rho_final=2.74e-01
RIDDER DEBUG (adding to rho_tot): a=4.281449e-07, rho_ridder=2.744106e-01, rho_tot_before=8.208906e+13, rho_tot_after=8.208906e+13
V_RIDDER_RAW: a=1.27e-05 phi=6.09e+27 V_eV4=4.88e+54 Lambda=3.02e+13 f=2.43e+27 n=3
DDV_CHECK: call#=470000 a=1.27e-05 phi=6.09e+27 ddV_eV2=-5.53e-01 (positive=0)
BG_FUNC: a=1.27e-05 V_eV4=4.88e+54 kinetic_eV2=8.07e-12 V_Mpc2=2.74e-01 KE_Mpc2=4.54e-67 rho_final=2.74e-01
RIDDER DEBUG (adding to rho_tot): a=1.269777e-05, rho_ridder=2.744106e-01, rho_tot_before=1.135836e+08, rho_tot_after=1.135836e+08
V_RIDDER_RAW: a=3.85e-04 phi=6.09e+27 V_eV4=4.88e+54 Lambda=3.02e+13 f=2.43e+27 n=3
BG_FUNC: a=3.85e-04 V_eV4=4.88e+54 kinetic_eV2=3.39e-06 V_Mpc2=2.74e-01 KE_Mpc2=1.91e-61 rho_final=2.74e-01
RIDDER DEBUG (adding to rho_tot): a=3.847370e-04, rho_ridder=2.744106e-01, rho_tot_before=4.037932e+02, rho_tot_after=4.040676e+02
RIDDER DEBUG (adding to rho_tot): a=9.999870e-04, rho_ridder=2.744106e-01, rho_tot_before=1.859646e+01, rho_tot_after=1.887087e+01
RIDDER DEBUG (adding to rho_tot): a=9.905466e-04, rho_ridder=2.744106e-01, rho_tot_before=1.916023e+01, rho_tot_after=1.943464e+01
RIDDER DEBUG (adding to rho_tot): a=9.913452e-04, rho_ridder=2.744106e-01, rho_tot_before=1.911166e+01, rho_tot_after=1.938607e+01
RIDDER DEBUG (adding to rho_tot): a=9.921445e-04, rho_ridder=2.744106e-01, rho_tot_before=1.906322e+01, rho_tot_after=1.933763e+01
RIDDER DEBUG (adding to rho_tot): a=9.929444e-04, rho_ridder=2.744106e-01, rho_tot_before=1.901490e+01, rho_tot_after=1.928931e+01
RIDDER DEBUG (adding to rho_tot): a=9.937449e-04, rho_ridder=2.744106e-01, rho_tot_before=1.896671e+01, rho_tot_after=1.924112e+01
RIDDER DEBUG (adding to rho_tot): a=9.945462e-04, rho_ridder=2.744106e-01, rho_tot_before=1.891864e+01, rho_tot_after=1.919305e+01
RIDDER DEBUG (adding to rho_tot): a=9.953480e-04, rho_ridder=2.744106e-01, rho_tot_before=1.887069e+01, rho_tot_after=1.914510e+01
RIDDER DEBUG (adding to rho_tot): a=9.961505e-04, rho_ridder=2.744106e-01, rho_tot_before=1.882287e+01, rho_tot_after=1.909728e+01
RIDDER DEBUG (adding to rho_tot): a=9.969536e-04, rho_ridder=2.744106e-01, rho_tot_before=1.877517e+01, rho_tot_after=1.904958e+01
RIDDER DEBUG (adding to rho_tot): a=9.977574e-04, rho_ridder=2.744106e-01, rho_tot_before=1.872759e+01, rho_tot_after=1.900200e+01
RIDDER DEBUG (adding to rho_tot): a=9.985619e-04, rho_ridder=2.744106e-01, rho_tot_before=1.868014e+01, rho_tot_after=1.895455e+01
RIDDER DEBUG (adding to rho_tot): a=9.993670e-04, rho_ridder=2.744106e-01, rho_tot_before=1.863280e+01, rho_tot_after=1.890721e+01
RIDDER DEBUG (adding to rho_tot): a=1.000173e-03, rho_ridder=2.744106e-01, rho_tot_before=1.858559e+01, rho_tot_after=1.886000e+01
RIDDER DEBUG (adding to rho_tot): a=1.000979e-03, rho_ridder=2.744106e-01, rho_tot_before=1.853850e+01, rho_tot_after=1.881291e+01
RIDDER DEBUG (adding to rho_tot): a=1.001786e-03, rho_ridder=2.744106e-01, rho_tot_before=1.849153e+01, rho_tot_after=1.876594e+01
RIDDER DEBUG (adding to rho_tot): a=1.002594e-03, rho_ridder=2.744106e-01, rho_tot_before=1.844468e+01, rho_tot_after=1.871909e+01
RIDDER DEBUG (adding to rho_tot): a=1.003402e-03, rho_ridder=2.744106e-01, rho_tot_before=1.839795e+01, rho_tot_after=1.867236e+01
RIDDER DEBUG (adding to rho_tot): a=1.004211e-03, rho_ridder=2.744106e-01, rho_tot_before=1.835134e+01, rho_tot_after=1.862575e+01
RIDDER DEBUG (adding to rho_tot): a=1.005021e-03, rho_ridder=2.744106e-01, rho_tot_before=1.830485e+01, rho_tot_after=1.857926e+01
RIDDER DEBUG (adding to rho_tot): a=1.005831e-03, rho_ridder=2.744106e-01, rho_tot_before=1.825848e+01, rho_tot_after=1.853289e+01
RIDDER DEBUG (adding to rho_tot): a=1.006642e-03, rho_ridder=2.744106e-01, rho_tot_before=1.821223e+01, rho_tot_after=1.848664e+01
RIDDER DEBUG (adding to rho_tot): a=1.007454e-03, rho_ridder=2.744106e-01, rho_tot_before=1.816609e+01, rho_tot_after=1.844050e+01
RIDDER DEBUG (adding to rho_tot): a=1.008266e-03, rho_ridder=2.744106e-01, rho_tot_before=1.812008e+01, rho_tot_after=1.839449e+01
RIDDER DEBUG (adding to rho_tot): a=1.009079e-03, rho_ridder=2.744106e-01, rho_tot_before=1.807418e+01, rho_tot_after=1.834859e+01
RIDDER DEBUG (adding to rho_tot): a=1.009892e-03, rho_ridder=2.744106e-01, rho_tot_before=1.802840e+01, rho_tot_after=1.830281e+01
DERIVS_ENTRY: call#=45000 has_ridder=1 Lambda=3.02e+13 a=2.10e-03
RIDDER DERIVS CALLED: call#=45000 a=2.10e-03 phi=6.09e+27 fluid_mode=0
FIELD_MODE: call#=45000 a=2.10e-03 fluid_mode=0
DERIVS: call#=45000 a=2.10e-03 phi=6.09e+27 phi'=-8.65e-05 dphi/dlna=-2.76e-02 dphi'/dlna=-2.13e-04 dV=2.74e-01 H=1.49e+00
V_RIDDER_RAW: a=1.52e-02 phi=6.09e+27 V_eV4=4.88e+54 Lambda=3.02e+13 f=2.43e+27 n=3
DDV_CHECK: call#=480000 a=1.52e-02 phi=6.09e+27 ddV_eV2=-5.53e-01 (positive=0)
BG_FUNC: a=1.52e-02 V_eV4=4.88e+54 kinetic_eV2=1.40e-02 V_Mpc2=2.74e-01 KE_Mpc2=7.87e-58 rho_final=2.74e-01
RIDDER DEBUG (adding to rho_tot): a=1.515844e-02, rho_ridder=2.744106e-01, rho_tot_before=4.601001e-03, rho_tot_after=2.790116e-01
V_RIDDER_RAW: a=6.89e-01 phi=6.09e+27 V_eV4=4.88e+54 Lambda=3.02e+13 f=2.43e+27 n=3
BG_FUNC: a=6.89e-01 V_eV4=4.88e+54 kinetic_eV2=1.51e-02 V_Mpc2=2.74e-01 KE_Mpc2=8.52e-58 rho_final=2.74e-01
RIDDER DEBUG (adding to rho_tot): a=6.891218e-01, rho_ridder=2.744106e-01, rho_tot_before=4.842729e-08, rho_tot_after=2.744106e-01
RIDDER_SHOOT iter= 9  log10_Lambda=13.480  f_peak=0.10710  z_peak= 500.1  target=0.10000
BACKGROUND_SOLVE ENTERED: has_ridder=1 Lambda=2.98e+13
ABOUT TO INTEGRATE: bi_size=7 has_ridder=1 Lambda=2.98e+13
V_RIDDER_RAW: a=2.77e-13 phi=6.09e+27 V_eV4=4.62e+54 Lambda=2.98e+13 f=2.43e+27 n=3
DDV_CHECK: call#=490000 a=2.77e-13 phi=6.09e+27 ddV_eV2=-5.24e-01 (positive=0)
BG_FUNC: a=2.77e-13 V_eV4=4.62e+54 kinetic_eV2=9.44e-01 V_Mpc2=2.60e-01 KE_Mpc2=5.31e-56 rho_final=2.60e-01
RIDDER DEBUG (adding to rho_tot): a=2.771635e-13, rho_ridder=2.599940e-01, rho_tot_before=4.662671e+38, rho_tot_after=4.662671e+38
V_RIDDER_RAW: a=1.19e-11 phi=6.09e+27 V_eV4=4.62e+54 Lambda=2.98e+13 f=2.43e+27 n=3
BG_FUNC: a=1.19e-11 V_eV4=4.62e+54 kinetic_eV2=1.49e-10 V_Mpc2=2.60e-01 KE_Mpc2=8.35e-66 rho_final=2.60e-01
RIDDER DEBUG (adding to rho_tot): a=1.192825e-11, rho_ridder=2.599940e-01, rho_tot_before=1.359163e+32, rho_tot_after=1.359163e+32
V_RIDDER_RAW: a=4.79e-10 phi=6.09e+27 V_eV4=4.62e+54 Lambda=2.98e+13 f=2.43e+27 n=3
DDV_CHECK: call#=500000 a=4.79e-10 phi=6.09e+27 ddV_eV2=-5.24e-01 (positive=0)
BG_FUNC: a=4.79e-10 V_eV4=4.62e+54 kinetic_eV2=3.56e-20 V_Mpc2=2.60e-01 KE_Mpc2=2.00e-75 rho_final=2.60e-01
RIDDER DEBUG (adding to rho_tot): a=4.786061e-10, rho_ridder=2.599940e-01, rho_tot_before=5.244054e+25, rho_tot_after=5.244054e+25
V_RIDDER_RAW: a=1.67e-08 phi=6.09e+27 V_eV4=4.62e+54 Lambda=2.98e+13 f=2.43e+27 n=3
BG_FUNC: a=1.67e-08 V_eV4=4.62e+54 kinetic_eV2=2.27e-23 V_Mpc2=2.60e-01 KE_Mpc2=1.28e-78 rho_final=2.60e-01
RIDDER DEBUG (adding to rho_tot): a=1.674386e-08, rho_ridder=2.599940e-01, rho_tot_before=3.501052e+19, rho_tot_after=3.501052e+19
V_RIDDER_RAW: a=5.69e-07 phi=6.09e+27 V_eV4=4.62e+54 Lambda=2.98e+13 f=2.43e+27 n=3
DDV_CHECK: call#=510000 a=5.69e-07 phi=6.09e+27 ddV_eV2=-5.24e-01 (positive=0)
BG_FUNC: a=5.69e-07 V_eV4=4.62e+54 kinetic_eV2=3.01e-17 V_Mpc2=2.60e-01 KE_Mpc2=1.69e-72 rho_final=2.60e-01
RIDDER DEBUG (adding to rho_tot): a=5.685830e-07, rho_ridder=2.599940e-01, rho_tot_before=2.641333e+13, rho_tot_after=2.641333e+13
V_RIDDER_RAW: a=1.69e-05 phi=6.09e+27 V_eV4=4.62e+54 Lambda=2.98e+13 f=2.43e+27 n=3
BG_FUNC: a=1.69e-05 V_eV4=4.62e+54 kinetic_eV2=2.23e-11 V_Mpc2=2.60e-01 KE_Mpc2=1.25e-66 rho_final=2.60e-01
RIDDER DEBUG (adding to rho_tot): a=1.686284e-05, rho_ridder=2.599940e-01, rho_tot_before=3.733384e+07, rho_tot_after=3.733384e+07
V_RIDDER_RAW: a=5.08e-04 phi=6.09e+27 V_eV4=4.62e+54 Lambda=2.98e+13 f=2.43e+27 n=3
DDV_CHECK: call#=520000 a=5.08e-04 phi=6.09e+27 ddV_eV2=-5.24e-01 (positive=0)
BG_FUNC: a=5.08e-04 V_eV4=4.62e+54 kinetic_eV2=7.95e-06 V_Mpc2=2.60e-01 KE_Mpc2=4.47e-61 rho_final=2.60e-01
RIDDER DEBUG (adding to rho_tot): a=5.082386e-04, rho_ridder=2.599940e-01, rho_tot_before=1.619275e+02, rho_tot_after=1.621875e+02
RIDDER DEBUG (adding to rho_tot): a=9.923251e-04, rho_ridder=2.599940e-01, rho_tot_before=1.905230e+01, rho_tot_after=1.931229e+01
RIDDER DEBUG (adding to rho_tot): a=9.905466e-04, rho_ridder=2.599940e-01, rho_tot_before=1.916023e+01, rho_tot_after=1.942022e+01
RIDDER DEBUG (adding to rho_tot): a=9.913452e-04, rho_ridder=2.599940e-01, rho_tot_before=1.911166e+01, rho_tot_after=1.937165e+01
RIDDER DEBUG (adding to rho_tot): a=9.921445e-04, rho_ridder=2.599940e-01, rho_tot_before=1.906322e+01, rho_tot_after=1.932321e+01
RIDDER DEBUG (adding to rho_tot): a=1.002559e-03, rho_ridder=2.599940e-01, rho_tot_before=1.844671e+01, rho_tot_after=1.870671e+01
RIDDER DEBUG (adding to rho_tot): a=9.929444e-04, rho_ridder=2.599940e-01, rho_tot_before=1.901490e+01, rho_tot_after=1.927490e+01
RIDDER DEBUG (adding to rho_tot): a=9.937449e-04, rho_ridder=2.599940e-01, rho_tot_before=1.896671e+01, rho_tot_after=1.922670e+01
RIDDER DEBUG (adding to rho_tot): a=9.945462e-04, rho_ridder=2.599940e-01, rho_tot_before=1.891864e+01, rho_tot_after=1.917863e+01
RIDDER DEBUG (adding to rho_tot): a=9.953480e-04, rho_ridder=2.599940e-01, rho_tot_before=1.887069e+01, rho_tot_after=1.913069e+01
RIDDER DEBUG (adding to rho_tot): a=9.961505e-04, rho_ridder=2.599940e-01, rho_tot_before=1.882287e+01, rho_tot_after=1.908286e+01
RIDDER DEBUG (adding to rho_tot): a=9.969536e-04, rho_ridder=2.599940e-01, rho_tot_before=1.877517e+01, rho_tot_after=1.903516e+01
RIDDER DEBUG (adding to rho_tot): a=9.977574e-04, rho_ridder=2.599940e-01, rho_tot_before=1.872759e+01, rho_tot_after=1.898759e+01
RIDDER DEBUG (adding to rho_tot): a=9.985619e-04, rho_ridder=2.599940e-01, rho_tot_before=1.868014e+01, rho_tot_after=1.894013e+01
RIDDER DEBUG (adding to rho_tot): a=9.993670e-04, rho_ridder=2.599940e-01, rho_tot_before=1.863280e+01, rho_tot_after=1.889280e+01
RIDDER DEBUG (adding to rho_tot): a=1.000173e-03, rho_ridder=2.599940e-01, rho_tot_before=1.858559e+01, rho_tot_after=1.884558e+01
RIDDER DEBUG (adding to rho_tot): a=1.000979e-03, rho_ridder=2.599940e-01, rho_tot_before=1.853850e+01, rho_tot_after=1.879849e+01
RIDDER DEBUG (adding to rho_tot): a=1.001786e-03, rho_ridder=2.599940e-01, rho_tot_before=1.849153e+01, rho_tot_after=1.875152e+01
RIDDER DEBUG (adding to rho_tot): a=1.002594e-03, rho_ridder=2.599940e-01, rho_tot_before=1.844468e+01, rho_tot_after=1.870467e+01
RIDDER DEBUG (adding to rho_tot): a=1.003402e-03, rho_ridder=2.599940e-01, rho_tot_before=1.839795e+01, rho_tot_after=1.865794e+01
RIDDER DEBUG (adding to rho_tot): a=1.004211e-03, rho_ridder=2.599940e-01, rho_tot_before=1.835134e+01, rho_tot_after=1.861133e+01
RIDDER DEBUG (adding to rho_tot): a=1.005021e-03, rho_ridder=2.599940e-01, rho_tot_before=1.830485e+01, rho_tot_after=1.856484e+01
RIDDER DEBUG (adding to rho_tot): a=1.005831e-03, rho_ridder=2.599940e-01, rho_tot_before=1.825848e+01, rho_tot_after=1.851847e+01
RIDDER DEBUG (adding to rho_tot): a=1.006642e-03, rho_ridder=2.599940e-01, rho_tot_before=1.821223e+01, rho_tot_after=1.847222e+01
RIDDER DEBUG (adding to rho_tot): a=1.007454e-03, rho_ridder=2.599940e-01, rho_tot_before=1.816609e+01, rho_tot_after=1.842609e+01
RIDDER DEBUG (adding to rho_tot): a=1.008266e-03, rho_ridder=2.599940e-01, rho_tot_before=1.812008e+01, rho_tot_after=1.838007e+01
RIDDER DEBUG (adding to rho_tot): a=1.009079e-03, rho_ridder=2.599940e-01, rho_tot_before=1.807418e+01, rho_tot_after=1.833417e+01
RIDDER DEBUG (adding to rho_tot): a=1.009892e-03, rho_ridder=2.599940e-01, rho_tot_before=1.802840e+01, rho_tot_after=1.828840e+01
V_RIDDER_RAW: a=2.07e-02 phi=6.09e+27 V_eV4=4.62e+54 Lambda=2.98e+13 f=2.43e+27 n=3
BG_FUNC: a=2.07e-02 V_eV4=4.62e+54 kinetic_eV2=1.38e-02 V_Mpc2=2.60e-01 KE_Mpc2=7.76e-58 rho_final=2.60e-01
RIDDER DEBUG (adding to rho_tot): a=2.067321e-02, rho_ridder=2.599940e-01, rho_tot_before=1.808331e-03, rho_tot_after=2.618023e-01
DERIVS_ENTRY: call#=50000 has_ridder=1 Lambda=2.98e+13 a=3.38e-01
RIDDER DERIVS CALLED: call#=50000 a=3.38e-01 phi=6.09e+27 fluid_mode=0
FIELD_MODE: call#=50000 a=3.38e-01 fluid_mode=0
DERIVS: call#=50000 a=3.38e-01 phi=6.09e+27 phi'=-5.72e-02 dphi/dlna=-3.32e-01 dphi'/dlna=-5.72e-02 dV=2.59e-01 H=5.10e-01
V_RIDDER_RAW: a=9.54e-01 phi=6.09e+27 V_eV4=4.62e+54 Lambda=2.98e+13 f=2.43e+27 n=3
DDV_CHECK: call#=530000 a=9.54e-01 phi=6.09e+27 ddV_eV2=-5.24e-01 (positive=0)
BG_FUNC: a=9.54e-01 V_eV4=4.62e+54 kinetic_eV2=1.44e-02 V_Mpc2=2.60e-01 KE_Mpc2=8.07e-58 rho_final=2.60e-01
RIDDER DEBUG (adding to rho_tot): a=9.543320e-01, rho_ridder=2.599940e-01, rho_tot_before=1.823262e-08, rho_tot_after=2.599940e-01
RIDDER_SHOOT iter=10  log10_Lambda=13.475  f_peak=0.10205  z_peak= 500.1  target=0.10000
BACKGROUND_SOLVE ENTERED: has_ridder=1 Lambda=2.96e+13
ABOUT TO INTEGRATE: bi_size=7 has_ridder=1 Lambda=2.96e+13
V_RIDDER_RAW: a=3.80e-13 phi=6.09e+27 V_eV4=4.50e+54 Lambda=2.96e+13 f=2.43e+27 n=3
BG_FUNC: a=3.80e-13 V_eV4=4.50e+54 kinetic_eV2=1.34e-01 V_Mpc2=2.53e-01 KE_Mpc2=7.55e-57 rho_final=2.53e-01
RIDDER DEBUG (adding to rho_tot): a=3.801364e-13, rho_ridder=2.530723e-01, rho_tot_before=1.317714e+38, rho_tot_after=1.317714e+38
V_RIDDER_RAW: a=1.64e-11 phi=6.09e+27 V_eV4=4.50e+54 Lambda=2.96e+13 f=2.43e+27 n=3
DDV_CHECK: call#=540000 a=1.64e-11 phi=6.09e+27 ddV_eV2=-5.10e-01 (positive=0)
BG_FUNC: a=1.64e-11 V_eV4=4.50e+54 kinetic_eV2=2.09e-11 V_Mpc2=2.53e-01 KE_Mpc2=1.18e-66 rho_final=2.53e-01
RIDDER DEBUG (adding to rho_tot): a=1.638628e-11, rho_ridder=2.530723e-01, rho_tot_before=3.816433e+31, rho_tot_after=3.816433e+31
V_RIDDER_RAW: a=6.36e-10 phi=6.09e+27 V_eV4=4.50e+54 Lambda=2.96e+13 f=2.43e+27 n=3
BG_FUNC: a=6.36e-10 V_eV4=4.50e+54 kinetic_eV2=6.12e-21 V_Mpc2=2.53e-01 KE_Mpc2=3.44e-76 rho_final=2.53e-01
RIDDER DEBUG (adding to rho_tot): a=6.360922e-10, rho_ridder=2.530723e-01, rho_tot_before=1.680739e+25, rho_tot_after=1.680739e+25
V_RIDDER_RAW: a=2.26e-08 phi=6.09e+27 V_eV4=4.50e+54 Lambda=2.96e+13 f=2.43e+27 n=3
DDV_CHECK: call#=550000 a=2.26e-08 phi=6.09e+27 ddV_eV2=-5.10e-01 (positive=0)
BG_FUNC: a=2.26e-08 V_eV4=4.50e+54 kinetic_eV2=7.09e-23 V_Mpc2=2.53e-01 KE_Mpc2=3.98e-78 rho_final=2.53e-01
RIDDER DEBUG (adding to rho_tot): a=2.256103e-08, rho_ridder=2.530723e-01, rho_tot_before=1.062185e+19, rho_tot_after=1.062185e+19
V_RIDDER_RAW: a=7.56e-07 phi=6.09e+27 V_eV4=4.50e+54 Lambda=2.96e+13 f=2.43e+27 n=3
BG_FUNC: a=7.56e-07 V_eV4=4.50e+54 kinetic_eV2=8.93e-17 V_Mpc2=2.53e-01 KE_Mpc2=5.02e-72 rho_final=2.53e-01
RIDDER DEBUG (adding to rho_tot): a=7.563050e-07, rho_ridder=2.530723e-01, rho_tot_before=8.446532e+12, rho_tot_after=8.446532e+12
V_RIDDER_RAW: a=2.25e-05 phi=6.09e+27 V_eV4=4.50e+54 Lambda=2.96e+13 f=2.43e+27 n=3
DDV_CHECK: call#=560000 a=2.25e-05 phi=6.09e+27 ddV_eV2=-5.10e-01 (positive=0)
BG_FUNC: a=2.25e-05 V_eV4=4.50e+54 kinetic_eV2=6.63e-11 V_Mpc2=2.53e-01 KE_Mpc2=3.73e-66 rho_final=2.53e-01
RIDDER DEBUG (adding to rho_tot): a=2.253896e-05, rho_ridder=2.530723e-01, rho_tot_before=1.204591e+07, rho_tot_after=1.204591e+07
V_RIDDER_RAW: a=6.84e-04 phi=6.09e+27 V_eV4=4.50e+54 Lambda=2.96e+13 f=2.43e+27 n=3
BG_FUNC: a=6.84e-04 V_eV4=4.50e+54 kinetic_eV2=2.05e-05 V_Mpc2=2.53e-01 KE_Mpc2=1.15e-60 rho_final=2.53e-01
RIDDER DEBUG (adding to rho_tot): a=6.837083e-04, rho_ridder=2.530723e-01, rho_tot_before=6.216625e+01, rho_tot_after=6.241933e+01
RIDDER DEBUG (adding to rho_tot): a=9.930187e-04, rho_ridder=2.530723e-01, rho_tot_before=1.901042e+01, rho_tot_after=1.926349e+01
RIDDER DEBUG (adding to rho_tot): a=9.905466e-04, rho_ridder=2.530723e-01, rho_tot_before=1.916023e+01, rho_tot_after=1.941330e+01
RIDDER DEBUG (adding to rho_tot): a=9.913452e-04, rho_ridder=2.530723e-01, rho_tot_before=1.911166e+01, rho_tot_after=1.936473e+01
RIDDER DEBUG (adding to rho_tot): a=9.921445e-04, rho_ridder=2.530723e-01, rho_tot_before=1.906322e+01, rho_tot_after=1.931629e+01
RIDDER DEBUG (adding to rho_tot): a=9.929444e-04, rho_ridder=2.530723e-01, rho_tot_before=1.901490e+01, rho_tot_after=1.926797e+01
RIDDER DEBUG (adding to rho_tot): a=1.003365e-03, rho_ridder=2.530723e-01, rho_tot_before=1.840011e+01, rho_tot_after=1.865318e+01
RIDDER DEBUG (adding to rho_tot): a=1.003365e-03, rho_ridder=2.530723e-01, rho_tot_before=1.840011e+01, rho_tot_after=1.865318e+01
RIDDER DEBUG (adding to rho_tot): a=9.937449e-04, rho_ridder=2.530723e-01, rho_tot_before=1.896671e+01, rho_tot_after=1.921978e+01
RIDDER DEBUG (adding to rho_tot): a=9.945462e-04, rho_ridder=2.530723e-01, rho_tot_before=1.891864e+01, rho_tot_after=1.917171e+01
RIDDER DEBUG (adding to rho_tot): a=9.953480e-04, rho_ridder=2.530723e-01, rho_tot_before=1.887069e+01, rho_tot_after=1.912377e+01
RIDDER DEBUG (adding to rho_tot): a=9.961505e-04, rho_ridder=2.530723e-01, rho_tot_before=1.882287e+01, rho_tot_after=1.907594e+01
RIDDER DEBUG (adding to rho_tot): a=9.969536e-04, rho_ridder=2.530723e-01, rho_tot_before=1.877517e+01, rho_tot_after=1.902824e+01
RIDDER DEBUG (adding to rho_tot): a=9.977574e-04, rho_ridder=2.530723e-timeout: the monitored command dumped core
bash: line 40: 2094864 Segmentation fault      timeout 90 ./class /tmp/theta_scan_2.5.ini 2>&1
