DEBUG: Ridder field ENABLED. Lambda = 1.000000e+13
DEBUG: Ridder field ENABLED. Lambda = 1.000000e+13
BACKGROUND_INIT ENTERED: Lambda=1.00e+13
RIDDER DEBUG (background_init): has_ridder=1, Lambda_EDE_ridder=1.000000e+13, f_axion_ridder=2.435000e+27, theta_i_ridder=1.000000e+00, beta_ridder=0.000000e+00
BACKGROUND_SOLVE ENTERED: has_ridder=1 Lambda=1.00e+10
DDV_CHECK: call#=1 a=1.00e-14 phi=2.43e+27 ddV_eV2=3.87e-15 (positive=1)
ABOUT TO INTEGRATE: bi_size=7 has_ridder=1 Lambda=1.00e+10
DDV_CHECK: call#=2 a=1.00e-14 phi=2.43e+27 ddV_eV2=3.87e-15 (positive=1)
RIDDER DERIVS: First call! has_ridder=1 Lambda=1.00e+10 fluid_mode=0
RIDDER DERIVS CALLED: call#=1 a=1.00e-14 phi=2.43e+27 fluid_mode=0
CHECKPOINT_A: call#=1
CHECKPOINT_B: call#=1
CHECKPOINT_C: call#=1
CHECKPOINT_E: After switching block
CHECKPOINT_F: After debug block
PRE_IF: call#=1 fluid_mode=0 _FALSE_=0 condition=1
FIELD_MODE: call#=1 a=1.00e-14 fluid_mode=0
DERIVS: call#=1 a=1.00e-14 phi=2.43e+27 phi'=-3.39e-25 dphi/dlna=-1.57e-33 dphi'/dlna=6.77e-25 dV=3.00e-16 H=2.16e+22
DDV_CHECK: call#=3 a=1.00e-14 phi=2.43e+27 ddV_eV2=3.87e-15 (positive=1)
RIDDER DERIVS CALLED: call#=2 a=1.00e-14 phi=2.43e+27 fluid_mode=0
CHECKPOINT_A: call#=2
CHECKPOINT_B: call#=2
CHECKPOINT_C: call#=2
CHECKPOINT_E: After switching block
CHECKPOINT_F: After debug block
PRE_IF: call#=2 fluid_mode=0 _FALSE_=0 condition=1
FIELD_MODE: call#=2 a=1.00e-14 fluid_mode=0
DERIVS: call#=2 a=1.00e-14 phi=2.43e+27 phi'=-3.39e-25 dphi/dlna=-1.57e-33 dphi'/dlna=6.77e-25 dV=3.00e-16 H=2.16e+22
DDV_CHECK: call#=4 a=1.00e-14 phi=2.43e+27 ddV_eV2=3.87e-15 (positive=1)
RIDDER DERIVS CALLED: call#=3 a=1.00e-14 phi=2.43e+27 fluid_mode=0
CHECKPOINT_A: call#=3
CHECKPOINT_B: call#=3
CHECKPOINT_C: call#=3
CHECKPOINT_E: After switching block
CHECKPOINT_F: After debug block
PRE_IF: call#=3 fluid_mode=0 _FALSE_=0 condition=1
FIELD_MODE: call#=3 a=1.00e-14 fluid_mode=0
DERIVS: call#=3 a=1.00e-14 phi=2.43e+27 phi'=-3.39e-25 dphi/dlna=-1.57e-33 dphi'/dlna=6.77e-25 dV=3.00e-16 H=2.16e+22
DDV_CHECK: call#=5 a=1.00e-14 phi=2.43e+27 ddV_eV2=3.87e-15 (positive=1)
RIDDER DERIVS CALLED: call#=4 a=1.00e-14 phi=2.43e+27 fluid_mode=0
CHECKPOINT_A: call#=4
CHECKPOINT_B: call#=4
CHECKPOINT_C: call#=4
CHECKPOINT_E: After switching block
CHECKPOINT_F: After debug block
PRE_IF: call#=4 fluid_mode=0 _FALSE_=0 condition=1
FIELD_MODE: call#=4 a=1.00e-14 fluid_mode=0
DERIVS: call#=4 a=1.00e-14 phi=2.43e+27 phi'=1.46e-23 dphi/dlna=6.75e-32 dphi'/dlna=-2.91e-23 dV=3.00e-16 H=2.16e+22
DDV_CHECK: call#=6 a=1.00e-14 phi=2.43e+27 ddV_eV2=3.87e-15 (positive=1)
PRE_IF: call#=5 fluid_mode=0 _FALSE_=0 condition=1
FIELD_MODE: call#=5 a=1.00e-14 fluid_mode=0
DERIVS: call#=5 a=1.00e-14 phi=2.43e+27 phi'=-3.39e-25 dphi/dlna=-1.57e-33 dphi'/dlna=6.77e-25 dV=3.00e-16 H=2.16e+22
DDV_CHECK: call#=7 a=1.00e-14 phi=2.43e+27 ddV_eV2=3.87e-15 (positive=1)
PRE_IF: call#=6 fluid_mode=0 _FALSE_=0 condition=1
FIELD_MODE: call#=6 a=1.00e-14 fluid_mode=0
DERIVS: call#=6 a=1.00e-14 phi=2.43e+27 phi'=-3.39e-25 dphi/dlna=-1.57e-33 dphi'/dlna=6.77e-25 dV=3.00e-16 H=2.16e+22
DDV_CHECK: call#=8 a=1.00e-14 phi=2.43e+27 ddV_eV2=3.87e-15 (positive=1)
PRE_IF: call#=7 fluid_mode=0 _FALSE_=0 condition=1
FIELD_MODE: call#=7 a=1.00e-14 fluid_mode=0
DERIVS: call#=7 a=1.00e-14 phi=2.43e+27 phi'=-3.39e-25 dphi/dlna=-1.57e-33 dphi'/dlna=6.77e-25 dV=3.00e-16 H=2.16e+22
DDV_CHECK: call#=9 a=1.00e-14 phi=2.43e+27 ddV_eV2=3.87e-15 (positive=1)
PRE_IF: call#=8 fluid_mode=0 _FALSE_=0 condition=1
FIELD_MODE: call#=8 a=1.00e-14 fluid_mode=0
DERIVS: call#=8 a=1.00e-14 phi=2.43e+27 phi'=-3.39e-25 dphi/dlna=-1.57e-33 dphi'/dlna=6.77e-25 dV=3.00e-16 H=2.16e+22
PRE_IF: call#=9 fluid_mode=0 _FALSE_=0 condition=1
FIELD_MODE: call#=9 a=1.00e-14 fluid_mode=0
DERIVS: call#=9 a=1.00e-14 phi=2.43e+27 phi'=-3.39e-25 dphi/dlna=-1.57e-33 dphi'/dlna=6.77e-25 dV=3.00e-16 H=2.16e+22
V_RIDDER_RAW: a=4.65e-13 phi=2.43e+27 V_eV4=9.71e+38 Lambda=1.00e+10 f=2.43e+27 n=3
BG_FUNC: a=4.65e-13 V_eV4=9.71e+38 kinetic_eV2=5.70e-32 V_Mpc2=5.46e-17 KE_Mpc2=3.20e-87 rho_final=5.46e-17
RIDDER DEBUG (adding to rho_tot): a=4.646133e-13, rho_ridder=5.461322e-17, rho_tot_before=5.904898e+37, rho_tot_after=5.904898e+37
V_RIDDER_RAW: a=2.28e-11 phi=2.43e+27 V_eV4=9.71e+38 Lambda=1.00e+10 f=2.43e+27 n=3
DDV_CHECK: call#=10000 a=2.28e-11 phi=2.43e+27 ddV_eV2=3.87e-15 (positive=1)
BG_FUNC: a=2.28e-11 V_eV4=9.71e+38 kinetic_eV2=4.04e-42 V_Mpc2=5.46e-17 KE_Mpc2=2.27e-97 rho_final=5.46e-17
RIDDER DEBUG (adding to rho_tot): a=2.283936e-11, rho_ridder=5.461322e-17, rho_tot_before=1.011214e+31, rho_tot_after=1.011214e+31
V_RIDDER_RAW: a=8.77e-10 phi=2.43e+27 V_eV4=9.71e+38 Lambda=1.00e+10 f=2.43e+27 n=3
BG_FUNC: a=8.77e-10 V_eV4=9.71e+38 kinetic_eV2=1.26e-51 V_Mpc2=5.46e-17 KE_Mpc2=7.10e-107 rho_final=5.46e-17
RIDDER DEBUG (adding to rho_tot): a=8.766446e-10, rho_ridder=5.461322e-17, rho_tot_before=4.658939e+24, rho_tot_after=4.658939e+24
V_RIDDER_RAW: a=3.23e-08 phi=2.43e+27 V_eV4=9.71e+38 Lambda=1.00e+10 f=2.43e+27 n=3
DDV_CHECK: call#=20000 a=3.23e-08 phi=2.43e+27 ddV_eV2=3.87e-15 (positive=1)
BG_FUNC: a=3.23e-08 V_eV4=9.71e+38 kinetic_eV2=4.22e-52 V_Mpc2=5.46e-17 KE_Mpc2=2.37e-107 rho_final=5.46e-17
RIDDER DEBUG (adding to rho_tot): a=3.231936e-08, rho_ridder=5.461322e-17, rho_tot_before=2.522371e+18, rho_tot_after=2.522371e+18
V_RIDDER_RAW: a=1.21e-06 phi=2.43e+27 V_eV4=9.71e+38 Lambda=1.00e+10 f=2.43e+27 n=3
BG_FUNC: a=1.21e-06 V_eV4=9.71e+38 kinetic_eV2=8.19e-46 V_Mpc2=5.46e-17 KE_Mpc2=4.60e-101 rho_final=5.46e-17
RIDDER DEBUG (adding to rho_tot): a=1.207531e-06, rho_ridder=5.461322e-17, rho_tot_before=1.303152e+12, rho_tot_after=1.303152e+12
V_RIDDER_RAW: a=4.39e-05 phi=2.43e+27 V_eV4=9.71e+38 Lambda=1.00e+10 f=2.43e+27 n=3
DDV_CHECK: call#=30000 a=4.39e-05 phi=2.43e+27 ddV_eV2=3.87e-15 (positive=1)
BG_FUNC: a=4.39e-05 V_eV4=9.71e+38 kinetic_eV2=1.27e-39 V_Mpc2=5.46e-17 KE_Mpc2=7.15e-95 rho_final=5.46e-17
RIDDER DEBUG (adding to rho_tot): a=4.385722e-05, rho_ridder=5.461322e-17, rho_tot_before=9.315508e+05, rho_tot_after=9.315508e+05
RIDDER DEBUG (adding to rho_tot): a=9.944477e-04, rho_ridder=5.461322e-17, rho_tot_before=1.892453e+01, rho_tot_after=1.892453e+01
RIDDER DEBUG (adding to rho_tot): a=9.905466e-04, rho_ridder=5.461322e-17, rho_tot_before=1.916023e+01, rho_tot_after=1.916023e+01
RIDDER DEBUG (adding to rho_tot): a=9.913452e-04, rho_ridder=5.461322e-17, rho_tot_before=1.911166e+01, rho_tot_after=1.911166e+01
RIDDER DEBUG (adding to rho_tot): a=9.921445e-04, rho_ridder=5.461322e-17, rho_tot_before=1.906322e+01, rho_tot_after=1.906322e+01
RIDDER DEBUG (adding to rho_tot): a=9.929444e-04, rho_ridder=5.461322e-17, rho_tot_before=1.901490e+01, rho_tot_after=1.901490e+01
RIDDER DEBUG (adding to rho_tot): a=9.937449e-04, rho_ridder=5.461322e-17, rho_tot_before=1.896671e+01, rho_tot_after=1.896671e+01
RIDDER DEBUG (adding to rho_tot): a=9.945462e-04, rho_ridder=5.461322e-17, rho_tot_before=1.891864e+01, rho_tot_after=1.891864e+01
RIDDER DEBUG (adding to rho_tot): a=9.953480e-04, rho_ridder=5.461322e-17, rho_tot_before=1.887069e+01, rho_tot_after=1.887069e+01
RIDDER DEBUG (adding to rho_tot): a=9.961505e-04, rho_ridder=5.461322e-17, rho_tot_before=1.882287e+01, rho_tot_after=1.882287e+01
RIDDER DEBUG (adding to rho_tot): a=9.969536e-04, rho_ridder=5.461322e-17, rho_tot_before=1.877517e+01, rho_tot_after=1.877517e+01
RIDDER DEBUG (adding to rho_tot): a=9.977574e-04, rho_ridder=5.461322e-17, rho_tot_before=1.872759e+01, rho_tot_after=1.872759e+01
RIDDER DEBUG (adding to rho_tot): a=9.985619e-04, rho_ridder=5.461322e-17, rho_tot_before=1.868014e+01, rho_tot_after=1.868014e+01
RIDDER DEBUG (adding to rho_tot): a=9.993670e-04, rho_ridder=5.461322e-17, rho_tot_before=1.863280e+01, rho_tot_after=1.863280e+01
RIDDER DEBUG (adding to rho_tot): a=1.000173e-03, rho_ridder=5.461322e-17, rho_tot_before=1.858559e+01, rho_tot_after=1.858559e+01
RIDDER DEBUG (adding to rho_tot): a=1.000979e-03, rho_ridder=5.461322e-17, rho_tot_before=1.853850e+01, rho_tot_after=1.853850e+01
RIDDER DEBUG (adding to rho_tot): a=1.001786e-03, rho_ridder=5.461322e-17, rho_tot_before=1.849153e+01, rho_tot_after=1.849153e+01
RIDDER DEBUG (adding to rho_tot): a=1.002594e-03, rho_ridder=5.461322e-17, rho_tot_before=1.844468e+01, rho_tot_after=1.844468e+01
RIDDER DEBUG (adding to rho_tot): a=1.003402e-03, rho_ridder=5.461322e-17, rho_tot_before=1.839795e+01, rho_tot_after=1.839795e+01
RIDDER DEBUG (adding to rho_tot): a=1.004211e-03, rho_ridder=5.461322e-17, rho_tot_before=1.835134e+01, rho_tot_after=1.835134e+01
RIDDER DEBUG (adding to rho_tot): a=1.005021e-03, rho_ridder=5.461322e-17, rho_tot_before=1.830485e+01, rho_tot_after=1.830485e+01
RIDDER DEBUG (adding to rho_tot): a=1.005831e-03, rho_ridder=5.461322e-17, rho_tot_before=1.825848e+01, rho_tot_after=1.825848e+01
RIDDER DEBUG (adding to rho_tot): a=1.006642e-03, rho_ridder=5.461322e-17, rho_tot_before=1.821223e+01, rho_tot_after=1.821223e+01
RIDDER DEBUG (adding to rho_tot): a=1.007454e-03, rho_ridder=5.461322e-17, rho_tot_before=1.816609e+01, rho_tot_after=1.816609e+01
RIDDER DEBUG (adding to rho_tot): a=1.008266e-03, rho_ridder=5.461322e-17, rho_tot_before=1.812008e+01, rho_tot_after=1.812008e+01
RIDDER DEBUG (adding to rho_tot): a=1.009079e-03, rho_ridder=5.461322e-17, rho_tot_before=1.807418e+01, rho_tot_after=1.807418e+01
RIDDER DEBUG (adding to rho_tot): a=1.009892e-03, rho_ridder=5.461322e-17, rho_tot_before=1.802840e+01, rho_tot_after=1.802840e+01
V_RIDDER_RAW: a=1.82e-03 phi=2.43e+27 V_eV4=9.71e+38 Lambda=1.00e+10 f=2.43e+27 n=3
BG_FUNC: a=1.82e-03 V_eV4=9.71e+38 kinetic_eV2=6.96e-34 V_Mpc2=5.46e-17 KE_Mpc2=3.91e-89 rho_final=5.46e-17
RIDDER DEBUG (adding to rho_tot): a=1.815856e-03, rho_ridder=5.461322e-17, rho_tot_before=2.899286e+00, rho_tot_after=2.899286e+00
V_RIDDER_RAW: a=8.18e-02 phi=2.43e+27 V_eV4=9.71e+38 Lambda=1.00e+10 f=2.43e+27 n=3
DDV_CHECK: call#=40000 a=8.18e-02 phi=2.43e+27 ddV_eV2=3.87e-15 (positive=1)
BG_FUNC: a=8.18e-02 V_eV4=9.71e+38 kinetic_eV2=7.62e-29 V_Mpc2=5.46e-17 KE_Mpc2=4.28e-84 rho_final=5.46e-17
RIDDER DEBUG (adding to rho_tot): a=8.175660e-02, rho_ridder=5.461322e-17, rho_tot_before=2.905505e-05, rho_tot_after=2.905505e-05
BACKGROUND_SOLVE ENTERED: has_ridder=1 Lambda=1.00e+16
ABOUT TO INTEGRATE: bi_size=7 has_ridder=1 Lambda=1.00e+16
V_RIDDER_RAW: a=2.99e-14 phi=2.43e+27 V_eV4=9.71e+62 Lambda=1.00e+16 f=2.43e+27 n=3
BG_FUNC: a=2.99e-14 V_eV4=9.71e+62 kinetic_eV2=8.02e+23 V_Mpc2=5.46e+07 KE_Mpc2=4.51e-32 rho_final=5.46e+07
RIDDER DEBUG (adding to rho_tot): a=2.989936e-14, rho_ridder=5.461322e+07, rho_tot_before=3.442956e+42, rho_tot_after=3.442956e+42
V_RIDDER_RAW: a=1.32e-12 phi=2.43e+27 V_eV4=9.71e+62 Lambda=1.00e+16 f=2.43e+27 n=3
DDV_CHECK: call#=50000 a=1.32e-12 phi=2.43e+27 ddV_eV2=3.87e+09 (positive=1)
BG_FUNC: a=1.32e-12 V_eV4=9.71e+62 kinetic_eV2=1.08e+14 V_Mpc2=5.46e+07 KE_Mpc2=6.05e-42 rho_final=5.46e+07
RIDDER DEBUG (adding to rho_tot): a=1.321457e-12, rho_ridder=5.461322e+07, rho_tot_before=9.023333e+35, rho_tot_after=9.023333e+35
V_RIDDER_RAW: a=5.85e-11 phi=2.43e+27 V_eV4=9.71e+62 Lambda=1.00e+16 f=2.43e+27 n=3
BG_FUNC: a=5.85e-11 V_eV4=9.71e+62 kinetic_eV2=1.44e+04 V_Mpc2=5.46e+07 KE_Mpc2=8.08e-52 rho_final=5.46e+07
RIDDER DEBUG (adding to rho_tot): a=5.845130e-11, rho_ridder=5.461322e+07, rho_tot_before=2.357233e+29, rho_tot_after=2.357233e+29
V_RIDDER_RAW: a=2.58e-09 phi=2.43e+27 V_eV4=9.71e+62 Lambda=1.00e+16 f=2.43e+27 n=3
DDV_CHECK: call#=60000 a=2.58e-09 phi=2.43e+27 ddV_eV2=3.87e+09 (positive=1)
BG_FUNC: a=2.58e-09 V_eV4=9.71e+62 kinetic_eV2=2.31e-06 V_Mpc2=5.46e+07 KE_Mpc2=1.30e-61 rho_final=5.46e+07
RIDDER DEBUG (adding to rho_tot): a=2.583362e-09, rho_ridder=5.461322e+07, rho_tot_before=6.177949e+22, rho_tot_after=6.177949e+22
DERIVS_ENTRY: call#=5000 has_ridder=1 Lambda=1.00e+16 a=2.27e-08
RIDDER DERIVS CALLED: call#=5000 a=2.27e-08 phi=2.43e+27 fluid_mode=0
FIELD_MODE: call#=5000 a=2.27e-08 fluid_mode=0
DERIVS: call#=5000 a=2.27e-08 phi=2.43e+27 phi'=-3.23e-10 dphi/dlna=-3.39e-12 dphi'/dlna=-9.69e-10 dV=3.00e+08 H=4.20e+09
V_RIDDER_RAW: a=7.93e-08 phi=2.43e+27 V_eV4=9.71e+62 Lambda=1.00e+16 f=2.43e+27 n=3
BG_FUNC: a=7.93e-08 V_eV4=9.71e+62 kinetic_eV2=1.52e-02 V_Mpc2=5.46e+07 KE_Mpc2=8.57e-58 rho_final=5.46e+07
RIDDER DEBUG (adding to rho_tot): a=7.925423e-08, rho_ridder=5.461322e+07, rho_tot_before=6.977299e+16, rho_tot_after=6.977299e+16
V_RIDDER_RAW: a=2.38e-06 phi=2.43e+27 V_eV4=9.71e+62 Lambda=1.00e+16 f=2.43e+27 n=3
DDV_CHECK: call#=70000 a=2.38e-06 phi=2.43e+27 ddV_eV2=3.87e+09 (positive=1)
BG_FUNC: a=2.38e-06 V_eV4=9.71e+62 kinetic_eV2=1.23e+04 V_Mpc2=5.46e+07 KE_Mpc2=6.94e-52 rho_final=5.46e+07
RIDDER DEBUG (adding to rho_tot): a=2.381000e-06, rho_ridder=5.461322e+07, rho_tot_before=8.678712e+10, rho_tot_after=8.684173e+10
V_RIDDER_RAW: a=8.50e-05 phi=2.43e+27 V_eV4=9.71e+62 Lambda=1.00e+16 f=2.43e+27 n=3
BG_FUNC: a=8.50e-05 V_eV4=9.71e+62 kinetic_eV2=8.90e+07 V_Mpc2=5.46e+07 KE_Mpc2=5.00e-48 rho_final=5.46e+07
RIDDER DEBUG (adding to rho_tot): a=8.499595e-05, rho_ridder=5.461322e+07, rho_tot_before=7.852452e+04, rho_tot_after=5.469175e+07
RIDDER DEBUG (adding to rho_tot): a=1.000145e-03, rho_ridder=5.461322e+07, rho_tot_before=1.858720e+01, rho_tot_after=5.461324e+07
RIDDER DEBUG (adding to rho_tot): a=9.905466e-04, rho_ridder=5.461322e+07, rho_tot_before=1.916023e+01, rho_tot_after=5.461324e+07
RIDDER DEBUG (adding to rho_tot): a=9.913452e-04, rho_ridder=5.461322e+07, rho_tot_before=1.911166e+01, rho_tot_after=5.461324e+07
RIDDER DEBUG (adding to rho_tot): a=9.921445e-04, rho_ridder=5.461322e+07, rho_tot_before=1.906322e+01, rho_tot_after=5.461324e+07
RIDDER DEBUG (adding to rho_tot): a=9.929444e-04, rho_ridder=5.461322e+07, rho_tot_before=1.901490e+01, rho_tot_after=5.461324e+07
RIDDER DEBUG (adding to rho_tot): a=9.937449e-04, rho_ridder=5.461322e+07, rho_tot_before=1.896671e+01, rho_tot_after=5.461324e+07
RIDDER DEBUG (adding to rho_tot): a=9.945462e-04, rho_ridder=5.461322e+07, rho_tot_before=1.891864e+01, rho_tot_after=5.461324e+07
RIDDER DEBUG (adding to rho_tot): a=9.953480e-04, rho_ridder=5.461322e+07, rho_tot_before=1.887069e+01, rho_tot_after=5.461324e+07
RIDDER DEBUG (adding to rho_tot): a=9.961505e-04, rho_ridder=5.461322e+07, rho_tot_before=1.882287e+01, rho_tot_after=5.461324e+07
RIDDER DEBUG (adding to rho_tot): a=9.969536e-04, rho_ridder=5.461322e+07, rho_tot_before=1.877517e+01, rho_tot_after=5.461324e+07
RIDDER DEBUG (adding to rho_tot): a=9.977574e-04, rho_ridder=5.461322e+07, rho_tot_before=1.872759e+01, rho_tot_after=5.461324e+07
RIDDER DEBUG (adding to rho_tot): a=9.985619e-04, rho_ridder=5.461322e+07, rho_tot_before=1.868014e+01, rho_tot_after=5.461324e+07
RIDDER DEBUG (adding to rho_tot): a=9.993670e-04, rho_ridder=5.461322e+07, rho_tot_before=1.863280e+01, rho_tot_after=5.461324e+07
RIDDER DEBUG (adding to rho_tot): a=1.000173e-03, rho_ridder=5.461322e+07, rho_tot_before=1.858559e+01, rho_tot_after=5.461324e+07
RIDDER DEBUG (adding to rho_tot): a=1.000979e-03, rho_ridder=5.461322e+07, rho_tot_before=1.853850e+01, rho_tot_after=5.461324e+07
RIDDER DEBUG (adding to rho_tot): a=1.001786e-03, rho_ridder=5.461322e+07, rho_tot_before=1.849153e+01, rho_tot_after=5.461324e+07
RIDDER DEBUG (adding to rho_tot): a=1.002594e-03, rho_ridder=5.461322e+07, rho_tot_before=1.844468e+01, rho_tot_after=5.461324e+07
RIDDER DEBUG (adding to rho_tot): a=1.003402e-03, rho_ridder=5.461322e+07, rho_tot_before=1.839795e+01, rho_tot_after=5.461324e+07
RIDDER DEBUG (adding to rho_tot): a=1.004211e-03, rho_ridder=5.461322e+07, rho_tot_before=1.835134e+01, rho_tot_after=5.461324e+07
RIDDER DEBUG (adding to rho_tot): a=1.005021e-03, rho_ridder=5.461322e+07, rho_tot_before=1.830485e+01, rho_tot_after=5.461324e+07
RIDDER DEBUG (adding to rho_tot): a=1.005831e-03, rho_ridder=5.461322e+07, rho_tot_before=1.825848e+01, rho_tot_after=5.461324e+07
RIDDER DEBUG (adding to rho_tot): a=1.006642e-03, rho_ridder=5.461322e+07, rho_tot_before=1.821223e+01, rho_tot_after=5.461324e+07
RIDDER DEBUG (adding to rho_tot): a=1.007454e-03, rho_ridder=5.461322e+07, rho_tot_before=1.816609e+01, rho_tot_after=5.461324e+07
RIDDER DEBUG (adding to rho_tot): a=1.008266e-03, rho_ridder=5.461322e+07, rho_tot_before=1.812008e+01, rho_tot_after=5.461324e+07
RIDDER DEBUG (adding to rho_tot): a=1.009079e-03, rho_ridder=5.461322e+07, rho_tot_before=1.807418e+01, rho_tot_after=5.461324e+07
RIDDER DEBUG (adding to rho_tot): a=1.009892e-03, rho_ridder=5.461322e+07, rho_tot_before=1.802840e+01, rho_tot_after=5.461324e+07
V_RIDDER_RAW: a=4.14e-03 phi=2.43e+27 V_eV4=9.71e+62 Lambda=1.00e+16 f=2.43e+27 n=3
DDV_CHECK: call#=80000 a=4.14e-03 phi=2.43e+27 ddV_eV2=3.87e+09 (positive=1)
BG_FUNC: a=4.14e-03 V_eV4=9.71e+62 kinetic_eV2=9.15e+07 V_Mpc2=5.46e+07 KE_Mpc2=5.14e-48 rho_final=5.46e+07
RIDDER DEBUG (adding to rho_tot): a=4.144675e-03, rho_ridder=5.461322e+07, rho_tot_before=2.318588e-01, rho_tot_after=5.461322e+07
V_RIDDER_RAW: a=2.05e-01 phi=2.43e+27 V_eV4=9.71e+62 Lambda=1.00e+16 f=2.43e+27 n=3
BG_FUNC: a=2.05e-01 V_eV4=9.71e+62 kinetic_eV2=9.15e+07 V_Mpc2=5.46e+07 KE_Mpc2=5.14e-48 rho_final=5.46e+07
RIDDER DEBUG (adding to rho_tot): a=2.048957e-01, rho_ridder=5.461322e+07, rho_tot_before=1.843479e-06, rho_tot_after=5.461322e+07
BACKGROUND_SOLVE ENTERED: has_ridder=1 Lambda=1.00e+13
ABOUT TO INTEGRATE: bi_size=7 has_ridder=1 Lambda=1.00e+13
V_RIDDER_RAW: a=8.65e-14 phi=2.43e+27 V_eV4=9.71e+50 Lambda=1.00e+13 f=2.43e+27 n=3
DDV_CHECK: call#=90000 a=8.65e-14 phi=2.43e+27 ddV_eV2=3.87e-03 (positive=1)
BG_FUNC: a=8.65e-14 V_eV4=9.71e+50 kinetic_eV2=1.37e-03 V_Mpc2=5.46e-05 KE_Mpc2=7.71e-59 rho_final=5.46e-05
RIDDER DEBUG (adding to rho_tot): a=8.646555e-14, rho_ridder=5.461322e-05, rho_tot_before=4.922737e+40, rho_tot_after=4.922737e+40
V_RIDDER_RAW: a=3.87e-12 phi=2.43e+27 V_eV4=9.71e+50 Lambda=1.00e+13 f=2.43e+27 n=3
BG_FUNC: a=3.87e-12 V_eV4=9.71e+50 kinetic_eV2=1.72e-13 V_Mpc2=5.46e-05 KE_Mpc2=9.65e-69 rho_final=5.46e-05
RIDDER DEBUG (adding to rho_tot): a=3.866025e-12, rho_ridder=5.461322e-05, rho_tot_before=1.231744e+34, rho_tot_after=1.231744e+34
V_RIDDER_RAW: a=1.69e-10 phi=2.43e+27 V_eV4=9.71e+50 Lambda=1.00e+13 f=2.43e+27 n=3
DDV_CHECK: call#=100000 a=1.69e-10 phi=2.43e+27 ddV_eV2=3.87e-03 (positive=1)
BG_FUNC: a=1.69e-10 V_eV4=9.71e+50 kinetic_eV2=2.46e-23 V_Mpc2=5.46e-05 KE_Mpc2=1.39e-78 rho_final=5.46e-05
RIDDER DEBUG (adding to rho_tot): a=1.689490e-10, rho_ridder=5.461322e-05, rho_tot_before=3.377200e+27, rho_tot_after=3.377200e+27
V_RIDDER_RAW: a=6.25e-09 phi=2.43e+27 V_eV4=9.71e+50 Lambda=1.00e+13 f=2.43e+27 n=3
BG_FUNC: a=6.25e-09 V_eV4=9.71e+50 kinetic_eV2=7.50e-31 V_Mpc2=5.46e-05 KE_Mpc2=4.21e-86 rho_final=5.46e-05
RIDDER DEBUG (adding to rho_tot): a=6.248775e-09, rho_ridder=5.461322e-05, rho_tot_before=1.804742e+21, rho_tot_after=1.804742e+21
V_RIDDER_RAW: a=2.31e-07 phi=2.43e+27 V_eV4=9.71e+50 Lambda=1.00e+13 f=2.43e+27 n=3
DDV_CHECK: call#=110000 a=2.31e-07 phi=2.43e+27 ddV_eV2=3.87e-03 (positive=1)
BG_FUNC: a=2.31e-07 V_eV4=9.71e+50 kinetic_eV2=1.11e-24 V_Mpc2=5.46e-05 KE_Mpc2=6.24e-80 rho_final=5.46e-05
RIDDER DEBUG (adding to rho_tot): a=2.314910e-07, rho_ridder=5.461322e-05, rho_tot_before=9.594473e+14, rho_tot_after=9.594473e+14
V_RIDDER_RAW: a=8.01e-06 phi=2.43e+27 V_eV4=9.71e+50 Lambda=1.00e+13 f=2.43e+27 n=3
BG_FUNC: a=8.01e-06 V_eV4=9.71e+50 kinetic_eV2=1.56e-18 V_Mpc2=5.46e-05 KE_Mpc2=8.77e-74 rho_final=5.46e-05
RIDDER DEBUG (adding to rho_tot): a=8.014429e-06, rho_ridder=5.461322e-05, rho_tot_before=6.977217e+08, rho_tot_after=6.977217e+08
DERIVS_ENTRY: call#=10000 has_ridder=1 Lambda=1.00e+13 a=6.75e-05
RIDDER DERIVS CALLED: call#=10000 a=6.75e-05 phi=2.43e+27 fluid_mode=0
FIELD_MODE: call#=10000 a=6.75e-05 fluid_mode=0
DERIVS: call#=10000 a=6.75e-05 phi=2.43e+27 phi'=-7.84e-12 dphi/dlna=-2.21e-10 dphi'/dlna=-2.29e-11 dV=3.00e-04 H=5.25e+02
V_RIDDER_RAW: a=2.52e-04 phi=2.43e+27 V_eV4=9.71e+50 Lambda=1.00e+13 f=2.43e+27 n=3
DDV_CHECK: call#=120000 a=2.52e-04 phi=2.43e+27 ddV_eV2=3.87e-03 (positive=1)
BG_FUNC: a=2.52e-04 V_eV4=9.71e+50 kinetic_eV2=9.16e-13 V_Mpc2=5.46e-05 KE_Mpc2=5.15e-68 rho_final=5.46e-05
RIDDER DEBUG (adding to rho_tot): a=2.522958e-04, rho_ridder=5.461322e-05, rho_tot_before=1.665702e+03, rho_tot_after=1.665702e+03
RIDDER DEBUG (adding to rho_tot): a=9.962418e-04, rho_ridder=5.461322e-05, rho_tot_before=1.881744e+01, rho_tot_after=1.881750e+01
RIDDER DEBUG (adding to rho_tot): a=9.962418e-04, rho_ridder=5.461322e-05, rho_tot_before=1.881744e+01, rho_tot_after=1.881750e+01
RIDDER DEBUG (adding to rho_tot): a=9.905466e-04, rho_ridder=5.461322e-05, rho_tot_before=1.916023e+01, rho_tot_after=1.916028e+01
RIDDER DEBUG (adding to rho_tot): a=9.913452e-04, rho_ridder=5.461322e-05, rho_tot_before=1.911166e+01, rho_tot_after=1.911171e+01
RIDDER DEBUG (adding to rho_tot): a=9.921445e-04, rho_ridder=5.461322e-05, rho_tot_before=1.906322e+01, rho_tot_after=1.906327e+01
RIDDER DEBUG (adding to rho_tot): a=9.929444e-04, rho_ridder=5.461322e-05, rho_tot_before=1.901490e+01, rho_tot_after=1.901496e+01
RIDDER DEBUG (adding to rho_tot): a=9.937449e-04, rho_ridder=5.461322e-05, rho_tot_before=1.896671e+01, rho_tot_after=1.896676e+01
RIDDER DEBUG (adding to rho_tot): a=9.945462e-04, rho_ridder=5.461322e-05, rho_tot_before=1.891864e+01, rho_tot_after=1.891869e+01
RIDDER DEBUG (adding to rho_tot): a=9.953480e-04, rho_ridder=5.461322e-05, rho_tot_before=1.887069e+01, rho_tot_after=1.887075e+01
RIDDER DEBUG (adding to rho_tot): a=9.961505e-04, rho_ridder=5.461322e-05, rho_tot_before=1.882287e+01, rho_tot_after=1.882293e+01
RIDDER DEBUG (adding to rho_tot): a=1.005830e-03, rho_ridder=5.461322e-05, rho_tot_before=1.825854e+01, rho_tot_after=1.825859e+01
RIDDER DEBUG (adding to rho_tot): a=1.005830e-03, rho_ridder=5.461322e-05, rho_tot_before=1.825854e+01, rho_tot_after=1.825859e+01
RIDDER DEBUG (adding to rho_tot): a=9.969536e-04, rho_ridder=5.461322e-05, rho_tot_before=1.877517e+01, rho_tot_after=1.877522e+01
RIDDER DEBUG (adding to rho_tot): a=9.977574e-04, rho_ridder=5.461322e-05, rho_tot_before=1.872759e+01, rho_tot_after=1.872765e+01
RIDDER DEBUG (adding to rho_tot): a=9.985619e-04, rho_ridder=5.461322e-05, rho_tot_before=1.868014e+01, rho_tot_after=1.868019e+01
RIDDER DEBUG (adding to rho_tot): a=9.993670e-04, rho_ridder=5.461322e-05, rho_tot_before=1.863280e+01, rho_tot_after=1.863286e+01
RIDDER DEBUG (adding to rho_tot): a=1.000173e-03, rho_ridder=5.461322e-05, rho_tot_before=1.858559e+01, rho_tot_after=1.858565e+01
RIDDER DEBUG (adding to rho_tot): a=1.000979e-03, rho_ridder=5.461322e-05, rho_tot_before=1.853850e+01, rho_tot_after=1.853855e+01
RIDDER DEBUG (adding to rho_tot): a=1.001786e-03, rho_ridder=5.461322e-05, rho_tot_before=1.849153e+01, rho_tot_after=1.849158e+01
RIDDER DEBUG (adding to rho_tot): a=1.002594e-03, rho_ridder=5.461322e-05, rho_tot_before=1.844468e+01, rho_tot_after=1.844473e+01
RIDDER DEBUG (adding to rho_tot): a=1.003402e-03, rho_ridder=5.461322e-05, rho_tot_before=1.839795e+01, rho_tot_after=1.839800e+01
RIDDER DEBUG (adding to rho_tot): a=1.004211e-03, rho_ridder=5.461322e-05, rho_tot_before=1.835134e+01, rho_tot_after=1.835139e+01
RIDDER DEBUG (adding to rho_tot): a=1.005021e-03, rho_ridder=5.461322e-05, rho_tot_before=1.830485e+01, rho_tot_after=1.830490e+01
RIDDER DEBUG (adding to rho_tot): a=1.005831e-03, rho_ridder=5.461322e-05, rho_tot_before=1.825848e+01, rho_tot_after=1.825853e+01
RIDDER DEBUG (adding to rho_tot): a=1.006642e-03, rho_ridder=5.461322e-05, rho_tot_before=1.821223e+01, rho_tot_after=1.821228e+01
RIDDER DEBUG (adding to rho_tot): a=1.007454e-03, rho_ridder=5.461322e-05, rho_tot_before=1.816609e+01, rho_tot_after=1.816615e+01
RIDDER DEBUG (adding to rho_tot): a=1.008266e-03, rho_ridder=5.461322e-05, rho_tot_before=1.812008e+01, rho_tot_after=1.812013e+01
RIDDER DEBUG (adding to rho_tot): a=1.009079e-03, rho_ridder=5.461322e-05, rho_tot_before=1.807418e+01, rho_tot_after=1.807424e+01
RIDDER DEBUG (adding to rho_tot): a=1.009892e-03, rho_ridder=5.461322e-05, rho_tot_before=1.802840e+01, rho_tot_after=1.802846e+01
V_RIDDER_RAW: a=8.38e-03 phi=2.43e+27 V_eV4=9.71e+50 Lambda=1.00e+13 f=2.43e+27 n=3
BG_FUNC: a=8.38e-03 V_eV4=9.71e+50 kinetic_eV2=7.87e-08 V_Mpc2=5.46e-05 KE_Mpc2=4.43e-63 rho_final=5.46e-05
RIDDER DEBUG (adding to rho_tot): a=8.376220e-03, rho_ridder=5.461322e-05, rho_tot_before=2.751925e-02, rho_tot_after=2.757386e-02
V_RIDDER_RAW: a=3.28e-01 phi=2.43e+27 V_eV4=9.71e+50 Lambda=1.00e+13 f=2.43e+27 n=3
DDV_CHECK: call#=130000 a=3.28e-01 phi=2.43e+27 ddV_eV2=3.87e-03 (positive=1)
BG_FUNC: a=3.28e-01 V_eV4=9.71e+50 kinetic_eV2=8.76e-05 V_Mpc2=5.46e-05 KE_Mpc2=4.92e-60 rho_final=5.46e-05
RIDDER DEBUG (adding to rho_tot): a=3.280484e-01, rho_ridder=5.461322e-05, rho_tot_before=4.490397e-07, rho_tot_after=5.506226e-05
RIDDER_SHOOT iter= 1  log10_Lambda=13.000  f_peak=0.00002  z_peak= 500.1  target=0.10000
BACKGROUND_SOLVE ENTERED: has_ridder=1 Lambda=3.16e+14
ABOUT TO INTEGRATE: bi_size=7 has_ridder=1 Lambda=3.16e+14
V_RIDDER_RAW: a=1.34e-13 phi=2.43e+27 V_eV4=9.71e+56 Lambda=3.16e+14 f=2.43e+27 n=3
BG_FUNC: a=1.34e-13 V_eV4=9.71e+56 kinetic_eV2=9.86e+07 V_Mpc2=5.46e+01 KE_Mpc2=5.54e-48 rho_final=5.46e+01
RIDDER DEBUG (adding to rho_tot): a=1.340844e-13, rho_ridder=5.461322e+01, rho_tot_before=8.512681e+39, rho_tot_after=8.512681e+39
V_RIDDER_RAW: a=5.93e-12 phi=2.43e+27 V_eV4=9.71e+56 Lambda=3.16e+14 f=2.43e+27 n=3
DDV_CHECK: call#=140000 a=5.93e-12 phi=2.43e+27 ddV_eV2=3.87e+03 (positive=1)
BG_FUNC: a=5.93e-12 V_eV4=9.71e+56 kinetic_eV2=1.32e-02 V_Mpc2=5.46e+01 KE_Mpc2=7.44e-58 rho_final=5.46e+01
RIDDER DEBUG (adding to rho_tot): a=5.926105e-12, rho_ridder=5.461322e+01, rho_tot_before=2.231012e+33, rho_tot_after=2.231012e+33
V_RIDDER_RAW: a=2.62e-10 phi=2.43e+27 V_eV4=9.71e+56 Lambda=3.16e+14 f=2.43e+27 n=3
BG_FUNC: a=2.62e-10 V_eV4=9.71e+56 kinetic_eV2=1.77e-12 V_Mpc2=5.46e+01 KE_Mpc2=9.98e-68 rho_final=5.46e+01
RIDDER DEBUG (adding to rho_tot): a=2.619150e-10, rho_ridder=5.461322e+01, rho_tot_before=5.847065e+26, rho_tot_after=5.847065e+26
V_RIDDER_RAW: a=1.16e-08 phi=2.43e+27 V_eV4=9.71e+56 Lambda=3.16e+14 f=2.43e+27 n=3
DDV_CHECK: call#=150000 a=1.16e-08 phi=2.43e+27 ddV_eV2=3.87e+03 (positive=1)
BG_FUNC: a=1.16e-08 V_eV4=9.71e+56 kinetic_eV2=7.04e-18 V_Mpc2=5.46e+01 KE_Mpc2=3.96e-73 rho_final=5.46e+01
RIDDER DEBUG (adding to rho_tot): a=1.158515e-08, rho_ridder=5.461322e+01, rho_tot_before=1.527572e+20, rho_tot_after=1.527572e+20
V_RIDDER_RAW: a=3.70e-07 phi=2.43e+27 V_eV4=9.71e+56 Lambda=3.16e+14 f=2.43e+27 n=3
BG_FUNC: a=3.70e-07 V_eV4=9.71e+56 kinetic_eV2=7.26e-12 V_Mpc2=5.46e+01 KE_Mpc2=4.08e-67 rho_final=5.46e+01
RIDDER DEBUG (adding to rho_tot): a=3.703303e-07, rho_ridder=5.461322e+01, rho_tot_before=1.466045e+14, rho_tot_after=1.466045e+14
V_RIDDER_RAW: a=1.11e-05 phi=2.43e+27 V_eV4=9.71e+56 Lambda=3.16e+14 f=2.43e+27 n=3
DDV_CHECK: call#=160000 a=1.11e-05 phi=2.43e+27 ddV_eV2=3.87e+03 (positive=1)
BG_FUNC: a=1.11e-05 V_eV4=9.71e+56 kinetic_eV2=5.74e-06 V_Mpc2=5.46e+01 KE_Mpc2=3.23e-61 rho_final=5.46e+01
RIDDER DEBUG (adding to rho_tot): a=1.112567e-05, rho_ridder=5.461322e+01, rho_tot_before=1.910919e+08, rho_tot_after=1.910920e+08
V_RIDDER_RAW: a=3.52e-04 phi=2.43e+27 V_eV4=9.71e+56 Lambda=3.16e+14 f=2.43e+27 n=3
BG_FUNC: a=3.52e-04 V_eV4=9.71e+56 kinetic_eV2=2.85e+00 V_Mpc2=5.46e+01 KE_Mpc2=1.60e-55 rho_final=5.46e+01
RIDDER DEBUG (adding to rho_tot): a=3.519360e-04, rho_ridder=5.461322e+01, rho_tot_before=5.428371e+02, rho_tot_after=5.974503e+02
RIDDER DEBUG (adding to rho_tot): a=9.936837e-04, rho_ridder=5.461322e+01, rho_tot_before=1.897039e+01, rho_tot_after=7.358361e+01
RIDDER DEBUG (adding to rho_tot): a=9.905466e-04, rho_ridder=5.461322e+01, rho_tot_before=1.916023e+01, rho_tot_after=7.377345e+01
RIDDER DEBUG (adding to rho_tot): a=9.913452e-04, rho_ridder=5.461322e+01, rho_tot_before=1.911166e+01, rho_tot_after=7.372488e+01
RIDDER DEBUG (adding to rho_tot): a=9.921445e-04, rho_ridder=5.461322e+01, rho_tot_before=1.906322e+01, rho_tot_after=7.367644e+01
RIDDER DEBUG (adding to rho_tot): a=9.929444e-04, rho_ridder=5.461322e+01, rho_tot_before=1.901490e+01, rho_tot_after=7.362812e+01
RIDDER DEBUG (adding to rho_tot): a=1.005647e-03, rho_ridder=5.461322e+01, rho_tot_before=1.826897e+01, rho_tot_after=7.288219e+01
RIDDER DEBUG (adding to rho_tot): a=9.937449e-04, rho_ridder=5.461322e+01, rho_tot_before=1.896671e+01, rho_tot_after=7.357993e+01
RIDDER DEBUG (adding to rho_tot): a=9.945462e-04, rho_ridder=5.461322e+01, rho_tot_before=1.891864e+01, rho_tot_after=7.353186e+01
RIDDER DEBUG (adding to rho_tot): a=9.953480e-04, rho_ridder=5.461322e+01, rho_tot_before=1.887069e+01, rho_tot_after=7.348391e+01
RIDDER DEBUG (adding to rho_tot): a=9.961505e-04, rho_ridder=5.461322e+01, rho_tot_before=1.882287e+01, rho_tot_after=7.343609e+01
RIDDER DEBUG (adding to rho_tot): a=9.969536e-04, rho_ridder=5.461322e+01, rho_tot_before=1.877517e+01, rho_tot_after=7.338839e+01
RIDDER DEBUG (adding to rho_tot): a=9.977574e-04, rho_ridder=5.461322e+01, rho_tot_before=1.872759e+01, rho_tot_after=7.334081e+01
RIDDER DEBUG (adding to rho_tot): a=9.985619e-04, rho_ridder=5.461322e+01, rho_tot_before=1.868014e+01, rho_tot_after=7.329336e+01
RIDDER DEBUG (adding to rho_tot): a=9.993670e-04, rho_ridder=5.461322e+01, rho_tot_before=1.863280e+01, rho_tot_after=7.324602e+01
RIDDER DEBUG (adding to rho_tot): a=1.000173e-03, rho_ridder=5.461322e+01, rho_tot_before=1.858559e+01, rho_tot_after=7.319881e+01
RIDDER DEBUG (adding to rho_tot): a=1.000979e-03, rho_ridder=5.461322e+01, rho_tot_before=1.853850e+01, rho_tot_after=7.315172e+01
RIDDER DEBUG (adding to rho_tot): a=1.001786e-03, rho_ridder=5.461322e+01, rho_tot_before=1.849153e+01, rho_tot_after=7.310475e+01
RIDDER DEBUG (adding to rho_tot): a=1.002594e-03, rho_ridder=5.461322e+01, rho_tot_before=1.844468e+01, rho_tot_after=7.305790e+01
RIDDER DEBUG (adding to rho_tot): a=1.003402e-03, rho_ridder=5.461322e+01, rho_tot_before=1.839795e+01, rho_tot_after=7.301117e+01
RIDDER DEBUG (adding to rho_tot): a=1.004211e-03, rho_ridder=5.461322e+01, rho_tot_before=1.835134e+01, rho_tot_after=7.296456e+01
RIDDER DEBUG (adding to rho_tot): a=1.005021e-03, rho_ridder=5.461322e+01, rho_tot_before=1.830485e+01, rho_tot_after=7.291807e+01
RIDDER DEBUG (adding to rho_tot): a=1.005831e-03, rho_ridder=5.461322e+01, rho_tot_before=1.825848e+01, rho_tot_after=7.287170e+01
RIDDER DEBUG (adding to rho_tot): a=1.006642e-03, rho_ridder=5.461322e+01, rho_tot_before=1.821223e+01, rho_tot_after=7.282545e+01
RIDDER DEBUG (adding to rho_tot): a=1.007454e-03, rho_ridder=5.461322e+01, rho_tot_before=1.816609e+01, rho_tot_after=7.277931e+01
RIDDER DEBUG (adding to rho_tot): a=1.008266e-03, rho_ridder=5.461322e+01, rho_tot_before=1.812008e+01, rho_tot_after=7.273330e+01
RIDDER DEBUG (adding to rho_tot): a=1.009079e-03, rho_ridder=5.461322e+01, rho_tot_before=1.807418e+01, rho_tot_after=7.268740e+01
RIDDER DEBUG (adding to rho_tot): a=1.009892e-03, rho_ridder=5.461322e+01, rho_tot_before=1.802840e+01, rho_tot_after=7.264162e+01
DERIVS_ENTRY: call#=15000 has_ridder=1 Lambda=3.16e+14 a=1.49e-03
RIDDER DERIVS CALLED: call#=15000 a=1.49e-03 phi=2.43e+27 fluid_mode=0
FIELD_MODE: call#=15000 a=1.49e-03 fluid_mode=0
DERIVS: call#=15000 a=1.49e-03 phi=2.43e+27 phi'=-1.70e-02 dphi/dlna=-1.47e+00 dphi'/dlna=-2.33e-02 dV=3.00e+02 H=7.77e+00
V_RIDDER_RAW: a=1.57e-02 phi=2.43e+27 V_eV4=9.71e+56 Lambda=3.16e+14 f=2.43e+27 n=3
DDV_CHECK: call#=170000 a=1.57e-02 phi=2.43e+27 ddV_eV2=3.87e+03 (positive=1)
BG_FUNC: a=1.57e-02 V_eV4=9.71e+56 kinetic_eV2=9.14e+01 V_Mpc2=5.46e+01 KE_Mpc2=5.14e-54 rho_final=5.46e+01
RIDDER DEBUG (adding to rho_tot): a=1.571828e-02, rho_ridder=5.461322e+01, rho_tot_before=4.125018e-03, rho_tot_after=5.461735e+01
V_RIDDER_RAW: a=7.74e-01 phi=2.43e+27 V_eV4=9.71e+56 Lambda=3.16e+14 f=2.43e+27 n=3
BG_FUNC: a=7.74e-01 V_eV4=9.71e+56 kinetic_eV2=9.15e+01 V_Mpc2=5.46e+01 KE_Mpc2=5.14e-54 rho_final=5.46e+01
RIDDER DEBUG (adding to rho_tot): a=7.739220e-01, rho_ridder=5.461322e+01, rho_tot_before=3.418805e-08, rho_tot_after=5.461322e+01
RIDDER_SHOOT iter= 2  log10_Lambda=14.500  f_peak=0.95979  z_peak= 500.1  target=0.10000
BACKGROUND_SOLVE ENTERED: has_ridder=1 Lambda=5.62e+13
ABOUT TO INTEGRATE: bi_size=7 has_ridder=1 Lambda=5.62e+13
V_RIDDER_RAW: a=3.10e-13 phi=2.43e+27 V_eV4=9.71e+53 Lambda=5.62e+13 f=2.43e+27 n=3
DDV_CHECK: call#=180000 a=3.10e-13 phi=2.43e+27 ddV_eV2=3.87e+00 (positive=1)
BG_FUNC: a=3.10e-13 V_eV4=9.71e+53 kinetic_eV2=6.45e-01 V_Mpc2=5.46e-02 KE_Mpc2=3.63e-56 rho_final=5.46e-02
RIDDER DEBUG (adding to rho_tot): a=3.100183e-13, rho_ridder=5.461322e-02, rho_tot_before=2.978722e+38, rho_tot_after=2.978722e+38
V_RIDDER_RAW: a=1.33e-11 phi=2.43e+27 V_eV4=9.71e+53 Lambda=5.62e+13 f=2.43e+27 n=3
BG_FUNC: a=1.33e-11 V_eV4=9.71e+53 kinetic_eV2=1.03e-10 V_Mpc2=5.46e-02 KE_Mpc2=5.79e-66 rho_final=5.46e-02
RIDDER DEBUG (adding to rho_tot): a=1.331000e-11, rho_ridder=5.461322e-02, rho_tot_before=8.767317e+31, rho_tot_after=8.767317e+31
V_RIDDER_RAW: a=5.23e-10 phi=2.43e+27 V_eV4=9.71e+53 Lambda=5.62e+13 f=2.43e+27 n=3
DDV_CHECK: call#=190000 a=5.23e-10 phi=2.43e+27 ddV_eV2=3.87e+00 (positive=1)
BG_FUNC: a=5.23e-10 V_eV4=9.71e+53 kinetic_eV2=2.79e-20 V_Mpc2=5.46e-02 KE_Mpc2=1.57e-75 rho_final=5.46e-02
RIDDER DEBUG (adding to rho_tot): a=5.233810e-10, rho_ridder=5.461322e-02, rho_tot_before=3.666980e+25, rho_tot_after=3.666980e+25
V_RIDDER_RAW: a=1.85e-08 phi=2.43e+27 V_eV4=9.71e+53 Lambda=5.62e+13 f=2.43e+27 n=3
BG_FUNC: a=1.85e-08 V_eV4=9.71e+53 kinetic_eV2=4.51e-23 V_Mpc2=5.46e-02 KE_Mpc2=2.53e-78 rho_final=5.46e-02
RIDDER DEBUG (adding to rho_tot): a=1.847382e-08, rho_ridder=5.461322e-02, rho_tot_before=2.362646e+19, rho_tot_after=2.362646e+19
V_RIDDER_RAW: a=6.26e-07 phi=2.43e+27 V_eV4=9.71e+53 Lambda=5.62e+13 f=2.43e+27 n=3
DDV_CHECK: call#=200000 a=6.26e-07 phi=2.43e+27 ddV_eV2=3.87e+00 (positive=1)
BG_FUNC: a=6.26e-07 V_eV4=9.71e+53 kinetic_eV2=5.92e-17 V_Mpc2=5.46e-02 KE_Mpc2=3.33e-72 rho_final=5.46e-02
RIDDER DEBUG (adding to rho_tot): a=6.259611e-07, rho_ridder=5.461322e-02, rho_tot_before=1.798674e+13, rho_tot_after=1.798674e+13
V_RIDDER_RAW: a=1.85e-05 phi=2.43e+27 V_eV4=9.71e+53 Lambda=5.62e+13 f=2.43e+27 n=3
BG_FUNC: a=1.85e-05 V_eV4=9.71e+53 kinetic_eV2=4.32e-11 V_Mpc2=5.46e-02 KE_Mpc2=2.43e-66 rho_final=5.46e-02
RIDDER DEBUG (adding to rho_tot): a=1.851940e-05, rho_ridder=5.461322e-02, rho_tot_before=2.588672e+07, rho_tot_after=2.588672e+07
V_RIDDER_RAW: a=5.54e-04 phi=2.43e+27 V_eV4=9.71e+53 Lambda=5.62e+13 f=2.43e+27 n=3
DDV_CHECK: call#=210000 a=5.54e-04 phi=2.43e+27 ddV_eV2=3.87e+00 (positive=1)
BG_FUNC: a=5.54e-04 V_eV4=9.71e+53 kinetic_eV2=1.42e-05 V_Mpc2=5.46e-02 KE_Mpc2=8.01e-61 rho_final=5.46e-02
RIDDER DEBUG (adding to rho_tot): a=5.535649e-04, rho_ridder=5.461322e-02, rho_tot_before=1.227059e+02, rho_tot_after=1.227606e+02
RIDDER DEBUG (adding to rho_tot): a=9.940225e-04, rho_ridder=5.461322e-02, rho_tot_before=1.895004e+01, rho_tot_after=1.900465e+01
RIDDER DEBUG (adding to rho_tot): a=9.940225e-04, rho_ridder=5.461322e-02, rho_tot_before=1.895004e+01, rho_tot_after=1.900465e+01
RIDDER DEBUG (adding to rho_tot): a=9.905466e-04, rho_ridder=5.461322e-02, rho_tot_before=1.916023e+01, rho_tot_after=1.921484e+01
RIDDER DEBUG (adding to rho_tot): a=9.913452e-04, rho_ridder=5.461322e-02, rho_tot_before=1.911166e+01, rho_tot_after=1.916627e+01
RIDDER DEBUG (adding to rho_tot): a=9.921445e-04, rho_ridder=5.461322e-02, rho_tot_before=1.906322e+01, rho_tot_after=1.911783e+01
RIDDER DEBUG (adding to rho_tot): a=9.929444e-04, rho_ridder=5.461322e-02, rho_tot_before=1.901490e+01, rho_tot_after=1.906951e+01
RIDDER DEBUG (adding to rho_tot): a=9.937449e-04, rho_ridder=5.461322e-02, rho_tot_before=1.896671e+01, rho_tot_after=1.902132e+01
RIDDER DEBUG (adding to rho_tot): a=1.003710e-03, rho_ridder=5.461322e-02, rho_tot_before=1.838018e+01, rho_tot_after=1.843479e+01
RIDDER DEBUG (adding to rho_tot): a=1.003710e-03, rho_ridder=5.461322e-02, rho_tot_before=1.838018e+01, rho_tot_after=1.843479e+01
RIDDER DEBUG (adding to rho_tot): a=9.945462e-04, rho_ridder=5.461322e-02, rho_tot_before=1.891864e+01, rho_tot_after=1.897325e+01
RIDDER DEBUG (adding to rho_tot): a=9.953480e-04, rho_ridder=5.461322e-02, rho_tot_before=1.887069e+01, rho_tot_after=1.892531e+01
RIDDER DEBUG (adding to rho_tot): a=9.961505e-04, rho_ridder=5.461322e-02, rho_tot_before=1.882287e+01, rho_tot_after=1.887748e+01
RIDDER DEBUG (adding to rho_tot): a=9.969536e-04, rho_ridder=5.461322e-02, rho_tot_before=1.877517e+01, rho_tot_after=1.882978e+01
RIDDER DEBUG (adding to rho_tot): a=9.977574e-04, rho_ridder=5.461322e-02, rho_tot_before=1.872759e+01, rho_tot_after=1.878221e+01
RIDDER DEBUG (adding to rho_tot): a=9.985619e-04, rho_ridder=5.461322e-02, rho_tot_before=1.868014e+01, rho_tot_after=1.873475e+01
RIDDER DEBUG (adding to rho_tot): a=9.993670e-04, rho_ridder=5.461322e-02, rho_tot_before=1.863280e+01, rho_tot_after=1.868742e+01
RIDDER DEBUG (adding to rho_tot): a=1.000173e-03, rho_ridder=5.461322e-02, rho_tot_before=1.858559e+01, rho_tot_after=1.864020e+01
RIDDER DEBUG (adding to rho_tot): a=1.000979e-03, rho_ridder=5.461322e-02, rho_tot_before=1.853850e+01, rho_tot_after=1.859311e+01
RIDDER DEBUG (adding to rho_tot): a=1.001786e-03, rho_ridder=5.461322e-02, rho_tot_before=1.849153e+01, rho_tot_after=1.854614e+01
RIDDER DEBUG (adding to rho_tot): a=1.002594e-03, rho_ridder=5.461322e-02, rho_tot_before=1.844468e+01, rho_tot_after=1.849929e+01
RIDDER DEBUG (adding to rho_tot): a=1.003402e-03, rho_ridder=5.461322e-02, rho_tot_before=1.839795e+01, rho_tot_after=1.845256e+01
RIDDER DEBUG (adding to rho_tot): a=1.004211e-03, rho_ridder=5.461322e-02, rho_tot_before=1.835134e+01, rho_tot_after=1.840595e+01
RIDDER DEBUG (adding to rho_tot): a=1.005021e-03, rho_ridder=5.461322e-02, rho_tot_before=1.830485e+01, rho_tot_after=1.835946e+01
RIDDER DEBUG (adding to rho_tot): a=1.005831e-03, rho_ridder=5.461322e-02, rho_tot_before=1.825848e+01, rho_tot_after=1.831309e+01
RIDDER DEBUG (adding to rho_tot): a=1.006642e-03, rho_ridder=5.461322e-02, rho_tot_before=1.821223e+01, rho_tot_after=1.826684e+01
RIDDER DEBUG (adding to rho_tot): a=1.007454e-03, rho_ridder=5.461322e-02, rho_tot_before=1.816609e+01, rho_tot_after=1.822071e+01
RIDDER DEBUG (adding to rho_tot): a=1.008266e-03, rho_ridder=5.461322e-02, rho_tot_before=1.812008e+01, rho_tot_after=1.817469e+01
RIDDER DEBUG (adding to rho_tot): a=1.009079e-03, rho_ridder=5.461322e-02, rho_tot_before=1.807418e+01, rho_tot_after=1.812879e+01
RIDDER DEBUG (adding to rho_tot): a=1.009892e-03, rho_ridder=5.461322e-02, rho_tot_before=1.802840e+01, rho_tot_after=1.808301e+01
V_RIDDER_RAW: a=2.17e-02 phi=2.43e+27 V_eV4=9.71e+53 Lambda=5.62e+13 f=2.43e+27 n=3
BG_FUNC: a=2.17e-02 V_eV4=9.71e+53 kinetic_eV2=8.13e-02 V_Mpc2=5.46e-02 KE_Mpc2=4.57e-57 rho_final=5.46e-02
RIDDER DEBUG (adding to rho_tot): a=2.169744e-02, rho_ridder=5.461322e-02, rho_tot_before=1.563528e-03, rho_tot_after=5.617675e-02
DERIVS_ENTRY: call#=20000 has_ridder=1 Lambda=5.62e+13 a=3.32e-01
RIDDER DERIVS CALLED: call#=20000 a=3.32e-01 phi=2.43e+27 fluid_mode=0
FIELD_MODE: call#=20000 a=3.32e-01 fluid_mode=0
DERIVS: call#=20000 a=3.32e-01 phi=2.43e+27 phi'=-1.42e-01 dphi/dlna=-1.83e+00 dphi'/dlna=-1.42e-01 dV=3.00e-01 H=2.34e-01
V_RIDDER_RAW: a=9.35e-01 phi=2.43e+27 V_eV4=9.71e+53 Lambda=5.62e+13 f=2.43e+27 n=3
DDV_CHECK: call#=220000 a=9.35e-01 phi=2.43e+27 ddV_eV2=3.87e+00 (positive=1)
BG_FUNC: a=9.35e-01 V_eV4=9.71e+53 kinetic_eV2=9.15e-02 V_Mpc2=5.46e-02 KE_Mpc2=5.14e-57 rho_final=5.46e-02
RIDDER DEBUG (adding to rho_tot): a=9.352964e-01, rho_ridder=5.461322e-02, rho_tot_before=1.936874e-08, rho_tot_after=5.461324e-02
RIDDER_SHOOT iter= 3  log10_Lambda=13.750  f_peak=0.02332  z_peak= 500.1  target=0.10000
BACKGROUND_SOLVE ENTERED: has_ridder=1 Lambda=1.33e+14
ABOUT TO INTEGRATE: bi_size=7 has_ridder=1 Lambda=1.33e+14
V_RIDDER_RAW: a=3.73e-13 phi=2.43e+27 V_eV4=3.07e+55 Lambda=1.33e+14 f=2.43e+27 n=3
BG_FUNC: a=3.73e-13 V_eV4=3.07e+55 kinetic_eV2=2.13e+02 V_Mpc2=1.73e+00 KE_Mpc2=1.20e-53 rho_final=1.73e+00
RIDDER DEBUG (adding to rho_tot): a=3.728544e-13, rho_ridder=1.727022e+00, rho_tot_before=1.423711e+38, rho_tot_after=1.423711e+38
V_RIDDER_RAW: a=1.67e-11 phi=2.43e+27 V_eV4=3.07e+55 Lambda=1.33e+14 f=2.43e+27 n=3
DDV_CHECK: call#=230000 a=1.67e-11 phi=2.43e+27 ddV_eV2=1.22e+02 (positive=1)
BG_FUNC: a=1.67e-11 V_eV4=3.07e+55 kinetic_eV2=2.65e-08 V_Mpc2=1.73e+00 KE_Mpc2=1.49e-63 rho_final=1.73e+00
RIDDER DEBUG (adding to rho_tot): a=1.669000e-11, rho_ridder=1.727022e+00, rho_tot_before=3.546126e+31, rho_tot_after=3.546126e+31
V_RIDDER_RAW: a=6.29e-10 phi=2.43e+27 V_eV4=3.07e+55 Lambda=1.33e+14 f=2.43e+27 n=3
BG_FUNC: a=6.29e-10 V_eV4=3.07e+55 kinetic_eV2=9.21e-18 V_Mpc2=1.73e+00 KE_Mpc2=5.18e-73 rho_final=1.73e+00
RIDDER DEBUG (adding to rho_tot): a=6.294627e-10, rho_ridder=1.727022e+00, rho_tot_before=1.752672e+25, rho_tot_after=1.752672e+25
V_RIDDER_RAW: a=2.30e-08 phi=2.43e+27 V_eV4=3.07e+55 Lambda=1.33e+14 f=2.43e+27 n=3
DDV_CHECK: call#=240000 a=2.30e-08 phi=2.43e+27 ddV_eV2=1.22e+02 (positive=1)
BG_FUNC: a=2.30e-08 V_eV4=3.07e+55 kinetic_eV2=1.09e-19 V_Mpc2=1.73e+00 KE_Mpc2=6.10e-75 rho_final=1.73e+00
RIDDER DEBUG (adding to rho_tot): a=2.302020e-08, rho_ridder=1.727022e+00, rho_tot_before=9.799421e+18, rho_tot_after=9.799421e+18
V_RIDDER_RAW: a=7.48e-07 phi=2.43e+27 V_eV4=3.07e+55 Lambda=1.33e+14 f=2.43e+27 n=3
BG_FUNC: a=7.48e-07 V_eV4=3.07e+55 kinetic_eV2=1.21e-13 V_Mpc2=1.73e+00 KE_Mpc2=6.80e-69 rho_final=1.73e+00
RIDDER DEBUG (adding to rho_tot): a=7.484225e-07, rho_ridder=1.727022e+00, rho_tot_before=8.807634e+12, rho_tot_after=8.807634e+12
V_RIDDER_RAW: a=2.32e-05 phi=2.43e+27 V_eV4=3.07e+55 Lambda=1.33e+14 f=2.43e+27 n=3
DDV_CHECK: call#=250000 a=2.32e-05 phi=2.43e+27 ddV_eV2=1.22e+02 (positive=1)
BG_FUNC: a=2.32e-05 V_eV4=3.07e+55 kinetic_eV2=1.05e-07 V_Mpc2=1.73e+00 KE_Mpc2=5.93e-63 rho_final=1.73e+00
RIDDER DEBUG (adding to rho_tot): a=2.322117e-05, rho_ridder=1.727022e+00, rho_tot_before=1.072866e+07, rho_tot_after=1.072866e+07
V_RIDDER_RAW: a=7.47e-04 phi=2.43e+27 V_eV4=3.07e+55 Lambda=1.33e+14 f=2.43e+27 n=3
BG_FUNC: a=7.47e-04 V_eV4=3.07e+55 kinetic_eV2=3.83e-02 V_Mpc2=1.73e+00 KE_Mpc2=2.15e-57 rho_final=1.73e+00
RIDDER DEBUG (adding to rho_tot): a=7.470881e-04, rho_ridder=1.727022e+00, rho_tot_before=4.682999e+01, rho_tot_after=4.855702e+01
RIDDER DEBUG (adding to rho_tot): a=9.949736e-04, rho_ridder=1.727022e+00, rho_tot_before=1.889306e+01, rho_tot_after=2.062008e+01
RIDDER DEBUG (adding to rho_tot): a=9.905466e-04, rho_ridder=1.727022e+00, rho_tot_before=1.916023e+01, rho_tot_after=2.088725e+01
RIDDER DEBUG (adding to rho_tot): a=9.913452e-04, rho_ridder=1.727022e+00, rho_tot_before=1.911166e+01, rho_tot_after=2.083868e+01
RIDDER DEBUG (adding to rho_tot): a=9.921445e-04, rho_ridder=1.727022e+00, rho_tot_before=1.906322e+01, rho_tot_after=2.079024e+01
RIDDER DEBUG (adding to rho_tot): a=9.929444e-04, rho_ridder=1.727022e+00, rho_tot_before=1.901490e+01, rho_tot_after=2.074192e+01
RIDDER DEBUG (adding to rho_tot): a=9.937449e-04, rho_ridder=1.727022e+00, rho_tot_before=1.896671e+01, rho_tot_after=2.069373e+01
RIDDER DEBUG (adding to rho_tot): a=9.945462e-04, rho_ridder=1.727022e+00, rho_tot_before=1.891864e+01, rho_tot_after=2.064566e+01
RIDDER DEBUG (adding to rho_tot): a=1.006086e-03, rho_ridder=1.727022e+00, rho_tot_before=1.824395e+01, rho_tot_after=1.997097e+01
RIDDER DEBUG (adding to rho_tot): a=9.953480e-04, rho_ridder=1.727022e+00, rho_tot_before=1.887069e+01, rho_tot_after=2.059772e+01
RIDDER DEBUG (adding to rho_tot): a=9.961505e-04, rho_ridder=1.727022e+00, rho_tot_before=1.882287e+01, rho_tot_after=2.054989e+01
RIDDER DEBUG (adding to rho_tot): a=9.969536e-04, rho_ridder=1.727022e+00, rho_tot_before=1.877517e+01, rho_tot_after=2.050219e+01
RIDDER DEBUG (adding to rho_tot): a=9.977574e-04, rho_ridder=1.727022e+00, rho_tot_before=1.872759e+01, rho_tot_after=2.045461e+01
RIDDER DEBUG (adding to rho_tot): a=9.985619e-04, rho_ridder=1.727022e+00, rho_tot_before=1.868014e+01, rho_tot_after=2.040716e+01
RIDDER DEBUG (adding to rho_tot): a=9.993670e-04, rho_ridder=1.727022e+00, rho_tot_before=1.863280e+01, rho_tot_after=2.035982e+01
RIDDER DEBUG (adding to rho_tot): a=1.000173e-03, rho_ridder=1.727022e+00, rho_tot_before=1.858559e+01, rho_tot_after=2.031261e+01
RIDDER DEBUG (adding to rho_tot): a=1.000979e-03, rho_ridder=1.727022e+00, rho_tot_before=1.853850e+01, rho_tot_after=2.026552e+01
RIDDER DEBUG (adding to rho_tot): a=1.001786e-03, rho_ridder=1.727022e+00, rho_tot_before=1.849153e+01, rho_tot_after=2.021855e+01
RIDDER DEBUG (adding to rho_tot): a=1.002594e-03, rho_ridder=1.727022e+00, rho_tot_before=1.844468e+01, rho_tot_after=2.017170e+01
RIDDER DEBUG (adding to rho_tot): a=1.003402e-03, rho_ridder=1.727022e+00, rho_tot_before=1.839795e+01, rho_tot_after=2.012497e+01
RIDDER DEBUG (adding to rho_tot): a=1.004211e-03, rho_ridder=1.727022e+00, rho_tot_before=1.835134e+01, rho_tot_after=2.007836e+01
RIDDER DEBUG (adding to rho_tot): a=1.005021e-03, rho_ridder=1.727022e+00, rho_tot_before=1.830485e+01, rho_tot_after=2.003187e+01
RIDDER DEBUG (adding to rho_tot): a=1.005831e-03, rho_ridder=1.727022e+00, rho_tot_before=1.825848e+01, rho_tot_after=1.998550e+01
RIDDER DEBUG (adding to rho_tot): a=1.006642e-03, rho_ridder=1.727022e+00, rho_tot_before=1.821223e+01, rho_tot_after=1.993925e+01
RIDDER DEBUG (adding to rho_tot): a=1.007454e-03, rho_ridder=1.727022e+00, rho_tot_before=1.816609e+01, rho_tot_after=1.989311e+01
RIDDER DEBUG (adding to rho_tot): a=1.008266e-03, rho_ridder=1.727022e+00, rho_tot_before=1.812008e+01, rho_tot_after=1.984710e+01
RIDDER DEBUG (adding to rho_tot): a=1.009079e-03, rho_ridder=1.727022e+00, rho_tot_before=1.807418e+01, rho_tot_after=1.980120e+01
RIDDER DEBUG (adding to rho_tot): a=1.009892e-03, rho_ridder=1.727022e+00, rho_tot_before=1.802840e+01, rho_tot_after=1.975542e+01
V_RIDDER_RAW: a=3.24e-02 phi=2.43e+27 V_eV4=3.07e+55 Lambda=1.33e+14 f=2.43e+27 n=3
DDV_CHECK: call#=260000 a=3.24e-02 phi=2.43e+27 ddV_eV2=1.22e+02 (positive=1)
BG_FUNC: a=3.24e-02 V_eV4=3.07e+55 kinetic_eV2=2.89e+00 V_Mpc2=1.73e+00 KE_Mpc2=1.62e-55 rho_final=1.73e+00
RIDDER DEBUG (adding to rho_tot): a=3.243865e-02, rho_ridder=1.727022e+00, rho_tot_before=4.666584e-04, rho_tot_after=1.727488e+00
RIDDER_SHOOT iter= 4  log10_Lambda=14.125  f_peak=0.43017  z_peak= 500.1  target=0.10000
BACKGROUND_SOLVE ENTERED: has_ridder=1 Lambda=8.66e+13
ABOUT TO INTEGRATE: bi_size=7 has_ridder=1 Lambda=8.66e+13
V_RIDDER_RAW: a=1.40e-14 phi=2.43e+27 V_eV4=5.46e+54 Lambda=8.66e+13 f=2.43e+27 n=3
BG_FUNC: a=1.40e-14 V_eV4=5.46e+54 kinetic_eV2=2.38e+09 V_Mpc2=3.07e-01 KE_Mpc2=1.34e-46 rho_final=3.07e-01
RIDDER DEBUG (adding to rho_tot): a=1.402826e-14, rho_ridder=3.071127e-01, rho_tot_before=7.105005e+43, rho_tot_after=7.105005e+43
V_RIDDER_RAW: a=6.08e-13 phi=2.43e+27 V_eV4=5.46e+54 Lambda=8.66e+13 f=2.43e+27 n=3
DDV_CHECK: call#=270000 a=6.08e-13 phi=2.43e+27 ddV_eV2=2.18e+01 (positive=1)
BG_FUNC: a=6.08e-13 V_eV4=5.46e+54 kinetic_eV2=3.58e-01 V_Mpc2=3.07e-01 KE_Mpc2=2.01e-56 rho_final=3.07e-01
RIDDER DEBUG (adding to rho_tot): a=6.081274e-13, rho_ridder=3.071127e-01, rho_tot_before=2.011874e+37, rho_tot_after=2.011874e+37
DERIVS_ENTRY: call#=25000 has_ridder=1 Lambda=8.66e+13 a=2.31e-12
RIDDER DERIVS CALLED: call#=25000 a=2.31e-12 phi=2.43e+27 fluid_mode=0
FIELD_MODE: call#=25000 a=2.31e-12 fluid_mode=0
DERIVS: call#=25000 a=2.31e-12 phi=2.43e+27 phi'=-3.57e-14 dphi/dlna=-3.82e-20 dphi'/dlna=7.15e-14 dV=1.69e+00 H=4.05e+17
V_RIDDER_RAW: a=2.62e-11 phi=2.43e+27 V_eV4=5.46e+54 Lambda=8.66e+13 f=2.43e+27 n=3
BG_FUNC: a=2.62e-11 V_eV4=5.46e+54 kinetic_eV2=5.56e-11 V_Mpc2=3.07e-01 KE_Mpc2=3.12e-66 rho_final=3.07e-01
RIDDER DEBUG (adding to rho_tot): a=2.623527e-11, rho_ridder=3.071127e-01, rho_tot_before=5.808142e+30, rho_tot_after=5.808142e+30
V_RIDDER_RAW: a=9.80e-10 phi=2.43e+27 V_eV4=5.46e+54 Lambda=8.66e+13 f=2.43e+27 n=3
DDV_CHECK: call#=280000 a=9.80e-10 phi=2.43e+27 ddV_eV2=2.18e+01 (positive=1)
BG_FUNC: a=9.80e-10 V_eV4=5.46e+54 kinetic_eV2=2.05e-20 V_Mpc2=3.07e-01 KE_Mpc2=1.15e-75 rho_final=3.07e-01
RIDDER DEBUG (adding to rho_tot): a=9.797714e-10, rho_ridder=3.071127e-01, rho_tot_before=2.985949e+24, rho_tot_after=2.985949e+24
V_RIDDER_RAW: a=3.51e-08 phi=2.43e+27 V_eV4=5.46e+54 Lambda=8.66e+13 f=2.43e+27 n=3
BG_FUNC: a=3.51e-08 V_eV4=5.46e+54 kinetic_eV2=1.86e-20 V_Mpc2=3.07e-01 KE_Mpc2=1.05e-75 rho_final=3.07e-01
RIDDER DEBUG (adding to rho_tot): a=3.514501e-08, rho_ridder=3.071127e-01, rho_tot_before=1.803900e+18, rho_tot_after=1.803900e+18
V_RIDDER_RAW: a=1.13e-06 phi=2.43e+27 V_eV4=5.46e+54 Lambda=8.66e+13 f=2.43e+27 n=3
DDV_CHECK: call#=290000 a=1.13e-06 phi=2.43e+27 ddV_eV2=2.18e+01 (positive=1)
BG_FUNC: a=1.13e-06 V_eV4=5.46e+54 kinetic_eV2=1.97e-14 V_Mpc2=3.07e-01 KE_Mpc2=1.11e-69 rho_final=3.07e-01
RIDDER DEBUG (adding to rho_tot): a=1.127980e-06, rho_ridder=3.071127e-01, rho_tot_before=1.710746e+12, rho_tot_after=1.710746e+12
V_RIDDER_RAW: a=3.40e-05 phi=2.43e+27 V_eV4=5.46e+54 Lambda=8.66e+13 f=2.43e+27 n=3
BG_FUNC: a=3.40e-05 V_eV4=5.46e+54 kinetic_eV2=1.49e-08 V_Mpc2=3.07e-01 KE_Mpc2=8.37e-64 rho_final=3.07e-01
RIDDER DEBUG (adding to rho_tot): a=3.399682e-05, rho_ridder=3.071127e-01, rho_tot_before=2.463035e+06, rho_tot_after=2.463035e+06
RIDDER DEBUG (adding to rho_tot): a=9.908097e-04, rho_ridder=3.071127e-01, rho_tot_before=1.914421e+01, rho_tot_after=1.945132e+01
RIDDER DEBUG (adding to rho_tot): a=9.905466e-04, rho_ridder=3.071127e-01, rho_tot_before=1.916023e+01, rho_tot_after=1.946734e+01
RIDDER DEBUG (adding to rho_tot): a=1.001181e-03, rho_ridder=3.071127e-01, rho_tot_before=1.852675e+01, rho_tot_after=1.883386e+01
RIDDER DEBUG (adding to rho_tot): a=9.913452e-04, rho_ridder=3.071127e-01, rho_tot_before=1.911166e+01, rho_tot_after=1.941877e+01
RIDDER DEBUG (adding to rho_tot): a=9.921445e-04, rho_ridder=3.071127e-01, rho_tot_before=1.906322e+01, rho_tot_after=1.937033e+01
RIDDER DEBUG (adding to rho_tot): a=9.929444e-04, rho_ridder=3.071127e-01, rho_tot_before=1.901490e+01, rho_tot_after=1.932201e+01
RIDDER DEBUG (adding to rho_tot): a=9.937449e-04, rho_ridder=3.071127e-01, rho_tot_before=1.896671e+01, rho_tot_after=1.927382e+01
RIDDER DEBUG (adding to rho_tot): a=9.945462e-04, rho_ridder=3.071127e-01, rho_tot_before=1.891864e+01, rho_tot_after=1.922575e+01
RIDDER DEBUG (adding to rho_tot): a=9.953480e-04, rho_ridder=3.071127e-01, rho_tot_before=1.887069e+01, rho_tot_after=1.917781e+01
RIDDER DEBUG (adding to rho_tot): a=9.961505e-04, rho_ridder=3.071127e-01, rho_tot_before=1.882287e+01, rho_tot_after=1.912998e+01
RIDDER DEBUG (adding to rho_tot): a=9.969536e-04, rho_ridder=3.071127e-01, rho_tot_before=1.877517e+01, rho_tot_after=1.908228e+01
RIDDER DEBUG (adding to rho_tot): a=9.977574e-04, rho_ridder=3.071127e-01, rho_tot_before=1.872759e+01, rho_tot_after=1.903471e+01
RIDDER DEBUG (adding to rho_tot): a=9.985619e-04, rho_ridder=3.071127e-01, rho_tot_before=1.868014e+01, rho_tot_after=1.898725e+01
RIDDER DEBUG (adding to rho_tot): a=9.993670e-04, rho_ridder=3.071127e-01, rho_tot_before=1.863280e+01, rho_tot_after=1.893992e+01
RIDDER DEBUG (adding to rho_tot): a=1.000173e-03, rho_ridder=3.071127e-01, rho_tot_before=1.858559e+01, rho_tot_after=1.889270e+01
RIDDER DEBUG (adding to rho_tot): a=1.000979e-03, rho_ridder=3.071127e-01, rho_tot_before=1.853850e+01, rho_tot_after=1.884561e+01
RIDDER DEBUG (adding to rho_tot): a=1.001786e-03, rho_ridder=3.071127e-01, rho_tot_before=1.849153e+01, rho_tot_after=1.879864e+01
RIDDER DEBUG (adding to rho_tot): a=1.002594e-03, rho_ridder=3.071127e-01, rho_tot_before=1.844468e+01, rho_tot_after=1.875179e+01
RIDDER DEBUG (adding to rho_tot): a=1.003402e-03, rho_ridder=3.071127e-01, rho_tot_before=1.839795e+01, rho_tot_after=1.870506e+01
RIDDER DEBUG (adding to rho_tot): a=1.004211e-03, rho_ridder=3.071127e-01, rho_tot_before=1.835134e+01, rho_tot_after=1.865845e+01
RIDDER DEBUG (adding to rho_tot): a=1.005021e-03, rho_ridder=3.071127e-01, rho_tot_before=1.830485e+01, rho_tot_after=1.861196e+01
RIDDER DEBUG (adding to rho_tot): a=1.005831e-03, rho_ridder=3.071127e-01, rho_tot_before=1.825848e+01, rho_tot_after=1.856559e+01
RIDDER DEBUG (adding to rho_tot): a=1.006642e-03, rho_ridder=3.071127e-01, rho_tot_before=1.821223e+01, rho_tot_after=1.851934e+01
RIDDER DEBUG (adding to rho_tot): a=1.007454e-03, rho_ridder=3.071127e-01, rho_tot_before=1.816609e+01, rho_tot_after=1.847321e+01
RIDDER DEBUG (adding to rho_tot): a=1.008266e-03, rho_ridder=3.071127e-01, rho_tot_before=1.812008e+01, rho_tot_after=1.842719e+01
RIDDER DEBUG (adding to rho_tot): a=1.009079e-03, rho_ridder=3.071127e-01, rho_tot_before=1.807418e+01, rho_tot_after=1.838129e+01
RIDDER DEBUG (adding to rho_tot): a=1.009892e-03, rho_ridder=3.071127e-01, rho_tot_before=1.802840e+01, rho_tot_after=1.833551e+01
V_RIDDER_RAW: a=1.07e-03 phi=2.43e+27 V_eV4=5.46e+54 Lambda=8.66e+13 f=2.43e+27 n=3
DDV_CHECK: call#=300000 a=1.07e-03 phi=2.43e+27 ddV_eV2=2.18e+01 (positive=1)
BG_FUNC: a=1.07e-03 V_eV4=5.46e+54 kinetic_eV2=3.99e-03 V_Mpc2=3.07e-01 KE_Mpc2=2.24e-58 rho_final=3.07e-01
RIDDER DEBUG (adding to rho_tot): a=1.070227e-03, rho_ridder=3.071127e-01, rho_tot_before=1.502270e+01, rho_tot_after=1.532981e+01
V_RIDDER_RAW: a=4.61e-02 phi=2.43e+27 V_eV4=5.46e+54 Lambda=8.66e+13 f=2.43e+27 n=3
BG_FUNC: a=4.61e-02 V_eV4=5.46e+54 kinetic_eV2=5.12e-01 V_Mpc2=3.07e-01 KE_Mpc2=2.88e-56 rho_final=3.07e-01
RIDDER DEBUG (adding to rho_tot): a=4.609636e-02, rho_ridder=3.071127e-01, rho_tot_before=1.623685e-04, rho_tot_after=3.072751e-01
RIDDER_SHOOT iter= 5  log10_Lambda=13.938  f_peak=0.11835  z_peak= 500.1  target=0.10000
BACKGROUND_SOLVE ENTERED: has_ridder=1 Lambda=6.98e+13
ABOUT TO INTEGRATE: bi_size=7 has_ridder=1 Lambda=6.98e+13
V_RIDDER_RAW: a=1.91e-14 phi=2.43e+27 V_eV4=2.30e+54 Lambda=6.98e+13 f=2.43e+27 n=3
DDV_CHECK: call#=310000 a=1.91e-14 phi=2.43e+27 ddV_eV2=9.18e+00 (positive=1)
BG_FUNC: a=1.91e-14 V_eV4=2.30e+54 kinetic_eV2=6.54e+07 V_Mpc2=1.30e-01 KE_Mpc2=3.68e-48 rho_final=1.30e-01
RIDDER DEBUG (adding to rho_tot): a=1.914728e-14, rho_ridder=1.295084e-01, rho_tot_before=2.047156e+43, rho_tot_after=2.047156e+43
V_RIDDER_RAW: a=8.46e-13 phi=2.43e+27 V_eV4=2.30e+54 Lambda=6.98e+13 f=2.43e+27 n=3
BG_FUNC: a=8.46e-13 V_eV4=2.30e+54 kinetic_eV2=8.77e-03 V_Mpc2=1.30e-01 KE_Mpc2=4.93e-58 rho_final=1.30e-01
RIDDER DEBUG (adding to rho_tot): a=8.462490e-13, rho_ridder=1.295084e-01, rho_tot_before=5.365205e+36, rho_tot_after=5.365205e+36
V_RIDDER_RAW: a=3.65e-11 phi=2.43e+27 V_eV4=2.30e+54 Lambda=6.98e+13 f=2.43e+27 n=3
DDV_CHECK: call#=320000 a=3.65e-11 phi=2.43e+27 ddV_eV2=9.18e+00 (positive=1)
BG_FUNC: a=3.65e-11 V_eV4=2.30e+54 kinetic_eV2=1.35e-12 V_Mpc2=1.30e-01 KE_Mpc2=7.61e-68 rho_final=1.30e-01
RIDDER DEBUG (adding to rho_tot): a=3.653752e-11, rho_ridder=1.295084e-01, rho_tot_before=1.543913e+30, rho_tot_after=1.543913e+30
DERIVS_ENTRY: call#=30000 has_ridder=1 Lambda=6.98e+13 a=1.52e-10
RIDDER DERIVS CALLED: call#=30000 a=1.52e-10 phi=2.43e+27 fluid_mode=0
FIELD_MODE: call#=30000 a=1.52e-10 fluid_mode=0
DERIVS: call#=30000 a=1.52e-10 phi=2.43e+27 phi'=-3.46e-18 dphi/dlna=-2.44e-22 dphi'/dlna=6.93e-18 dV=7.11e-01 H=9.31e+13
V_RIDDER_RAW: a=1.36e-09 phi=2.43e+27 V_eV4=2.30e+54 Lambda=6.98e+13 f=2.43e+27 n=3
BG_FUNC: a=1.36e-09 V_eV4=2.30e+54 kinetic_eV2=5.03e-22 V_Mpc2=1.30e-01 KE_Mpc2=2.83e-77 rho_final=1.30e-01
RIDDER DEBUG (adding to rho_tot): a=1.364515e-09, rho_ridder=1.295084e-01, rho_tot_before=7.937230e+23, rho_tot_after=7.937230e+23
V_RIDDER_RAW: a=5.04e-08 phi=2.43e+27 V_eV4=2.30e+54 Lambda=6.98e+13 f=2.43e+27 n=3
DDV_CHECK: call#=330000 a=5.04e-08 phi=2.43e+27 ddV_eV2=9.18e+00 (positive=1)
BG_FUNC: a=5.04e-08 V_eV4=2.30e+54 kinetic_eV2=1.40e-20 V_Mpc2=1.30e-01 KE_Mpc2=7.88e-76 rho_final=1.30e-01
RIDDER DEBUG (adding to rho_tot): a=5.038689e-08, rho_ridder=1.295084e-01, rho_tot_before=4.270068e+17, rho_tot_after=4.270068e+17
V_RIDDER_RAW: a=1.65e-06 phi=2.43e+27 V_eV4=2.30e+54 Lambda=6.98e+13 f=2.43e+27 n=3
BG_FUNC: a=1.65e-06 V_eV4=2.30e+54 kinetic_eV2=1.62e-14 V_Mpc2=1.30e-01 KE_Mpc2=9.10e-70 rho_final=1.30e-01
RIDDER DEBUG (adding to rho_tot): a=1.654076e-06, rho_ridder=1.295084e-01, rho_tot_before=3.710856e+11, rho_tot_after=3.710856e+11
V_RIDDER_RAW: a=5.24e-05 phi=2.43e+27 V_eV4=2.30e+54 Lambda=6.98e+13 f=2.43e+27 n=3
DDV_CHECK: call#=340000 a=5.24e-05 phi=2.43e+27 ddV_eV2=9.18e+00 (positive=1)
BG_FUNC: a=5.24e-05 V_eV4=2.30e+54 kinetic_eV2=1.42e-08 V_Mpc2=1.30e-01 KE_Mpc2=8.00e-64 rho_final=1.30e-01
RIDDER DEBUG (adding to rho_tot): a=5.235373e-05, rho_ridder=1.295084e-01, rho_tot_before=4.766737e+05, rho_tot_after=4.766738e+05
RIDDER DEBUG (adding to rho_tot): a=9.914190e-04, rho_ridder=1.295084e-01, rho_tot_before=1.910718e+01, rho_tot_after=1.923669e+01
RIDDER DEBUG (adding to rho_tot): a=9.905466e-04, rho_ridder=1.295084e-01, rho_tot_before=1.916023e+01, rho_tot_after=1.928973e+01
RIDDER DEBUG (adding to rho_tot): a=9.913452e-04, rho_ridder=1.295084e-01, rho_tot_before=1.911166e+01, rho_tot_after=1.924117e+01
RIDDER DEBUG (adding to rho_tot): a=1.001242e-03, rho_ridder=1.295084e-01, rho_tot_before=1.852318e+01, rho_tot_after=1.865269e+01
RIDDER DEBUG (adding to rho_tot): a=9.921445e-04, rho_ridder=1.295084e-01, rho_tot_before=1.906322e+01, rho_tot_after=1.919273e+01
RIDDER DEBUG (adding to rho_tot): a=9.929444e-04, rho_ridder=1.295084e-01, rho_tot_before=1.901490e+01, rho_tot_after=1.914441e+01
RIDDER DEBUG (adding to rho_tot): a=9.937449e-04, rho_ridder=1.295084e-01, rho_tot_before=1.896671e+01, rho_tot_after=1.909622e+01
RIDDER DEBUG (adding to rho_tot): a=9.945462e-04, rho_ridder=1.295084e-01, rho_tot_before=1.891864e+01, rho_tot_after=1.904815e+01
RIDDER DEBUG (adding to rho_tot): a=9.953480e-04, rho_ridder=1.295084e-01, rho_tot_before=1.887069e+01, rho_tot_after=1.900020e+01
RIDDER DEBUG (adding to rho_tot): a=9.961505e-04, rho_ridder=1.295084e-01, rho_tot_before=1.882287e+01, rho_tot_after=1.895238e+01
RIDDER DEBUG (adding to rho_tot): a=9.969536e-04, rho_ridder=1.295084e-01, rho_tot_before=1.877517e+01, rho_tot_after=1.890468e+01
RIDDER DEBUG (adding to rho_tot): a=9.977574e-04, rho_ridder=1.295084e-01, rho_tot_before=1.872759e+01, rho_tot_after=1.885710e+01
RIDDER DEBUG (adding to rho_tot): a=9.985619e-04, rho_ridder=1.295084e-01, rho_tot_before=1.868014e+01, rho_tot_after=1.880965e+01
RIDDER DEBUG (adding to rho_tot): a=9.993670e-04, rho_ridder=1.295084e-01, rho_tot_before=1.863280e+01, rho_tot_after=1.876231e+01
RIDDER DEBUG (adding to rho_tot): a=1.000173e-03, rho_ridder=1.295084e-01, rho_tot_before=1.858559e+01, rho_tot_after=1.871510e+01
RIDDER DEBUG (adding to rho_tot): a=1.000979e-03, rho_ridder=1.295084e-01, rho_tot_before=1.853850e+01, rho_tot_after=1.866801e+01
RIDDER DEBUG (adding to rho_tot): a=1.001786e-03, rho_ridder=1.295084e-01, rho_tot_before=1.849153e+01, rho_tot_after=1.862104e+01
RIDDER DEBUG (adding to rho_tot): a=1.002594e-03, rho_ridder=1.295084e-01, rho_tot_before=1.844468e+01, rho_tot_after=1.857419e+01
RIDDER DEBUG (adding to rho_tot): a=1.003402e-03, rho_ridder=1.295084e-01, rho_tot_before=1.839795e+01, rho_tot_after=1.852746e+01
RIDDER DEBUG (adding to rho_tot): a=1.004211e-03, rho_ridder=1.295084e-01, rho_tot_before=1.835134e+01, rho_tot_after=1.848085e+01
RIDDER DEBUG (adding to rho_tot): a=1.005021e-03, rho_ridder=1.295084e-01, rho_tot_before=1.830485e+01, rho_tot_after=1.843436e+01
RIDDER DEBUG (adding to rho_tot): a=1.005831e-03, rho_ridder=1.295084e-01, rho_tot_before=1.825848e+01, rho_tot_after=1.838799e+01
RIDDER DEBUG (adding to rho_tot): a=1.006642e-03, rho_ridder=1.295084e-01, rho_tot_before=1.821223e+01, rho_tot_after=1.834173e+01
RIDDER DEBUG (adding to rho_tot): a=1.007454e-03, rho_ridder=1.295084e-01, rho_tot_before=1.816609e+01, rho_tot_after=1.829560e+01
RIDDER DEBUG (adding to rho_tot): a=1.008266e-03, rho_ridder=1.295084e-01, rho_tot_before=1.812008e+01, rho_tot_after=1.824959e+01
RIDDER DEBUG (adding to rho_tot): a=1.009079e-03, rho_ridder=1.295084e-01, rho_tot_before=1.807418e+01, rho_tot_after=1.820369e+01
RIDDER DEBUG (adding to rho_tot): a=1.009892e-03, rho_ridder=1.295084e-01, rho_tot_before=1.802840e+01, rho_tot_after=1.815791e+01
V_RIDDER_RAW: a=1.70e-03 phi=2.43e+27 V_eV4=2.30e+54 Lambda=6.98e+13 f=2.43e+27 n=3
BG_FUNC: a=1.70e-03 V_eV4=2.30e+54 kinetic_eV2=3.13e-03 V_Mpc2=1.30e-01 KE_Mpc2=1.76e-58 rho_final=1.30e-01
RIDDER DEBUG (adding to rho_tot): a=1.702475e-03, rho_ridder=1.295084e-01, rho_tot_before=3.538430e+00, rho_tot_after=3.667938e+00
V_RIDDER_RAW: a=7.33e-02 phi=2.43e+27 V_eV4=2.30e+54 Lambda=6.98e+13 f=2.43e+27 n=3
DDV_CHECK: call#=350000 a=7.33e-02 phi=2.43e+27 ddV_eV2=9.18e+00 (positive=1)
BG_FUNC: a=7.33e-02 V_eV4=2.30e+54 kinetic_eV2=2.16e-01 V_Mpc2=1.30e-01 KE_Mpc2=1.22e-56 rho_final=1.30e-01
RIDDER DEBUG (adding to rho_tot): a=7.326923e-02, rho_ridder=1.295084e-01, rho_tot_before=4.037680e-05, rho_tot_after=1.295487e-01
RIDDER_SHOOT iter= 6  log10_Lambda=13.844  f_peak=0.05358  z_peak= 500.1  target=0.10000
BACKGROUND_SOLVE ENTERED: has_ridder=1 Lambda=7.77e+13
ABOUT TO INTEGRATE: bi_size=7 has_ridder=1 Lambda=7.77e+13
V_RIDDER_RAW: a=2.99e-14 phi=2.43e+27 V_eV4=3.55e+54 Lambda=7.77e+13 f=2.43e+27 n=3
BG_FUNC: a=2.99e-14 V_eV4=3.55e+54 kinetic_eV2=1.07e+07 V_Mpc2=1.99e-01 KE_Mpc2=6.04e-49 rho_final=1.99e-01
RIDDER DEBUG (adding to rho_tot): a=2.987527e-14, rho_ridder=1.994334e-01, rho_tot_before=3.454073e+42, rho_tot_after=3.454073e+42
V_RIDDER_RAW: a=1.34e-12 phi=2.43e+27 V_eV4=3.55e+54 Lambda=7.77e+13 f=2.43e+27 n=3
DDV_CHECK: call#=360000 a=1.34e-12 phi=2.43e+27 ddV_eV2=1.41e+01 (positive=1)
BG_FUNC: a=1.34e-12 V_eV4=3.55e+54 kinetic_eV2=1.33e-03 V_Mpc2=1.99e-01 KE_Mpc2=7.49e-59 rho_final=1.99e-01
RIDDER DEBUG (adding to rho_tot): a=1.338023e-12, rho_ridder=1.994334e-01, rho_tot_before=8.584705e+35, rho_tot_after=8.584705e+35
V_RIDDER_RAW: a=5.67e-11 phi=2.43e+27 V_eV4=3.55e+54 Lambda=7.77e+13 f=2.43e+27 n=3
BG_FUNC: a=5.67e-11 V_eV4=3.55e+54 kinetic_eV2=2.29e-13 V_Mpc2=1.99e-01 KE_Mpc2=1.29e-68 rho_final=1.99e-01
RIDDER DEBUG (adding to rho_tot): a=5.673406e-11, rho_ridder=1.994334e-01, rho_tot_before=2.655852e+29, rho_tot_after=2.655852e+29
V_RIDDER_RAW: a=2.06e-09 phi=2.43e+27 V_eV4=3.55e+54 Lambda=7.77e+13 f=2.43e+27 n=3
DDV_CHECK: call#=370000 a=2.06e-09 phi=2.43e+27 ddV_eV2=1.41e+01 (positive=1)
BG_FUNC: a=2.06e-09 V_eV4=3.55e+54 kinetic_eV2=1.06e-22 V_Mpc2=1.99e-01 KE_Mpc2=5.94e-78 rho_final=1.99e-01
RIDDER DEBUG (adding to rho_tot): a=2.061498e-09, rho_ridder=1.994334e-01, rho_tot_before=1.523536e+23, rho_tot_after=1.523536e+23
DERIVS_ENTRY: call#=35000 has_ridder=1 Lambda=7.77e+13 a=7.54e-09
RIDDER DERIVS CALLED: call#=35000 a=7.54e-09 phi=2.43e+27 fluid_mode=0
FIELD_MODE: call#=35000 a=7.54e-09 fluid_mode=0
DERIVS: call#=35000 a=7.54e-09 phi=2.43e+27 phi'=-4.56e-20 dphi/dlna=-1.59e-22 dphi'/dlna=-1.26e-19 dV=1.10e+00 H=3.80e+10
V_RIDDER_RAW: a=7.49e-08 phi=2.43e+27 V_eV4=3.55e+54 Lambda=7.77e+13 f=2.43e+27 n=3
BG_FUNC: a=7.49e-08 V_eV4=3.55e+54 kinetic_eV2=1.62e-19 V_Mpc2=1.99e-01 KE_Mpc2=9.12e-75 rho_final=1.99e-01
RIDDER DEBUG (adding to rho_tot): a=7.490691e-08, rho_ridder=1.994334e-01, rho_tot_before=8.743371e+16, rho_tot_after=8.743371e+16
V_RIDDER_RAW: a=2.37e-06 phi=2.43e+27 V_eV4=3.55e+54 Lambda=7.77e+13 f=2.43e+27 n=3
DDV_CHECK: call#=380000 a=2.37e-06 phi=2.43e+27 ddV_eV2=1.41e+01 (positive=1)
BG_FUNC: a=2.37e-06 V_eV4=3.55e+54 kinetic_eV2=1.62e-13 V_Mpc2=1.99e-01 KE_Mpc2=9.13e-69 rho_final=1.99e-01
RIDDER DEBUG (adding to rho_tot): a=2.373337e-06, rho_ridder=1.994334e-01, rho_tot_before=8.790964e+10, rho_tot_after=8.790964e+10
V_RIDDER_RAW: a=7.32e-05 phi=2.43e+27 V_eV4=3.55e+54 Lambda=7.77e+13 f=2.43e+27 n=3
BG_FUNC: a=7.32e-05 V_eV4=3.55e+54 kinetic_eV2=1.22e-07 V_Mpc2=1.99e-01 KE_Mpc2=6.88e-63 rho_final=1.99e-01
RIDDER DEBUG (adding to rho_tot): a=7.316386e-05, rho_ridder=1.994334e-01, rho_tot_before=1.364825e+05, rho_tot_after=1.364827e+05
RIDDER DEBUG (adding to rho_tot): a=9.983381e-04, rho_ridder=1.994334e-01, rho_tot_before=1.869332e+01, rho_tot_after=1.889276e+01
RIDDER DEBUG (adding to rho_tot): a=9.983381e-04, rho_ridder=1.994334e-01, rho_tot_before=1.869332e+01, rho_tot_after=1.889276e+01
RIDDER DEBUG (adding to rho_tot): a=9.905466e-04, rho_ridder=1.994334e-01, rho_tot_before=1.916023e+01, rho_tot_after=1.935966e+01
RIDDER DEBUG (adding to rho_tot): a=9.913452e-04, rho_ridder=1.994334e-01, rho_tot_before=1.911166e+01, rho_tot_after=1.931109e+01
RIDDER DEBUG (adding to rho_tot): a=9.921445e-04, rho_ridder=1.994334e-01, rho_tot_before=1.906322e+01, rho_tot_after=1.926265e+01
RIDDER DEBUG (adding to rho_tot): a=9.929444e-04, rho_ridder=1.994334e-01, rho_tot_before=1.901490e+01, rho_tot_after=1.921434e+01
RIDDER DEBUG (adding to rho_tot): a=9.937449e-04, rho_ridder=1.994334e-01, rho_tot_before=1.896671e+01, rho_tot_after=1.916614e+01
RIDDER DEBUG (adding to rho_tot): a=9.945462e-04, rho_ridder=1.994334e-01, rho_tot_before=1.891864e+01, rho_tot_after=1.911807e+01
RIDDER DEBUG (adding to rho_tot): a=9.953480e-04, rho_ridder=1.994334e-01, rho_tot_before=1.887069e+01, rho_tot_after=1.907013e+01
RIDDER DEBUG (adding to rho_tot): a=9.961505e-04, rho_ridder=1.994334e-01, rho_tot_before=1.882287e+01, rho_tot_after=1.902230e+01
RIDDER DEBUG (adding to rho_tot): a=9.969536e-04, rho_ridder=1.994334e-01, rho_tot_before=1.877517e+01, rho_tot_after=1.897460e+01
RIDDER DEBUG (adding to rho_tot): a=9.977574e-04, rho_ridder=1.994334e-01, rho_tot_before=1.872759e+01, rho_tot_after=1.892703e+01
RIDDER DEBUG (adding to rho_tot): a=1.008526e-03, rho_ridder=1.994334e-01, rho_tot_before=1.810538e+01, rho_tot_after=1.830481e+01
RIDDER DEBUG (adding to rho_tot): a=9.985619e-04, rho_ridder=1.994334e-01, rho_tot_before=1.868014e+01, rho_tot_after=1.887957e+01
RIDDER DEBUG (adding to rho_tot): a=9.993670e-04, rho_ridder=1.994334e-01, rho_tot_before=1.863280e+01, rho_tot_after=1.883224e+01
RIDDER DEBUG (adding to rho_tot): a=1.000173e-03, rho_ridder=1.994334e-01, rho_tot_before=1.858559e+01, rho_tot_after=1.878502e+01
RIDDER DEBUG (adding to rho_tot): a=1.000979e-03, rho_ridder=1.994334e-01, rho_tot_before=1.853850e+01, rho_tot_after=1.873793e+01
RIDDER DEBUG (adding to rho_tot): a=1.001786e-03, rho_ridder=1.994334e-01, rho_tot_before=1.849153e+01, rho_tot_after=1.869096e+01
RIDDER DEBUG (adding to rho_tot): a=1.002594e-03, rho_ridder=1.994334e-01, rho_tot_before=1.844468e+01, rho_tot_after=1.864411e+01
RIDDER DEBUG (adding to rho_tot): a=1.003402e-03, rho_ridder=1.994334e-01, rho_tot_before=1.839795e+01, rho_tot_after=1.859738e+01
RIDDER DEBUG (adding to rho_tot): a=1.004211e-03, rho_ridder=1.994334e-01, rho_tot_before=1.835134e+01, rho_tot_after=1.855077e+01
RIDDER DEBUG (adding to rho_tot): a=1.005021e-03, rho_ridder=1.994334e-01, rho_tot_before=1.830485e+01, rho_tot_after=1.850428e+01
RIDDER DEBUG (adding to rho_tot): a=1.005831e-03, rho_ridder=1.994334e-01, rho_tot_before=1.825848e+01, rho_tot_after=1.845791e+01
RIDDER DEBUG (adding to rho_tot): a=1.006642e-03, rho_ridder=1.994334e-01, rho_tot_before=1.821223e+01, rho_tot_after=1.841166e+01
RIDDER DEBUG (adding to rho_tot): a=1.007454e-03, rho_ridder=1.994334e-01, rho_tot_before=1.816609e+01, rho_tot_after=1.836553e+01
RIDDER DEBUG (adding to rho_tot): a=1.008266e-03, rho_ridder=1.994334e-01, rho_tot_before=1.812008e+01, rho_tot_after=1.831951e+01
RIDDER DEBUG (adding to rho_tot): a=1.009079e-03, rho_ridder=1.994334e-01, rho_tot_before=1.807418e+01, rho_tot_after=1.827361e+01
RIDDER DEBUG (adding to rho_tot): a=1.009892e-03, rho_ridder=1.994334e-01, rho_tot_before=1.802840e+01, rho_tot_after=1.822783e+01
V_RIDDER_RAW: a=2.48e-03 phi=2.43e+27 V_eV4=3.55e+54 Lambda=7.77e+13 f=2.43e+27 n=3
DDV_CHECK: call#=390000 a=2.48e-03 phi=2.43e+27 ddV_eV2=1.41e+01 (positive=1)
BG_FUNC: a=2.48e-03 V_eV4=3.55e+54 kinetic_eV2=2.25e-02 V_Mpc2=1.99e-01 KE_Mpc2=1.26e-57 rho_final=1.99e-01
RIDDER DEBUG (adding to rho_tot): a=2.478477e-03, rho_ridder=1.994334e-01, rho_tot_before=1.113591e+00, rho_tot_after=1.313025e+00
V_RIDDER_RAW: a=1.08e-01 phi=2.43e+27 V_eV4=3.55e+54 Lambda=7.77e+13 f=2.43e+27 n=3
BG_FUNC: a=1.08e-01 V_eV4=3.55e+54 kinetic_eV2=3.34e-01 V_Mpc2=1.99e-01 KE_Mpc2=1.88e-56 rho_final=1.99e-01
RIDDER DEBUG (adding to rho_tot): a=1.081374e-01, rho_ridder=1.994334e-01, rho_tot_before=1.254983e-05, rho_tot_after=1.994459e-01
RIDDER_SHOOT iter= 7  log10_Lambda=13.891  f_peak=0.08018  z_peak= 500.1  target=0.10000
BACKGROUND_SOLVE ENTERED: has_ridder=1 Lambda=8.20e+13
ABOUT TO INTEGRATE: bi_size=7 has_ridder=1 Lambda=8.20e+13
V_RIDDER_RAW: a=4.40e-14 phi=2.43e+27 V_eV4=4.40e+54 Lambda=8.20e+13 f=2.43e+27 n=3
DDV_CHECK: call#=400000 a=4.40e-14 phi=2.43e+27 ddV_eV2=1.75e+01 (positive=1)
BG_FUNC: a=4.40e-14 V_eV4=4.40e+54 kinetic_eV2=1.62e+06 V_Mpc2=2.47e-01 KE_Mpc2=9.13e-50 rho_final=2.47e-01
RIDDER DEBUG (adding to rho_tot): a=4.398616e-14, rho_ridder=2.474844e-01, rho_tot_before=7.350464e+41, rho_tot_after=7.350464e+41
V_RIDDER_RAW: a=1.94e-12 phi=2.43e+27 V_eV4=4.40e+54 Lambda=8.20e+13 f=2.43e+27 n=3
BG_FUNC: a=1.94e-12 V_eV4=4.40e+54 kinetic_eV2=2.18e-04 V_Mpc2=2.47e-01 KE_Mpc2=1.23e-59 rho_final=2.47e-01
RIDDER DEBUG (adding to rho_tot): a=1.944049e-12, rho_ridder=2.474844e-01, rho_tot_before=1.926417e+35, rho_tot_after=1.926417e+35
V_RIDDER_RAW: a=8.19e-11 phi=2.43e+27 V_eV4=4.40e+54 Lambda=8.20e+13 f=2.43e+27 n=3
DDV_CHECK: call#=410000 a=8.19e-11 phi=2.43e+27 ddV_eV2=1.75e+01 (positive=1)
BG_FUNC: a=8.19e-11 V_eV4=4.40e+54 kinetic_eV2=3.91e-14 V_Mpc2=2.47e-01 KE_Mpc2=2.20e-69 rho_final=2.47e-01
RIDDER DEBUG (adding to rho_tot): a=8.186492e-11, rho_ridder=2.474844e-01, rho_tot_before=6.126155e+28, rho_tot_after=6.126155e+28
V_RIDDER_RAW: a=2.97e-09 phi=2.43e+27 V_eV4=4.40e+54 Lambda=8.20e+13 f=2.43e+27 n=3
BG_FUNC: a=2.97e-09 V_eV4=4.40e+54 kinetic_eV2=2.44e-23 V_Mpc2=2.47e-01 KE_Mpc2=1.37e-78 rho_final=2.47e-01
RIDDER DEBUG (adding to rho_tot): a=2.965083e-09, rho_ridder=2.474844e-01, rho_tot_before=3.559912e+22, rho_tot_after=3.559912e+22
V_RIDDER_RAW: a=1.08e-07 phi=2.43e+27 V_eV4=4.40e+54 Lambda=8.20e+13 f=2.43e+27 n=3
DDV_CHECK: call#=420000 a=1.08e-07 phi=2.43e+27 ddV_eV2=1.75e+01 (positive=1)
BG_FUNC: a=1.08e-07 V_eV4=4.40e+54 kinetic_eV2=1.06e-18 V_Mpc2=2.47e-01 KE_Mpc2=5.97e-74 rho_final=2.47e-01
RIDDER DEBUG (adding to rho_tot): a=1.075662e-07, rho_ridder=2.474844e-01, rho_tot_before=2.056576e+16, rho_tot_after=2.056576e+16
DERIVS_ENTRY: call#=40000 has_ridder=1 Lambda=8.20e+13 a=1.81e-07
RIDDER DERIVS CALLED: call#=40000 a=1.81e-07 phi=2.43e+27 fluid_mode=0
FIELD_MODE: call#=40000 a=1.81e-07 fluid_mode=0
DERIVS: call#=40000 a=1.81e-07 phi=2.43e+27 phi'=-7.51e-16 dphi/dlna=-6.31e-17 dphi'/dlna=-2.25e-15 dV=1.36e+00 H=6.56e+07
V_RIDDER_RAW: a=3.33e-06 phi=2.43e+27 V_eV4=4.40e+54 Lambda=8.20e+13 f=2.43e+27 n=3
BG_FUNC: a=3.33e-06 V_eV4=4.40e+54 kinetic_eV2=9.63e-13 V_Mpc2=2.47e-01 KE_Mpc2=5.41e-68 rho_final=2.47e-01
RIDDER DEBUG (adding to rho_tot): a=3.326695e-06, rho_ridder=2.474844e-01, rho_tot_before=2.289642e+10, rho_tot_after=2.289642e+10
V_RIDDER_RAW: a=1.02e-04 phi=2.43e+27 V_eV4=4.40e+54 Lambda=8.20e+13 f=2.43e+27 n=3
DDV_CHECK: call#=430000 a=1.02e-04 phi=2.43e+27 ddV_eV2=1.75e+01 (positive=1)
BG_FUNC: a=1.02e-04 V_eV4=4.40e+54 kinetic_eV2=6.73e-07 V_Mpc2=2.47e-01 KE_Mpc2=3.78e-62 rho_final=2.47e-01
RIDDER DEBUG (adding to rho_tot): a=1.022234e-04, rho_ridder=2.474844e-01, rho_tot_before=4.003132e+04, rho_tot_after=4.003157e+04
RIDDER DEBUG (adding to rho_tot): a=1.000122e-03, rho_ridder=2.474844e-01, rho_tot_before=1.858858e+01, rho_tot_after=1.883606e+01
RIDDER DEBUG (adding to rho_tot): a=9.905466e-04, rho_ridder=2.474844e-01, rho_tot_before=1.916023e+01, rho_tot_after=1.940771e+01
RIDDER DEBUG (adding to rho_tot): a=9.913452e-04, rho_ridder=2.474844e-01, rho_tot_before=1.911166e+01, rho_tot_after=1.935914e+01
RIDDER DEBUG (adding to rho_tot): a=9.921445e-04, rho_ridder=2.474844e-01, rho_tot_before=1.906322e+01, rho_tot_after=1.931070e+01
RIDDER DEBUG (adding to rho_tot): a=9.929444e-04, rho_ridder=2.474844e-01, rho_tot_before=1.901490e+01, rho_tot_after=1.926239e+01
RIDDER DEBUG (adding to rho_tot): a=9.937449e-04, rho_ridder=2.474844e-01, rho_tot_before=1.896671e+01, rho_tot_after=1.921419e+01
RIDDER DEBUG (adding to rho_tot): a=9.945462e-04, rho_ridder=2.474844e-01, rho_tot_before=1.891864e+01, rho_tot_after=1.916612e+01
RIDDER DEBUG (adding to rho_tot): a=9.953480e-04, rho_ridder=2.474844e-01, rho_tot_before=1.887069e+01, rho_tot_after=1.911818e+01
RIDDER DEBUG (adding to rho_tot): a=9.961505e-04, rho_ridder=2.474844e-01, rho_tot_before=1.882287e+01, rho_tot_after=1.907035e+01
RIDDER DEBUG (adding to rho_tot): a=9.969536e-04, rho_ridder=2.474844e-01, rho_tot_before=1.877517e+01, rho_tot_after=1.902265e+01
RIDDER DEBUG (adding to rho_tot): a=9.977574e-04, rho_ridder=2.474844e-01, rho_tot_before=1.872759e+01, rho_tot_after=1.897508e+01
RIDDER DEBUG (adding to rho_tot): a=9.985619e-04, rho_ridder=2.474844e-01, rho_tot_before=1.868014e+01, rho_tot_after=1.892762e+01
RIDDER DEBUG (adding to rho_tot): a=9.993670e-04, rho_ridder=2.474844e-01, rho_tot_before=1.863280e+01, rho_tot_after=1.888029e+01
RIDDER DEBUG (adding to rho_tot): a=1.000173e-03, rho_ridder=2.474844e-01, rho_tot_before=1.858559e+01, rho_tot_after=1.883307e+01
RIDDER DEBUG (adding to rho_tot): a=1.000979e-03, rho_ridder=2.474844e-01, rho_tot_before=1.853850e+01, rho_tot_after=1.878598e+01
RIDDER DEBUG (adding to rho_tot): a=1.001786e-03, rho_ridder=2.474844e-01, rho_tot_before=1.849153e+01, rho_tot_after=1.873901e+01
RIDDER DEBUG (adding to rho_tot): a=1.002594e-03, rho_ridder=2.474844e-01, rho_tot_before=1.844468e+01, rho_tot_after=1.869216e+01
RIDDER DEBUG (adding to rho_tot): a=1.003402e-03, rho_ridder=2.474844e-01, rho_tot_before=1.839795e+01, rho_tot_after=1.864543e+01
RIDDER DEBUG (adding to rho_tot): a=1.004211e-03, rho_ridder=2.474844e-01, rho_tot_before=1.835134e+01, rho_tot_after=1.859882e+01
RIDDER DEBUG (adding to rho_tot): a=1.005021e-03, rho_ridder=2.474844e-01, rho_tot_before=1.830485e+01, rho_tot_after=1.855233e+01
RIDDER DEBUG (adding to rho_tot): a=1.005831e-03, rho_ridder=2.474844e-01, rho_tot_before=1.825848e+01, rho_tot_after=1.850596e+01
RIDDER DEBUG (adding to rho_tot): a=1.006642e-03, rho_ridder=2.474844e-01, rho_tot_before=1.821223e+01, rho_tot_after=1.845971e+01
RIDDER DEBUG (adding to rho_tot): a=1.007454e-03, rho_ridder=2.474844e-01, rho_tot_before=1.816609e+01, rho_tot_after=1.841358e+01
RIDDER DEBUG (adding to rho_tot): a=1.008266e-03, rho_ridder=2.474844e-01, rho_tot_before=1.812008e+01, rho_tot_after=1.836756e+01
RIDDER DEBUG (adding to rho_tot): a=1.009079e-03, rho_ridder=2.474844e-01, rho_tot_before=1.807418e+01, rho_tot_after=1.832167e+01
RIDDER DEBUG (adding to rho_tot): a=1.009892e-03, rho_ridder=2.474844e-01, rho_tot_before=1.802840e+01, rho_tot_after=1.827589e+01
V_RIDDER_RAW: a=3.58e-03 phi=2.43e+27 V_eV4=4.40e+54 Lambda=8.20e+13 f=2.43e+27 n=3
BG_FUNC: a=3.58e-03 V_eV4=4.40e+54 kinetic_eV2=8.66e-02 V_Mpc2=2.47e-01 KE_Mpc2=4.87e-57 rho_final=2.47e-01
RIDDER DEBUG (adding to rho_tot): a=3.576340e-03, rho_ridder=2.474844e-01, rho_tot_before=3.631993e-01, rho_tot_after=6.106837e-01
V_RIDDER_RAW: a=1.58e-01 phi=2.43e+27 V_eV4=4.40e+54 Lambda=8.20e+13 f=2.43e+27 n=3
DDV_CHECK: call#=440000 a=1.58e-01 phi=2.43e+27 ddV_eV2=1.75e+01 (positive=1)
BG_FUNC: a=1.58e-01 V_eV4=4.40e+54 kinetic_eV2=4.15e-01 V_Mpc2=2.47e-01 KE_Mpc2=2.33e-56 rho_final=2.47e-01
RIDDER DEBUG (adding to rho_tot): a=1.575542e-01, rho_ridder=2.474844e-01, rho_tot_before=4.055620e-06, rho_tot_after=2.474884e-01
RIDDER_SHOOT iter= 8  log10_Lambda=13.914  f_peak=0.09762  z_peak= 500.1  target=0.10000
BACKGROUND_SOLVE ENTERED: has_ridder=1 Lambda=8.43e+13
ABOUT TO INTEGRATE: bi_size=7 has_ridder=1 Lambda=8.43e+13
V_RIDDER_RAW: a=6.44e-14 phi=2.43e+27 V_eV4=4.90e+54 Lambda=8.43e+13 f=2.43e+27 n=3
BG_FUNC: a=6.44e-14 V_eV4=4.90e+54 kinetic_eV2=2.05e+05 V_Mpc2=2.76e-01 KE_Mpc2=1.15e-50 rho_final=2.76e-01
RIDDER DEBUG (adding to rho_tot): a=6.439768e-14, rho_ridder=2.756911e-01, rho_tot_before=1.599920e+41, rho_tot_after=1.599920e+41
V_RIDDER_RAW: a=2.85e-12 phi=2.43e+27 V_eV4=4.90e+54 Lambda=8.43e+13 f=2.43e+27 n=3
DDV_CHECK: call#=450000 a=2.85e-12 phi=2.43e+27 ddV_eV2=1.95e+01 (positive=1)
BG_FUNC: a=2.85e-12 V_eV4=4.90e+54 kinetic_eV2=2.75e-05 V_Mpc2=2.76e-01 KE_Mpc2=1.54e-60 rho_final=2.76e-01
RIDDER DEBUG (adding to rho_tot): a=2.846173e-12, rho_ridder=2.756911e-01, rho_tot_before=4.193085e+34, rho_tot_after=4.193085e+34
V_RIDDER_RAW: a=1.17e-10 phi=2.43e+27 V_eV4=4.90e+54 Lambda=8.43e+13 f=2.43e+27 n=3
BG_FUNC: a=1.17e-10 V_eV4=4.90e+54 kinetic_eV2=5.59e-15 V_Mpc2=2.76e-01 KE_Mpc2=3.14e-70 rho_final=2.76e-01
RIDDER DEBUG (adding to rho_tot): a=1.173685e-10, rho_ridder=2.756911e-01, rho_tot_before=1.450015e+28, rho_tot_after=1.450015e+28
V_RIDDER_RAW: a=4.25e-09 phi=2.43e+27 V_eV4=4.90e+54 Lambda=8.43e+13 f=2.43e+27 n=3
DDV_CHECK: call#=460000 a=4.25e-09 phi=2.43e+27 ddV_eV2=1.95e+01 (positive=1)
BG_FUNC: a=4.25e-09 V_eV4=4.90e+54 kinetic_eV2=1.13e-23 V_Mpc2=2.76e-01 KE_Mpc2=6.37e-79 rho_final=2.76e-01
RIDDER DEBUG (adding to rho_tot): a=4.250996e-09, rho_ridder=2.756911e-01, rho_tot_before=8.426105e+21, rho_tot_after=8.426105e+21
V_RIDDER_RAW: a=1.54e-07 phi=2.43e+27 V_eV4=4.90e+54 Lambda=8.43e+13 f=2.43e+27 n=3
BG_FUNC: a=1.54e-07 V_eV4=4.90e+54 kinetic_eV2=5.55e-18 V_Mpc2=2.76e-01 KE_Mpc2=3.12e-73 rho_final=2.76e-01
RIDDER DEBUG (adding to rho_tot): a=1.540810e-07, rho_ridder=2.756911e-01, rho_tot_before=4.886167e+15, rho_tot_after=4.886167e+15
DERIVS_ENTRY: call#=45000 has_ridder=1 Lambda=8.43e+13 a=1.70e-06
RIDDER DERIVS CALLED: call#=45000 a=1.70e-06 phi=2.43e+27 fluid_mode=0
FIELD_MODE: call#=45000 a=1.70e-06 fluid_mode=0
DERIVS: call#=45000 a=1.70e-06 phi=2.43e+27 phi'=-6.88e-13 dphi/dlna=-5.41e-13 dphi'/dlna=-2.06e-12 dV=1.51e+00 H=7.48e+05
V_RIDDER_RAW: a=4.65e-06 phi=2.43e+27 V_eV4=4.90e+54 Lambda=8.43e+13 f=2.43e+27 n=3
DDV_CHECK: call#=470000 a=4.65e-06 phi=2.43e+27 ddV_eV2=1.95e+01 (positive=1)
BG_FUNC: a=4.65e-06 V_eV4=4.90e+54 kinetic_eV2=4.54e-12 V_Mpc2=2.76e-01 KE_Mpc2=2.55e-67 rho_final=2.76e-01
RIDDER DEBUG (adding to rho_tot): a=4.648006e-06, rho_ridder=2.756911e-01, rho_tot_before=6.053173e+09, rho_tot_after=6.053173e+09
V_RIDDER_RAW: a=1.42e-04 phi=2.43e+27 V_eV4=4.90e+54 Lambda=8.43e+13 f=2.43e+27 n=3
BG_FUNC: a=1.42e-04 V_eV4=4.90e+54 kinetic_eV2=2.85e-06 V_Mpc2=2.76e-01 KE_Mpc2=1.60e-61 rho_final=2.76e-01
RIDDER DEBUG (adding to rho_tot): a=1.419070e-04, rho_ridder=2.756911e-01, rho_tot_before=1.232965e+04, rho_tot_after=1.232993e+04
RIDDER DEBUG (adding to rho_tot): a=9.975424e-04, rho_ridder=2.756911e-01, rho_tot_before=1.874031e+01, rho_tot_after=1.901600e+01
RIDDER DEBUG (adding to rho_tot): a=9.905466e-04, rho_ridder=2.756911e-01, rho_tot_before=1.916023e+01, rho_tot_after=1.943592e+01
RIDDER DEBUG (adding to rho_tot): a=9.913452e-04, rho_ridder=2.756911e-01, rho_tot_before=1.911166e+01, rho_tot_after=1.938735e+01
RIDDER DEBUG (adding to rho_tot): a=9.921445e-04, rho_ridder=2.756911e-01, rho_tot_before=1.906322e+01, rho_tot_after=1.933891e+01
RIDDER DEBUG (adding to rho_tot): a=9.929444e-04, rho_ridder=2.756911e-01, rho_tot_before=1.901490e+01, rho_tot_after=1.929059e+01
RIDDER DEBUG (adding to rho_tot): a=9.937449e-04, rho_ridder=2.756911e-01, rho_tot_before=1.896671e+01, rho_tot_after=1.924240e+01
RIDDER DEBUG (adding to rho_tot): a=9.945462e-04, rho_ridder=2.756911e-01, rho_tot_before=1.891864e+01, rho_tot_after=1.919433e+01
RIDDER DEBUG (adding to rho_tot): a=9.953480e-04, rho_ridder=2.756911e-01, rho_tot_before=1.887069e+01, rho_tot_after=1.914638e+01
RIDDER DEBUG (adding to rho_tot): a=9.961505e-04, rho_ridder=2.756911e-01, rho_tot_before=1.882287e+01, rho_tot_after=1.909856e+01
RIDDER DEBUG (adding to rho_tot): a=9.969536e-04, rho_ridder=2.756911e-01, rho_tot_before=1.877517e+01, rho_tot_after=1.905086e+01
RIDDER DEBUG (adding to rho_tot): a=1.007898e-03, rho_ridder=2.756911e-01, rho_tot_before=1.814089e+01, rho_tot_after=1.841658e+01
RIDDER DEBUG (adding to rho_tot): a=9.977574e-04, rho_ridder=2.756911e-01, rho_tot_before=1.872759e+01, rho_tot_after=1.900328e+01
RIDDER DEBUG (adding to rho_tot): a=9.985619e-04, rho_ridder=2.756911e-01, rho_tot_before=1.868014e+01, rho_tot_after=1.895583e+01
RIDDER DEBUG (adding to rho_tot): a=9.993670e-04, rho_ridder=2.756911e-01, rho_tot_before=1.863280e+01, rho_tot_after=1.890849e+01
RIDDER DEBUG (adding to rho_tot): a=1.000173e-03, rho_ridder=2.756911e-01, rho_tot_before=1.858559e+01, rho_tot_after=1.886128e+01
RIDDER DEBUG (adding to rho_tot): a=1.000979e-03, rho_ridder=2.756911e-01, rho_tot_before=1.853850e+01, rho_tot_after=1.881419e+01
RIDDER DEBUG (adding to rho_tot): a=1.001786e-03, rho_ridder=2.756911e-01, rho_tot_before=1.849153e+01, rho_tot_after=1.876722e+01
RIDDER DEBUG (adding to rho_tot): a=1.002594e-03, rho_ridder=2.756911e-01, rho_tot_before=1.844468e+01, rho_tot_after=1.872037e+01
RIDDER DEBUG (adding to rho_tot): a=1.003402e-03, rho_ridder=2.756911e-01, rho_tot_before=1.839795e+01, rho_tot_after=1.867364e+01
RIDDER DEBUG (adding to rho_tot): a=1.004211e-03, rho_ridder=2.756911e-01, rho_tot_before=1.835134e+01, rho_tot_after=1.862703e+01
RIDDER DEBUG (adding to rho_tot): a=1.005021e-03, rho_ridder=2.756911e-01, rho_tot_before=1.830485e+01, rho_tot_after=1.858054e+01
RIDDER DEBUG (adding to rho_tot): a=1.005831e-03, rho_ridder=2.756911e-01, rho_tot_before=1.825848e+01, rho_tot_after=1.853417e+01
RIDDER DEBUG (adding to rho_tot): a=1.006642e-03, rho_ridder=2.756911e-01, rho_tot_before=1.821223e+01, rho_tot_after=1.848792e+01
RIDDER DEBUG (adding to rho_tot): a=1.007454e-03, rho_ridder=2.756911e-01, rho_tot_before=1.816609e+01, rho_tot_after=1.844178e+01
RIDDER DEBUG (adding to rho_tot): a=1.008266e-03, rho_ridder=2.756911e-01, rho_tot_before=1.812008e+01, rho_tot_after=1.839577e+01
RIDDER DEBUG (adding to rho_tot): a=1.009079e-03, rho_ridder=2.756911e-01, rho_tot_before=1.807418e+01, rho_tot_after=1.834987e+01
RIDDER DEBUG (adding to rho_tot): a=1.009892e-03, rho_ridder=2.756911e-01, rho_tot_before=1.802840e+01, rho_tot_after=1.830409e+01
V_RIDDER_RAW: a=5.14e-03 phi=2.43e+27 V_eV4=4.90e+54 Lambda=8.43e+13 f=2.43e+27 n=3
DDV_CHECK: call#=480000 a=5.14e-03 phi=2.43e+27 ddV_eV2=1.95e+01 (positive=1)
BG_FUNC: a=5.14e-03 V_eV4=4.90e+54 kinetic_eV2=2.05e-01 V_Mpc2=2.76e-01 KE_Mpc2=1.15e-56 rho_final=2.76e-01
RIDDER DEBUG (adding to rho_tot): a=5.139759e-03, rho_ridder=2.756911e-01, rho_tot_before=1.206346e-01, rho_tot_after=3.963257e-01
V_RIDDER_RAW: a=2.26e-01 phi=2.43e+27 V_eV4=4.90e+54 Lambda=8.43e+13 f=2.43e+27 n=3
BG_FUNC: a=2.26e-01 V_eV4=4.90e+54 kinetic_eV2=4.62e-01 V_Mpc2=2.76e-01 KE_Mpc2=2.60e-56 rho_final=2.76e-01
RIDDER DEBUG (adding to rho_tot): a=2.258832e-01, rho_ridder=2.756911e-01, rho_tot_before=1.375786e-06, rho_tot_after=2.756925e-01
RIDDER_SHOOT iter= 9  log10_Lambda=13.926  f_peak=0.10755  z_peak= 500.1  target=0.10000
BACKGROUND_SOLVE ENTERED: has_ridder=1 Lambda=8.32e+13
ABOUT TO INTEGRATE: bi_size=7 has_ridder=1 Lambda=8.32e+13
V_RIDDER_RAW: a=9.26e-14 phi=2.43e+27 V_eV4=4.65e+54 Lambda=8.32e+13 f=2.43e+27 n=3
DDV_CHECK: call#=490000 a=9.26e-14 phi=2.43e+27 ddV_eV2=1.85e+01 (positive=1)
BG_FUNC: a=9.26e-14 V_eV4=4.65e+54 kinetic_eV2=2.08e+04 V_Mpc2=2.61e-01 KE_Mpc2=1.17e-51 rho_final=2.61e-01
RIDDER DEBUG (adding to rho_tot): a=9.262414e-14, rho_ridder=2.612073e-01, rho_tot_before=3.738371e+40, rho_tot_after=3.738371e+40
V_RIDDER_RAW: a=4.09e-12 phi=2.43e+27 V_eV4=4.65e+54 Lambda=8.32e+13 f=2.43e+27 n=3
BG_FUNC: a=4.09e-12 V_eV4=4.65e+54 kinetic_eV2=2.78e-06 V_Mpc2=2.61e-01 KE_Mpc2=1.57e-61 rho_final=2.61e-01
RIDDER DEBUG (adding to rho_tot): a=4.093693e-12, rho_ridder=2.612073e-01, rho_tot_before=9.797559e+33, rho_tot_after=9.797559e+33
V_RIDDER_RAW: a=1.66e-10 phi=2.43e+27 V_eV4=4.65e+54 Lambda=8.32e+13 f=2.43e+27 n=3
DDV_CHECK: call#=500000 a=1.66e-10 phi=2.43e+27 ddV_eV2=1.85e+01 (positive=1)
BG_FUNC: a=1.66e-10 V_eV4=4.65e+54 kinetic_eV2=6.33e-16 V_Mpc2=2.61e-01 KE_Mpc2=3.56e-71 rho_final=2.61e-01
RIDDER DEBUG (adding to rho_tot): a=1.657126e-10, rho_ridder=2.612073e-01, rho_tot_before=3.648863e+27, rho_tot_after=3.648863e+27
V_RIDDER_RAW: a=6.01e-09 phi=2.43e+27 V_eV4=4.65e+54 Lambda=8.32e+13 f=2.43e+27 n=3
BG_FUNC: a=6.01e-09 V_eV4=4.65e+54 kinetic_eV2=1.54e-23 V_Mpc2=2.61e-01 KE_Mpc2=8.66e-79 rho_final=2.61e-01
RIDDER DEBUG (adding to rho_tot): a=6.011661e-09, rho_ridder=2.612073e-01, rho_tot_before=2.106766e+21, rho_tot_after=2.106766e+21
V_RIDDER_RAW: a=2.13e-07 phi=2.43e+27 V_eV4=4.65e+54 Lambda=8.32e+13 f=2.43e+27 n=3
DDV_CHECK: call#=510000 a=2.13e-07 phi=2.43e+27 ddV_eV2=1.85e+01 (positive=1)
BG_FUNC: a=2.13e-07 V_eV4=4.65e+54 kinetic_eV2=1.80e-17 V_Mpc2=2.61e-01 KE_Mpc2=1.01e-72 rho_final=2.61e-01
RIDDER DEBUG (adding to rho_tot): a=2.125363e-07, rho_ridder=2.612073e-01, rho_tot_before=1.350136e+15, rho_tot_after=1.350136e+15
V_RIDDER_RAW: a=6.54e-06 phi=2.43e+27 V_eV4=4.65e+54 Lambda=8.32e+13 f=2.43e+27 n=3
BG_FUNC: a=6.54e-06 V_eV4=4.65e+54 kinetic_eV2=1.59e-11 V_Mpc2=2.61e-01 KE_Mpc2=8.94e-67 rho_final=2.61e-01
RIDDER DEBUG (adding to rho_tot): a=6.541395e-06, rho_ridder=2.612073e-01, rho_tot_before=1.559393e+09, rho_tot_after=1.559393e+09
DERIVS_ENTRY: call#=50000 has_ridder=1 Lambda=8.32e+13 a=1.64e-05
RIDDER DERIVS CALLED: call#=50000 a=1.64e-05 phi=2.43e+27 fluid_mode=0
FIELD_MODE: call#=50000 a=1.64e-05 fluid_mode=0
DERIVS: call#=50000 a=1.64e-05 phi=2.43e+27 phi'=-5.76e-10 dphi/dlna=-4.26e-09 dphi'/dlna=-1.71e-09 dV=1.43e+00 H=8.22e+03
V_RIDDER_RAW: a=2.01e-04 phi=2.43e+27 V_eV4=4.65e+54 Lambda=8.32e+13 f=2.43e+27 n=3
DDV_CHECK: call#=520000 a=2.01e-04 phi=2.43e+27 ddV_eV2=1.85e+01 (positive=1)
BG_FUNC: a=2.01e-04 V_eV4=4.65e+54 kinetic_eV2=9.27e-06 V_Mpc2=2.61e-01 KE_Mpc2=5.21e-61 rho_final=2.61e-01
RIDDER DEBUG (adding to rho_tot): a=2.013296e-04, rho_ridder=2.612073e-01, rho_tot_before=3.616282e+03, rho_tot_after=3.616544e+03
RIDDER DEBUG (adding to rho_tot): a=9.973582e-04, rho_ridder=2.612073e-01, rho_tot_before=1.875120e+01, rho_tot_after=1.901241e+01
RIDDER DEBUG (adding to rho_tot): a=9.905466e-04, rho_ridder=2.612073e-01, rho_tot_before=1.916023e+01, rho_tot_after=1.942143e+01
RIDDER DEBUG (adding to rho_tot): a=9.913452e-04, rho_ridder=2.612073e-01, rho_tot_before=1.911166e+01, rho_tot_after=1.937287e+01
RIDDER DEBUG (adding to rho_tot): a=9.921445e-04, rho_ridder=2.612073e-01, rho_tot_before=1.906322e+01, rho_tot_after=1.932443e+01
RIDDER DEBUG (adding to rho_tot): a=9.929444e-04, rho_ridder=2.612073e-01, rho_tot_before=1.901490e+01, rho_tot_after=1.927611e+01
RIDDER DEBUG (adding to rho_tot): a=9.937449e-04, rho_ridder=2.612073e-01, rho_tot_before=1.896671e+01, rho_tot_after=1.922792e+01
RIDDER DEBUG (adding to rho_tot): a=9.945462e-04, rho_ridder=2.612073e-01, rho_tot_before=1.891864e+01, rho_tot_after=1.917985e+01
RIDDER DEBUG (adding to rho_tot): a=9.953480e-04, rho_ridder=2.612073e-01, rho_tot_before=1.887069e+01, rho_tot_after=1.913190e+01
RIDDER DEBUG (adding to rho_tot): a=9.961505e-04, rho_ridder=2.612073e-01, rho_tot_before=1.882287e+01, rho_tot_after=1.908408e+01
RIDDER DEBUG (adding to rho_tot): a=9.969536e-04, rho_ridder=2.612073e-01, rho_tot_before=1.877517e+01, rho_tot_after=1.903638e+01
RIDDER DEBUG (adding to rho_tot): a=1.007727e-03, rho_ridder=2.612073e-01, rho_tot_before=1.815061e+01, rho_tot_after=1.841182e+01
RIDDER DEBUG (adding to rho_tot): a=9.977574e-04, rho_ridder=2.612073e-01, rho_tot_before=1.872759e+01, rho_tot_after=1.898880e+01
RIDDER DEBUG (adding to rho_tot): a=9.985619e-04, rho_ridder=2.612073e-01, rho_tot_before=1.868014e+01, rho_tot_after=1.894134e+01
RIDDER DEBUG (adding to rho_tot): a=9.993670e-04, rho_ridder=2.612073e-01, rho_tot_before=1.863280e+01, rho_tot_after=1.889401e+01
RIDDER DEBUG (adding to rho_tot): a=1.000173e-03, rho_ridder=2.612073e-01, rho_tot_before=1.858559e+01, rho_tot_after=1.884680e+01
RIDDER DEBUG (adding to rho_tot): a=1.000979e-03, rho_ridder=2.612073e-01, rho_tot_before=1.853850e+01, rho_tot_after=1.879971e+01
RIDDER DEBUG (adding to rho_tot): a=1.001786e-03, rho_ridder=2.612073e-01, rho_tot_before=1.849153e+01, rho_tot_after=1.875274e+01
RIDDER DEBUG (adding to rho_tot): a=1.002594e-03, rho_ridder=2.612073e-01, rho_tot_before=1.844468e+01, rho_tot_after=1.870589e+01
RIDDER DEBUG (adding to rho_tot): a=1.003402e-03, rho_ridder=2.612073e-01, rho_tot_before=1.839795e+01, rho_tot_after=1.865916e+01
RIDDER DEBUG (adding to rho_tot): a=1.004211e-03, rho_ridder=2.612073e-01, rho_tot_before=1.835134e+01, rho_tot_after=1.861255e+01
RIDDER DEBUG (adding to rho_tot): a=1.005021e-03, rho_ridder=2.612073e-01, rho_tot_before=1.830485e+01, rho_tot_after=1.856606e+01
RIDDER DEBUG (adding to rho_tot): a=1.005831e-03, rho_ridder=2.612073e-01, rho_tot_before=1.825848e+01, rho_tot_after=1.851969e+01
RIDDER DEBUG (adding to rho_tot): a=1.006642e-03, rho_ridder=2.612073e-01, rho_tot_before=1.821223e+01, rho_tot_after=1.847343e+01
RIDDER DEBUG (adding to rho_tot): a=1.007454e-03, rho_ridder=2.612073e-01, rho_tot_before=1.816609e+01, rho_tot_after=1.842730e+01
RIDDER DEBUG (adding to rho_tot): a=1.008266e-03, rho_ridder=2.612073e-01, rho_tot_before=1.812008e+01, rho_tot_after=1.838128e+01
RIDDER DEBUG (adding to rho_tot): a=1.009079e-03, rho_ridder=2.612073e-01, rho_tot_before=1.807418e+01, rho_tot_after=1.833539e+01
RIDDER DEBUG (adding to rho_tot): a=1.009892e-03, rho_ridder=2.612073e-01, rho_tot_before=1.802840e+01, rho_tot_after=1.828961e+01
V_RIDDER_RAW: a=7.51e-03 phi=2.43e+27 V_eV4=4.65e+54 Lambda=8.32e+13 f=2.43e+27 n=3
BG_FUNC: a=7.51e-03 V_eV4=4.65e+54 kinetic_eV2=2.93e-01 V_Mpc2=2.61e-01 KE_Mpc2=1.65e-56 rho_final=2.61e-01
RIDDER DEBUG (adding to rho_tot): a=7.506662e-03, rho_ridder=2.612073e-01, rho_tot_before=3.832311e-02, rho_tot_after=2.995304e-01
V_RIDDER_RAW: a=3.33e-01 phi=2.43e+27 V_eV4=4.65e+54 Lambda=8.32e+13 f=2.43e+27 n=3
DDV_CHECK: call#=530000 a=3.33e-01 phi=2.43e+27 ddV_eV2=1.85e+01 (positive=1)
BG_FUNC: a=3.33e-01 V_eV4=4.65e+54 kinetic_eV2=4.38e-01 V_Mpc2=2.61e-01 KE_Mpc2=2.46e-56 rho_final=2.61e-01
RIDDER DEBUG (adding to rho_tot): a=3.333789e-01, rho_ridder=2.612073e-01, rho_tot_before=4.278392e-07, rho_tot_after=2.612077e-01
RIDDER_SHOOT iter=10  log10_Lambda=13.920  f_peak=0.10248  z_peak= 500.1  target=0.10000
BACKGROUND_SOLVE ENTERED: has_ridder=1 Lambda=8.26e+13
ABOUT TO INTEGRATE: bi_size=7 has_ridder=1 Lambda=8.26e+13
V_RIDDER_RAW: a=1.37e-13 phi=2.43e+27 V_eV4=4.52e+54 Lambda=8.26e+13 f=2.43e+27 n=3
BG_FUNC: a=1.37e-13 V_eV4=4.52e+54 kinetic_eV2=1.91e+03 V_Mpc2=2.54e-01 KE_Mpc2=1.07e-52 rho_final=2.54e-01
RIDDER DEBUG (adding to rho_tot): a=1.365930e-13, rho_ridder=2.542533e-01, rho_tot_before=7.904338e+39, rho_tot_after=7.904338e+39
V_RIDDER_RAW: a=6.04e-12 phi=2.43e+27 V_eV4=4.52e+54 Lambda=8.26e+13 f=2.43e+27 n=3
DDV_CHECK: call#=540000 a=6.04e-12 phi=2.43e+27 ddV_eV2=1.80e+01 (positive=1)
BG_FUNC: a=6.04e-12 V_eV4=4.52e+54 kinetic_eV2=2.55e-07 V_Mpc2=2.54e-01 KE_Mpc2=1.44e-62 rho_final=2.54e-01
RIDDER DEBUG (adding to rho_tot): a=6.041844e-12, rho_ridder=2.542533e-01, rho_tot_before=2.064909e+33, rho_tot_after=2.064909e+33
V_RIDDER_RAW: a=2.40e-10 phi=2.43e+27 V_eV4=4.52e+54 Lambda=8.26e+13 f=2.43e+27 n=3
BG_FUNC: a=2.40e-10 V_eV4=4.52e+54 kinetic_eV2=6.58e-17 V_Mpc2=2.54e-01 KE_Mpc2=3.70e-72 rho_final=2.54e-01
RIDDER DEBUG (adding to rho_tot): a=2.395022e-10, rho_ridder=2.542533e-01, rho_tot_before=8.362608e+26, rho_tot_after=8.362608e+26
V_RIDDER_RAW: a=8.69e-09 phi=2.43e+27 V_eV4=4.52e+54 Lambda=8.26e+13 f=2.43e+27 n=3
DDV_CHECK: call#=550000 a=8.69e-09 phi=2.43e+27 ddV_eV2=1.80e+01 (positive=1)
BG_FUNC: a=8.69e-09 V_eV4=4.52e+54 kinetic_eV2=5.01e-23 V_Mpc2=2.54e-01 KE_Mpc2=2.82e-78 rho_final=2.54e-01
RIDDER DEBUG (adding to rho_tot): a=8.688573e-09, rho_ridder=2.542533e-01, rho_tot_before=4.828441e+20, rho_tot_after=4.828441e+20
V_RIDDER_RAW: a=3.05e-07 phi=2.43e+27 V_eV4=4.52e+54 Lambda=8.26e+13 f=2.43e+27 n=3
BG_FUNC: a=3.05e-07 V_eV4=4.52e+54 kinetic_eV2=7.21e-17 V_Mpc2=2.54e-01 KE_Mpc2=4.05e-72 rho_final=2.54e-01
RIDDER DEBUG (adding to rho_tot): a=3.046161e-07, rho_ridder=2.542533e-01, rho_tot_before=3.201317e+14, rho_tot_after=3.201317e+14
V_RIDDER_RAW: a=9.24e-06 phi=2.43e+27 V_eV4=4.52e+54 Lambda=8.26e+13 f=2.43e+27 n=3
DDV_CHECK: call#=560000 a=9.24e-06 phi=2.43e+27 ddV_eV2=1.80e+01 (positive=1)
BG_FUNC: a=9.24e-06 V_eV4=4.52e+54 kinetic_eV2=5.96e-11 V_Mpc2=2.54e-01 KE_Mpc2=3.35e-66 rho_final=2.54e-01
RIDDER DEBUG (adding to rho_tot): a=9.243238e-06, rho_ridder=2.542533e-01, rho_tot_before=3.970119e+08, rho_tot_after=3.970119e+08
DERIVS_ENTRY: call#=55000 has_ridder=1 Lambda=8.26e+13 a=1.61e-04
RIDDER DERIVS CALLED: call#=55000 a=1.61e-04 phi=2.43e+27 fluid_mode=0
FIELD_MODE: call#=55000 a=1.61e-04 fluid_mode=0
DERIVS: call#=55000 a=1.61e-04 phi=2.43e+27 phi'=-4.48e-07 dphi/dlna=-2.69e-05 dphi'/dlna=-1.28e-06 dV=1.40e+00 H=1.04e+02
V_RIDDER_RAW: a=2.86e-04 phi=2.43e+27 V_eV4=4.52e+54 Lambda=8.26e+13 f=2.43e+27 n=3
BG_FUNC: a=2.86e-04 V_eV4=4.52e+54 kinetic_eV2=3.09e-05 V_Mpc2=2.54e-01 KE_Mpc2=1.74e-60 rho_final=2.54e-01
RIDDER DEBUG (adding to rho_tot): a=2.855242e-04, rho_ridder=2.542533e-01, rho_tot_before=1.094681e+03, rho_tot_after=1.094936e+03
RIDDER DEBUG (adding to rho_tot): a=9.957495e-04, rho_ridder=2.542533e-01, rho_tot_before=1.884674e+01, rho_tot_after=1.910100e+01
RIDDER DEBUG (adding to rho_tot): a=9.905466e-04, rho_ridder=2.542533e-01, rho_tot_before=1.916023e+01, rho_tot_after=1.941448e+01
RIDDER DEBUG (adding to rho_tot): a=9.913452e-04, rho_ridder=2.542533e-01, rho_tot_before=1.911166e+01, rho_tot_after=1.936591e+01
RIDDER DEBUG (adding to rho_tot): a=9.921445e-04, rho_ridder=2.542533e-01, rho_tot_before=1.906322e+01, rho_tot_after=1.931747e+01
RIDDER DEBUG (adding to rho_tot): a=9.929444e-04, rho_ridder=2.542533e-01, rho_tot_before=1.901490e+01, rho_tot_after=1.926916e+01
RIDDER DEBUG (adding to rho_tot): a=9.937449e-04, rho_ridder=2.542533e-01, rho_tot_before=1.896671e+01, rho_tot_after=1.922096e+01
RIDDER DEBUG (adding to rho_tot): a=9.945462e-04, rho_ridder=2.542533e-01, rho_tot_before=1.891864e+01, rho_tot_after=1.917289e+01
RIDDER DEBUG (adding to rho_tot): a=9.953480e-04, rho_ridder=2.542533e-01, rho_tot_before=1.887069e+01, rho_tot_after=1.912495e+01
RIDDER DEBUG (adding to rho_tot): a=1.005981e-03, rho_ridder=2.542533e-01, rho_tot_beforetimeout: the monitored command dumped core
bash: line 40: 2094547 Segmentation fault      timeout 90 ./class /tmp/theta_scan_1.0.ini 2>&1
