DEBUG: Ridder field ENABLED. Lambda = 1.000000e+13
DEBUG: Ridder field ENABLED. Lambda = 1.000000e+13
BACKGROUND_INIT ENTERED: Lambda=1.00e+13
RIDDER DEBUG (background_init): has_ridder=1, Lambda_EDE_ridder=1.000000e+13, f_axion_ridder=2.435000e+27, theta_i_ridder=1.500000e+00, beta_ridder=0.000000e+00
BACKGROUND_SOLVE ENTERED: has_ridder=1 Lambda=1.00e+10
DDV_CHECK: call#=1 a=1.00e-14 phi=3.65e+27 ddV_eV2=9.67e-15 (positive=1)
ABOUT TO INTEGRATE: bi_size=7 has_ridder=1 Lambda=1.00e+10
DDV_CHECK: call#=2 a=1.00e-14 phi=3.65e+27 ddV_eV2=9.67e-15 (positive=1)
RIDDER DERIVS: First call! has_ridder=1 Lambda=1.00e+10 fluid_mode=0
RIDDER DERIVS CALLED: call#=1 a=1.00e-14 phi=3.65e+27 fluid_mode=0
CHECKPOINT_A: call#=1
CHECKPOINT_B: call#=1
CHECKPOINT_C: call#=1
CHECKPOINT_E: After switching block
CHECKPOINT_F: After debug block
PRE_IF: call#=1 fluid_mode=0 _FALSE_=0 condition=1
FIELD_MODE: call#=1 a=1.00e-14 fluid_mode=0
DERIVS: call#=1 a=1.00e-14 phi=3.65e+27 phi'=-1.64e-24 dphi/dlna=-7.60e-33 dphi'/dlna=3.28e-24 dV=1.45e-15 H=2.16e+22
DDV_CHECK: call#=3 a=1.00e-14 phi=3.65e+27 ddV_eV2=9.67e-15 (positive=1)
RIDDER DERIVS CALLED: call#=2 a=1.00e-14 phi=3.65e+27 fluid_mode=0
CHECKPOINT_A: call#=2
CHECKPOINT_B: call#=2
CHECKPOINT_C: call#=2
CHECKPOINT_E: After switching block
CHECKPOINT_F: After debug block
PRE_IF: call#=2 fluid_mode=0 _FALSE_=0 condition=1
FIELD_MODE: call#=2 a=1.00e-14 fluid_mode=0
DERIVS: call#=2 a=1.00e-14 phi=3.65e+27 phi'=-1.64e-24 dphi/dlna=-7.60e-33 dphi'/dlna=3.28e-24 dV=1.45e-15 H=2.16e+22
DDV_CHECK: call#=4 a=1.00e-14 phi=3.65e+27 ddV_eV2=9.67e-15 (positive=1)
RIDDER DERIVS CALLED: call#=3 a=1.00e-14 phi=3.65e+27 fluid_mode=0
CHECKPOINT_A: call#=3
CHECKPOINT_B: call#=3
CHECKPOINT_C: call#=3
CHECKPOINT_E: After switching block
CHECKPOINT_F: After debug block
PRE_IF: call#=3 fluid_mode=0 _FALSE_=0 condition=1
FIELD_MODE: call#=3 a=1.00e-14 fluid_mode=0
DERIVS: call#=3 a=1.00e-14 phi=3.65e+27 phi'=-1.64e-24 dphi/dlna=-7.60e-33 dphi'/dlna=3.28e-24 dV=1.45e-15 H=2.16e+22
DDV_CHECK: call#=5 a=1.00e-14 phi=3.65e+27 ddV_eV2=9.67e-15 (positive=1)
RIDDER DERIVS CALLED: call#=4 a=1.00e-14 phi=3.65e+27 fluid_mode=0
CHECKPOINT_A: call#=4
CHECKPOINT_B: call#=4
CHECKPOINT_C: call#=4
CHECKPOINT_E: After switching block
CHECKPOINT_F: After debug block
PRE_IF: call#=4 fluid_mode=0 _FALSE_=0 condition=1
FIELD_MODE: call#=4 a=1.00e-14 fluid_mode=0
DERIVS: call#=4 a=1.00e-14 phi=3.65e+27 phi'=1.33e-23 dphi/dlna=6.15e-32 dphi'/dlna=-2.65e-23 dV=1.45e-15 H=2.16e+22
DDV_CHECK: call#=6 a=1.00e-14 phi=3.65e+27 ddV_eV2=9.67e-15 (positive=1)
PRE_IF: call#=5 fluid_mode=0 _FALSE_=0 condition=1
FIELD_MODE: call#=5 a=1.00e-14 fluid_mode=0
DERIVS: call#=5 a=1.00e-14 phi=3.65e+27 phi'=-1.64e-24 dphi/dlna=-7.60e-33 dphi'/dlna=3.28e-24 dV=1.45e-15 H=2.16e+22
DDV_CHECK: call#=7 a=1.00e-14 phi=3.65e+27 ddV_eV2=9.67e-15 (positive=1)
PRE_IF: call#=6 fluid_mode=0 _FALSE_=0 condition=1
FIELD_MODE: call#=6 a=1.00e-14 fluid_mode=0
DERIVS: call#=6 a=1.00e-14 phi=3.65e+27 phi'=-1.64e-24 dphi/dlna=-7.60e-33 dphi'/dlna=3.28e-24 dV=1.45e-15 H=2.16e+22
DDV_CHECK: call#=8 a=1.00e-14 phi=3.65e+27 ddV_eV2=9.67e-15 (positive=1)
PRE_IF: call#=7 fluid_mode=0 _FALSE_=0 condition=1
FIELD_MODE: call#=7 a=1.00e-14 fluid_mode=0
DERIVS: call#=7 a=1.00e-14 phi=3.65e+27 phi'=-1.64e-24 dphi/dlna=-7.60e-33 dphi'/dlna=3.28e-24 dV=1.45e-15 H=2.16e+22
DDV_CHECK: call#=9 a=1.00e-14 phi=3.65e+27 ddV_eV2=9.67e-15 (positive=1)
PRE_IF: call#=8 fluid_mode=0 _FALSE_=0 condition=1
FIELD_MODE: call#=8 a=1.00e-14 fluid_mode=0
DERIVS: call#=8 a=1.00e-14 phi=3.65e+27 phi'=-1.64e-24 dphi/dlna=-7.60e-33 dphi'/dlna=3.28e-24 dV=1.45e-15 H=2.16e+22
PRE_IF: call#=9 fluid_mode=0 _FALSE_=0 condition=1
FIELD_MODE: call#=9 a=1.00e-14 fluid_mode=0
DERIVS: call#=9 a=1.00e-14 phi=3.65e+27 phi'=-1.64e-24 dphi/dlna=-7.60e-33 dphi'/dlna=3.28e-24 dV=1.45e-15 H=2.16e+22
V_RIDDER_RAW: a=4.65e-13 phi=3.65e+27 V_eV4=8.02e+39 Lambda=1.00e+10 f=2.43e+27 n=3
BG_FUNC: a=4.65e-13 V_eV4=8.02e+39 kinetic_eV2=1.34e-30 V_Mpc2=4.51e-16 KE_Mpc2=7.51e-86 rho_final=4.51e-16
RIDDER DEBUG (adding to rho_tot): a=4.646133e-13, rho_ridder=4.511246e-16, rho_tot_before=5.904898e+37, rho_tot_after=5.904898e+37
V_RIDDER_RAW: a=2.28e-11 phi=3.65e+27 V_eV4=8.02e+39 Lambda=1.00e+10 f=2.43e+27 n=3
DDV_CHECK: call#=10000 a=2.28e-11 phi=3.65e+27 ddV_eV2=9.67e-15 (positive=1)
BG_FUNC: a=2.28e-11 V_eV4=8.02e+39 kinetic_eV2=9.47e-41 V_Mpc2=4.51e-16 KE_Mpc2=5.33e-96 rho_final=4.51e-16
RIDDER DEBUG (adding to rho_tot): a=2.283936e-11, rho_ridder=4.511246e-16, rho_tot_before=1.011214e+31, rho_tot_after=1.011214e+31
V_RIDDER_RAW: a=8.77e-10 phi=3.65e+27 V_eV4=8.02e+39 Lambda=1.00e+10 f=2.43e+27 n=3
BG_FUNC: a=8.77e-10 V_eV4=8.02e+39 kinetic_eV2=2.96e-50 V_Mpc2=4.51e-16 KE_Mpc2=1.67e-105 rho_final=4.51e-16
RIDDER DEBUG (adding to rho_tot): a=8.766446e-10, rho_ridder=4.511246e-16, rho_tot_before=4.658939e+24, rho_tot_after=4.658939e+24
V_RIDDER_RAW: a=3.23e-08 phi=3.65e+27 V_eV4=8.02e+39 Lambda=1.00e+10 f=2.43e+27 n=3
DDV_CHECK: call#=20000 a=3.23e-08 phi=3.65e+27 ddV_eV2=9.67e-15 (positive=1)
BG_FUNC: a=3.23e-08 V_eV4=8.02e+39 kinetic_eV2=9.90e-51 V_Mpc2=4.51e-16 KE_Mpc2=5.56e-106 rho_final=4.51e-16
RIDDER DEBUG (adding to rho_tot): a=3.231936e-08, rho_ridder=4.511246e-16, rho_tot_before=2.522371e+18, rho_tot_after=2.522371e+18
V_RIDDER_RAW: a=1.21e-06 phi=3.65e+27 V_eV4=8.02e+39 Lambda=1.00e+10 f=2.43e+27 n=3
BG_FUNC: a=1.21e-06 V_eV4=8.02e+39 kinetic_eV2=1.92e-44 V_Mpc2=4.51e-16 KE_Mpc2=1.08e-99 rho_final=4.51e-16
RIDDER DEBUG (adding to rho_tot): a=1.207531e-06, rho_ridder=4.511246e-16, rho_tot_before=1.303152e+12, rho_tot_after=1.303152e+12
V_RIDDER_RAW: a=4.39e-05 phi=3.65e+27 V_eV4=8.02e+39 Lambda=1.00e+10 f=2.43e+27 n=3
DDV_CHECK: call#=30000 a=4.39e-05 phi=3.65e+27 ddV_eV2=9.67e-15 (positive=1)
BG_FUNC: a=4.39e-05 V_eV4=8.02e+39 kinetic_eV2=2.99e-38 V_Mpc2=4.51e-16 KE_Mpc2=1.68e-93 rho_final=4.51e-16
RIDDER DEBUG (adding to rho_tot): a=4.385722e-05, rho_ridder=4.511246e-16, rho_tot_before=9.315508e+05, rho_tot_after=9.315508e+05
RIDDER DEBUG (adding to rho_tot): a=9.944477e-04, rho_ridder=4.511246e-16, rho_tot_before=1.892453e+01, rho_tot_after=1.892453e+01
RIDDER DEBUG (adding to rho_tot): a=9.905466e-04, rho_ridder=4.511246e-16, rho_tot_before=1.916023e+01, rho_tot_after=1.916023e+01
RIDDER DEBUG (adding to rho_tot): a=9.913452e-04, rho_ridder=4.511246e-16, rho_tot_before=1.911166e+01, rho_tot_after=1.911166e+01
RIDDER DEBUG (adding to rho_tot): a=9.921445e-04, rho_ridder=4.511246e-16, rho_tot_before=1.906322e+01, rho_tot_after=1.906322e+01
RIDDER DEBUG (adding to rho_tot): a=9.929444e-04, rho_ridder=4.511246e-16, rho_tot_before=1.901490e+01, rho_tot_after=1.901490e+01
RIDDER DEBUG (adding to rho_tot): a=9.937449e-04, rho_ridder=4.511246e-16, rho_tot_before=1.896671e+01, rho_tot_after=1.896671e+01
RIDDER DEBUG (adding to rho_tot): a=9.945462e-04, rho_ridder=4.511246e-16, rho_tot_before=1.891864e+01, rho_tot_after=1.891864e+01
RIDDER DEBUG (adding to rho_tot): a=9.953480e-04, rho_ridder=4.511246e-16, rho_tot_before=1.887069e+01, rho_tot_after=1.887069e+01
RIDDER DEBUG (adding to rho_tot): a=9.961505e-04, rho_ridder=4.511246e-16, rho_tot_before=1.882287e+01, rho_tot_after=1.882287e+01
RIDDER DEBUG (adding to rho_tot): a=9.969536e-04, rho_ridder=4.511246e-16, rho_tot_before=1.877517e+01, rho_tot_after=1.877517e+01
RIDDER DEBUG (adding to rho_tot): a=9.977574e-04, rho_ridder=4.511246e-16, rho_tot_before=1.872759e+01, rho_tot_after=1.872759e+01
RIDDER DEBUG (adding to rho_tot): a=9.985619e-04, rho_ridder=4.511246e-16, rho_tot_before=1.868014e+01, rho_tot_after=1.868014e+01
RIDDER DEBUG (adding to rho_tot): a=9.993670e-04, rho_ridder=4.511246e-16, rho_tot_before=1.863280e+01, rho_tot_after=1.863280e+01
RIDDER DEBUG (adding to rho_tot): a=1.000173e-03, rho_ridder=4.511246e-16, rho_tot_before=1.858559e+01, rho_tot_after=1.858559e+01
RIDDER DEBUG (adding to rho_tot): a=1.000979e-03, rho_ridder=4.511246e-16, rho_tot_before=1.853850e+01, rho_tot_after=1.853850e+01
RIDDER DEBUG (adding to rho_tot): a=1.001786e-03, rho_ridder=4.511246e-16, rho_tot_before=1.849153e+01, rho_tot_after=1.849153e+01
RIDDER DEBUG (adding to rho_tot): a=1.002594e-03, rho_ridder=4.511246e-16, rho_tot_before=1.844468e+01, rho_tot_after=1.844468e+01
RIDDER DEBUG (adding to rho_tot): a=1.003402e-03, rho_ridder=4.511246e-16, rho_tot_before=1.839795e+01, rho_tot_after=1.839795e+01
RIDDER DEBUG (adding to rho_tot): a=1.004211e-03, rho_ridder=4.511246e-16, rho_tot_before=1.835134e+01, rho_tot_after=1.835134e+01
RIDDER DEBUG (adding to rho_tot): a=1.005021e-03, rho_ridder=4.511246e-16, rho_tot_before=1.830485e+01, rho_tot_after=1.830485e+01
RIDDER DEBUG (adding to rho_tot): a=1.005831e-03, rho_ridder=4.511246e-16, rho_tot_before=1.825848e+01, rho_tot_after=1.825848e+01
RIDDER DEBUG (adding to rho_tot): a=1.006642e-03, rho_ridder=4.511246e-16, rho_tot_before=1.821223e+01, rho_tot_after=1.821223e+01
RIDDER DEBUG (adding to rho_tot): a=1.007454e-03, rho_ridder=4.511246e-16, rho_tot_before=1.816609e+01, rho_tot_after=1.816609e+01
RIDDER DEBUG (adding to rho_tot): a=1.008266e-03, rho_ridder=4.511246e-16, rho_tot_before=1.812008e+01, rho_tot_after=1.812008e+01
RIDDER DEBUG (adding to rho_tot): a=1.009079e-03, rho_ridder=4.511246e-16, rho_tot_before=1.807418e+01, rho_tot_after=1.807418e+01
RIDDER DEBUG (adding to rho_tot): a=1.009892e-03, rho_ridder=4.511246e-16, rho_tot_before=1.802840e+01, rho_tot_after=1.802840e+01
V_RIDDER_RAW: a=1.82e-03 phi=3.65e+27 V_eV4=8.02e+39 Lambda=1.00e+10 f=2.43e+27 n=3
BG_FUNC: a=1.82e-03 V_eV4=8.02e+39 kinetic_eV2=1.63e-32 V_Mpc2=4.51e-16 KE_Mpc2=9.18e-88 rho_final=4.51e-16
RIDDER DEBUG (adding to rho_tot): a=1.815856e-03, rho_ridder=4.511246e-16, rho_tot_before=2.899286e+00, rho_tot_after=2.899286e+00
V_RIDDER_RAW: a=8.10e-02 phi=3.65e+27 V_eV4=8.02e+39 Lambda=1.00e+10 f=2.43e+27 n=3
DDV_CHECK: call#=40000 a=8.10e-02 phi=3.65e+27 ddV_eV2=9.67e-15 (positive=1)
BG_FUNC: a=8.10e-02 V_eV4=8.02e+39 kinetic_eV2=1.74e-27 V_Mpc2=4.51e-16 KE_Mpc2=9.76e-83 rho_final=4.51e-16
RIDDER DEBUG (adding to rho_tot): a=8.096973e-02, rho_ridder=4.511246e-16, rho_tot_before=2.991100e-05, rho_tot_after=2.991100e-05
BACKGROUND_SOLVE ENTERED: has_ridder=1 Lambda=1.00e+16
ABOUT TO INTEGRATE: bi_size=7 has_ridder=1 Lambda=1.00e+16
V_RIDDER_RAW: a=2.96e-14 phi=3.65e+27 V_eV4=8.02e+63 Lambda=1.00e+16 f=2.43e+27 n=3
BG_FUNC: a=2.96e-14 V_eV4=8.02e+63 kinetic_eV2=2.00e+25 V_Mpc2=4.51e+08 KE_Mpc2=1.13e-30 rho_final=4.51e+08
RIDDER DEBUG (adding to rho_tot): a=2.958774e-14, rho_ridder=4.511246e+08, rho_tot_before=3.590310e+42, rho_tot_after=3.590310e+42
V_RIDDER_RAW: a=1.31e-12 phi=3.65e+27 V_eV4=8.02e+63 Lambda=1.00e+16 f=2.43e+27 n=3
DDV_CHECK: call#=50000 a=1.31e-12 phi=3.65e+27 ddV_eV2=9.67e+09 (positive=1)
BG_FUNC: a=1.31e-12 V_eV4=8.02e+63 kinetic_eV2=2.69e+15 V_Mpc2=4.51e+08 KE_Mpc2=1.51e-40 rho_final=4.51e+08
RIDDER DEBUG (adding to rho_tot): a=1.307684e-12, rho_ridder=4.511246e+08, rho_tot_before=9.409519e+35, rho_tot_after=9.409519e+35
V_RIDDER_RAW: a=5.86e-11 phi=3.65e+27 V_eV4=8.02e+63 Lambda=1.00e+16 f=2.43e+27 n=3
BG_FUNC: a=5.86e-11 V_eV4=8.02e+63 kinetic_eV2=3.33e+05 V_Mpc2=4.51e+08 KE_Mpc2=1.87e-50 rho_final=4.51e+08
RIDDER DEBUG (adding to rho_tot): a=5.857308e-11, rho_ridder=4.511246e+08, rho_tot_before=2.337690e+29, rho_tot_after=2.337690e+29
V_RIDDER_RAW: a=2.56e-09 phi=3.65e+27 V_eV4=8.02e+63 Lambda=1.00e+16 f=2.43e+27 n=3
DDV_CHECK: call#=60000 a=2.56e-09 phi=3.65e+27 ddV_eV2=9.67e+09 (positive=1)
BG_FUNC: a=2.56e-09 V_eV4=8.02e+63 kinetic_eV2=5.72e-05 V_Mpc2=4.51e+08 KE_Mpc2=3.22e-60 rho_final=4.51e+08
RIDDER DEBUG (adding to rho_tot): a=2.556438e-09, rho_ridder=4.511246e+08, rho_tot_before=6.442356e+22, rho_tot_after=6.442356e+22
DERIVS_ENTRY: call#=5000 has_ridder=1 Lambda=1.00e+16 a=2.13e-08
RIDDER DERIVS CALLED: call#=5000 a=2.13e-08 phi=3.65e+27 fluid_mode=0
FIELD_MODE: call#=5000 a=2.13e-08 fluid_mode=0
DERIVS: call#=5000 a=2.13e-08 phi=3.65e+27 phi'=-1.30e-09 dphi/dlna=-1.29e-11 dphi'/dlna=-3.91e-09 dV=1.45e+09 H=4.75e+09
V_RIDDER_RAW: a=7.85e-08 phi=3.65e+27 V_eV4=8.02e+63 Lambda=1.00e+16 f=2.43e+27 n=3
BG_FUNC: a=7.85e-08 V_eV4=8.02e+63 kinetic_eV2=3.44e-01 V_Mpc2=4.51e+08 KE_Mpc2=1.93e-56 rho_final=4.51e+08
RIDDER DEBUG (adding to rho_tot): a=7.849145e-08, rho_ridder=4.511246e+08, rho_tot_before=7.252468e+16, rho_tot_after=7.252468e+16
V_RIDDER_RAW: a=2.36e-06 phi=3.65e+27 V_eV4=8.02e+63 Lambda=1.00e+16 f=2.43e+27 n=3
DDV_CHECK: call#=70000 a=2.36e-06 phi=3.65e+27 ddV_eV2=9.67e+09 (positive=1)
BG_FUNC: a=2.36e-06 V_eV4=8.02e+63 kinetic_eV2=2.78e+05 V_Mpc2=4.51e+08 KE_Mpc2=1.56e-50 rho_final=4.51e+08
RIDDER DEBUG (adding to rho_tot): a=2.358084e-06, rho_ridder=4.511246e+08, rho_tot_before=9.019847e+10, rho_tot_after=9.064959e+10
V_RIDDER_RAW: a=8.90e-05 phi=3.65e+27 V_eV4=8.02e+63 Lambda=1.00e+16 f=2.43e+27 n=3
BG_FUNC: a=8.90e-05 V_eV4=8.02e+63 kinetic_eV2=2.59e+08 V_Mpc2=4.51e+08 KE_Mpc2=1.45e-47 rho_final=4.51e+08
RIDDER DEBUG (adding to rho_tot): a=8.899154e-05, rho_ridder=4.511246e+08, rho_tot_before=6.635302e+04, rho_tot_after=4.511909e+08
RIDDER DEBUG (adding to rho_tot): a=1.009311e-03, rho_ridder=4.511246e+08, rho_tot_before=1.806111e+01, rho_tot_after=4.511246e+08
RIDDER DEBUG (adding to rho_tot): a=9.905466e-04, rho_ridder=4.511246e+08, rho_tot_before=1.916023e+01, rho_tot_after=4.511246e+08
RIDDER DEBUG (adding to rho_tot): a=9.913452e-04, rho_ridder=4.511246e+08, rho_tot_before=1.911166e+01, rho_tot_after=4.511246e+08
RIDDER DEBUG (adding to rho_tot): a=9.921445e-04, rho_ridder=4.511246e+08, rho_tot_before=1.906322e+01, rho_tot_after=4.511246e+08
RIDDER DEBUG (adding to rho_tot): a=9.929444e-04, rho_ridder=4.511246e+08, rho_tot_before=1.901490e+01, rho_tot_after=4.511246e+08
RIDDER DEBUG (adding to rho_tot): a=9.937449e-04, rho_ridder=4.511246e+08, rho_tot_before=1.896671e+01, rho_tot_after=4.511246e+08
RIDDER DEBUG (adding to rho_tot): a=9.945462e-04, rho_ridder=4.511246e+08, rho_tot_before=1.891864e+01, rho_tot_after=4.511246e+08
RIDDER DEBUG (adding to rho_tot): a=9.953480e-04, rho_ridder=4.511246e+08, rho_tot_before=1.887069e+01, rho_tot_after=4.511246e+08
RIDDER DEBUG (adding to rho_tot): a=9.961505e-04, rho_ridder=4.511246e+08, rho_tot_before=1.882287e+01, rho_tot_after=4.511246e+08
RIDDER DEBUG (adding to rho_tot): a=9.969536e-04, rho_ridder=4.511246e+08, rho_tot_before=1.877517e+01, rho_tot_after=4.511246e+08
RIDDER DEBUG (adding to rho_tot): a=9.977574e-04, rho_ridder=4.511246e+08, rho_tot_before=1.872759e+01, rho_tot_after=4.511246e+08
RIDDER DEBUG (adding to rho_tot): a=9.985619e-04, rho_ridder=4.511246e+08, rho_tot_before=1.868014e+01, rho_tot_after=4.511246e+08
RIDDER DEBUG (adding to rho_tot): a=9.993670e-04, rho_ridder=4.511246e+08, rho_tot_before=1.863280e+01, rho_tot_after=4.511246e+08
RIDDER DEBUG (adding to rho_tot): a=1.000173e-03, rho_ridder=4.511246e+08, rho_tot_before=1.858559e+01, rho_tot_after=4.511246e+08
RIDDER DEBUG (adding to rho_tot): a=1.000979e-03, rho_ridder=4.511246e+08, rho_tot_before=1.853850e+01, rho_tot_after=4.511246e+08
RIDDER DEBUG (adding to rho_tot): a=1.001786e-03, rho_ridder=4.511246e+08, rho_tot_before=1.849153e+01, rho_tot_after=4.511246e+08
RIDDER DEBUG (adding to rho_tot): a=1.002594e-03, rho_ridder=4.511246e+08, rho_tot_before=1.844468e+01, rho_tot_after=4.511246e+08
RIDDER DEBUG (adding to rho_tot): a=1.003402e-03, rho_ridder=4.511246e+08, rho_tot_before=1.839795e+01, rho_tot_after=4.511246e+08
RIDDER DEBUG (adding to rho_tot): a=1.004211e-03, rho_ridder=4.511246e+08, rho_tot_before=1.835134e+01, rho_tot_after=4.511246e+08
RIDDER DEBUG (adding to rho_tot): a=1.005021e-03, rho_ridder=4.511246e+08, rho_tot_before=1.830485e+01, rho_tot_after=4.511246e+08
RIDDER DEBUG (adding to rho_tot): a=1.005831e-03, rho_ridder=4.511246e+08, rho_tot_before=1.825848e+01, rho_tot_after=4.511246e+08
RIDDER DEBUG (adding to rho_tot): a=1.006642e-03, rho_ridder=4.511246e+08, rho_tot_before=1.821223e+01, rho_tot_after=4.511246e+08
RIDDER DEBUG (adding to rho_tot): a=1.007454e-03, rho_ridder=4.511246e+08, rho_tot_before=1.816609e+01, rho_tot_after=4.511246e+08
RIDDER DEBUG (adding to rho_tot): a=1.008266e-03, rho_ridder=4.511246e+08, rho_tot_before=1.812008e+01, rho_tot_after=4.511246e+08
RIDDER DEBUG (adding to rho_tot): a=1.009079e-03, rho_ridder=4.511246e+08, rho_tot_before=1.807418e+01, rho_tot_after=4.511246e+08
RIDDER DEBUG (adding to rho_tot): a=1.009892e-03, rho_ridder=4.511246e+08, rho_tot_before=1.802840e+01, rho_tot_after=4.511246e+08
V_RIDDER_RAW: a=4.38e-03 phi=3.65e+27 V_eV4=8.02e+63 Lambda=1.00e+16 f=2.43e+27 n=3
DDV_CHECK: call#=80000 a=4.38e-03 phi=3.65e+27 ddV_eV2=9.67e+09 (positive=1)
BG_FUNC: a=4.38e-03 V_eV4=8.02e+63 kinetic_eV2=2.60e+08 V_Mpc2=4.51e+08 KE_Mpc2=1.46e-47 rho_final=4.51e+08
RIDDER DEBUG (adding to rho_tot): a=4.381684e-03, rho_ridder=4.511246e+08, rho_tot_before=1.958060e-01, rho_tot_after=4.511246e+08
V_RIDDER_RAW: a=2.17e-01 phi=3.65e+27 V_eV4=8.02e+63 Lambda=1.00e+16 f=2.43e+27 n=3
BG_FUNC: a=2.17e-01 V_eV4=8.02e+63 kinetic_eV2=2.60e+08 V_Mpc2=4.51e+08 KE_Mpc2=1.46e-47 rho_final=4.51e+08
RIDDER DEBUG (adding to rho_tot): a=2.167871e-01, rho_ridder=4.511246e+08, rho_tot_before=1.556382e-06, rho_tot_after=4.511246e+08
BACKGROUND_SOLVE ENTERED: has_ridder=1 Lambda=1.00e+13
ABOUT TO INTEGRATE: bi_size=7 has_ridder=1 Lambda=1.00e+13
V_RIDDER_RAW: a=9.00e-14 phi=3.65e+27 V_eV4=8.02e+51 Lambda=1.00e+13 f=2.43e+27 n=3
DDV_CHECK: call#=90000 a=9.00e-14 phi=3.65e+27 ddV_eV2=9.67e-03 (positive=1)
BG_FUNC: a=9.00e-14 V_eV4=8.02e+51 kinetic_eV2=2.52e-02 V_Mpc2=4.51e-04 KE_Mpc2=1.42e-57 rho_final=4.51e-04
RIDDER DEBUG (adding to rho_tot): a=9.004796e-14, rho_ridder=4.511246e-04, rho_tot_before=4.184886e+40, rho_tot_after=4.184886e+40
V_RIDDER_RAW: a=3.99e-12 phi=3.65e+27 V_eV4=8.02e+51 Lambda=1.00e+13 f=2.43e+27 n=3
BG_FUNC: a=3.99e-12 V_eV4=8.02e+51 kinetic_eV2=3.35e-12 V_Mpc2=4.51e-04 KE_Mpc2=1.88e-67 rho_final=4.51e-04
RIDDER DEBUG (adding to rho_tot): a=3.986254e-12, rho_ridder=4.511246e-04, rho_tot_before=1.089730e+34, rho_tot_after=1.089730e+34
V_RIDDER_RAW: a=1.74e-10 phi=3.65e+27 V_eV4=8.02e+51 Lambda=1.00e+13 f=2.43e+27 n=3
DDV_CHECK: call#=100000 a=1.74e-10 phi=3.65e+27 ddV_eV2=9.67e-03 (positive=1)
BG_FUNC: a=1.74e-10 V_eV4=8.02e+51 kinetic_eV2=4.93e-22 V_Mpc2=4.51e-04 KE_Mpc2=2.77e-77 rho_final=4.51e-04
RIDDER DEBUG (adding to rho_tot): a=1.735026e-10, rho_ridder=4.511246e-04, rho_tot_before=3.036376e+27, rho_tot_after=3.036376e+27
V_RIDDER_RAW: a=6.39e-09 phi=3.65e+27 V_eV4=8.02e+51 Lambda=1.00e+13 f=2.43e+27 n=3
BG_FUNC: a=6.39e-09 V_eV4=8.02e+51 kinetic_eV2=1.87e-29 V_Mpc2=4.51e-04 KE_Mpc2=1.05e-84 rho_final=4.51e-04
RIDDER DEBUG (adding to rho_tot): a=6.386238e-09, rho_ridder=4.511246e-04, rho_tot_before=1.654301e+21, rho_tot_after=1.654301e+21
V_RIDDER_RAW: a=2.35e-07 phi=3.65e+27 V_eV4=8.02e+51 Lambda=1.00e+13 f=2.43e+27 n=3
DDV_CHECK: call#=110000 a=2.35e-07 phi=3.65e+27 ddV_eV2=9.67e-03 (positive=1)
BG_FUNC: a=2.35e-07 V_eV4=8.02e+51 kinetic_eV2=2.75e-23 V_Mpc2=4.51e-04 KE_Mpc2=1.55e-78 rho_final=4.51e-04
RIDDER DEBUG (adding to rho_tot): a=2.346844e-07, rho_ridder=4.511246e-04, rho_tot_before=9.082983e+14, rho_tot_after=9.082983e+14
V_RIDDER_RAW: a=7.89e-06 phi=3.65e+27 V_eV4=8.02e+51 Lambda=1.00e+13 f=2.43e+27 n=3
BG_FUNC: a=7.89e-06 V_eV4=8.02e+51 kinetic_eV2=3.44e-17 V_Mpc2=4.51e-04 KE_Mpc2=1.94e-72 rho_final=4.51e-04
RIDDER DEBUG (adding to rho_tot): a=7.892642e-06, rho_ridder=4.511246e-04, rho_tot_before=7.412960e+08, rho_tot_after=7.412960e+08
DERIVS_ENTRY: call#=10000 has_ridder=1 Lambda=1.00e+13 a=5.86e-05
RIDDER DERIVS CALLED: call#=10000 a=5.86e-05 phi=3.65e+27 fluid_mode=0
FIELD_MODE: call#=10000 a=5.86e-05 fluid_mode=0
DERIVS: call#=10000 a=5.86e-05 phi=3.65e+27 phi'=-2.51e-11 dphi/dlna=-6.24e-10 dphi'/dlna=-7.37e-11 dV=1.45e-03 H=6.87e+02
V_RIDDER_RAW: a=2.46e-04 phi=3.65e+27 V_eV4=8.02e+51 Lambda=1.00e+13 f=2.43e+27 n=3
DDV_CHECK: call#=120000 a=2.46e-04 phi=3.65e+27 ddV_eV2=9.67e-03 (positive=1)
BG_FUNC: a=2.46e-04 V_eV4=8.02e+51 kinetic_eV2=1.98e-11 V_Mpc2=4.51e-04 KE_Mpc2=1.11e-66 rho_final=4.51e-04
RIDDER DEBUG (adding to rho_tot): a=2.464676e-04, rho_ridder=4.511246e-04, rho_tot_before=1.803911e+03, rho_tot_after=1.803911e+03
RIDDER DEBUG (adding to rho_tot): a=9.993505e-04, rho_ridder=4.511246e-04, rho_tot_before=1.863377e+01, rho_tot_after=1.863422e+01
RIDDER DEBUG (adding to rho_tot): a=9.993505e-04, rho_ridder=4.511246e-04, rho_tot_before=1.863377e+01, rho_tot_after=1.863422e+01
RIDDER DEBUG (adding to rho_tot): a=9.905466e-04, rho_ridder=4.511246e-04, rho_tot_before=1.916023e+01, rho_tot_after=1.916068e+01
RIDDER DEBUG (adding to rho_tot): a=9.913452e-04, rho_ridder=4.511246e-04, rho_tot_before=1.911166e+01, rho_tot_after=1.911211e+01
RIDDER DEBUG (adding to rho_tot): a=9.921445e-04, rho_ridder=4.511246e-04, rho_tot_before=1.906322e+01, rho_tot_after=1.906367e+01
RIDDER DEBUG (adding to rho_tot): a=9.929444e-04, rho_ridder=4.511246e-04, rho_tot_before=1.901490e+01, rho_tot_after=1.901535e+01
RIDDER DEBUG (adding to rho_tot): a=9.937449e-04, rho_ridder=4.511246e-04, rho_tot_before=1.896671e+01, rho_tot_after=1.896716e+01
RIDDER DEBUG (adding to rho_tot): a=9.945462e-04, rho_ridder=4.511246e-04, rho_tot_before=1.891864e+01, rho_tot_after=1.891909e+01
RIDDER DEBUG (adding to rho_tot): a=9.953480e-04, rho_ridder=4.511246e-04, rho_tot_before=1.887069e+01, rho_tot_after=1.887114e+01
RIDDER DEBUG (adding to rho_tot): a=9.961505e-04, rho_ridder=4.511246e-04, rho_tot_before=1.882287e+01, rho_tot_after=1.882332e+01
RIDDER DEBUG (adding to rho_tot): a=9.969536e-04, rho_ridder=4.511246e-04, rho_tot_before=1.877517e+01, rho_tot_after=1.877562e+01
RIDDER DEBUG (adding to rho_tot): a=9.977574e-04, rho_ridder=4.511246e-04, rho_tot_before=1.872759e+01, rho_tot_after=1.872804e+01
RIDDER DEBUG (adding to rho_tot): a=9.985619e-04, rho_ridder=4.511246e-04, rho_tot_before=1.868014e+01, rho_tot_after=1.868059e+01
RIDDER DEBUG (adding to rho_tot): a=1.008945e-03, rho_ridder=4.511246e-04, rho_tot_before=1.808172e+01, rho_tot_after=1.808217e+01
RIDDER DEBUG (adding to rho_tot): a=1.008945e-03, rho_ridder=4.511246e-04, rho_tot_before=1.808172e+01, rho_tot_after=1.808217e+01
RIDDER DEBUG (adding to rho_tot): a=9.993670e-04, rho_ridder=4.511246e-04, rho_tot_before=1.863280e+01, rho_tot_after=1.863325e+01
RIDDER DEBUG (adding to rho_tot): a=1.000173e-03, rho_ridder=4.511246e-04, rho_tot_before=1.858559e+01, rho_tot_after=1.858604e+01
RIDDER DEBUG (adding to rho_tot): a=1.000979e-03, rho_ridder=4.511246e-04, rho_tot_before=1.853850e+01, rho_tot_after=1.853895e+01
RIDDER DEBUG (adding to rho_tot): a=1.001786e-03, rho_ridder=4.511246e-04, rho_tot_before=1.849153e+01, rho_tot_after=1.849198e+01
RIDDER DEBUG (adding to rho_tot): a=1.002594e-03, rho_ridder=4.511246e-04, rho_tot_before=1.844468e+01, rho_tot_after=1.844513e+01
RIDDER DEBUG (adding to rho_tot): a=1.003402e-03, rho_ridder=4.511246e-04, rho_tot_before=1.839795e+01, rho_tot_after=1.839840e+01
RIDDER DEBUG (adding to rho_tot): a=1.004211e-03, rho_ridder=4.511246e-04, rho_tot_before=1.835134e+01, rho_tot_after=1.835179e+01
RIDDER DEBUG (adding to rho_tot): a=1.005021e-03, rho_ridder=4.511246e-04, rho_tot_before=1.830485e+01, rho_tot_after=1.830530e+01
RIDDER DEBUG (adding to rho_tot): a=1.005831e-03, rho_ridder=4.511246e-04, rho_tot_before=1.825848e+01, rho_tot_after=1.825893e+01
RIDDER DEBUG (adding to rho_tot): a=1.006642e-03, rho_ridder=4.511246e-04, rho_tot_before=1.821223e+01, rho_tot_after=1.821268e+01
RIDDER DEBUG (adding to rho_tot): a=1.007454e-03, rho_ridder=4.511246e-04, rho_tot_before=1.816609e+01, rho_tot_after=1.816654e+01
RIDDER DEBUG (adding to rho_tot): a=1.008266e-03, rho_ridder=4.511246e-04, rho_tot_before=1.812008e+01, rho_tot_after=1.812053e+01
RIDDER DEBUG (adding to rho_tot): a=1.009079e-03, rho_ridder=4.511246e-04, rho_tot_before=1.807418e+01, rho_tot_after=1.807463e+01
RIDDER DEBUG (adding to rho_tot): a=1.009892e-03, rho_ridder=4.511246e-04, rho_tot_before=1.802840e+01, rho_tot_after=1.802885e+01
V_RIDDER_RAW: a=8.08e-03 phi=3.65e+27 V_eV4=8.02e+51 Lambda=1.00e+13 f=2.43e+27 n=3
BG_FUNC: a=8.08e-03 V_eV4=8.02e+51 kinetic_eV2=1.64e-06 V_Mpc2=4.51e-04 KE_Mpc2=9.23e-62 rho_final=4.51e-04
RIDDER DEBUG (adding to rho_tot): a=8.077885e-03, rho_ridder=4.511246e-04, rho_tot_before=3.070530e-02, rho_tot_after=3.115643e-02
V_RIDDER_RAW: a=3.28e-01 phi=3.65e+27 V_eV4=8.02e+51 Lambda=1.00e+13 f=2.43e+27 n=3
DDV_CHECK: call#=130000 a=3.28e-01 phi=3.65e+27 ddV_eV2=9.67e-03 (positive=1)
BG_FUNC: a=3.28e-01 V_eV4=8.02e+51 kinetic_eV2=2.58e-04 V_Mpc2=4.51e-04 KE_Mpc2=1.45e-59 rho_final=4.51e-04
RIDDER DEBUG (adding to rho_tot): a=3.280484e-01, rho_ridder=4.511246e-04, rho_tot_before=4.490397e-07, rho_tot_after=4.515736e-04
RIDDER_SHOOT iter= 1  log10_Lambda=13.000  f_peak=0.00020  z_peak= 500.1  target=0.10000
BACKGROUND_SOLVE ENTERED: has_ridder=1 Lambda=3.16e+14
ABOUT TO INTEGRATE: bi_size=7 has_ridder=1 Lambda=3.16e+14
V_RIDDER_RAW: a=1.29e-13 phi=3.65e+27 V_eV4=8.02e+57 Lambda=3.16e+14 f=2.43e+27 n=3
BG_FUNC: a=1.29e-13 V_eV4=8.02e+57 kinetic_eV2=2.86e+09 V_Mpc2=4.51e+02 KE_Mpc2=1.61e-46 rho_final=4.51e+02
RIDDER DEBUG (adding to rho_tot): a=1.294130e-13, rho_ridder=4.511246e+02, rho_tot_before=9.809974e+39, rho_tot_after=9.809974e+39
V_RIDDER_RAW: a=5.72e-12 phi=3.65e+27 V_eV4=8.02e+57 Lambda=3.16e+14 f=2.43e+27 n=3
DDV_CHECK: call#=140000 a=5.72e-12 phi=3.65e+27 ddV_eV2=9.67e+03 (positive=1)
BG_FUNC: a=5.72e-12 V_eV4=8.02e+57 kinetic_eV2=3.84e-01 V_Mpc2=4.51e+02 KE_Mpc2=2.16e-56 rho_final=4.51e+02
RIDDER DEBUG (adding to rho_tot): a=5.719643e-12, rho_ridder=4.511246e+02, rho_tot_before=2.571008e+33, rho_tot_after=2.571008e+33
V_RIDDER_RAW: a=2.53e-10 phi=3.65e+27 V_eV4=8.02e+57 Lambda=3.16e+14 f=2.43e+27 n=3
BG_FUNC: a=2.53e-10 V_eV4=8.02e+57 kinetic_eV2=5.15e-11 V_Mpc2=4.51e+02 KE_Mpc2=2.90e-66 rho_final=4.51e+02
RIDDER DEBUG (adding to rho_tot): a=2.527901e-10, rho_ridder=4.511246e+02, rho_tot_before=6.738131e+26, rho_tot_after=6.738131e+26
V_RIDDER_RAW: a=1.12e-08 phi=3.65e+27 V_eV4=8.02e+57 Lambda=3.16e+14 f=2.43e+27 n=3
DDV_CHECK: call#=150000 a=1.12e-08 phi=3.65e+27 ddV_eV2=9.67e+03 (positive=1)
BG_FUNC: a=1.12e-08 V_eV4=8.02e+57 kinetic_eV2=1.43e-16 V_Mpc2=4.51e+02 KE_Mpc2=8.06e-72 rho_final=4.51e+02
RIDDER DEBUG (adding to rho_tot): a=1.117252e-08, rho_ridder=4.511246e+02, rho_tot_before=1.766047e+20, rho_tot_after=1.766047e+20
V_RIDDER_RAW: a=3.43e-07 phi=3.65e+27 V_eV4=8.02e+57 Lambda=3.16e+14 f=2.43e+27 n=3
BG_FUNC: a=3.43e-07 V_eV4=8.02e+57 kinetic_eV2=1.25e-10 V_Mpc2=4.51e+02 KE_Mpc2=7.03e-66 rho_final=4.51e+02
RIDDER DEBUG (adding to rho_tot): a=3.427279e-07, rho_ridder=4.511246e+02, rho_tot_before=1.998194e+14, rho_tot_after=1.998194e+14
V_RIDDER_RAW: a=1.02e-05 phi=3.65e+27 V_eV4=8.02e+57 Lambda=3.16e+14 f=2.43e+27 n=3
DDV_CHECK: call#=160000 a=1.02e-05 phi=3.65e+27 ddV_eV2=9.67e+03 (positive=1)
BG_FUNC: a=1.02e-05 V_eV4=8.02e+57 kinetic_eV2=9.54e-05 V_Mpc2=4.51e+02 KE_Mpc2=5.36e-60 rho_final=4.51e+02
RIDDER DEBUG (adding to rho_tot): a=1.019824e-05, rho_ridder=4.511246e+02, rho_tot_before=2.693152e+08, rho_tot_after=2.693157e+08
V_RIDDER_RAW: a=3.36e-04 phi=3.65e+27 V_eV4=8.02e+57 Lambda=3.16e+14 f=2.43e+27 n=3
BG_FUNC: a=3.36e-04 V_eV4=8.02e+57 kinetic_eV2=4.50e+01 V_Mpc2=4.51e+02 KE_Mpc2=2.53e-54 rho_final=4.51e+02
RIDDER DEBUG (adding to rho_tot): a=3.355932e-04, rho_ridder=4.511246e+02, rho_tot_before=6.361410e+02, rho_tot_after=1.087266e+03
DERIVS_ENTRY: call#=15000 has_ridder=1 Lambda=3.16e+14 a=7.37e-04
RIDDER DERIVS CALLED: call#=15000 a=7.37e-04 phi=3.65e+27 fluid_mode=0
FIELD_MODE: call#=15000 a=7.37e-04 fluid_mode=0
DERIVS: call#=15000 a=7.37e-04 phi=3.65e+27 phi'=-1.39e-02 dphi/dlna=-8.37e-01 dphi'/dlna=-1.98e-02 dV=1.45e+03 H=2.25e+01
RIDDER DEBUG (adding to rho_tot): a=9.911021e-04, rho_ridder=4.511246e+02, rho_tot_before=1.912643e+01, rho_tot_after=4.702510e+02
RIDDER DEBUG (adding to rho_tot): a=9.905466e-04, rho_ridder=4.511246e+02, rho_tot_before=1.916023e+01, rho_tot_after=4.702848e+02
RIDDER DEBUG (adding to rho_tot): a=1.004959e-03, rho_ridder=4.511246e+02, rho_tot_before=1.830841e+01, rho_tot_after=4.694330e+02
RIDDER DEBUG (adding to rho_tot): a=9.913452e-04, rho_ridder=4.511246e+02, rho_tot_before=1.911166e+01, rho_tot_after=4.702362e+02
RIDDER DEBUG (adding to rho_tot): a=9.921445e-04, rho_ridder=4.511246e+02, rho_tot_before=1.906322e+01, rho_tot_after=4.701878e+02
RIDDER DEBUG (adding to rho_tot): a=9.929444e-04, rho_ridder=4.511246e+02, rho_tot_before=1.901490e+01, rho_tot_after=4.701395e+02
RIDDER DEBUG (adding to rho_tot): a=9.937449e-04, rho_ridder=4.511246e+02, rho_tot_before=1.896671e+01, rho_tot_after=4.700913e+02
RIDDER DEBUG (adding to rho_tot): a=9.945462e-04, rho_ridder=4.511246e+02, rho_tot_before=1.891864e+01, rho_tot_after=4.700432e+02
RIDDER DEBUG (adding to rho_tot): a=9.953480e-04, rho_ridder=4.511246e+02, rho_tot_before=1.887069e+01, rho_tot_after=4.699952e+02
RIDDER DEBUG (adding to rho_tot): a=9.961505e-04, rho_ridder=4.511246e+02, rho_tot_before=1.882287e+01, rho_tot_after=4.699474e+02
RIDDER DEBUG (adding to rho_tot): a=9.969536e-04, rho_ridder=4.511246e+02, rho_tot_before=1.877517e+01, rho_tot_after=4.698997e+02
RIDDER DEBUG (adding to rho_tot): a=9.977574e-04, rho_ridder=4.511246e+02, rho_tot_before=1.872759e+01, rho_tot_after=4.698521e+02
RIDDER DEBUG (adding to rho_tot): a=9.985619e-04, rho_ridder=4.511246e+02, rho_tot_before=1.868014e+01, rho_tot_after=4.698047e+02
RIDDER DEBUG (adding to rho_tot): a=9.993670e-04, rho_ridder=4.511246e+02, rho_tot_before=1.863280e+01, rho_tot_after=4.697574e+02
RIDDER DEBUG (adding to rho_tot): a=1.000173e-03, rho_ridder=4.511246e+02, rho_tot_before=1.858559e+01, rho_tot_after=4.697101e+02
RIDDER DEBUG (adding to rho_tot): a=1.000979e-03, rho_ridder=4.511246e+02, rho_tot_before=1.853850e+01, rho_tot_after=4.696631e+02
RIDDER DEBUG (adding to rho_tot): a=1.001786e-03, rho_ridder=4.511246e+02, rho_tot_before=1.849153e+01, rho_tot_after=4.696161e+02
RIDDER DEBUG (adding to rho_tot): a=1.002594e-03, rho_ridder=4.511246e+02, rho_tot_before=1.844468e+01, rho_tot_after=4.695692e+02
RIDDER DEBUG (adding to rho_tot): a=1.003402e-03, rho_ridder=4.511246e+02, rho_tot_before=1.839795e+01, rho_tot_after=4.695225e+02
RIDDER DEBUG (adding to rho_tot): a=1.004211e-03, rho_ridder=4.511246e+02, rho_tot_before=1.835134e+01, rho_tot_after=4.694759e+02
RIDDER DEBUG (adding to rho_tot): a=1.005021e-03, rho_ridder=4.511246e+02, rho_tot_before=1.830485e+01, rho_tot_after=4.694294e+02
RIDDER DEBUG (adding to rho_tot): a=1.005831e-03, rho_ridder=4.511246e+02, rho_tot_before=1.825848e+01, rho_tot_after=4.693830e+02
RIDDER DEBUG (adding to rho_tot): a=1.006642e-03, rho_ridder=4.511246e+02, rho_tot_before=1.821223e+01, rho_tot_after=4.693368e+02
RIDDER DEBUG (adding to rho_tot): a=1.007454e-03, rho_ridder=4.511246e+02, rho_tot_before=1.816609e+01, rho_tot_after=4.692906e+02
RIDDER DEBUG (adding to rho_tot): a=1.008266e-03, rho_ridder=4.511246e+02, rho_tot_before=1.812008e+01, rho_tot_after=4.692446e+02
RIDDER DEBUG (adding to rho_tot): a=1.009079e-03, rho_ridder=4.511246e+02, rho_tot_before=1.807418e+01, rho_tot_after=4.691987e+02
RIDDER DEBUG (adding to rho_tot): a=1.009892e-03, rho_ridder=4.511246e+02, rho_tot_before=1.802840e+01, rho_tot_after=4.691530e+02
V_RIDDER_RAW: a=1.53e-02 phi=3.65e+27 V_eV4=8.02e+57 Lambda=3.16e+14 f=2.43e+27 n=3
DDV_CHECK: call#=170000 a=1.53e-02 phi=3.65e+27 ddV_eV2=9.67e+03 (positive=1)
BG_FUNC: a=1.53e-02 V_eV4=8.02e+57 kinetic_eV2=2.60e+02 V_Mpc2=4.51e+02 KE_Mpc2=1.46e-53 rho_final=4.51e+02
RIDDER DEBUG (adding to rho_tot): a=1.531809e-02, rho_ridder=4.511246e+02, rho_tot_before=4.458109e-03, rho_tot_after=4.511290e+02
V_RIDDER_RAW: a=7.57e-01 phi=3.65e+27 V_eV4=8.02e+57 Lambda=3.16e+14 f=2.43e+27 n=3
BG_FUNC: a=7.57e-01 V_eV4=8.02e+57 kinetic_eV2=2.60e+02 V_Mpc2=4.51e+02 KE_Mpc2=1.46e-53 rho_final=4.51e+02
RIDDER DEBUG (adding to rho_tot): a=7.572634e-01, rho_ridder=4.511246e+02, rho_tot_before=3.649448e-08, rho_tot_after=4.511246e+02
RIDDER_SHOOT iter= 2  log10_Lambda=14.500  f_peak=0.99495  z_peak= 500.1  target=0.10000
BACKGROUND_SOLVE ENTERED: has_ridder=1 Lambda=5.62e+13
ABOUT TO INTEGRATE: bi_size=7 has_ridder=1 Lambda=5.62e+13
V_RIDDER_RAW: a=3.04e-13 phi=3.65e+27 V_eV4=8.02e+54 Lambda=5.62e+13 f=2.43e+27 n=3
DDV_CHECK: call#=180000 a=3.04e-13 phi=3.65e+27 ddV_eV2=9.67e+00 (positive=1)
BG_FUNC: a=3.04e-13 V_eV4=8.02e+54 kinetic_eV2=1.72e+01 V_Mpc2=4.51e-01 KE_Mpc2=9.65e-55 rho_final=4.51e-01
RIDDER DEBUG (adding to rho_tot): a=3.035897e-13, rho_ridder=4.511246e-01, rho_tot_before=3.239148e+38, rho_tot_after=3.239148e+38
V_RIDDER_RAW: a=1.34e-11 phi=3.65e+27 V_eV4=8.02e+54 Lambda=5.62e+13 f=2.43e+27 n=3
BG_FUNC: a=1.34e-11 V_eV4=8.02e+54 kinetic_eV2=2.29e-09 V_Mpc2=4.51e-01 KE_Mpc2=1.29e-64 rho_final=4.51e-01
RIDDER DEBUG (adding to rho_tot): a=1.342852e-11, rho_ridder=4.511246e-01, rho_tot_before=8.461869e+31, rho_tot_after=8.461869e+31
V_RIDDER_RAW: a=5.11e-10 phi=3.65e+27 V_eV4=8.02e+54 Lambda=5.62e+13 f=2.43e+27 n=3
DDV_CHECK: call#=190000 a=5.11e-10 phi=3.65e+27 ddV_eV2=9.67e+00 (positive=1)
BG_FUNC: a=5.11e-10 V_eV4=8.02e+54 kinetic_eV2=7.56e-19 V_Mpc2=4.51e-01 KE_Mpc2=4.25e-74 rho_final=4.51e-01
RIDDER DEBUG (adding to rho_tot): a=5.108786e-10, rho_ridder=4.511246e-01, rho_tot_before=4.039332e+25, rho_tot_after=4.039332e+25
V_RIDDER_RAW: a=1.85e-08 phi=3.65e+27 V_eV4=8.02e+54 Lambda=5.62e+13 f=2.43e+27 n=3
BG_FUNC: a=1.85e-08 V_eV4=8.02e+54 kinetic_eV2=1.06e-21 V_Mpc2=4.51e-01 KE_Mpc2=5.98e-77 rho_final=4.51e-01
RIDDER DEBUG (adding to rho_tot): a=1.850362e-08, rho_ridder=4.511246e-01, rho_tot_before=2.347462e+19, rho_tot_after=2.347462e+19
V_RIDDER_RAW: a=6.20e-07 phi=3.65e+27 V_eV4=8.02e+54 Lambda=5.62e+13 f=2.43e+27 n=3
DDV_CHECK: call#=200000 a=6.20e-07 phi=3.65e+27 ddV_eV2=9.67e+00 (positive=1)
BG_FUNC: a=6.20e-07 V_eV4=8.02e+54 kinetic_eV2=1.34e-15 V_Mpc2=4.51e-01 KE_Mpc2=7.54e-71 rho_final=4.51e-01
RIDDER DEBUG (adding to rho_tot): a=6.202901e-07, rho_ridder=4.511246e-01, rho_tot_before=1.865298e+13, rho_tot_after=1.865298e+13
V_RIDDER_RAW: a=1.90e-05 phi=3.65e+27 V_eV4=8.02e+54 Lambda=5.62e+13 f=2.43e+27 n=3
BG_FUNC: a=1.90e-05 V_eV4=8.02e+54 kinetic_eV2=1.11e-09 V_Mpc2=4.51e-01 KE_Mpc2=6.26e-65 rho_final=4.51e-01
RIDDER DEBUG (adding to rho_tot): a=1.896845e-05, rho_ridder=4.511246e-01, rho_tot_before=2.357604e+07, rho_tot_after=2.357604e+07
V_RIDDER_RAW: a=5.83e-04 phi=3.65e+27 V_eV4=8.02e+54 Lambda=5.62e+13 f=2.43e+27 n=3
DDV_CHECK: call#=210000 a=5.83e-04 phi=3.65e+27 ddV_eV2=9.67e+00 (positive=1)
BG_FUNC: a=5.83e-04 V_eV4=8.02e+54 kinetic_eV2=3.97e-04 V_Mpc2=4.51e-01 KE_Mpc2=2.23e-59 rho_final=4.51e-01
RIDDER DEBUG (adding to rho_tot): a=5.828666e-04, rho_ridder=4.511246e-01, rho_tot_before=1.038529e+02, rho_tot_after=1.043040e+02
RIDDER DEBUG (adding to rho_tot): a=1.000940e-03, rho_ridder=4.511246e-01, rho_tot_before=1.854076e+01, rho_tot_after=1.899188e+01
RIDDER DEBUG (adding to rho_tot): a=9.905466e-04, rho_ridder=4.511246e-01, rho_tot_before=1.916023e+01, rho_tot_after=1.961135e+01
RIDDER DEBUG (adding to rho_tot): a=9.913452e-04, rho_ridder=4.511246e-01, rho_tot_before=1.911166e+01, rho_tot_after=1.956278e+01
RIDDER DEBUG (adding to rho_tot): a=9.921445e-04, rho_ridder=4.511246e-01, rho_tot_before=1.906322e+01, rho_tot_after=1.951434e+01
RIDDER DEBUG (adding to rho_tot): a=9.929444e-04, rho_ridder=4.511246e-01, rho_tot_before=1.901490e+01, rho_tot_after=1.946603e+01
RIDDER DEBUG (adding to rho_tot): a=9.937449e-04, rho_ridder=4.511246e-01, rho_tot_before=1.896671e+01, rho_tot_after=1.941783e+01
RIDDER DEBUG (adding to rho_tot): a=9.945462e-04, rho_ridder=4.511246e-01, rho_tot_before=1.891864e+01, rho_tot_after=1.936976e+01
RIDDER DEBUG (adding to rho_tot): a=9.953480e-04, rho_ridder=4.511246e-01, rho_tot_before=1.887069e+01, rho_tot_after=1.932182e+01
RIDDER DEBUG (adding to rho_tot): a=9.961505e-04, rho_ridder=4.511246e-01, rho_tot_before=1.882287e+01, rho_tot_after=1.927400e+01
RIDDER DEBUG (adding to rho_tot): a=9.969536e-04, rho_ridder=4.511246e-01, rho_tot_before=1.877517e+01, rho_tot_after=1.922629e+01
RIDDER DEBUG (adding to rho_tot): a=9.977574e-04, rho_ridder=4.511246e-01, rho_tot_before=1.872759e+01, rho_tot_after=1.917872e+01
RIDDER DEBUG (adding to rho_tot): a=9.985619e-04, rho_ridder=4.511246e-01, rho_tot_before=1.868014e+01, rho_tot_after=1.913126e+01
RIDDER DEBUG (adding to rho_tot): a=9.993670e-04, rho_ridder=4.511246e-01, rho_tot_before=1.863280e+01, rho_tot_after=1.908393e+01
RIDDER DEBUG (adding to rho_tot): a=1.000173e-03, rho_ridder=4.511246e-01, rho_tot_before=1.858559e+01, rho_tot_after=1.903672e+01
RIDDER DEBUG (adding to rho_tot): a=1.000979e-03, rho_ridder=4.511246e-01, rho_tot_before=1.853850e+01, rho_tot_after=1.898962e+01
RIDDER DEBUG (adding to rho_tot): a=1.001786e-03, rho_ridder=4.511246e-01, rho_tot_before=1.849153e+01, rho_tot_after=1.894265e+01
RIDDER DEBUG (adding to rho_tot): a=1.002594e-03, rho_ridder=4.511246e-01, rho_tot_before=1.844468e+01, rho_tot_after=1.889580e+01
RIDDER DEBUG (adding to rho_tot): a=1.003402e-03, rho_ridder=4.511246e-01, rho_tot_before=1.839795e+01, rho_tot_after=1.884907e+01
RIDDER DEBUG (adding to rho_tot): a=1.004211e-03, rho_ridder=4.511246e-01, rho_tot_before=1.835134e+01, rho_tot_after=1.880246e+01
RIDDER DEBUG (adding to rho_tot): a=1.005021e-03, rho_ridder=4.511246e-01, rho_tot_before=1.830485e+01, rho_tot_after=1.875597e+01
RIDDER DEBUG (adding to rho_tot): a=1.005831e-03, rho_ridder=4.511246e-01, rho_tot_before=1.825848e+01, rho_tot_after=1.870960e+01
RIDDER DEBUG (adding to rho_tot): a=1.006642e-03, rho_ridder=4.511246e-01, rho_tot_before=1.821223e+01, rho_tot_after=1.866335e+01
RIDDER DEBUG (adding to rho_tot): a=1.007454e-03, rho_ridder=4.511246e-01, rho_tot_before=1.816609e+01, rho_tot_after=1.861722e+01
RIDDER DEBUG (adding to rho_tot): a=1.008266e-03, rho_ridder=4.511246e-01, rho_tot_before=1.812008e+01, rho_tot_after=1.857120e+01
RIDDER DEBUG (adding to rho_tot): a=1.009079e-03, rho_ridder=4.511246e-01, rho_tot_before=1.807418e+01, rho_tot_after=1.852531e+01
RIDDER DEBUG (adding to rho_tot): a=1.009892e-03, rho_ridder=4.511246e-01, rho_tot_before=1.802840e+01, rho_tot_after=1.847953e+01
V_RIDDER_RAW: a=2.44e-02 phi=3.65e+27 V_eV4=8.02e+54 Lambda=5.62e+13 f=2.43e+27 n=3
BG_FUNC: a=2.44e-02 V_eV4=8.02e+54 kinetic_eV2=2.56e-01 V_Mpc2=4.51e-01 KE_Mpc2=1.44e-56 rho_final=4.51e-01
RIDDER DEBUG (adding to rho_tot): a=2.436743e-02, rho_ridder=4.511246e-01, rho_tot_before=1.102869e-03, rho_tot_after=4.522274e-01
RIDDER_SHOOT iter= 3  log10_Lambda=13.750  f_peak=0.16471  z_peak= 500.1  target=0.10000
BACKGROUND_SOLVE ENTERED: has_ridder=1 Lambda=2.37e+13
ABOUT TO INTEGRATE: bi_size=7 has_ridder=1 Lambda=2.37e+13
V_RIDDER_RAW: a=1.08e-14 phi=3.65e+27 V_eV4=2.54e+53 Lambda=2.37e+13 f=2.43e+27 n=3
DDV_CHECK: call#=220000 a=1.08e-14 phi=3.65e+27 ddV_eV2=3.06e-01 (positive=1)
BG_FUNC: a=1.08e-14 V_eV4=2.54e+53 kinetic_eV2=8.70e+06 V_Mpc2=1.43e-02 KE_Mpc2=4.89e-49 rho_final=1.43e-02
RIDDER DEBUG (adding to rho_tot): a=1.075317e-14, rho_ridder=1.426581e-02, rho_tot_before=2.057942e+44, rho_tot_after=2.057942e+44
DERIVS_ENTRY: call#=20000 has_ridder=1 Lambda=2.37e+13 a=1.82e-14
RIDDER DERIVS CALLED: call#=20000 a=1.82e-14 phi=3.65e+27 fluid_mode=0
FIELD_MODE: call#=20000 a=1.82e-14 fluid_mode=0
DERIVS: call#=20000 a=1.82e-14 phi=3.65e+27 phi'=-1.57e-11 dphi/dlna=-1.32e-19 dphi'/dlna=3.14e-11 dV=4.59e-02 H=6.53e+21
V_RIDDER_RAW: a=4.54e-13 phi=3.65e+27 V_eV4=2.54e+53 Lambda=2.37e+13 f=2.43e+27 n=3
BG_FUNC: a=4.54e-13 V_eV4=2.54e+53 kinetic_eV2=1.55e-03 V_Mpc2=1.43e-02 KE_Mpc2=8.69e-59 rho_final=1.43e-02
RIDDER DEBUG (adding to rho_tot): a=4.535147e-13, rho_ridder=1.426581e-02, rho_tot_before=6.504492e+37, rho_tot_after=6.504492e+37
V_RIDDER_RAW: a=1.99e-11 phi=3.65e+27 V_eV4=2.54e+53 Lambda=2.37e+13 f=2.43e+27 n=3
DDV_CHECK: call#=230000 a=1.99e-11 phi=3.65e+27 ddV_eV2=3.06e-01 (positive=1)
BG_FUNC: a=1.99e-11 V_eV4=2.54e+53 kinetic_eV2=2.13e-13 V_Mpc2=1.43e-02 KE_Mpc2=1.20e-68 rho_final=1.43e-02
RIDDER DEBUG (adding to rho_tot): a=1.994723e-11, rho_ridder=1.426581e-02, rho_tot_before=1.737997e+31, rho_tot_after=1.737997e+31
V_RIDDER_RAW: a=9.10e-10 phi=3.65e+27 V_eV4=2.54e+53 Lambda=2.37e+13 f=2.43e+27 n=3
BG_FUNC: a=9.10e-10 V_eV4=2.54e+53 kinetic_eV2=2.36e-23 V_Mpc2=1.43e-02 KE_Mpc2=1.33e-78 rho_final=1.43e-02
RIDDER DEBUG (adding to rho_tot): a=9.104875e-10, rho_ridder=1.426581e-02, rho_tot_before=4.003920e+24, rho_tot_after=4.003920e+24
V_RIDDER_RAW: a=4.14e-08 phi=3.65e+27 V_eV4=2.54e+53 Lambda=2.37e+13 f=2.43e+27 n=3
DDV_CHECK: call#=240000 a=4.14e-08 phi=3.65e+27 ddV_eV2=3.06e-01 (positive=1)
BG_FUNC: a=4.14e-08 V_eV4=2.54e+53 kinetic_eV2=2.66e-23 V_Mpc2=1.43e-02 KE_Mpc2=1.50e-78 rho_final=1.43e-02
RIDDER DEBUG (adding to rho_tot): a=4.139191e-08, rho_ridder=1.426581e-02, rho_tot_before=9.376071e+17, rho_tot_after=9.376071e+17
V_RIDDER_RAW: a=1.55e-06 phi=3.65e+27 V_eV4=2.54e+53 Lambda=2.37e+13 f=2.43e+27 n=3
BG_FUNC: a=1.55e-06 V_eV4=2.54e+53 kinetic_eV2=5.21e-17 V_Mpc2=1.43e-02 KE_Mpc2=2.93e-72 rho_final=1.43e-02
RIDDER DEBUG (adding to rho_tot): a=1.549547e-06, rho_ridder=1.426581e-02, rho_tot_before=4.815240e+11, rho_tot_after=4.815240e+11
V_RIDDER_RAW: a=4.52e-05 phi=3.65e+27 V_eV4=2.54e+53 Lambda=2.37e+13 f=2.43e+27 n=3
DDV_CHECK: call#=250000 a=4.52e-05 phi=3.65e+27 ddV_eV2=3.06e-01 (positive=1)
BG_FUNC: a=4.52e-05 V_eV4=2.54e+53 kinetic_eV2=3.36e-11 V_Mpc2=1.43e-02 KE_Mpc2=1.89e-66 rho_final=1.43e-02
RIDDER DEBUG (adding to rho_tot): a=4.522113e-05, rho_ridder=1.426581e-02, rho_tot_before=8.293156e+05, rho_tot_after=8.293156e+05
RIDDER DEBUG (adding to rho_tot): a=9.970632e-04, rho_ridder=1.426581e-02, rho_tot_before=1.876867e+01, rho_tot_after=1.878294e+01
RIDDER DEBUG (adding to rho_tot): a=9.970632e-04, rho_ridder=1.426581e-02, rho_tot_before=1.876867e+01, rho_tot_after=1.878294e+01
RIDDER DEBUG (adding to rho_tot): a=9.905466e-04, rho_ridder=1.426581e-02, rho_tot_before=1.916023e+01, rho_tot_after=1.917449e+01
RIDDER DEBUG (adding to rho_tot): a=9.913452e-04, rho_ridder=1.426581e-02, rho_tot_before=1.911166e+01, rho_tot_after=1.912593e+01
RIDDER DEBUG (adding to rho_tot): a=9.921445e-04, rho_ridder=1.426581e-02, rho_tot_before=1.906322e+01, rho_tot_after=1.907748e+01
RIDDER DEBUG (adding to rho_tot): a=9.929444e-04, rho_ridder=1.426581e-02, rho_tot_before=1.901490e+01, rho_tot_after=1.902917e+01
RIDDER DEBUG (adding to rho_tot): a=9.937449e-04, rho_ridder=1.426581e-02, rho_tot_before=1.896671e+01, rho_tot_after=1.898097e+01
RIDDER DEBUG (adding to rho_tot): a=9.945462e-04, rho_ridder=1.426581e-02, rho_tot_before=1.891864e+01, rho_tot_after=1.893291e+01
RIDDER DEBUG (adding to rho_tot): a=9.953480e-04, rho_ridder=1.426581e-02, rho_tot_before=1.887069e+01, rho_tot_after=1.888496e+01
RIDDER DEBUG (adding to rho_tot): a=9.961505e-04, rho_ridder=1.426581e-02, rho_tot_before=1.882287e+01, rho_tot_after=1.883714e+01
RIDDER DEBUG (adding to rho_tot): a=9.969536e-04, rho_ridder=1.426581e-02, rho_tot_before=1.877517e+01, rho_tot_after=1.878944e+01
RIDDER DEBUG (adding to rho_tot): a=1.006660e-03, rho_ridder=1.426581e-02, rho_tot_before=1.821122e+01, rho_tot_after=1.822548e+01
RIDDER DEBUG (adding to rho_tot): a=1.006660e-03, rho_ridder=1.426581e-02, rho_tot_before=1.821122e+01, rho_tot_after=1.822548e+01
RIDDER DEBUG (adding to rho_tot): a=9.977574e-04, rho_ridder=1.426581e-02, rho_tot_before=1.872759e+01, rho_tot_after=1.874186e+01
RIDDER DEBUG (adding to rho_tot): a=9.985619e-04, rho_ridder=1.426581e-02, rho_tot_before=1.868014e+01, rho_tot_after=1.869440e+01
RIDDER DEBUG (adding to rho_tot): a=9.993670e-04, rho_ridder=1.426581e-02, rho_tot_before=1.863280e+01, rho_tot_after=1.864707e+01
RIDDER DEBUG (adding to rho_tot): a=1.000173e-03, rho_ridder=1.426581e-02, rho_tot_before=1.858559e+01, rho_tot_after=1.859986e+01
RIDDER DEBUG (adding to rho_tot): a=1.000979e-03, rho_ridder=1.426581e-02, rho_tot_before=1.853850e+01, rho_tot_after=1.855277e+01
RIDDER DEBUG (adding to rho_tot): a=1.001786e-03, rho_ridder=1.426581e-02, rho_tot_before=1.849153e+01, rho_tot_after=1.850579e+01
RIDDER DEBUG (adding to rho_tot): a=1.002594e-03, rho_ridder=1.426581e-02, rho_tot_before=1.844468e+01, rho_tot_after=1.845894e+01
RIDDER DEBUG (adding to rho_tot): a=1.003402e-03, rho_ridder=1.426581e-02, rho_tot_before=1.839795e+01, rho_tot_after=1.841222e+01
RIDDER DEBUG (adding to rho_tot): a=1.004211e-03, rho_ridder=1.426581e-02, rho_tot_before=1.835134e+01, rho_tot_after=1.836561e+01
RIDDER DEBUG (adding to rho_tot): a=1.005021e-03, rho_ridder=1.426581e-02, rho_tot_before=1.830485e+01, rho_tot_after=1.831911e+01
RIDDER DEBUG (adding to rho_tot): a=1.005831e-03, rho_ridder=1.426581e-02, rho_tot_before=1.825848e+01, rho_tot_after=1.827274e+01
RIDDER DEBUG (adding to rho_tot): a=1.006642e-03, rho_ridder=1.426581e-02, rho_tot_before=1.821223e+01, rho_tot_after=1.822649e+01
RIDDER DEBUG (adding to rho_tot): a=1.007454e-03, rho_ridder=1.426581e-02, rho_tot_before=1.816609e+01, rho_tot_after=1.818036e+01
RIDDER DEBUG (adding to rho_tot): a=1.008266e-03, rho_ridder=1.426581e-02, rho_tot_before=1.812008e+01, rho_tot_after=1.813434e+01
RIDDER DEBUG (adding to rho_tot): a=1.009079e-03, rho_ridder=1.426581e-02, rho_tot_before=1.807418e+01, rho_tot_after=1.808845e+01
RIDDER DEBUG (adding to rho_tot): a=1.009892e-03, rho_ridder=1.426581e-02, rho_tot_before=1.802840e+01, rho_tot_after=1.804267e+01
V_RIDDER_RAW: a=1.39e-03 phi=3.65e+27 V_eV4=2.54e+53 Lambda=2.37e+13 f=2.43e+27 n=3
BG_FUNC: a=1.39e-03 V_eV4=2.54e+53 kinetic_eV2=6.88e-06 V_Mpc2=1.43e-02 KE_Mpc2=3.87e-61 rho_final=1.43e-02
RIDDER DEBUG (adding to rho_tot): a=1.385092e-03, rho_ridder=1.426581e-02, rho_tot_before=6.710155e+00, rho_tot_after=6.724421e+00
V_RIDDER_RAW: a=5.60e-02 phi=3.65e+27 V_eV4=2.54e+53 Lambda=2.37e+13 f=2.43e+27 n=3
DDV_CHECK: call#=260000 a=5.60e-02 phi=3.65e+27 ddV_eV2=3.06e-01 (positive=1)
BG_FUNC: a=5.60e-02 V_eV4=2.54e+53 kinetic_eV2=7.93e-03 V_Mpc2=1.43e-02 KE_Mpc2=4.46e-58 rho_final=1.43e-02
RIDDER DEBUG (adding to rho_tot): a=5.597817e-02, rho_ridder=1.426581e-02, rho_tot_before=9.060616e-05, rho_tot_after=1.435642e-02
RIDDER_SHOOT iter= 4  log10_Lambda=13.375  f_peak=0.00620  z_peak= 500.1  target=0.10000
BACKGROUND_SOLVE ENTERED: has_ridder=1 Lambda=3.65e+13
ABOUT TO INTEGRATE: bi_size=7 has_ridder=1 Lambda=3.65e+13
V_RIDDER_RAW: a=2.18e-14 phi=3.65e+27 V_eV4=1.43e+54 Lambda=3.65e+13 f=2.43e+27 n=3
BG_FUNC: a=2.18e-14 V_eV4=1.43e+54 kinetic_eV2=3.92e+06 V_Mpc2=8.02e-02 KE_Mpc2=2.21e-49 rho_final=8.02e-02
RIDDER DEBUG (adding to rho_tot): a=2.183527e-14, rho_ridder=8.022255e-02, rho_tot_before=1.210445e+43, rho_tot_after=1.210445e+43
V_RIDDER_RAW: a=9.65e-13 phi=3.65e+27 V_eV4=1.43e+54 Lambda=3.65e+13 f=2.43e+27 n=3
DDV_CHECK: call#=270000 a=9.65e-13 phi=3.65e+27 ddV_eV2=1.72e+00 (positive=1)
BG_FUNC: a=9.65e-13 V_eV4=1.43e+54 kinetic_eV2=5.26e-04 V_Mpc2=8.02e-02 KE_Mpc2=2.96e-59 rho_final=8.02e-02
RIDDER DEBUG (adding to rho_tot): a=9.650496e-13, rho_ridder=8.022255e-02, rho_tot_before=3.172347e+36, rho_tot_after=3.172347e+36
V_RIDDER_RAW: a=4.21e-11 phi=3.65e+27 V_eV4=1.43e+54 Lambda=3.65e+13 f=2.43e+27 n=3
BG_FUNC: a=4.21e-11 V_eV4=1.43e+54 kinetic_eV2=7.59e-14 V_Mpc2=8.02e-02 KE_Mpc2=4.27e-69 rho_final=8.02e-02
RIDDER DEBUG (adding to rho_tot): a=4.213962e-11, rho_ridder=8.022255e-02, rho_tot_before=8.726030e+29, rho_tot_after=8.726030e+29
DERIVS_ENTRY: call#=25000 has_ridder=1 Lambda=3.65e+13 a=5.09e-10
RIDDER DERIVS CALLED: call#=25000 a=5.09e-10 phi=3.65e+27 fluid_mode=0
FIELD_MODE: call#=25000 a=5.09e-10 fluid_mode=0
DERIVS: call#=25000 a=5.09e-10 phi=3.65e+27 phi'=-1.12e-19 dphi/dlna=-2.65e-23 dphi'/dlna=2.25e-19 dV=2.58e-01 H=8.31e+12
V_RIDDER_RAW: a=1.53e-09 phi=3.65e+27 V_eV4=1.43e+54 Lambda=3.65e+13 f=2.43e+27 n=3
DDV_CHECK: call#=280000 a=1.53e-09 phi=3.65e+27 ddV_eV2=1.72e+00 (positive=1)
BG_FUNC: a=1.53e-09 V_eV4=1.43e+54 kinetic_eV2=3.36e-23 V_Mpc2=8.02e-02 KE_Mpc2=1.89e-78 rho_final=8.02e-02
RIDDER DEBUG (adding to rho_tot): a=1.529958e-09, rho_ridder=8.022255e-02, rho_tot_before=5.021858e+23, rho_tot_after=5.021858e+23
V_RIDDER_RAW: a=5.42e-08 phi=3.65e+27 V_eV4=1.43e+54 Lambda=3.65e+13 f=2.43e+27 n=3
BG_FUNC: a=5.42e-08 V_eV4=1.43e+54 kinetic_eV2=2.47e-21 V_Mpc2=8.02e-02 KE_Mpc2=1.39e-76 rho_final=8.02e-02
RIDDER DEBUG (adding to rho_tot): a=5.417742e-08, rho_ridder=8.022255e-02, rho_tot_before=3.194781e+17, rho_tot_after=3.194781e+17
V_RIDDER_RAW: a=1.74e-06 phi=3.65e+27 V_eV4=1.43e+54 Lambda=3.65e+13 f=2.43e+27 n=3
DDV_CHECK: call#=290000 a=1.74e-06 phi=3.65e+27 ddV_eV2=1.72e+00 (positive=1)
BG_FUNC: a=1.74e-06 V_eV4=1.43e+54 kinetic_eV2=2.59e-15 V_Mpc2=8.02e-02 KE_Mpc2=1.46e-70 rho_final=8.02e-02
RIDDER DEBUG (adding to rho_tot): a=1.736025e-06, rho_ridder=8.022255e-02, rho_tot_before=3.059673e+11, rho_tot_after=3.059673e+11
V_RIDDER_RAW: a=5.19e-05 phi=3.65e+27 V_eV4=1.43e+54 Lambda=3.65e+13 f=2.43e+27 n=3
BG_FUNC: a=5.19e-05 V_eV4=1.43e+54 kinetic_eV2=1.82e-09 V_Mpc2=8.02e-02 KE_Mpc2=1.02e-64 rho_final=8.02e-02
RIDDER DEBUG (adding to rho_tot): a=5.193579e-05, rho_ridder=8.022255e-02, rho_tot_before=4.912931e+05, rho_tot_after=4.912932e+05
RIDDER DEBUG (adding to rho_tot): a=9.908453e-04, rho_ridder=8.022255e-02, rho_tot_before=1.914204e+01, rho_tot_after=1.922226e+01
RIDDER DEBUG (adding to rho_tot): a=9.908453e-04, rho_ridder=8.022255e-02, rho_tot_before=1.914204e+01, rho_tot_after=1.922226e+01
RIDDER DEBUG (adding to rho_tot): a=9.905466e-04, rho_ridder=8.022255e-02, rho_tot_before=1.916023e+01, rho_tot_after=1.924045e+01
RIDDER DEBUG (adding to rho_tot): a=1.000554e-03, rho_ridder=8.022255e-02, rho_tot_before=1.856333e+01, rho_tot_after=1.864355e+01
RIDDER DEBUG (adding to rho_tot): a=1.000554e-03, rho_ridder=8.022255e-02, rho_tot_before=1.856333e+01, rho_tot_after=1.864355e+01
RIDDER DEBUG (adding to rho_tot): a=9.913452e-04, rho_ridder=8.022255e-02, rho_tot_before=1.911166e+01, rho_tot_after=1.919188e+01
RIDDER DEBUG (adding to rho_tot): a=9.921445e-04, rho_ridder=8.022255e-02, rho_tot_before=1.906322e+01, rho_tot_after=1.914344e+01
RIDDER DEBUG (adding to rho_tot): a=9.929444e-04, rho_ridder=8.022255e-02, rho_tot_before=1.901490e+01, rho_tot_after=1.909512e+01
RIDDER DEBUG (adding to rho_tot): a=9.937449e-04, rho_ridder=8.022255e-02, rho_tot_before=1.896671e+01, rho_tot_after=1.904693e+01
RIDDER DEBUG (adding to rho_tot): a=9.945462e-04, rho_ridder=8.022255e-02, rho_tot_before=1.891864e+01, rho_tot_after=1.899886e+01
RIDDER DEBUG (adding to rho_tot): a=9.953480e-04, rho_ridder=8.022255e-02, rho_tot_before=1.887069e+01, rho_tot_after=1.895092e+01
RIDDER DEBUG (adding to rho_tot): a=9.961505e-04, rho_ridder=8.022255e-02, rho_tot_before=1.882287e+01, rho_tot_after=1.890309e+01
RIDDER DEBUG (adding to rho_tot): a=9.969536e-04, rho_ridder=8.022255e-02, rho_tot_before=1.877517e+01, rho_tot_after=1.885539e+01
RIDDER DEBUG (adding to rho_tot): a=9.977574e-04, rho_ridder=8.022255e-02, rho_tot_before=1.872759e+01, rho_tot_after=1.880782e+01
RIDDER DEBUG (adding to rho_tot): a=9.985619e-04, rho_ridder=8.022255e-02, rho_tot_before=1.868014e+01, rho_tot_after=1.876036e+01
RIDDER DEBUG (adding to rho_tot): a=9.993670e-04, rho_ridder=8.022255e-02, rho_tot_before=1.863280e+01, rho_tot_after=1.871303e+01
RIDDER DEBUG (adding to rho_tot): a=1.000173e-03, rho_ridder=8.022255e-02, rho_tot_before=1.858559e+01, rho_tot_after=1.866581e+01
RIDDER DEBUG (adding to rho_tot): a=1.000979e-03, rho_ridder=8.022255e-02, rho_tot_before=1.853850e+01, rho_tot_after=1.861872e+01
RIDDER DEBUG (adding to rho_tot): a=1.001786e-03, rho_ridder=8.022255e-02, rho_tot_before=1.849153e+01, rho_tot_after=1.857175e+01
RIDDER DEBUG (adding to rho_tot): a=1.002594e-03, rho_ridder=8.022255e-02, rho_tot_before=1.844468e+01, rho_tot_after=1.852490e+01
RIDDER DEBUG (adding to rho_tot): a=1.003402e-03, rho_ridder=8.022255e-02, rho_tot_before=1.839795e+01, rho_tot_after=1.847817e+01
RIDDER DEBUG (adding to rho_tot): a=1.004211e-03, rho_ridder=8.022255e-02, rho_tot_before=1.835134e+01, rho_tot_after=1.843156e+01
RIDDER DEBUG (adding to rho_tot): a=1.005021e-03, rho_ridder=8.022255e-02, rho_tot_before=1.830485e+01, rho_tot_after=1.838507e+01
RIDDER DEBUG (adding to rho_tot): a=1.005831e-03, rho_ridder=8.022255e-02, rho_tot_before=1.825848e+01, rho_tot_after=1.833870e+01
RIDDER DEBUG (adding to rho_tot): a=1.006642e-03, rho_ridder=8.022255e-02, rho_tot_before=1.821223e+01, rho_tot_after=1.829245e+01
RIDDER DEBUG (adding to rho_tot): a=1.007454e-03, rho_ridder=8.022255e-02, rho_tot_before=1.816609e+01, rho_tot_after=1.824632e+01
RIDDER DEBUG (adding to rho_tot): a=1.008266e-03, rho_ridder=8.022255e-02, rho_tot_before=1.812008e+01, rho_tot_after=1.820030e+01
RIDDER DEBUG (adding to rho_tot): a=1.009079e-03, rho_ridder=8.022255e-02, rho_tot_before=1.807418e+01, rho_tot_after=1.815440e+01
RIDDER DEBUG (adding to rho_tot): a=1.009892e-03, rho_ridder=8.022255e-02, rho_tot_before=1.802840e+01, rho_tot_after=1.810862e+01
V_RIDDER_RAW: a=1.63e-03 phi=3.65e+27 V_eV4=1.43e+54 Lambda=3.65e+13 f=2.43e+27 n=3
DDV_CHECK: call#=300000 a=1.63e-03 phi=3.65e+27 ddV_eV2=1.72e+00 (positive=1)
BG_FUNC: a=1.63e-03 V_eV4=1.43e+54 kinetic_eV2=3.65e-04 V_Mpc2=8.02e-02 KE_Mpc2=2.05e-59 rho_final=8.02e-02
RIDDER DEBUG (adding to rho_tot): a=1.633918e-03, rho_ridder=8.022255e-02, rho_tot_before=4.018328e+00, rho_tot_after=4.098551e+00
V_RIDDER_RAW: a=6.94e-02 phi=3.65e+27 V_eV4=1.43e+54 Lambda=3.65e+13 f=2.43e+27 n=3
BG_FUNC: a=6.94e-02 V_eV4=1.43e+54 kinetic_eV2=4.60e-02 V_Mpc2=8.02e-02 KE_Mpc2=2.59e-57 rho_final=8.02e-02
RIDDER DEBUG (adding to rho_tot): a=6.936191e-02, rho_ridder=8.022255e-02, rho_tot_before=4.759831e-05, rho_tot_after=8.027015e-02
RIDDER_SHOOT iter= 5  log10_Lambda=13.562  f_peak=0.03388  z_peak= 500.1  target=0.10000
BACKGROUND_SOLVE ENTERED: has_ridder=1 Lambda=4.53e+13
ABOUT TO INTEGRATE: bi_size=7 has_ridder=1 Lambda=4.53e+13
V_RIDDER_RAW: a=2.81e-14 phi=3.65e+27 V_eV4=3.38e+54 Lambda=4.53e+13 f=2.43e+27 n=3
DDV_CHECK: call#=310000 a=2.81e-14 phi=3.65e+27 ddV_eV2=4.08e+00 (positive=1)
BG_FUNC: a=2.81e-14 V_eV4=3.38e+54 kinetic_eV2=4.83e+06 V_Mpc2=1.90e-01 KE_Mpc2=2.72e-49 rho_final=1.90e-01
RIDDER DEBUG (adding to rho_tot): a=2.812297e-14, rho_ridder=1.902376e-01, rho_tot_before=4.398799e+42, rho_tot_after=4.398799e+42
V_RIDDER_RAW: a=1.24e-12 phi=3.65e+27 V_eV4=3.38e+54 Lambda=4.53e+13 f=2.43e+27 n=3
BG_FUNC: a=1.24e-12 V_eV4=3.38e+54 kinetic_eV2=6.48e-04 V_Mpc2=1.90e-01 KE_Mpc2=3.65e-59 rho_final=1.90e-01
RIDDER DEBUG (adding to rho_tot): a=1.242946e-12, rho_ridder=1.902376e-01, rho_tot_before=1.152842e+36, rho_tot_after=1.152842e+36
V_RIDDER_RAW: a=5.39e-11 phi=3.65e+27 V_eV4=3.38e+54 Lambda=4.53e+13 f=2.43e+27 n=3
DDV_CHECK: call#=320000 a=5.39e-11 phi=3.65e+27 ddV_eV2=4.08e+00 (positive=1)
BG_FUNC: a=5.39e-11 V_eV4=3.38e+54 kinetic_eV2=9.77e-14 V_Mpc2=1.90e-01 KE_Mpc2=5.49e-69 rho_final=1.90e-01
RIDDER DEBUG (adding to rho_tot): a=5.388195e-11, rho_ridder=1.902376e-01, rho_tot_before=3.264420e+29, rho_tot_after=3.264420e+29
V_RIDDER_RAW: a=2.44e-09 phi=3.65e+27 V_eV4=3.38e+54 Lambda=4.53e+13 f=2.43e+27 n=3
BG_FUNC: a=2.44e-09 V_eV4=3.38e+54 kinetic_eV2=1.31e-23 V_Mpc2=1.90e-01 KE_Mpc2=7.37e-79 rho_final=1.90e-01
RIDDER DEBUG (adding to rho_tot): a=2.435761e-09, rho_ridder=1.902376e-01, rho_tot_before=7.817115e+22, rho_tot_after=7.817115e+22
V_RIDDER_RAW: a=1.10e-07 phi=3.65e+27 V_eV4=3.38e+54 Lambda=4.53e+13 f=2.43e+27 n=3
DDV_CHECK: call#=330000 a=1.10e-07 phi=3.65e+27 ddV_eV2=4.08e+00 (positive=1)
BG_FUNC: a=1.10e-07 V_eV4=3.38e+54 kinetic_eV2=2.37e-19 V_Mpc2=1.90e-01 KE_Mpc2=1.33e-74 rho_final=1.90e-01
RIDDER DEBUG (adding to rho_tot): a=1.101098e-07, rho_ridder=1.902376e-01, rho_tot_before=1.873053e+16, rho_tot_after=1.873053e+16
DERIVS_ENTRY: call#=30000 has_ridder=1 Lambda=4.53e+13 a=2.39e-07
RIDDER DERIVS CALLED: call#=30000 a=2.39e-07 phi=3.65e+27 fluid_mode=0
FIELD_MODE: call#=30000 a=2.39e-07 fluid_mode=0
DERIVS: call#=30000 a=2.39e-07 phi=3.65e+27 phi'=-7.74e-16 dphi/dlna=-8.57e-17 dphi'/dlna=-2.32e-15 dV=6.13e-01 H=3.78e+07
V_RIDDER_RAW: a=3.56e-06 phi=3.65e+27 V_eV4=3.38e+54 Lambda=4.53e+13 f=2.43e+27 n=3
BG_FUNC: a=3.56e-06 V_eV4=3.38e+54 kinetic_eV2=2.56e-13 V_Mpc2=1.90e-01 KE_Mpc2=1.44e-68 rho_final=1.90e-01
RIDDER DEBUG (adding to rho_tot): a=3.559703e-06, rho_ridder=1.902376e-01, rho_tot_before=1.748783e+10, rho_tot_after=1.748783e+10
V_RIDDER_RAW: a=1.13e-04 phi=3.65e+27 V_eV4=3.38e+54 Lambda=4.53e+13 f=2.43e+27 n=3
DDV_CHECK: call#=340000 a=1.13e-04 phi=3.65e+27 ddV_eV2=4.08e+00 (positive=1)
BG_FUNC: a=1.13e-04 V_eV4=3.38e+54 kinetic_eV2=1.98e-07 V_Mpc2=1.90e-01 KE_Mpc2=1.11e-62 rho_final=1.90e-01
RIDDER DEBUG (adding to rho_tot): a=1.127850e-04, rho_ridder=1.902376e-01, rho_tot_before=2.804859e+04, rho_tot_after=2.804878e+04
RIDDER DEBUG (adding to rho_tot): a=9.934734e-04, rho_ridder=1.902376e-01, rho_tot_before=1.898304e+01, rho_tot_after=1.917328e+01
RIDDER DEBUG (adding to rho_tot): a=9.905466e-04, rho_ridder=1.902376e-01, rho_tot_before=1.916023e+01, rho_tot_after=1.935046e+01
RIDDER DEBUG (adding to rho_tot): a=9.913452e-04, rho_ridder=1.902376e-01, rho_tot_before=1.911166e+01, rho_tot_after=1.930190e+01
RIDDER DEBUG (adding to rho_tot): a=9.921445e-04, rho_ridder=1.902376e-01, rho_tot_before=1.906322e+01, rho_tot_after=1.925346e+01
RIDDER DEBUG (adding to rho_tot): a=9.929444e-04, rho_ridder=1.902376e-01, rho_tot_before=1.901490e+01, rho_tot_after=1.920514e+01
RIDDER DEBUG (adding to rho_tot): a=1.003592e-03, rho_ridder=1.902376e-01, rho_tot_before=1.838701e+01, rho_tot_after=1.857725e+01
RIDDER DEBUG (adding to rho_tot): a=1.003592e-03, rho_ridder=1.902376e-01, rho_tot_before=1.838701e+01, rho_tot_after=1.857725e+01
RIDDER DEBUG (adding to rho_tot): a=9.937449e-04, rho_ridder=1.902376e-01, rho_tot_before=1.896671e+01, rho_tot_after=1.915695e+01
RIDDER DEBUG (adding to rho_tot): a=9.945462e-04, rho_ridder=1.902376e-01, rho_tot_before=1.891864e+01, rho_tot_after=1.910888e+01
RIDDER DEBUG (adding to rho_tot): a=9.953480e-04, rho_ridder=1.902376e-01, rho_tot_before=1.887069e+01, rho_tot_after=1.906093e+01
RIDDER DEBUG (adding to rho_tot): a=9.961505e-04, rho_ridder=1.902376e-01, rho_tot_before=1.882287e+01, rho_tot_after=1.901311e+01
RIDDER DEBUG (adding to rho_tot): a=9.969536e-04, rho_ridder=1.902376e-01, rho_tot_before=1.877517e+01, rho_tot_after=1.896541e+01
RIDDER DEBUG (adding to rho_tot): a=9.977574e-04, rho_ridder=1.902376e-01, rho_tot_before=1.872759e+01, rho_tot_after=1.891783e+01
RIDDER DEBUG (adding to rho_tot): a=9.985619e-04, rho_ridder=1.902376e-01, rho_tot_before=1.868014e+01, rho_tot_after=1.887037e+01
RIDDER DEBUG (adding to rho_tot): a=9.993670e-04, rho_ridder=1.902376e-01, rho_tot_before=1.863280e+01, rho_tot_after=1.882304e+01
RIDDER DEBUG (adding to rho_tot): a=1.000173e-03, rho_ridder=1.902376e-01, rho_tot_before=1.858559e+01, rho_tot_after=1.877583e+01
RIDDER DEBUG (adding to rho_tot): a=1.000979e-03, rho_ridder=1.902376e-01, rho_tot_before=1.853850e+01, rho_tot_after=1.872874e+01
RIDDER DEBUG (adding to rho_tot): a=1.001786e-03, rho_ridder=1.902376e-01, rho_tot_before=1.849153e+01, rho_tot_after=1.868177e+01
RIDDER DEBUG (adding to rho_tot): a=1.002594e-03, rho_ridder=1.902376e-01, rho_tot_before=1.844468e+01, rho_tot_after=1.863492e+01
RIDDER DEBUG (adding to rho_tot): a=1.003402e-03, rho_ridder=1.902376e-01, rho_tot_before=1.839795e+01, rho_tot_after=1.858819e+01
RIDDER DEBUG (adding to rho_tot): a=1.004211e-03, rho_ridder=1.902376e-01, rho_tot_before=1.835134e+01, rho_tot_after=1.854158e+01
RIDDER DEBUG (adding to rho_tot): a=1.005021e-03, rho_ridder=1.902376e-01, rho_tot_before=1.830485e+01, rho_tot_after=1.849509e+01
RIDDER DEBUG (adding to rho_tot): a=1.005831e-03, rho_ridder=1.902376e-01, rho_tot_before=1.825848e+01, rho_tot_after=1.844872e+01
RIDDER DEBUG (adding to rho_tot): a=1.006642e-03, rho_ridder=1.902376e-01, rho_tot_before=1.821223e+01, rho_tot_after=1.840246e+01
RIDDER DEBUG (adding to rho_tot): a=1.007454e-03, rho_ridder=1.902376e-01, rho_tot_before=1.816609e+01, rho_tot_after=1.835633e+01
RIDDER DEBUG (adding to rho_tot): a=1.008266e-03, rho_ridder=1.902376e-01, rho_tot_before=1.812008e+01, rho_tot_after=1.831032e+01
RIDDER DEBUG (adding to rho_tot): a=1.009079e-03, rho_ridder=1.902376e-01, rho_tot_before=1.807418e+01, rho_tot_after=1.826442e+01
RIDDER DEBUG (adding to rho_tot): a=1.009892e-03, rho_ridder=1.902376e-01, rho_tot_before=1.802840e+01, rho_tot_after=1.821864e+01
V_RIDDER_RAW: a=4.06e-03 phi=3.65e+27 V_eV4=3.38e+54 Lambda=4.53e+13 f=2.43e+27 n=3
BG_FUNC: a=4.06e-03 V_eV4=3.38e+54 kinetic_eV2=2.52e-02 V_Mpc2=1.90e-01 KE_Mpc2=1.41e-57 rho_final=1.90e-01
RIDDER DEBUG (adding to rho_tot): a=4.062634e-03, rho_ridder=1.902376e-01, rho_tot_before=2.463908e-01, rho_tot_after=4.366284e-01
V_RIDDER_RAW: a=1.76e-01 phi=3.65e+27 V_eV4=3.38e+54 Lambda=4.53e+13 f=2.43e+27 n=3
DDV_CHECK: call#=350000 a=1.76e-01 phi=3.65e+27 ddV_eV2=4.08e+00 (positive=1)
BG_FUNC: a=1.76e-01 V_eV4=3.38e+54 kinetic_eV2=1.10e-01 V_Mpc2=1.90e-01 KE_Mpc2=6.16e-57 rho_final=1.90e-01
RIDDER DEBUG (adding to rho_tot): a=1.760886e-01, rho_ridder=1.902376e-01, rho_tot_before=2.904713e-06, rho_tot_after=1.902406e-01
RIDDER_SHOOT iter= 6  log10_Lambda=13.656  f_peak=0.07677  z_peak= 500.1  target=0.10000
BACKGROUND_SOLVE ENTERED: has_ridder=1 Lambda=5.05e+13
ABOUT TO INTEGRATE: bi_size=7 has_ridder=1 Lambda=5.05e+13
V_RIDDER_RAW: a=7.17e-14 phi=3.65e+27 V_eV4=5.21e+54 Lambda=5.05e+13 f=2.43e+27 n=3
BG_FUNC: a=7.17e-14 V_eV4=5.21e+54 kinetic_eV2=4.16e+04 V_Mpc2=2.93e-01 KE_Mpc2=2.34e-51 rho_final=2.93e-01
RIDDER DEBUG (adding to rho_tot): a=7.174166e-14, rho_ridder=2.929520e-01, rho_tot_before=1.038708e+41, rho_tot_after=1.038708e+41
V_RIDDER_RAW: a=3.17e-12 phi=3.65e+27 V_eV4=5.21e+54 Lambda=5.05e+13 f=2.43e+27 n=3
DDV_CHECK: call#=360000 a=3.17e-12 phi=3.65e+27 ddV_eV2=6.28e+00 (positive=1)
BG_FUNC: a=3.17e-12 V_eV4=5.21e+54 kinetic_eV2=5.58e-06 V_Mpc2=2.93e-01 KE_Mpc2=3.14e-61 rho_final=2.93e-01
RIDDER DEBUG (adding to rho_tot): a=3.170754e-12, rho_ridder=2.929520e-01, rho_tot_before=2.722256e+34, rho_tot_after=2.722256e+34
V_RIDDER_RAW: a=1.32e-10 phi=3.65e+27 V_eV4=5.21e+54 Lambda=5.05e+13 f=2.43e+27 n=3
BG_FUNC: a=1.32e-10 V_eV4=5.21e+54 kinetic_eV2=1.07e-15 V_Mpc2=2.93e-01 KE_Mpc2=6.03e-71 rho_final=2.93e-01
RIDDER DEBUG (adding to rho_tot): a=1.319965e-10, rho_ridder=2.929520e-01, rho_tot_before=9.064206e+27, rho_tot_after=9.064206e+27
V_RIDDER_RAW: a=4.78e-09 phi=3.65e+27 V_eV4=5.21e+54 Lambda=5.05e+13 f=2.43e+27 n=3
DDV_CHECK: call#=370000 a=4.78e-09 phi=3.65e+27 ddV_eV2=6.28e+00 (positive=1)
BG_FUNC: a=4.78e-09 V_eV4=5.21e+54 kinetic_eV2=4.42e-24 V_Mpc2=2.93e-01 KE_Mpc2=2.48e-79 rho_final=2.93e-01
RIDDER DEBUG (adding to rho_tot): a=4.777954e-09, rho_ridder=2.929520e-01, rho_tot_before=5.279868e+21, rho_tot_after=5.279868e+21
V_RIDDER_RAW: a=1.73e-07 phi=3.65e+27 V_eV4=5.21e+54 Lambda=5.05e+13 f=2.43e+27 n=3
BG_FUNC: a=1.73e-07 V_eV4=5.21e+54 kinetic_eV2=3.45e-18 V_Mpc2=2.93e-01 KE_Mpc2=1.94e-73 rho_final=2.93e-01
RIDDER DEBUG (adding to rho_tot): a=1.733329e-07, rho_ridder=2.929520e-01, rho_tot_before=3.051325e+15, rho_tot_after=3.051325e+15
DERIVS_ENTRY: call#=35000 has_ridder=1 Lambda=5.05e+13 a=4.51e-06
RIDDER DERIVS CALLED: call#=35000 a=4.51e-06 phi=3.65e+27 fluid_mode=0
FIELD_MODE: call#=35000 a=4.51e-06 fluid_mode=0
DERIVS: call#=35000 a=4.51e-06 phi=3.65e+27 phi'=-7.98e-12 dphi/dlna=-1.66e-11 dphi'/dlna=-2.39e-11 dV=9.43e-01 H=1.07e+05
V_RIDDER_RAW: a=5.40e-06 phi=3.65e+27 V_eV4=5.21e+54 Lambda=5.05e+13 f=2.43e+27 n=3
DDV_CHECK: call#=380000 a=5.40e-06 phi=3.65e+27 ddV_eV2=6.28e+00 (positive=1)
BG_FUNC: a=5.40e-06 V_eV4=5.21e+54 kinetic_eV2=3.21e-12 V_Mpc2=2.93e-01 KE_Mpc2=1.81e-67 rho_final=2.93e-01
RIDDER DEBUG (adding to rho_tot): a=5.404037e-06, rho_ridder=2.929520e-01, rho_tot_before=3.326703e+09, rho_tot_after=3.326703e+09
V_RIDDER_RAW: a=1.68e-04 phi=3.65e+27 V_eV4=5.21e+54 Lambda=5.05e+13 f=2.43e+27 n=3
BG_FUNC: a=1.68e-04 V_eV4=5.21e+54 kinetic_eV2=2.09e-06 V_Mpc2=2.93e-01 KE_Mpc2=1.18e-61 rho_final=2.93e-01
RIDDER DEBUG (adding to rho_tot): a=1.684828e-04, rho_ridder=2.929520e-01, rho_tot_before=6.727579e+03, rho_tot_after=6.727872e+03
RIDDER DEBUG (adding to rho_tot): a=9.931843e-04, rho_ridder=2.929520e-01, rho_tot_before=1.900044e+01, rho_tot_after=1.929339e+01
RIDDER DEBUG (adding to rho_tot): a=9.905466e-04, rho_ridder=2.929520e-01, rho_tot_before=1.916023e+01, rho_tot_after=1.945318e+01
RIDDER DEBUG (adding to rho_tot): a=9.913452e-04, rho_ridder=2.929520e-01, rho_tot_before=1.911166e+01, rho_tot_after=1.940461e+01
RIDDER DEBUG (adding to rho_tot): a=9.921445e-04, rho_ridder=2.929520e-01, rho_tot_before=1.906322e+01, rho_tot_after=1.935617e+01
RIDDER DEBUG (adding to rho_tot): a=9.929444e-04, rho_ridder=2.929520e-01, rho_tot_before=1.901490e+01, rho_tot_after=1.930785e+01
RIDDER DEBUG (adding to rho_tot): a=1.003473e-03, rho_ridder=2.929520e-01, rho_tot_before=1.839387e+01, rho_tot_after=1.868682e+01
RIDDER DEBUG (adding to rho_tot): a=9.937449e-04, rho_ridder=2.929520e-01, rho_tot_before=1.896671e+01, rho_tot_after=1.925966e+01
RIDDER DEBUG (adding to rho_tot): a=9.945462e-04, rho_ridder=2.929520e-01, rho_tot_before=1.891864e+01, rho_tot_after=1.921159e+01
RIDDER DEBUG (adding to rho_tot): a=9.953480e-04, rho_ridder=2.929520e-01, rho_tot_before=1.887069e+01, rho_tot_after=1.916365e+01
RIDDER DEBUG (adding to rho_tot): a=9.961505e-04, rho_ridder=2.929520e-01, rho_tot_before=1.882287e+01, rho_tot_after=1.911582e+01
RIDDER DEBUG (adding to rho_tot): a=9.969536e-04, rho_ridder=2.929520e-01, rho_tot_before=1.877517e+01, rho_tot_after=1.906812e+01
RIDDER DEBUG (adding to rho_tot): a=9.977574e-04, rho_ridder=2.929520e-01, rho_tot_before=1.872759e+01, rho_tot_after=1.902054e+01
RIDDER DEBUG (adding to rho_tot): a=9.985619e-04, rho_ridder=2.929520e-01, rho_tot_before=1.868014e+01, rho_tot_after=1.897309e+01
RIDDER DEBUG (adding to rho_tot): a=9.993670e-04, rho_ridder=2.929520e-01, rho_tot_before=1.863280e+01, rho_tot_after=1.892576e+01
RIDDER DEBUG (adding to rho_tot): a=1.000173e-03, rho_ridder=2.929520e-01, rho_tot_before=1.858559e+01, rho_tot_after=1.887854e+01
RIDDER DEBUG (adding to rho_tot): a=1.000979e-03, rho_ridder=2.929520e-01, rho_tot_before=1.853850e+01, rho_tot_after=1.883145e+01
RIDDER DEBUG (adding to rho_tot): a=1.001786e-03, rho_ridder=2.929520e-01, rho_tot_before=1.849153e+01, rho_tot_after=1.878448e+01
RIDDER DEBUG (adding to rho_tot): a=1.002594e-03, rho_ridder=2.929520e-01, rho_tot_before=1.844468e+01, rho_tot_after=1.873763e+01
RIDDER DEBUG (adding to rho_tot): a=1.003402e-03, rho_ridder=2.929520e-01, rho_tot_before=1.839795e+01, rho_tot_after=1.869090e+01
RIDDER DEBUG (adding to rho_tot): a=1.004211e-03, rho_ridder=2.929520e-01, rho_tot_before=1.835134e+01, rho_tot_after=1.864429e+01
RIDDER DEBUG (adding to rho_tot): a=1.005021e-03, rho_ridder=2.929520e-01, rho_tot_before=1.830485e+01, rho_tot_after=1.859780e+01
RIDDER DEBUG (adding to rho_tot): a=1.005831e-03, rho_ridder=2.929520e-01, rho_tot_before=1.825848e+01, rho_tot_after=1.855143e+01
RIDDER DEBUG (adding to rho_tot): a=1.006642e-03, rho_ridder=2.929520e-01, rho_tot_before=1.821223e+01, rho_tot_after=1.850518e+01
RIDDER DEBUG (adding to rho_tot): a=1.007454e-03, rho_ridder=2.929520e-01, rho_tot_before=1.816609e+01, rho_tot_after=1.845904e+01
RIDDER DEBUG (adding to rho_tot): a=1.008266e-03, rho_ridder=2.929520e-01, rho_tot_before=1.812008e+01, rho_tot_after=1.841303e+01
RIDDER DEBUG (adding to rho_tot): a=1.009079e-03, rho_ridder=2.929520e-01, rho_tot_before=1.807418e+01, rho_tot_after=1.836713e+01
RIDDER DEBUG (adding to rho_tot): a=1.009892e-03, rho_ridder=2.929520e-01, rho_tot_before=1.802840e+01, rho_tot_after=1.832135e+01
V_RIDDER_RAW: a=6.23e-03 phi=3.65e+27 V_eV4=5.21e+54 Lambda=5.05e+13 f=2.43e+27 n=3
DDV_CHECK: call#=390000 a=6.23e-03 phi=3.65e+27 ddV_eV2=6.28e+00 (positive=1)
BG_FUNC: a=6.23e-03 V_eV4=5.21e+54 kinetic_eV2=9.82e-02 V_Mpc2=2.93e-01 KE_Mpc2=5.52e-57 rho_final=2.93e-01
RIDDER DEBUG (adding to rho_tot): a=6.231533e-03, rho_ridder=2.929520e-01, rho_tot_before=6.730101e-02, rho_tot_after=3.602530e-01
V_RIDDER_RAW: a=2.76e-01 phi=3.65e+27 V_eV4=5.21e+54 Lambda=5.05e+13 f=2.43e+27 n=3
BG_FUNC: a=2.76e-01 V_eV4=5.21e+54 kinetic_eV2=1.69e-01 V_Mpc2=2.93e-01 KE_Mpc2=9.49e-57 rho_final=2.93e-01
RIDDER DEBUG (adding to rho_tot): a=2.758583e-01, rho_ridder=2.929520e-01, rho_tot_before=7.552380e-07, rho_tot_after=2.929528e-01
RIDDER_SHOOT iter= 7  log10_Lambda=13.703  f_peak=0.11352  z_peak= 500.1  target=0.10000
BACKGROUND_SOLVE ENTERED: has_ridder=1 Lambda=4.78e+13
ABOUT TO INTEGRATE: bi_size=7 has_ridder=1 Lambda=4.78e+13
V_RIDDER_RAW: a=1.13e-13 phi=3.65e+27 V_eV4=4.20e+54 Lambda=4.78e+13 f=2.43e+27 n=3
DDV_CHECK: call#=400000 a=1.13e-13 phi=3.65e+27 ddV_eV2=5.06e+00 (positive=1)
BG_FUNC: a=1.13e-13 V_eV4=4.20e+54 kinetic_eV2=1.75e+03 V_Mpc2=2.36e-01 KE_Mpc2=9.83e-53 rho_final=2.36e-01
RIDDER DEBUG (adding to rho_tot): a=1.132078e-13, rho_ridder=2.360731e-01, rho_tot_before=1.675227e+40, rho_tot_after=1.675227e+40
V_RIDDER_RAW: a=5.00e-12 phi=3.65e+27 V_eV4=4.20e+54 Lambda=4.78e+13 f=2.43e+27 n=3
BG_FUNC: a=5.00e-12 V_eV4=4.20e+54 kinetic_eV2=2.35e-07 V_Mpc2=2.36e-01 KE_Mpc2=1.32e-62 rho_final=2.36e-01
RIDDER DEBUG (adding to rho_tot): a=5.003426e-12, rho_ridder=2.360731e-01, rho_tot_before=4.390451e+33, rho_tot_after=4.390451e+33
V_RIDDER_RAW: a=2.01e-10 phi=3.65e+27 V_eV4=4.20e+54 Lambda=4.78e+13 f=2.43e+27 n=3
DDV_CHECK: call#=410000 a=2.01e-10 phi=3.65e+27 ddV_eV2=5.06e+00 (positive=1)
BG_FUNC: a=2.01e-10 V_eV4=4.20e+54 kinetic_eV2=5.57e-17 V_Mpc2=2.36e-01 KE_Mpc2=3.13e-72 rho_final=2.36e-01
RIDDER DEBUG (adding to rho_tot): a=2.010748e-10, rho_ridder=2.360731e-01, rho_tot_before=1.683252e+27, rho_tot_after=1.683252e+27
V_RIDDER_RAW: a=7.40e-09 phi=3.65e+27 V_eV4=4.20e+54 Lambda=4.78e+13 f=2.43e+27 n=3
BG_FUNC: a=7.40e-09 V_eV4=4.20e+54 kinetic_eV2=8.29e-24 V_Mpc2=2.36e-01 KE_Mpc2=4.66e-79 rho_final=2.36e-01
RIDDER DEBUG (adding to rho_tot): a=7.401108e-09, rho_ridder=2.360731e-01, rho_tot_before=9.170872e+20, rho_tot_after=9.170872e+20
V_RIDDER_RAW: a=2.64e-07 phi=3.65e+27 V_eV4=4.20e+54 Lambda=4.78e+13 f=2.43e+27 n=3
DDV_CHECK: call#=420000 a=2.64e-07 phi=3.65e+27 ddV_eV2=5.06e+00 (positive=1)
BG_FUNC: a=2.64e-07 V_eV4=4.20e+54 kinetic_eV2=1.21e-17 V_Mpc2=2.36e-01 KE_Mpc2=6.80e-73 rho_final=2.36e-01
RIDDER DEBUG (adding to rho_tot): a=2.642017e-07, rho_ridder=2.360731e-01, rho_tot_before=5.655840e+14, rho_tot_after=5.655840e+14
V_RIDDER_RAW: a=8.34e-06 phi=3.65e+27 V_eV4=4.20e+54 Lambda=4.78e+13 f=2.43e+27 n=3
BG_FUNC: a=8.34e-06 V_eV4=4.20e+54 kinetic_eV2=1.17e-11 V_Mpc2=2.36e-01 KE_Mpc2=6.59e-67 rho_final=2.36e-01
RIDDER DEBUG (adding to rho_tot): a=8.335823e-06, rho_ridder=2.360731e-01, rho_tot_before=5.972365e+08, rho_tot_after=5.972365e+08
DERIVS_ENTRY: call#=40000 has_ridder=1 Lambda=4.78e+13 a=8.25e-05
RIDDER DERIVS CALLED: call#=40000 a=8.25e-05 phi=3.65e+27 fluid_mode=0
FIELD_MODE: call#=40000 a=8.25e-05 fluid_mode=0
DERIVS: call#=40000 a=8.25e-05 phi=3.65e+27 phi'=-3.56e-08 dphi/dlna=-1.20e-06 dphi'/dlna=-1.03e-07 dV=7.60e-01 H=3.59e+02
V_RIDDER_RAW: a=2.58e-04 phi=3.65e+27 V_eV4=4.20e+54 Lambda=4.78e+13 f=2.43e+27 n=3
DDV_CHECK: call#=430000 a=2.58e-04 phi=3.65e+27 ddV_eV2=5.06e+00 (positive=1)
BG_FUNC: a=2.58e-04 V_eV4=4.20e+54 kinetic_eV2=6.38e-06 V_Mpc2=2.36e-01 KE_Mpc2=3.59e-61 rho_final=2.36e-01
RIDDER DEBUG (adding to rho_tot): a=2.580538e-04, rho_ridder=2.360731e-01, rho_tot_before=1.542509e+03, rho_tot_after=1.542745e+03
RIDDER DEBUG (adding to rho_tot): a=9.957138e-04, rho_ridder=2.360731e-01, rho_tot_before=1.884888e+01, rho_tot_after=1.908495e+01
RIDDER DEBUG (adding to rho_tot): a=9.905466e-04, rho_ridder=2.360731e-01, rho_tot_before=1.916023e+01, rho_tot_after=1.939630e+01
RIDDER DEBUG (adding to rho_tot): a=9.913452e-04, rho_ridder=2.360731e-01, rho_tot_before=1.911166e+01, rho_tot_after=1.934773e+01
RIDDER DEBUG (adding to rho_tot): a=9.921445e-04, rho_ridder=2.360731e-01, rho_tot_before=1.906322e+01, rho_tot_after=1.929929e+01
RIDDER DEBUG (adding to rho_tot): a=9.929444e-04, rho_ridder=2.360731e-01, rho_tot_before=1.901490e+01, rho_tot_after=1.925097e+01
RIDDER DEBUG (adding to rho_tot): a=9.937449e-04, rho_ridder=2.360731e-01, rho_tot_before=1.896671e+01, rho_tot_after=1.920278e+01
RIDDER DEBUG (adding to rho_tot): a=9.945462e-04, rho_ridder=2.360731e-01, rho_tot_before=1.891864e+01, rho_tot_after=1.915471e+01
RIDDER DEBUG (adding to rho_tot): a=9.953480e-04, rho_ridder=2.360731e-01, rho_tot_before=1.887069e+01, rho_tot_after=1.910677e+01
RIDDER DEBUG (adding to rho_tot): a=1.005915e-03, rho_ridder=2.360731e-01, rho_tot_before=1.825371e+01, rho_tot_after=1.848979e+01
RIDDER DEBUG (adding to rho_tot): a=9.961505e-04, rho_ridder=2.360731e-01, rho_tot_before=1.882287e+01, rho_tot_after=1.905894e+01
RIDDER DEBUG (adding to rho_tot): a=9.969536e-04, rho_ridder=2.360731e-01, rho_tot_before=1.877517e+01, rho_tot_after=1.901124e+01
RIDDER DEBUG (adding to rho_tot): a=9.977574e-04, rho_ridder=2.360731e-01, rho_tot_before=1.872759e+01, rho_tot_after=1.896367e+01
RIDDER DEBUG (adding to rho_tot): a=9.985619e-04, rho_ridder=2.360731e-01, rho_tot_before=1.868014e+01, rho_tot_after=1.891621e+01
RIDDER DEBUG (adding to rho_tot): a=9.993670e-04, rho_ridder=2.360731e-01, rho_tot_before=1.863280e+01, rho_tot_after=1.886888e+01
RIDDER DEBUG (adding to rho_tot): a=1.000173e-03, rho_ridder=2.360731e-01, rho_tot_before=1.858559e+01, rho_tot_after=1.882166e+01
RIDDER DEBUG (adding to rho_tot): a=1.000979e-03, rho_ridder=2.360731e-01, rho_tot_before=1.853850e+01, rho_tot_after=1.877457e+01
RIDDER DEBUG (adding to rho_tot): a=1.001786e-03, rho_ridder=2.360731e-01, rho_tot_before=1.849153e+01, rho_tot_after=1.872760e+01
RIDDER DEBUG (adding to rho_tot): a=1.002594e-03, rho_ridder=2.360731e-01, rho_tot_before=1.844468e+01, rho_tot_after=1.868075e+01
RIDDER DEBUG (adding to rho_tot): a=1.003402e-03, rho_ridder=2.360731e-01, rho_tot_before=1.839795e+01, rho_tot_after=1.863402e+01
RIDDER DEBUG (adding to rho_tot): a=1.004211e-03, rho_ridder=2.360731e-01, rho_tot_before=1.835134e+01, rho_tot_after=1.858741e+01
RIDDER DEBUG (adding to rho_tot): a=1.005021e-03, rho_ridder=2.360731e-01, rho_tot_before=1.830485e+01, rho_tot_after=1.854092e+01
RIDDER DEBUG (adding to rho_tot): a=1.005831e-03, rho_ridder=2.360731e-01, rho_tot_before=1.825848e+01, rho_tot_after=1.849455e+01
RIDDER DEBUG (adding to rho_tot): a=1.006642e-03, rho_ridder=2.360731e-01, rho_tot_before=1.821223e+01, rho_tot_after=1.844830e+01
RIDDER DEBUG (adding to rho_tot): a=1.007454e-03, rho_ridder=2.360731e-01, rho_tot_before=1.816609e+01, rho_tot_after=1.840217e+01
RIDDER DEBUG (adding to rho_tot): a=1.008266e-03, rho_ridder=2.360731e-01, rho_tot_before=1.812008e+01, rho_tot_after=1.835615e+01
RIDDER DEBUG (adding to rho_tot): a=1.009079e-03, rho_ridder=2.360731e-01, rho_tot_before=1.807418e+01, rho_tot_after=1.831025e+01
RIDDER DEBUG (adding to rho_tot): a=1.009892e-03, rho_ridder=2.360731e-01, rho_tot_before=1.802840e+01, rho_tot_after=1.826447e+01
V_RIDDER_RAW: a=9.89e-03 phi=3.65e+27 V_eV4=4.20e+54 Lambda=4.78e+13 f=2.43e+27 n=3
BG_FUNC: a=9.89e-03 V_eV4=4.20e+54 kinetic_eV2=1.07e-01 V_Mpc2=2.36e-01 KE_Mpc2=6.03e-57 rho_final=2.36e-01
RIDDER DEBUG (adding to rho_tot): a=9.888943e-03, rho_ridder=2.360731e-01, rho_tot_before=1.667169e-02, rho_tot_after=2.527448e-01
V_RIDDER_RAW: a=4.41e-01 phi=3.65e+27 V_eV4=4.20e+54 Lambda=4.78e+13 f=2.43e+27 n=3
DDV_CHECK: call#=440000 a=4.41e-01 phi=3.65e+27 ddV_eV2=5.06e+00 (positive=1)
BG_FUNC: a=4.41e-01 V_eV4=4.20e+54 kinetic_eV2=1.36e-01 V_Mpc2=2.36e-01 KE_Mpc2=7.65e-57 rho_final=2.36e-01
RIDDER DEBUG (adding to rho_tot): a=4.405966e-01, rho_ridder=2.360731e-01, rho_tot_before=1.853175e-07, rho_tot_after=2.360733e-01
RIDDER_SHOOT iter= 8  log10_Lambda=13.680  f_peak=0.09354  z_peak= 500.1  target=0.10000
BACKGROUND_SOLVE ENTERED: has_ridder=1 Lambda=4.91e+13
ABOUT TO INTEGRATE: bi_size=7 has_ridder=1 Lambda=4.91e+13
V_RIDDER_RAW: a=1.80e-13 phi=3.65e+27 V_eV4=4.68e+54 Lambda=4.91e+13 f=2.43e+27 n=3
BG_FUNC: a=1.80e-13 V_eV4=4.68e+54 kinetic_eV2=1.37e+02 V_Mpc2=2.63e-01 KE_Mpc2=7.68e-54 rho_final=2.63e-01
RIDDER DEBUG (adding to rho_tot): a=1.795070e-13, rho_ridder=2.629792e-01, rho_tot_before=2.650048e+39, rho_tot_after=2.650048e+39
V_RIDDER_RAW: a=7.93e-12 phi=3.65e+27 V_eV4=4.68e+54 Lambda=4.91e+13 f=2.43e+27 n=3
DDV_CHECK: call#=450000 a=7.93e-12 phi=3.65e+27 ddV_eV2=5.63e+00 (positive=1)
BG_FUNC: a=7.93e-12 V_eV4=4.68e+54 kinetic_eV2=1.83e-08 V_Mpc2=2.63e-01 KE_Mpc2=1.03e-63 rho_final=2.63e-01
RIDDER DEBUG (adding to rho_tot): a=7.933640e-12, rho_ridder=2.629792e-01, rho_tot_before=6.945270e+32, rho_tot_after=6.945270e+32
V_RIDDER_RAW: a=3.11e-10 phi=3.65e+27 V_eV4=4.68e+54 Lambda=4.91e+13 f=2.43e+27 n=3
BG_FUNC: a=3.11e-10 V_eV4=4.68e+54 kinetic_eV2=5.00e-18 V_Mpc2=2.63e-01 KE_Mpc2=2.81e-73 rho_final=2.63e-01
RIDDER DEBUG (adding to rho_tot): a=3.114672e-10, rho_ridder=2.629792e-01, rho_tot_before=2.923685e+26, rho_tot_after=2.923685e+26
V_RIDDER_RAW: a=1.15e-08 phi=3.65e+27 V_eV4=4.68e+54 Lambda=4.91e+13 f=2.43e+27 n=3
DDV_CHECK: call#=460000 a=1.15e-08 phi=3.65e+27 ddV_eV2=5.63e+00 (positive=1)
BG_FUNC: a=1.15e-08 V_eV4=4.68e+54 kinetic_eV2=5.39e-23 V_Mpc2=2.63e-01 KE_Mpc2=3.03e-78 rho_final=2.63e-01
RIDDER DEBUG (adding to rho_tot): a=1.146440e-08, rho_ridder=2.629792e-01, rho_tot_before=1.592949e+20, rho_tot_after=1.592949e+20
V_RIDDER_RAW: a=4.01e-07 phi=3.65e+27 V_eV4=4.68e+54 Lambda=4.91e+13 f=2.43e+27 n=3
BG_FUNC: a=4.01e-07 V_eV4=4.68e+54 kinetic_eV2=7.94e-17 V_Mpc2=2.63e-01 KE_Mpc2=4.46e-72 rho_final=2.63e-01
RIDDER DEBUG (adding to rho_tot): a=4.007653e-07, rho_ridder=2.629792e-01, rho_tot_before=1.069104e+14, rho_tot_after=1.069104e+14
V_RIDDER_RAW: a=1.25e-05 phi=3.65e+27 V_eV4=4.68e+54 Lambda=4.91e+13 f=2.43e+27 n=3
DDV_CHECK: call#=470000 a=1.25e-05 phi=3.65e+27 ddV_eV2=5.63e+00 (positive=1)
BG_FUNC: a=1.25e-05 V_eV4=4.68e+54 kinetic_eV2=7.35e-11 V_Mpc2=2.63e-01 KE_Mpc2=4.13e-66 rho_final=2.63e-01
RIDDER DEBUG (adding to rho_tot): a=1.253509e-05, rho_ridder=2.629792e-01, rho_tot_before=1.194915e+08, rho_tot_after=1.194915e+08
V_RIDDER_RAW: a=3.92e-04 phi=3.65e+27 V_eV4=4.68e+54 Lambda=4.91e+13 f=2.43e+27 n=3
BG_FUNC: a=3.92e-04 V_eV4=4.68e+54 kinetic_eV2=3.47e-05 V_Mpc2=2.63e-01 KE_Mpc2=1.95e-60 rho_final=2.63e-01
RIDDER DEBUG (adding to rho_tot): a=3.920711e-04, rho_ridder=2.629792e-01, rho_tot_before=3.793347e+02, rho_tot_after=3.795977e+02
RIDDER DEBUG (adding to rho_tot): a=9.911021e-04, rho_ridder=2.629792e-01, rho_tot_before=1.912643e+01, rho_tot_after=1.938941e+01
RIDDER DEBUG (adding to rho_tot): a=9.905466e-04, rho_ridder=2.629792e-01, rho_tot_before=1.916023e+01, rho_tot_after=1.942321e+01
RIDDER DEBUG (adding to rho_tot): a=1.001392e-03, rho_ridder=2.629792e-01, rho_tot_before=1.851447e+01, rho_tot_after=1.877745e+01
RIDDER DEBUG (adding to rho_tot): a=9.913452e-04, rho_ridder=2.629792e-01, rho_tot_before=1.911166e+01, rho_tot_after=1.937464e+01
RIDDER DEBUG (adding to rho_tot): a=9.921445e-04, rho_ridder=2.629792e-01, rho_tot_before=1.906322e+01, rho_tot_after=1.932620e+01
RIDDER DEBUG (adding to rho_tot): a=9.929444e-04, rho_ridder=2.629792e-01, rho_tot_before=1.901490e+01, rho_tot_after=1.927788e+01
RIDDER DEBUG (adding to rho_tot): a=9.937449e-04, rho_ridder=2.629792e-01, rho_tot_before=1.896671e+01, rho_tot_after=1.922969e+01
RIDDER DEBUG (adding to rho_tot): a=9.945462e-04, rho_ridder=2.629792e-01, rho_tot_before=1.891864e+01, rho_tot_after=1.918162e+01
RIDDER DEBUG (adding to rho_tot): a=9.953480e-04, rho_ridder=2.629792e-01, rho_tot_before=1.887069e+01, rho_tot_after=1.913367e+01
RIDDER DEBUG (adding to rho_tot): a=9.961505e-04, rho_ridder=2.629792e-01, rho_tot_before=1.882287e+01, rho_tot_after=1.908585e+01
RIDDER DEBUG (adding to rho_tot): a=9.969536e-04, rho_ridder=2.629792e-01, rho_tot_before=1.877517e+01, rho_tot_after=1.903815e+01
RIDDER DEBUG (adding to rho_tot): a=9.977574e-04, rho_ridder=2.629792e-01, rho_tot_before=1.872759e+01, rho_tot_after=1.899057e+01
RIDDER DEBUG (adding to rho_tot): a=9.985619e-04, rho_ridder=2.629792e-01, rho_tot_before=1.868014e+01, rho_tot_after=1.894312e+01
RIDDER DEBUG (adding to rho_tot): a=9.993670e-04, rho_ridder=2.629792e-01, rho_tot_before=1.863280e+01, rho_tot_after=1.889578e+01
RIDDER DEBUG (adding to rho_tot): a=1.000173e-03, rho_ridder=2.629792e-01, rho_tot_before=1.858559e+01, rho_tot_after=1.884857e+01
RIDDER DEBUG (adding to rho_tot): a=1.000979e-03, rho_ridder=2.629792e-01, rho_tot_before=1.853850e+01, rho_tot_after=1.880148e+01
RIDDER DEBUG (adding to rho_tot): a=1.001786e-03, rho_ridder=2.629792e-01, rho_tot_before=1.849153e+01, rho_tot_after=1.875451e+01
RIDDER DEBUG (adding to rho_tot): a=1.002594e-03, rho_ridder=2.629792e-01, rho_tot_before=1.844468e+01, rho_tot_after=1.870766e+01
RIDDER DEBUG (adding to rho_tot): a=1.003402e-03, rho_ridder=2.629792e-01, rho_tot_before=1.839795e+01, rho_tot_after=1.866093e+01
RIDDER DEBUG (adding to rho_tot): a=1.004211e-03, rho_ridder=2.629792e-01, rho_tot_before=1.835134e+01, rho_tot_after=1.861432e+01
RIDDER DEBUG (adding to rho_tot): a=1.005021e-03, rho_ridder=2.629792e-01, rho_tot_before=1.830485e+01, rho_tot_after=1.856783e+01
RIDDER DEBUG (adding to rho_tot): a=1.005831e-03, rho_ridder=2.629792e-01, rho_tot_before=1.825848e+01, rho_tot_after=1.852146e+01
RIDDER DEBUG (adding to rho_tot): a=1.006642e-03, rho_ridder=2.629792e-01, rho_tot_before=1.821223e+01, rho_tot_after=1.847521e+01
RIDDER DEBUG (adding to rho_tot): a=1.007454e-03, rho_ridder=2.629792e-01, rho_tot_before=1.816609e+01, rho_tot_after=1.842907e+01
RIDDER DEBUG (adding to rho_tot): a=1.008266e-03, rho_ridder=2.629792e-01, rho_tot_before=1.812008e+01, rho_tot_after=1.838306e+01
RIDDER DEBUG (adding to rho_tot): a=1.009079e-03, rho_ridder=2.629792e-01, rho_tot_before=1.807418e+01, rho_tot_after=1.833716e+01
RIDDER DEBUG (adding to rho_tot): a=1.009892e-03, rho_ridder=2.629792e-01, rho_tot_before=1.802840e+01, rho_tot_after=1.829138e+01
DERIVS_ENTRY: call#=45000 has_ridder=1 Lambda=4.91e+13 a=3.20e-03
RIDDER DERIVS CALLED: call#=45000 a=3.20e-03 phi=3.65e+27 fluid_mode=0
FIELD_MODE: call#=45000 a=3.20e-03 fluid_mode=0
DERIVS: call#=45000 a=3.20e-03 phi=3.65e+27 phi'=-7.21e-04 dphi/dlna=-2.53e-01 dphi'/dlna=-1.60e-03 dV=8.47e-01 H=8.90e-01
V_RIDDER_RAW: a=1.56e-02 phi=3.65e+27 V_eV4=4.68e+54 Lambda=4.91e+13 f=2.43e+27 n=3
DDV_CHECK: call#=480000 a=1.56e-02 phi=3.65e+27 ddV_eV2=5.63e+00 (positive=1)
BG_FUNC: a=1.56e-02 V_eV4=4.68e+54 kinetic_eV2=1.40e-01 V_Mpc2=2.63e-01 KE_Mpc2=7.89e-57 rho_final=2.63e-01
RIDDER DEBUG (adding to rho_tot): a=1.557955e-02, rho_ridder=2.629792e-01, rho_tot_before=4.236609e-03, rho_tot_after=2.672159e-01
V_RIDDER_RAW: a=7.08e-01 phi=3.65e+27 V_eV4=4.68e+54 Lambda=4.91e+13 f=2.43e+27 n=3
BG_FUNC: a=7.08e-01 V_eV4=4.68e+54 kinetic_eV2=1.52e-01 V_Mpc2=2.63e-01 KE_Mpc2=8.52e-57 rho_final=2.63e-01
RIDDER DEBUG (adding to rho_tot): a=7.082658e-01, rho_ridder=2.629792e-01, rho_tot_before=4.460528e-08, rho_tot_after=2.629793e-01
RIDDER_SHOOT iter= 9  log10_Lambda=13.691  f_peak=0.10310  z_peak= 500.1  target=0.10000
BACKGROUND_SOLVE ENTERED: has_ridder=1 Lambda=4.85e+13
ABOUT TO INTEGRATE: bi_size=7 has_ridder=1 Lambda=4.85e+13
V_RIDDER_RAW: a=2.85e-13 phi=3.65e+27 V_eV4=4.43e+54 Lambda=4.85e+13 f=2.43e+27 n=3
DDV_CHECK: call#=490000 a=2.85e-13 phi=3.65e+27 ddV_eV2=5.34e+00 (positive=1)
BG_FUNC: a=2.85e-13 V_eV4=4.43e+54 kinetic_eV2=7.71e+00 V_Mpc2=2.49e-01 KE_Mpc2=4.34e-55 rho_final=2.49e-01
RIDDER DEBUG (adding to rho_tot): a=2.846337e-13, rho_ridder=2.491632e-01, rho_tot_before=4.192119e+38, rho_tot_after=4.192119e+38
V_RIDDER_RAW: a=1.25e-11 phi=3.65e+27 V_eV4=4.43e+54 Lambda=4.85e+13 f=2.43e+27 n=3
BG_FUNC: a=1.25e-11 V_eV4=4.43e+54 kinetic_eV2=1.08e-09 V_Mpc2=2.49e-01 KE_Mpc2=6.05e-65 rho_final=2.49e-01
RIDDER DEBUG (adding to rho_tot): a=1.249906e-11, rho_ridder=2.491632e-01, rho_tot_before=1.127378e+32, rho_tot_after=1.127378e+32
V_RIDDER_RAW: a=4.83e-10 phi=3.65e+27 V_eV4=4.43e+54 Lambda=4.85e+13 f=2.43e+27 n=3
DDV_CHECK: call#=500000 a=4.83e-10 phi=3.65e+27 ddV_eV2=5.34e+00 (positive=1)
BG_FUNC: a=4.83e-10 V_eV4=4.43e+54 kinetic_eV2=3.22e-19 V_Mpc2=2.49e-01 KE_Mpc2=1.81e-74 rho_final=2.49e-01
RIDDER DEBUG (adding to rho_tot): a=4.832447e-10, rho_ridder=2.491632e-01, rho_tot_before=5.045589e+25, rho_tot_after=5.045589e+25
V_RIDDER_RAW: a=1.78e-08 phi=3.65e+27 V_eV4=4.43e+54 Lambda=4.85e+13 f=2.43e+27 n=3
BG_FUNC: a=1.78e-08 V_eV4=4.43e+54 kinetic_eV2=2.77e-22 V_Mpc2=2.49e-01 KE_Mpc2=1.56e-77 rho_final=2.49e-01
RIDDER DEBUG (adding to rho_tot): a=1.778715e-08, rho_ridder=2.491632e-01, rho_tot_before=2.749151e+19, rho_tot_after=2.749151e+19
V_RIDDER_RAW: a=6.11e-07 phi=3.65e+27 V_eV4=4.43e+54 Lambda=4.85e+13 f=2.43e+27 n=3
DDV_CHECK: call#=510000 a=6.11e-07 phi=3.65e+27 ddV_eV2=5.34e+00 (positive=1)
BG_FUNC: a=6.11e-07 V_eV4=4.43e+54 kinetic_eV2=3.85e-16 V_Mpc2=2.49e-01 KE_Mpc2=2.16e-71 rho_final=2.49e-01
RIDDER DEBUG (adding to rho_tot): a=6.108642e-07, rho_ridder=2.491632e-01, rho_tot_before=1.983012e+13, rho_tot_after=1.983012e+13
V_RIDDER_RAW: a=1.91e-05 phi=3.65e+27 V_eV4=4.43e+54 Lambda=4.85e+13 f=2.43e+27 n=3
BG_FUNC: a=1.91e-05 V_eV4=4.43e+54 kinetic_eV2=3.52e-10 V_Mpc2=2.49e-01 KE_Mpc2=1.98e-65 rho_final=2.49e-01
RIDDER DEBUG (adding to rho_tot): a=1.913736e-05, rho_ridder=2.491632e-01, rho_tot_before=2.277462e+07, rho_tot_after=2.277462e+07
V_RIDDER_RAW: a=5.99e-04 phi=3.65e+27 V_eV4=4.43e+54 Lambda=4.85e+13 f=2.43e+27 n=3
DDV_CHECK: call#=520000 a=5.99e-04 phi=3.65e+27 ddV_eV2=5.34e+00 (positive=1)
BG_FUNC: a=5.99e-04 V_eV4=4.43e+54 kinetic_eV2=1.33e-04 V_Mpc2=2.49e-01 KE_Mpc2=7.46e-60 rho_final=2.49e-01
RIDDER DEBUG (adding to rho_tot): a=5.985762e-04, rho_ridder=2.491632e-01, rho_tot_before=9.531109e+01, rho_tot_after=9.556025e+01
RIDDER DEBUG (adding to rho_tot): a=9.920549e-04, rho_ridder=2.491632e-01, rho_tot_before=1.906864e+01, rho_tot_after=1.931780e+01
RIDDER DEBUG (adding to rho_tot): a=9.905466e-04, rho_ridder=2.491632e-01, rho_tot_before=1.916023e+01, rho_tot_after=1.940939e+01
RIDDER DEBUG (adding to rho_tot): a=9.913452e-04, rho_ridder=2.491632e-01, rho_tot_before=1.911166e+01, rho_tot_after=1.936082e+01
RIDDER DEBUG (adding to rho_tot): a=1.002223e-03, rho_ridder=2.491632e-01, rho_tot_before=1.846617e+01, rho_tot_after=1.871534e+01
RIDDER DEBUG (adding to rho_tot): a=9.921445e-04, rho_ridder=2.491632e-01, rho_tot_before=1.906322e+01, rho_tot_after=1.931238e+01
RIDDER DEBUG (adding to rho_tot): a=9.929444e-04, rho_ridder=2.491632e-01, rho_tot_before=1.901490e+01, rho_tot_after=1.926407e+01
RIDDER DEBUG (adding to rho_tot): a=9.937449e-04, rho_ridder=2.491632e-01, rho_tot_before=1.896671e+01, rho_tot_after=1.921587e+01
RIDDER DEBUG (adding to rho_tot): a=9.945462e-04, rho_ridder=2.491632e-01, rho_tot_before=1.891864e+01, rho_tot_after=1.916780e+01
RIDDER DEBUG (adding to rho_tot): a=9.953480e-04, rho_ridder=2.491632e-01, rho_tot_before=1.887069e+01, rho_tot_after=1.911986e+01
RIDDER DEBUG (adding to rho_tot): a=9.961505e-04, rho_ridder=2.491632e-01, rho_tot_before=1.882287e+01, rho_tot_after=1.907203e+01
RIDDER DEBUG (adding to rho_tot): a=9.969536e-04, rho_ridder=2.491632e-01, rho_tot_before=1.877517e+01, rho_tot_after=1.902433e+01
RIDDER DEBUG (adding to rho_tot): a=9.977574e-04, rho_ridder=2.491632e-01, rho_tot_before=1.872759e+01, rho_tot_after=1.897676e+01
RIDDER DEBUG (adding to rho_tot): a=9.985619e-04, rho_ridder=2.491632e-01, rho_tot_before=1.868014e+01, rho_tot_after=1.892930e+01
RIDDER DEBUG (adding to rho_tot): a=9.993670e-04, rho_ridder=2.491632e-01, rho_tot_before=1.863280e+01, rho_tot_after=1.888197e+01
RIDDER DEBUG (adding to rho_tot): a=1.000173e-03, rho_ridder=2.491632e-01, rho_tot_before=1.858559e+01, rho_tot_after=1.883475e+01
RIDDER DEBUG (adding to rho_tot): a=1.000979e-03, rho_ridder=2.491632e-01, rho_tot_before=1.853850e+01, rho_tot_after=1.878766e+01
RIDDER DEBUG (adding to rho_tot): a=1.001786e-03, rho_ridder=2.491632e-01, rho_tot_before=1.849153e+01, rho_tot_after=1.874069e+01
RIDDER DEBUG (adding to rho_tot): a=1.002594e-03, rho_ridder=2.491632e-01, rho_tot_before=1.844468e+01, rho_tot_after=1.869384e+01
RIDDER DEBUG (adding to rho_tot): a=1.003402e-03, rho_ridder=2.491632e-01, rho_tot_before=1.839795e+01, rho_tot_after=1.864711e+01
RIDDER DEBUG (adding to rho_tot): a=1.004211e-03, rho_ridder=2.491632e-01, rho_tot_before=1.835134e+01, rho_tot_after=1.860050e+01
RIDDER DEBUG (adding to rho_tot): a=1.005021e-03, rho_ridder=2.491632e-01, rho_tot_before=1.830485e+01, rho_tot_after=1.855401e+01
RIDDER DEBUG (adding to rho_tot): a=1.005831e-03, rho_ridder=2.491632e-01, rho_tot_before=1.825848e+01, rho_tot_after=1.850764e+01
RIDDER DEBUG (adding to rho_tot): a=1.006642e-03, rho_ridder=2.491632e-01, rho_tot_before=1.821223e+01, rho_tot_after=1.846139e+01
RIDDER DEBUG (adding to rho_tot): a=1.007454e-03, rho_ridder=2.491632e-01, rho_tot_before=1.816609e+01, rho_tot_after=1.841526e+01
RIDDER DEBUG (adding to rho_tot): a=1.008266e-03, rho_ridder=2.491632e-01, rho_tot_before=1.812008e+01, rho_tot_after=1.836924e+01
RIDDER DEBUG (adding to rho_tot): a=1.009079e-03, rho_ridder=2.491632e-01, rho_tot_before=1.807418e+01, rho_tot_after=1.832334e+01
RIDDER DEBUG (adding to rho_tot): a=1.009892e-03, rho_ridder=2.491632e-01, rho_tot_before=1.802840e+01, rho_tot_after=1.827756e+01
V_RIDDER_RAW: a=2.47e-02 phi=3.65e+27 V_eV4=4.43e+54 Lambda=4.85e+13 f=2.43e+27 n=3
BG_FUNC: a=2.47e-02 V_eV4=4.43e+54 kinetic_eV2=1.40e-01 V_Mpc2=2.49e-01 KE_Mpc2=7.87e-57 rho_final=2.49e-01
RIDDER DEBUG (adding to rho_tot): a=2.470358e-02, rho_ridder=2.491632e-01, rho_tot_before=1.058355e-03, rho_tot_after=2.502216e-01
RIDDER_SHOOT iter=10  log10_Lambda=13.686  f_peak=0.09821  z_peak= 500.1  target=0.10000
BACKGROUND_SOLVE ENTERED: has_ridder=1 Lambda=4.88e+13
ABOUT TO INTEGRATE: bi_size=7 has_ridder=1 Lambda=4.88e+13
V_RIDDER_RAW: a=1.07e-14 phi=3.65e+27 V_eV4=4.55e+54 Lambda=4.88e+13 f=2.43e+27 n=3
DDV_CHECK: call#=530000 a=1.07e-14 phi=3.65e+27 ddV_eV2=5.48e+00 (positive=1)
BG_FUNC: a=1.07e-14 V_eV4=4.55e+54 kinetic_eV2=2.90e+09 V_Mpc2=2.56e-01 KE_Mpc2=1.63e-46 rho_final=2.56e-01
RIDDER DEBUG (adding to rho_tot): a=1.069180e-14, rho_ridder=2.559780e-01, rho_tot_before=2.105601e+44, rho_tot_after=2.105601e+44
DERIVS_ENTRY: call#=50000 has_ridder=1 Lambda=4.88e+13 a=1.94e-14
RIDDER DERIVS CALLED: call#=50000 a=1.94e-14 phi=3.65e+27 fluid_mode=0
FIELD_MODE: call#=50000 a=1.94e-14 fluid_mode=0
DERIVS: call#=50000 a=1.94e-14 phi=3.65e+27 phi'=-2.48e-10 dphi/dlna=-2.23e-18 dphi'/dlna=4.96e-10 dV=8.24e-01 H=5.75e+21
V_RIDDER_RAW: a=4.54e-13 phi=3.65e+27 V_eV4=4.55e+54 Lambda=4.88e+13 f=2.43e+27 n=3
BG_FUNC: a=4.54e-13 V_eV4=4.55e+54 kinetic_eV2=4.93e-01 V_Mpc2=2.56e-01 KE_Mpc2=2.77e-56 rho_final=2.56e-01
RIDDER DEBUG (adding to rho_tot): a=4.542463e-13, rho_ridder=2.559780e-01, rho_tot_before=6.462690e+37, rho_tot_after=6.462690e+37
V_RIDDER_RAW: a=1.95e-11 phi=3.65e+27 V_eV4=4.55e+54 Lambda=4.88e+13 f=2.43e+27 n=3
DDV_CHECK: call#=540000 a=1.95e-11 phi=3.65e+27 ddV_eV2=5.48e+00 (positive=1)
BG_FUNC: a=1.95e-11 V_eV4=4.55e+54 kinetic_eV2=7.79e-11 V_Mpc2=2.56e-01 KE_Mpc2=4.38e-66 rho_final=2.56e-01
RIDDER DEBUG (adding to rho_tot): a=1.953360e-11, rho_ridder=2.559780e-01, rho_tot_before=1.889949e+31, rho_tot_after=1.889949e+31
V_RIDDER_RAW: a=7.54e-10 phi=3.65e+27 V_eV4=4.55e+54 Lambda=4.88e+13 f=2.43e+27 n=3
BG_FUNC: a=7.54e-10 V_eV4=4.55e+54 kinetic_eV2=2.36e-20 V_Mpc2=2.56e-01 KE_Mpc2=1.32e-75 rho_final=2.56e-01
RIDDER DEBUG (adding to rho_tot): a=7.540010e-10, rho_ridder=2.559780e-01, rho_tot_before=8.513208e+24, rho_tot_after=8.513208e+24
V_RIDDER_RAW: a=2.77e-08 phi=3.65e+27 V_eV4=4.55e+54 Lambda=4.88e+13 f=2.43e+27 n=3
DDV_CHECK: call#=550000 a=2.77e-08 phi=3.65e+27 ddV_eV2=5.48e+00 (positive=1)
BG_FUNC: a=2.77e-08 V_eV4=4.55e+54 kinetic_eV2=1.72e-21 V_Mpc2=2.56e-01 KE_Mpc2=9.68e-77 rho_final=2.56e-01
RIDDER DEBUG (adding to rho_tot): a=2.770838e-08, rho_ridder=2.559780e-01, rho_tot_before=4.668787e+18, rho_tot_after=4.668787e+18
V_RIDDER_RAW: a=9.32e-07 phi=3.65e+27 V_eV4=4.55e+54 Lambda=4.88e+13 f=2.43e+27 n=3
BG_FUNC: a=9.32e-07 V_eV4=4.55e+54 kinetic_eV2=2.20e-15 V_Mpc2=2.56e-01 KE_Mpc2=1.23e-70 rho_final=2.56e-01
RIDDER DEBUG (adding to rho_tot): a=9.318569e-07, rho_ridder=2.559780e-01, rho_tot_before=3.668650e+12, rho_tot_after=3.668650e+12
V_RIDDER_RAW: a=2.91e-05 phi=3.65e+27 V_eV4=4.55e+54 Lambda=4.88e+13 f=2.43e+27 n=3
DDV_CHECK: call#=560000 a=2.91e-05 phi=3.65e+27 ddV_eV2=5.48e+00 (positive=1)
BG_FUNC: a=2.91e-05 V_eV4=4.55e+54 kinetic_eV2=1.95e-09 V_Mpc2=2.56e-01 KE_Mpc2=1.09e-64 rho_final=2.56e-01
RIDDER DEBUG (adding to rho_tot): a=2.914651e-05, rho_ridder=2.559780e-01, rho_tot_before=4.452595e+06, rho_tot_after=4.452595e+06
V_RIDDER_RAW: a=9.25e-04 phi=3.65e+27 V_eV4=4.55e+54 Lambda=4.88e+13 f=2.43e+27 n=3
BG_FUNC: a=9.25e-04 V_eV4=4.55e+54 kinetic_eV2=5.94e-04 V_Mpc2=2.56e-01 KE_Mpc2=3.34e-59 rho_final=2.56e-01
RIDDER DEBUG (adding to rho_tot): a=9.249626e-04, rho_ridder=2.559780e-01, rho_tot_before=2.378057e+01, rho_tot_after=2.403654e+01
RIDDER DEBUG (adding to rho_tot): a=9.956807e-04, rho_ridder=2.559780e-01, rho_tot_before=1.885084e+01, rho_tot_after=1.910682e+01
RIDDER DEBUG (adding to rho_tot): a=9.905466e-04, rho_ridder=2.559780e-01, rho_tot_before=1.916023e+01, rho_tot_after=1.941620e+01
RIDDER DEBUG (adding to rho_tot): a=9.913452e-04, rho_ridder=2.559780e-01, rho_tot_before=1.911166e+01, rho_tot_after=1.936764e+01
RIDDER DEBUG (adding to rho_tot): a=9.921445e-04, rho_ridder=2.559780e-01, rho_tot_before=1.906322e+01, rho_tot_after=1.931920e+01
RIDDER DEBUG (adding to rho_tot): a=9.929444e-04, rho_ridder=2.559780e-01, rho_tot_before=1.901490e+01, rho_tot_after=1.927088e+01
RIDDER DEBUG (adding to rho_tot): a=9.937449e-04, rho_ridder=2.559780e-01, rho_tot_before=1.896671e+01, rho_tot_after=1.922269e+01
RIDDER DEBUG (adding to rho_tot): a=9.945462e-04, rho_ridder=2.559780e-01, rho_tot_before=1.891864e+01, rho_tot_after=1.917462e+01
RIDDER DEBUG (adding to rho_tot): a=9.953480e-04, rho_ridder=2.559780e-01, rho_tot_before=1.887069e+01, rho_tot_after=1.912667e+01
RIDDER DEBUG (adding to rho_tot): a=1.006075e-03, rho_ridder=2.559780e-01, rho_tot_before=1.824454e+01, rho_tot_after=1.850052e+01
RIDDERtimeout: the monitored command dumped core
bash: line 40: 2094654 Segmentation fault      timeout 90 ./class /tmp/theta_scan_1.5.ini 2>&1
